#
# There is insufficient memory for the Java Runtime Environment to continue.
# Native memory allocation (malloc) failed to allocate 1075376 bytes. Error detail: Chunk::new
# Possible reasons:
#   The system is out of physical RAM or swap space
#   This process is running with CompressedOops enabled, and the Java Heap may be blocking the growth of the native heap
# Possible solutions:
#   Reduce memory load on the system
#   Increase physical memory or swap space
#   Check if swap backing store is full
#   Decrease Java heap size (-Xmx/-Xms)
#   Decrease number of Java threads
#   Decrease Java thread stack sizes (-Xss)
#   Set larger code cache with -XX:ReservedCodeCacheSize=
#   JVM is running with Unscaled Compressed Oops mode in which the Java heap is
#     placed in the first 4GB address space. The Java Heap base address is the
#     maximum limit for the native heap growth. Please use -XX:HeapBaseMinAddress
#     to set the Java Heap base and to place the Java Heap above 4GB virtual address.
# This output file may be truncated or incomplete.
#
#  Out of Memory Error (arena.cpp:168), pid=53364, tid=20368
#
# JRE version: OpenJDK Runtime Environment Temurin-21.0.11+10 (21.0.11+10) (build 21.0.11+10-LTS)
# Java VM: OpenJDK 64-Bit Server VM Temurin-21.0.11+10 (21.0.11+10-LTS, mixed mode, sharing, tiered, compressed oops, compressed class ptrs, g1 gc, windows-amd64)
# No core dump will be written. Minidumps are not enabled by default on client versions of Windows
#

---------------  S U M M A R Y ------------

Command Line: --add-opens=java.base/java.util=ALL-UNNAMED --add-opens=java.base/java.lang=ALL-UNNAMED --add-opens=java.base/java.lang.invoke=ALL-UNNAMED --add-opens=java.prefs/java.util.prefs=ALL-UNNAMED --add-exports=jdk.compiler/com.sun.tools.javac.api=ALL-UNNAMED --add-exports=jdk.compiler/com.sun.tools.javac.util=ALL-UNNAMED --add-opens=java.base/java.nio.charset=ALL-UNNAMED --add-opens=java.base/java.net=ALL-UNNAMED --add-opens=java.base/java.util.concurrent.atomic=ALL-UNNAMED -XX:MaxMetaspaceSize=384m -XX:+HeapDumpOnOutOfMemoryError -Xms256m -Xmx512m -Dfile.encoding=utf8 -Duser.country=BR -Duser.language=pt -Duser.variant -javaagent:C:\Users\PAULO ROBERTO\.gradle\wrapper\dists\gradle-8.9-bin\90cnw93cvbtalezasaz0blq0a\gradle-8.9\lib\agents\gradle-instrumentation-agent-8.9.jar org.gradle.launcher.daemon.bootstrap.GradleDaemon 8.9

Host: 13th Gen Intel(R) Core(TM) i5-13420H, 12 cores, 15G,  Windows 11 , 64 bit Build 26100 (10.0.26100.8972)
Time: Tue Aug 11 13:44:48 2026 Hora Padrão de Bogotá elapsed time: 20.704987 seconds (0d 0h 0m 20s)

---------------  T H R E A D  ---------------

Current thread (0x000002407f231e30):  JavaThread "C2 CompilerThread1" daemon [_thread_in_native, id=20368, stack(0x0000005bc8c00000,0x0000005bc8d00000) (1024K)]


Current CompileTask:
C2:20705 8441       4       org.gradle.internal.service.DefaultServiceRegistry$ClassInspector$ClassDetails::collectTypes (63 bytes)

Stack: [0x0000005bc8c00000,0x0000005bc8d00000]
Native frames: (J=compiled Java code, j=interpreted, Vv=VM code, C=native code)
V  [jvm.dll+0x6d7e19]
V  [jvm.dll+0x8b5096]
V  [jvm.dll+0x8b764e]
V  [jvm.dll+0x8b7d33]
V  [jvm.dll+0x284596]
V  [jvm.dll+0xc685d]
V  [jvm.dll+0xc6da1]
V  [jvm.dll+0x3bed31]
V  [jvm.dll+0x38b2b2]
V  [jvm.dll+0x38a6fa]
V  [jvm.dll+0x24c700]
V  [jvm.dll+0x24bce0]
V  [jvm.dll+0x1cb4ae]
V  [jvm.dll+0x25baad]
V  [jvm.dll+0x25a03a]
V  [jvm.dll+0x3f868e]
V  [jvm.dll+0x85fb0d]
V  [jvm.dll+0x6d664d]
C  [ucrtbase.dll+0x2cd30]
C  [KERNEL32.DLL+0x2ccb7]
C  [ntdll.dll+0xaad6c]


---------------  P R O C E S S  ---------------

Threads class SMR info:
_java_thread_list=0x000002402ddfc9e0, length=71, elements={
0x0000024077fe85f0, 0x000002407f2044b0, 0x000002407f204f10, 0x000002407f1fdcc0,
0x000002407f207980, 0x000002407f214400, 0x000002407f218e80, 0x000002407f22e390,
0x000002407f231090, 0x000002407f4a1790, 0x000002407f4359c0, 0x000002402b1c5300,
0x000002402b3b4090, 0x000002402b3361b0, 0x000002402b3e31b0, 0x000002402b3e3820,
0x000002402b35d2a0, 0x000002402b35e980, 0x000002402b4655d0, 0x000002402b4662f0,
0x000002402b4676a0, 0x000002402b467d30, 0x000002402b466980, 0x000002402b4683c0,
0x000002402b467010, 0x000002402b464f40, 0x000002402acfb1b0, 0x000002402acf83c0,
0x000002402acf8a50, 0x000002402acfab20, 0x000002402acf9e00, 0x000002402acf9770,
0x000002402acfb840, 0x000002402acfbed0, 0x000002402acfc560, 0x000002402acfecc0,
0x000002402acfcbf0, 0x000002402acfd280, 0x000002402acfd910, 0x000002402acfdfa0,
0x000002402acfe630, 0x000002402acff350, 0x000002402a282740, 0x000002402a283460,
0x000002402a283af0, 0x000002402a284180, 0x000002402a285bc0, 0x000002402a285530,
0x000002402a286250, 0x000002402a282dd0, 0x000002402a284810, 0x000002402a286f70,
0x000002402a2868e0, 0x000002402a287600, 0x000002402a287c90, 0x000002402a288320,
0x000002402a284ea0, 0x000002402a2889b0, 0x000002402a289040, 0x000002402a2896d0,
0x000002402a289d60, 0x000002402abb94e0, 0x000002402abb9b70, 0x000002402abbbc40,
0x000002402abbd680, 0x000002402abbc2d0, 0x000002402abbb5b0, 0x000002402abbc960,
0x000002402abbcff0, 0x000002402abba200, 0x000002407f231e30
}

Java Threads: ( => current thread )
  0x0000024077fe85f0 JavaThread "main"                              [_thread_blocked, id=8396, stack(0x0000005bc3500000,0x0000005bc3600000) (1024K)]
  0x000002407f2044b0 JavaThread "Reference Handler"          daemon [_thread_blocked, id=40896, stack(0x0000005bc3d00000,0x0000005bc3e00000) (1024K)]
  0x000002407f204f10 JavaThread "Finalizer"                  daemon [_thread_blocked, id=34240, stack(0x0000005bc3e00000,0x0000005bc3f00000) (1024K)]
  0x000002407f1fdcc0 JavaThread "Signal Dispatcher"          daemon [_thread_blocked, id=50700, stack(0x0000005bc3f00000,0x0000005bc4000000) (1024K)]
  0x000002407f207980 JavaThread "Attach Listener"            daemon [_thread_blocked, id=42520, stack(0x0000005bc4000000,0x0000005bc4100000) (1024K)]
  0x000002407f214400 JavaThread "Service Thread"             daemon [_thread_blocked, id=40860, stack(0x0000005bc4100000,0x0000005bc4200000) (1024K)]
  0x000002407f218e80 JavaThread "Monitor Deflation Thread"   daemon [_thread_blocked, id=24460, stack(0x0000005bc4200000,0x0000005bc4300000) (1024K)]
  0x000002407f22e390 JavaThread "C2 CompilerThread0"         daemon [_thread_blocked, id=46224, stack(0x0000005bc4300000,0x0000005bc4400000) (1024K)]
  0x000002407f231090 JavaThread "C1 CompilerThread0"         daemon [_thread_in_native, id=5096, stack(0x0000005bc4400000,0x0000005bc4500000) (1024K)]
  0x000002407f4a1790 JavaThread "Common-Cleaner"             daemon [_thread_blocked, id=33612, stack(0x0000005bc4500000,0x0000005bc4600000) (1024K)]
  0x000002407f4359c0 JavaThread "Notification Thread"        daemon [_thread_blocked, id=33788, stack(0x0000005bc4600000,0x0000005bc4700000) (1024K)]
  0x000002402b1c5300 JavaThread "Daemon health stats"               [_thread_blocked, id=51796, stack(0x0000005bc4f00000,0x0000005bc5000000) (1024K)]
  0x000002402b3b4090 JavaThread "Incoming local TCP Connector on port 58836"        [_thread_in_native, id=52440, stack(0x0000005bc5000000,0x0000005bc5100000) (1024K)]
  0x000002402b3361b0 JavaThread "Daemon periodic checks"            [_thread_blocked, id=38228, stack(0x0000005bc5100000,0x0000005bc5200000) (1024K)]
  0x000002402b3e31b0 JavaThread "Daemon"                            [_thread_blocked, id=53240, stack(0x0000005bc5200000,0x0000005bc5300000) (1024K)]
  0x000002402b3e3820 JavaThread "Handler for socket connection from /127.0.0.1:58836 to /127.0.0.1:58840"        [_thread_in_native, id=5548, stack(0x0000005bc5300000,0x0000005bc5400000) (1024K)]
  0x000002402b35d2a0 JavaThread "Cancel handler"                    [_thread_blocked, id=48908, stack(0x0000005bc5400000,0x0000005bc5500000) (1024K)]
  0x000002402b35e980 JavaThread "Daemon worker"                     [_thread_in_vm, id=6432, stack(0x0000005bc5500000,0x0000005bc5600000) (1024K)]
  0x000002402b4655d0 JavaThread "Asynchronous log dispatcher for DefaultDaemonConnection: socket connection from /127.0.0.1:58836 to /127.0.0.1:58840"        [_thread_blocked, id=23852, stack(0x0000005bc5600000,0x0000005bc5700000) (1024K)]
  0x000002402b4662f0 JavaThread "Stdin handler"                     [_thread_blocked, id=32980, stack(0x0000005bc5700000,0x0000005bc5800000) (1024K)]
  0x000002402b4676a0 JavaThread "Daemon client event forwarder"        [_thread_blocked, id=43688, stack(0x0000005bc5800000,0x0000005bc5900000) (1024K)]
  0x000002402b467d30 JavaThread "Cache worker for journal cache (C:\Users\PAULO ROBERTO\.gradle\caches\journal-1)"        [_thread_blocked, id=51644, stack(0x0000005bc5900000,0x0000005bc5a00000) (1024K)]
  0x000002402b466980 JavaThread "File lock request listener"        [_thread_in_native, id=33432, stack(0x0000005bc5a00000,0x0000005bc5b00000) (1024K)]
  0x000002402b4683c0 JavaThread "Cache worker for file hash cache (C:\Users\PAULO ROBERTO\.gradle\caches\8.9\fileHashes)"        [_thread_blocked, id=39056, stack(0x0000005bc4700000,0x0000005bc4800000) (1024K)]
  0x000002402b467010 JavaThread "Cache worker for file hash cache (C:\Downloads\relatorio-2026\node_modules\@capacitor\android\capacitor\.gradle\8.9\fileHashes)"        [_thread_blocked, id=42160, stack(0x0000005bc5f00000,0x0000005bc6000000) (1024K)]
  0x000002402b464f40 JavaThread "Cache worker for Build Output Cleanup Cache (C:\Downloads\relatorio-2026\node_modules\@capacitor\android\capacitor\.gradle\buildOutputCleanup)"        [_thread_blocked, id=7684, stack(0x0000005bc6000000,0x0000005bc6100000) (1024K)]
  0x000002402acfb1b0 JavaThread "File watcher server"        daemon [_thread_in_native, id=18256, stack(0x0000005bc6100000,0x0000005bc6200000) (1024K)]
  0x000002402acf83c0 JavaThread "File watcher consumer"      daemon [_thread_blocked, id=51700, stack(0x0000005bc6200000,0x0000005bc6300000) (1024K)]
  0x000002402acf8a50 JavaThread "Cache worker for checksums cache (C:\Downloads\relatorio-2026\node_modules\@capacitor\android\capacitor\.gradle\8.9\checksums)"        [_thread_blocked, id=30488, stack(0x0000005bc6300000,0x0000005bc6400000) (1024K)]
  0x000002402acfab20 JavaThread "Cache worker for file content cache (C:\Users\PAULO ROBERTO\.gradle\caches\8.9\fileContent)"        [_thread_blocked, id=34668, stack(0x0000005bc6400000,0x0000005bc6500000) (1024K)]
  0x000002402acf9e00 JavaThread "Cache worker for cache directory md-rule (C:\Users\PAULO ROBERTO\.gradle\caches\8.9\md-rule)"        [_thread_blocked, id=38908, stack(0x0000005bc6500000,0x0000005bc6600000) (1024K)]
  0x000002402acf9770 JavaThread "Cache worker for cache directory md-supplier (C:\Users\PAULO ROBERTO\.gradle\caches\8.9\md-supplier)"        [_thread_blocked, id=46552, stack(0x0000005bc6600000,0x0000005bc6700000) (1024K)]
  0x000002402acfb840 JavaThread "jar transforms"                    [_thread_blocked, id=45596, stack(0x0000005bc6700000,0x0000005bc6800000) (1024K)]
  0x000002402acfbed0 JavaThread "jar transforms Thread 2"           [_thread_blocked, id=49940, stack(0x0000005bc6800000,0x0000005bc6900000) (1024K)]
  0x000002402acfc560 JavaThread "File lock release action executor"        [_thread_blocked, id=32816, stack(0x0000005bc6900000,0x0000005bc6a00000) (1024K)]
  0x000002402acfecc0 JavaThread "jar transforms Thread 3"           [_thread_blocked, id=21780, stack(0x0000005bc6a00000,0x0000005bc6b00000) (1024K)]
  0x000002402acfcbf0 JavaThread "Unconstrained build operations"        [_thread_blocked, id=50664, stack(0x0000005bc6b00000,0x0000005bc6c00000) (1024K)]
  0x000002402acfd280 JavaThread "Unconstrained build operations Thread 2"        [_thread_blocked, id=50488, stack(0x0000005bc6c00000,0x0000005bc6d00000) (1024K)]
  0x000002402acfd910 JavaThread "Unconstrained build operations Thread 3"        [_thread_blocked, id=33440, stack(0x0000005bc6d00000,0x0000005bc6e00000) (1024K)]
  0x000002402acfdfa0 JavaThread "Unconstrained build operations Thread 4"        [_thread_blocked, id=51232, stack(0x0000005bc6e00000,0x0000005bc6f00000) (1024K)]
  0x000002402acfe630 JavaThread "Unconstrained build operations Thread 5"        [_thread_blocked, id=14852, stack(0x0000005bc6f00000,0x0000005bc7000000) (1024K)]
  0x000002402acff350 JavaThread "Unconstrained build operations Thread 6"        [_thread_blocked, id=32648, stack(0x0000005bc7000000,0x0000005bc7100000) (1024K)]
  0x000002402a282740 JavaThread "Unconstrained build operations Thread 7"        [_thread_blocked, id=29240, stack(0x0000005bc7100000,0x0000005bc7200000) (1024K)]
  0x000002402a283460 JavaThread "Unconstrained build operations Thread 8"        [_thread_blocked, id=40276, stack(0x0000005bc7200000,0x0000005bc7300000) (1024K)]
  0x000002402a283af0 JavaThread "Unconstrained build operations Thread 9"        [_thread_blocked, id=38948, stack(0x0000005bc7300000,0x0000005bc7400000) (1024K)]
  0x000002402a284180 JavaThread "Unconstrained build operations Thread 10"        [_thread_blocked, id=35600, stack(0x0000005bc7400000,0x0000005bc7500000) (1024K)]
  0x000002402a285bc0 JavaThread "Unconstrained build operations Thread 11"        [_thread_blocked, id=39420, stack(0x0000005bc7500000,0x0000005bc7600000) (1024K)]
  0x000002402a285530 JavaThread "Unconstrained build operations Thread 12"        [_thread_blocked, id=34896, stack(0x0000005bc7600000,0x0000005bc7700000) (1024K)]
  0x000002402a286250 JavaThread "Unconstrained build operations Thread 13"        [_thread_blocked, id=53136, stack(0x0000005bc7700000,0x0000005bc7800000) (1024K)]
  0x000002402a282dd0 JavaThread "Unconstrained build operations Thread 14"        [_thread_blocked, id=51900, stack(0x0000005bc7800000,0x0000005bc7900000) (1024K)]
  0x000002402a284810 JavaThread "Unconstrained build operations Thread 15"        [_thread_blocked, id=40040, stack(0x0000005bc7900000,0x0000005bc7a00000) (1024K)]
  0x000002402a286f70 JavaThread "Unconstrained build operations Thread 16"        [_thread_blocked, id=52816, stack(0x0000005bc7a00000,0x0000005bc7b00000) (1024K)]
  0x000002402a2868e0 JavaThread "Unconstrained build operations Thread 17"        [_thread_blocked, id=54092, stack(0x0000005bc7b00000,0x0000005bc7c00000) (1024K)]
  0x000002402a287600 JavaThread "Unconstrained build operations Thread 18"        [_thread_blocked, id=49780, stack(0x0000005bc7c00000,0x0000005bc7d00000) (1024K)]
  0x000002402a287c90 JavaThread "Unconstrained build operations Thread 19"        [_thread_blocked, id=40888, stack(0x0000005bc7d00000,0x0000005bc7e00000) (1024K)]
  0x000002402a288320 JavaThread "Unconstrained build operations Thread 20"        [_thread_blocked, id=28284, stack(0x0000005bc7e00000,0x0000005bc7f00000) (1024K)]
  0x000002402a284ea0 JavaThread "Unconstrained build operations Thread 21"        [_thread_blocked, id=53512, stack(0x0000005bc7f00000,0x0000005bc8000000) (1024K)]
  0x000002402a2889b0 JavaThread "Unconstrained build operations Thread 22"        [_thread_blocked, id=50192, stack(0x0000005bc8000000,0x0000005bc8100000) (1024K)]
  0x000002402a289040 JavaThread "Unconstrained build operations Thread 23"        [_thread_blocked, id=52996, stack(0x0000005bc8100000,0x0000005bc8200000) (1024K)]
  0x000002402a2896d0 JavaThread "Unconstrained build operations Thread 24"        [_thread_blocked, id=47012, stack(0x0000005bc8200000,0x0000005bc8300000) (1024K)]
  0x000002402a289d60 JavaThread "Unconstrained build operations Thread 25"        [_thread_blocked, id=48500, stack(0x0000005bc8300000,0x0000005bc8400000) (1024K)]
  0x000002402abb94e0 JavaThread "Unconstrained build operations Thread 26"        [_thread_blocked, id=32596, stack(0x0000005bc8400000,0x0000005bc8500000) (1024K)]
  0x000002402abb9b70 JavaThread "Unconstrained build operations Thread 27"        [_thread_blocked, id=27860, stack(0x0000005bc8500000,0x0000005bc8600000) (1024K)]
  0x000002402abbbc40 JavaThread "Unconstrained build operations Thread 28"        [_thread_blocked, id=40892, stack(0x0000005bc8600000,0x0000005bc8700000) (1024K)]
  0x000002402abbd680 JavaThread "Unconstrained build operations Thread 29"        [_thread_blocked, id=36732, stack(0x0000005bc8700000,0x0000005bc8800000) (1024K)]
  0x000002402abbc2d0 JavaThread "Unconstrained build operations Thread 30"        [_thread_blocked, id=48200, stack(0x0000005bc8800000,0x0000005bc8900000) (1024K)]
  0x000002402abbb5b0 JavaThread "Unconstrained build operations Thread 31"        [_thread_blocked, id=50592, stack(0x0000005bc8900000,0x0000005bc8a00000) (1024K)]
  0x000002402abbc960 JavaThread "Unconstrained build operations Thread 32"        [_thread_blocked, id=14460, stack(0x0000005bc8a00000,0x0000005bc8b00000) (1024K)]
  0x000002402abbcff0 JavaThread "Unconstrained build operations Thread 33"        [_thread_blocked, id=48316, stack(0x0000005bc8b00000,0x0000005bc8c00000) (1024K)]
  0x000002402abba200 JavaThread "jar transforms Thread 4"           [_thread_blocked, id=9256, stack(0x0000005bc8d00000,0x0000005bc8e00000) (1024K)]
=>0x000002407f231e30 JavaThread "C2 CompilerThread1"         daemon [_thread_in_native, id=20368, stack(0x0000005bc8c00000,0x0000005bc8d00000) (1024K)]
Total: 71

Other Threads:
  0x000002407f1e6d40 VMThread "VM Thread"                           [id=52876, stack(0x0000005bc3c00000,0x0000005bc3d00000) (1024K)]
  0x000002407f1dbcc0 WatcherThread "VM Periodic Task Thread"        [id=38256, stack(0x0000005bc3b00000,0x0000005bc3c00000) (1024K)]
  0x00000240785e8b30 WorkerThread "GC Thread#0"                     [id=51212, stack(0x0000005bc3600000,0x0000005bc3700000) (1024K)]
  0x000002407f8e7490 WorkerThread "GC Thread#1"                     [id=52084, stack(0x0000005bc4800000,0x0000005bc4900000) (1024K)]
  0x000002407f960760 WorkerThread "GC Thread#2"                     [id=40592, stack(0x0000005bc4900000,0x0000005bc4a00000) (1024K)]
  0x000002407f960b10 WorkerThread "GC Thread#3"                     [id=54052, stack(0x0000005bc4a00000,0x0000005bc4b00000) (1024K)]
  0x000002407f4d4740 WorkerThread "GC Thread#4"                     [id=24012, stack(0x0000005bc4b00000,0x0000005bc4c00000) (1024K)]
  0x000002407f4d4af0 WorkerThread "GC Thread#5"                     [id=24640, stack(0x0000005bc4c00000,0x0000005bc4d00000) (1024K)]
  0x000002402b006880 WorkerThread "GC Thread#6"                     [id=37140, stack(0x0000005bc4d00000,0x0000005bc4e00000) (1024K)]
  0x000002402b004eb0 WorkerThread "GC Thread#7"                     [id=4360, stack(0x0000005bc4e00000,0x0000005bc4f00000) (1024K)]
  0x000002402a4ec1e0 WorkerThread "GC Thread#8"                     [id=35452, stack(0x0000005bc5b00000,0x0000005bc5c00000) (1024K)]
  0x000002402a4ec590 WorkerThread "GC Thread#9"                     [id=37428, stack(0x0000005bc5c00000,0x0000005bc5d00000) (1024K)]
  0x00000240785eda30 ConcurrentGCThread "G1 Main Marker"            [id=21584, stack(0x0000005bc3700000,0x0000005bc3800000) (1024K)]
  0x00000240785ee450 WorkerThread "G1 Conc#0"                       [id=20196, stack(0x0000005bc3800000,0x0000005bc3900000) (1024K)]
  0x000002402a4ec940 WorkerThread "G1 Conc#1"                       [id=42516, stack(0x0000005bc5d00000,0x0000005bc5e00000) (1024K)]
  0x000002402a4eccf0 WorkerThread "G1 Conc#2"                       [id=53580, stack(0x0000005bc5e00000,0x0000005bc5f00000) (1024K)]
  0x000002407f0ae650 ConcurrentGCThread "G1 Refine#0"               [id=39248, stack(0x0000005bc3900000,0x0000005bc3a00000) (1024K)]
  0x000002407f0afe90 ConcurrentGCThread "G1 Service"                [id=6220, stack(0x0000005bc3a00000,0x0000005bc3b00000) (1024K)]
Total: 18

Threads with active compile tasks:
C1 CompilerThread0  20804 8541       3       org.gradle.internal.instantiation.generator.ManagedObjectFactory::newInstance (186 bytes)
C2 CompilerThread1  20804 8441       4       org.gradle.internal.service.DefaultServiceRegistry$ClassInspector$ClassDetails::collectTypes (63 bytes)
Total: 2

VM state: not at safepoint (normal execution)

VM Mutex/Monitor currently owned by a thread: None

Heap address: 0x00000000e0000000, size: 512 MB, Compressed Oops mode: 32-bit

CDS archive(s) mapped at: [0x0000024011000000-0x0000024011ba0000-0x0000024011ba0000), size 12189696, SharedBaseAddress: 0x0000024011000000, ArchiveRelocationMode: 1.
Compressed class space mapped at: 0x0000024012000000-0x0000024026000000, reserved size: 335544320
Narrow klass base: 0x0000024011000000, Narrow klass shift: 0, Narrow klass range: 0x100000000

GC Precious Log:
 CardTable entry size: 512
 Card Set container configuration: InlinePtr #cards 5 size 8 Array Of Cards #cards 12 size 40 Howl #buckets 4 coarsen threshold 1843 Howl Bitmap #cards 512 size 80 coarsen threshold 460 Card regions per heap region 1 cards per card region 2048
 CPUs: 12 total, 12 available
 Memory: 16087M
 Large Page Support: Disabled
 NUMA Support: Disabled
 Compressed Oops: Enabled (32-bit)
 Heap Region Size: 1M
 Heap Min Capacity: 256M
 Heap Initial Capacity: 256M
 Heap Max Capacity: 512M
 Pre-touch: Disabled
 Parallel Workers: 10
 Concurrent Workers: 3
 Concurrent Refinement Workers: 10
 Periodic GC: Disabled

Heap:
 garbage-first heap   total 262144K, used 109454K [0x00000000e0000000, 0x0000000100000000)
  region size 1024K, 62 young (63488K), 13 survivors (13312K)
 Metaspace       used 55496K, committed 57152K, reserved 393216K
  class space    used 7839K, committed 8640K, reserved 327680K

Heap Regions: E=young(eden), S=young(survivor), O=old, HS=humongous(starts), HC=humongous(continues), CS=collection set, F=free, TAMS=top-at-mark-start, PB=parsable bottom
|   0|0x00000000e0000000, 0x00000000e0100000, 0x00000000e0100000|100%|HS|  |TAMS 0x00000000e0000000| PB 0x00000000e0000000| Complete 
|   1|0x00000000e0100000, 0x00000000e0200000, 0x00000000e0200000|100%|HC|  |TAMS 0x00000000e0100000| PB 0x00000000e0100000| Complete 
|   2|0x00000000e0200000, 0x00000000e0300000, 0x00000000e0300000|100%|HC|  |TAMS 0x00000000e0200000| PB 0x00000000e0200000| Complete 
|   3|0x00000000e0300000, 0x00000000e0400000, 0x00000000e0400000|100%|HC|  |TAMS 0x00000000e0300000| PB 0x00000000e0300000| Complete 
|   4|0x00000000e0400000, 0x00000000e0500000, 0x00000000e0500000|100%| O|  |TAMS 0x00000000e0400000| PB 0x00000000e0400000| Untracked 
|   5|0x00000000e0500000, 0x00000000e0600000, 0x00000000e0600000|100%| O|  |TAMS 0x00000000e0500000| PB 0x00000000e0500000| Untracked 
|   6|0x00000000e0600000, 0x00000000e0700000, 0x00000000e0700000|100%| O|  |TAMS 0x00000000e0600000| PB 0x00000000e0600000| Untracked 
|   7|0x00000000e0700000, 0x00000000e0800000, 0x00000000e0800000|100%| O|  |TAMS 0x00000000e0700000| PB 0x00000000e0700000| Untracked 
|   8|0x00000000e0800000, 0x00000000e0900000, 0x00000000e0900000|100%| O|  |TAMS 0x00000000e0800000| PB 0x00000000e0800000| Untracked 
|   9|0x00000000e0900000, 0x00000000e0a00000, 0x00000000e0a00000|100%| O|  |TAMS 0x00000000e0900000| PB 0x00000000e0900000| Untracked 
|  10|0x00000000e0a00000, 0x00000000e0b00000, 0x00000000e0b00000|100%|HS|  |TAMS 0x00000000e0a00000| PB 0x00000000e0a00000| Complete 
|  11|0x00000000e0b00000, 0x00000000e0c00000, 0x00000000e0c00000|100%| O|  |TAMS 0x00000000e0b00000| PB 0x00000000e0b00000| Untracked 
|  12|0x00000000e0c00000, 0x00000000e0d00000, 0x00000000e0d00000|100%| O|  |TAMS 0x00000000e0c00000| PB 0x00000000e0c00000| Untracked 
|  13|0x00000000e0d00000, 0x00000000e0e00000, 0x00000000e0e00000|100%|HS|  |TAMS 0x00000000e0d00000| PB 0x00000000e0d00000| Complete 
|  14|0x00000000e0e00000, 0x00000000e0f00000, 0x00000000e0f00000|100%|HS|  |TAMS 0x00000000e0e00000| PB 0x00000000e0e00000| Complete 
|  15|0x00000000e0f00000, 0x00000000e1000000, 0x00000000e1000000|100%|HS|  |TAMS 0x00000000e0f00000| PB 0x00000000e0f00000| Complete 
|  16|0x00000000e1000000, 0x00000000e1100000, 0x00000000e1100000|100%|HS|  |TAMS 0x00000000e1000000| PB 0x00000000e1000000| Complete 
|  17|0x00000000e1100000, 0x00000000e1200000, 0x00000000e1200000|100%|HS|  |TAMS 0x00000000e1100000| PB 0x00000000e1100000| Complete 
|  18|0x00000000e1200000, 0x00000000e1200000, 0x00000000e1300000|  0%| F|  |TAMS 0x00000000e1200000| PB 0x00000000e1200000| Untracked 
|  19|0x00000000e1300000, 0x00000000e1400000, 0x00000000e1400000|100%|HS|  |TAMS 0x00000000e1300000| PB 0x00000000e1300000| Complete 
|  20|0x00000000e1400000, 0x00000000e1500000, 0x00000000e1500000|100%| O|  |TAMS 0x00000000e1400000| PB 0x00000000e1400000| Untracked 
|  21|0x00000000e1500000, 0x00000000e1600000, 0x00000000e1600000|100%| O|  |TAMS 0x00000000e1500000| PB 0x00000000e1500000| Untracked 
|  22|0x00000000e1600000, 0x00000000e1700000, 0x00000000e1700000|100%| O|  |TAMS 0x00000000e1600000| PB 0x00000000e1600000| Untracked 
|  23|0x00000000e1700000, 0x00000000e1800000, 0x00000000e1800000|100%| O|  |TAMS 0x00000000e1700000| PB 0x00000000e1700000| Untracked 
|  24|0x00000000e1800000, 0x00000000e1900000, 0x00000000e1900000|100%| O|  |TAMS 0x00000000e1800000| PB 0x00000000e1800000| Untracked 
|  25|0x00000000e1900000, 0x00000000e1a00000, 0x00000000e1a00000|100%| O|  |TAMS 0x00000000e1900000| PB 0x00000000e1900000| Untracked 
|  26|0x00000000e1a00000, 0x00000000e1b00000, 0x00000000e1b00000|100%| O|  |TAMS 0x00000000e1a00000| PB 0x00000000e1a00000| Untracked 
|  27|0x00000000e1b00000, 0x00000000e1c00000, 0x00000000e1c00000|100%| O|  |TAMS 0x00000000e1b00000| PB 0x00000000e1b00000| Untracked 
|  28|0x00000000e1c00000, 0x00000000e1d00000, 0x00000000e1d00000|100%| O|  |TAMS 0x00000000e1c00000| PB 0x00000000e1c00000| Untracked 
|  29|0x00000000e1d00000, 0x00000000e1e00000, 0x00000000e1e00000|100%| O|  |TAMS 0x00000000e1d00000| PB 0x00000000e1d00000| Untracked 
|  30|0x00000000e1e00000, 0x00000000e1f00000, 0x00000000e1f00000|100%| O|  |TAMS 0x00000000e1e00000| PB 0x00000000e1e00000| Untracked 
|  31|0x00000000e1f00000, 0x00000000e2000000, 0x00000000e2000000|100%| O|  |TAMS 0x00000000e1f00000| PB 0x00000000e1f00000| Untracked 
|  32|0x00000000e2000000, 0x00000000e2100000, 0x00000000e2100000|100%| O|  |TAMS 0x00000000e2000000| PB 0x00000000e2000000| Untracked 
|  33|0x00000000e2100000, 0x00000000e2200000, 0x00000000e2200000|100%| O|  |TAMS 0x00000000e2100000| PB 0x00000000e2100000| Untracked 
|  34|0x00000000e2200000, 0x00000000e2300000, 0x00000000e2300000|100%| O|  |TAMS 0x00000000e2200000| PB 0x00000000e2200000| Untracked 
|  35|0x00000000e2300000, 0x00000000e2400000, 0x00000000e2400000|100%| O|  |TAMS 0x00000000e2300000| PB 0x00000000e2300000| Untracked 
|  36|0x00000000e2400000, 0x00000000e2500000, 0x00000000e2500000|100%| O|  |TAMS 0x00000000e2400000| PB 0x00000000e2400000| Untracked 
|  37|0x00000000e2500000, 0x00000000e2600000, 0x00000000e2600000|100%| O|  |TAMS 0x00000000e2500000| PB 0x00000000e2500000| Untracked 
|  38|0x00000000e2600000, 0x00000000e2700000, 0x00000000e2700000|100%| O|  |TAMS 0x00000000e2600000| PB 0x00000000e2600000| Untracked 
|  39|0x00000000e2700000, 0x00000000e2800000, 0x00000000e2800000|100%| O|  |TAMS 0x00000000e2700000| PB 0x00000000e2700000| Untracked 
|  40|0x00000000e2800000, 0x00000000e2900000, 0x00000000e2900000|100%| O|  |TAMS 0x00000000e2800000| PB 0x00000000e2800000| Untracked 
|  41|0x00000000e2900000, 0x00000000e2a00000, 0x00000000e2a00000|100%| O|  |TAMS 0x00000000e2900000| PB 0x00000000e2900000| Untracked 
|  42|0x00000000e2a00000, 0x00000000e2b00000, 0x00000000e2b00000|100%| O|  |TAMS 0x00000000e2a00000| PB 0x00000000e2a00000| Untracked 
|  43|0x00000000e2b00000, 0x00000000e2c00000, 0x00000000e2c00000|100%| O|  |TAMS 0x00000000e2b00000| PB 0x00000000e2b00000| Untracked 
|  44|0x00000000e2c00000, 0x00000000e2d00000, 0x00000000e2d00000|100%| O|  |TAMS 0x00000000e2c00000| PB 0x00000000e2c00000| Untracked 
|  45|0x00000000e2d00000, 0x00000000e2e00000, 0x00000000e2e00000|100%| O|  |TAMS 0x00000000e2d00000| PB 0x00000000e2d00000| Untracked 
|  46|0x00000000e2e00000, 0x00000000e2f00000, 0x00000000e2f00000|100%| O|  |TAMS 0x00000000e2e00000| PB 0x00000000e2e00000| Untracked 
|  47|0x00000000e2f00000, 0x00000000e2f00000, 0x00000000e3000000|  0%| F|  |TAMS 0x00000000e2f00000| PB 0x00000000e2f00000| Untracked 
|  48|0x00000000e3000000, 0x00000000e3000000, 0x00000000e3100000|  0%| F|  |TAMS 0x00000000e3000000| PB 0x00000000e3000000| Untracked 
|  49|0x00000000e3100000, 0x00000000e3100000, 0x00000000e3200000|  0%| F|  |TAMS 0x00000000e3100000| PB 0x00000000e3100000| Untracked 
|  50|0x00000000e3200000, 0x00000000e3200000, 0x00000000e3300000|  0%| F|  |TAMS 0x00000000e3200000| PB 0x00000000e3200000| Untracked 
|  51|0x00000000e3300000, 0x00000000e3300000, 0x00000000e3400000|  0%| F|  |TAMS 0x00000000e3300000| PB 0x00000000e3300000| Untracked 
|  52|0x00000000e3400000, 0x00000000e3400000, 0x00000000e3500000|  0%| F|  |TAMS 0x00000000e3400000| PB 0x00000000e3400000| Untracked 
|  53|0x00000000e3500000, 0x00000000e3500000, 0x00000000e3600000|  0%| F|  |TAMS 0x00000000e3500000| PB 0x00000000e3500000| Untracked 
|  54|0x00000000e3600000, 0x00000000e3600000, 0x00000000e3700000|  0%| F|  |TAMS 0x00000000e3600000| PB 0x00000000e3600000| Untracked 
|  55|0x00000000e3700000, 0x00000000e3700000, 0x00000000e3800000|  0%| F|  |TAMS 0x00000000e3700000| PB 0x00000000e3700000| Untracked 
|  56|0x00000000e3800000, 0x00000000e3800000, 0x00000000e3900000|  0%| F|  |TAMS 0x00000000e3800000| PB 0x00000000e3800000| Untracked 
|  57|0x00000000e3900000, 0x00000000e3900000, 0x00000000e3a00000|  0%| F|  |TAMS 0x00000000e3900000| PB 0x00000000e3900000| Untracked 
|  58|0x00000000e3a00000, 0x00000000e3a00000, 0x00000000e3b00000|  0%| F|  |TAMS 0x00000000e3a00000| PB 0x00000000e3a00000| Untracked 
|  59|0x00000000e3b00000, 0x00000000e3b00000, 0x00000000e3c00000|  0%| F|  |TAMS 0x00000000e3b00000| PB 0x00000000e3b00000| Untracked 
|  60|0x00000000e3c00000, 0x00000000e3c00000, 0x00000000e3d00000|  0%| F|  |TAMS 0x00000000e3c00000| PB 0x00000000e3c00000| Untracked 
|  61|0x00000000e3d00000, 0x00000000e3d00000, 0x00000000e3e00000|  0%| F|  |TAMS 0x00000000e3d00000| PB 0x00000000e3d00000| Untracked 
|  62|0x00000000e3e00000, 0x00000000e3e00000, 0x00000000e3f00000|  0%| F|  |TAMS 0x00000000e3e00000| PB 0x00000000e3e00000| Untracked 
|  63|0x00000000e3f00000, 0x00000000e3f00000, 0x00000000e4000000|  0%| F|  |TAMS 0x00000000e3f00000| PB 0x00000000e3f00000| Untracked 
|  64|0x00000000e4000000, 0x00000000e4000000, 0x00000000e4100000|  0%| F|  |TAMS 0x00000000e4000000| PB 0x00000000e4000000| Untracked 
|  65|0x00000000e4100000, 0x00000000e4100000, 0x00000000e4200000|  0%| F|  |TAMS 0x00000000e4100000| PB 0x00000000e4100000| Untracked 
|  66|0x00000000e4200000, 0x00000000e4200000, 0x00000000e4300000|  0%| F|  |TAMS 0x00000000e4200000| PB 0x00000000e4200000| Untracked 
|  67|0x00000000e4300000, 0x00000000e4300000, 0x00000000e4400000|  0%| F|  |TAMS 0x00000000e4300000| PB 0x00000000e4300000| Untracked 
|  68|0x00000000e4400000, 0x00000000e4400000, 0x00000000e4500000|  0%| F|  |TAMS 0x00000000e4400000| PB 0x00000000e4400000| Untracked 
|  69|0x00000000e4500000, 0x00000000e4500000, 0x00000000e4600000|  0%| F|  |TAMS 0x00000000e4500000| PB 0x00000000e4500000| Untracked 
|  70|0x00000000e4600000, 0x00000000e4600000, 0x00000000e4700000|  0%| F|  |TAMS 0x00000000e4600000| PB 0x00000000e4600000| Untracked 
|  71|0x00000000e4700000, 0x00000000e4700000, 0x00000000e4800000|  0%| F|  |TAMS 0x00000000e4700000| PB 0x00000000e4700000| Untracked 
|  72|0x00000000e4800000, 0x00000000e4800000, 0x00000000e4900000|  0%| F|  |TAMS 0x00000000e4800000| PB 0x00000000e4800000| Untracked 
|  73|0x00000000e4900000, 0x00000000e4900000, 0x00000000e4a00000|  0%| F|  |TAMS 0x00000000e4900000| PB 0x00000000e4900000| Untracked 
|  74|0x00000000e4a00000, 0x00000000e4a00000, 0x00000000e4b00000|  0%| F|  |TAMS 0x00000000e4a00000| PB 0x00000000e4a00000| Untracked 
|  75|0x00000000e4b00000, 0x00000000e4b00000, 0x00000000e4c00000|  0%| F|  |TAMS 0x00000000e4b00000| PB 0x00000000e4b00000| Untracked 
|  76|0x00000000e4c00000, 0x00000000e4c00000, 0x00000000e4d00000|  0%| F|  |TAMS 0x00000000e4c00000| PB 0x00000000e4c00000| Untracked 
|  77|0x00000000e4d00000, 0x00000000e4d00000, 0x00000000e4e00000|  0%| F|  |TAMS 0x00000000e4d00000| PB 0x00000000e4d00000| Untracked 
|  78|0x00000000e4e00000, 0x00000000e4e00000, 0x00000000e4f00000|  0%| F|  |TAMS 0x00000000e4e00000| PB 0x00000000e4e00000| Untracked 
|  79|0x00000000e4f00000, 0x00000000e4f00000, 0x00000000e5000000|  0%| F|  |TAMS 0x00000000e4f00000| PB 0x00000000e4f00000| Untracked 
|  80|0x00000000e5000000, 0x00000000e5000000, 0x00000000e5100000|  0%| F|  |TAMS 0x00000000e5000000| PB 0x00000000e5000000| Untracked 
|  81|0x00000000e5100000, 0x00000000e5100000, 0x00000000e5200000|  0%| F|  |TAMS 0x00000000e5100000| PB 0x00000000e5100000| Untracked 
|  82|0x00000000e5200000, 0x00000000e5200000, 0x00000000e5300000|  0%| F|  |TAMS 0x00000000e5200000| PB 0x00000000e5200000| Untracked 
|  83|0x00000000e5300000, 0x00000000e5300000, 0x00000000e5400000|  0%| F|  |TAMS 0x00000000e5300000| PB 0x00000000e5300000| Untracked 
|  84|0x00000000e5400000, 0x00000000e5400000, 0x00000000e5500000|  0%| F|  |TAMS 0x00000000e5400000| PB 0x00000000e5400000| Untracked 
|  85|0x00000000e5500000, 0x00000000e5500000, 0x00000000e5600000|  0%| F|  |TAMS 0x00000000e5500000| PB 0x00000000e5500000| Untracked 
|  86|0x00000000e5600000, 0x00000000e5600000, 0x00000000e5700000|  0%| F|  |TAMS 0x00000000e5600000| PB 0x00000000e5600000| Untracked 
|  87|0x00000000e5700000, 0x00000000e5700000, 0x00000000e5800000|  0%| F|  |TAMS 0x00000000e5700000| PB 0x00000000e5700000| Untracked 
|  88|0x00000000e5800000, 0x00000000e5800000, 0x00000000e5900000|  0%| F|  |TAMS 0x00000000e5800000| PB 0x00000000e5800000| Untracked 
|  89|0x00000000e5900000, 0x00000000e5900000, 0x00000000e5a00000|  0%| F|  |TAMS 0x00000000e5900000| PB 0x00000000e5900000| Untracked 
|  90|0x00000000e5a00000, 0x00000000e5a00000, 0x00000000e5b00000|  0%| F|  |TAMS 0x00000000e5a00000| PB 0x00000000e5a00000| Untracked 
|  91|0x00000000e5b00000, 0x00000000e5b00000, 0x00000000e5c00000|  0%| F|  |TAMS 0x00000000e5b00000| PB 0x00000000e5b00000| Untracked 
|  92|0x00000000e5c00000, 0x00000000e5c00000, 0x00000000e5d00000|  0%| F|  |TAMS 0x00000000e5c00000| PB 0x00000000e5c00000| Untracked 
|  93|0x00000000e5d00000, 0x00000000e5d00000, 0x00000000e5e00000|  0%| F|  |TAMS 0x00000000e5d00000| PB 0x00000000e5d00000| Untracked 
|  94|0x00000000e5e00000, 0x00000000e5e00000, 0x00000000e5f00000|  0%| F|  |TAMS 0x00000000e5e00000| PB 0x00000000e5e00000| Untracked 
|  95|0x00000000e5f00000, 0x00000000e5f00000, 0x00000000e6000000|  0%| F|  |TAMS 0x00000000e5f00000| PB 0x00000000e5f00000| Untracked 
|  96|0x00000000e6000000, 0x00000000e6000000, 0x00000000e6100000|  0%| F|  |TAMS 0x00000000e6000000| PB 0x00000000e6000000| Untracked 
|  97|0x00000000e6100000, 0x00000000e6100000, 0x00000000e6200000|  0%| F|  |TAMS 0x00000000e6100000| PB 0x00000000e6100000| Untracked 
|  98|0x00000000e6200000, 0x00000000e6200000, 0x00000000e6300000|  0%| F|  |TAMS 0x00000000e6200000| PB 0x00000000e6200000| Untracked 
|  99|0x00000000e6300000, 0x00000000e6300000, 0x00000000e6400000|  0%| F|  |TAMS 0x00000000e6300000| PB 0x00000000e6300000| Untracked 
| 100|0x00000000e6400000, 0x00000000e6400000, 0x00000000e6500000|  0%| F|  |TAMS 0x00000000e6400000| PB 0x00000000e6400000| Untracked 
| 101|0x00000000e6500000, 0x00000000e6500000, 0x00000000e6600000|  0%| F|  |TAMS 0x00000000e6500000| PB 0x00000000e6500000| Untracked 
| 102|0x00000000e6600000, 0x00000000e6600000, 0x00000000e6700000|  0%| F|  |TAMS 0x00000000e6600000| PB 0x00000000e6600000| Untracked 
| 103|0x00000000e6700000, 0x00000000e6700000, 0x00000000e6800000|  0%| F|  |TAMS 0x00000000e6700000| PB 0x00000000e6700000| Untracked 
| 104|0x00000000e6800000, 0x00000000e6800000, 0x00000000e6900000|  0%| F|  |TAMS 0x00000000e6800000| PB 0x00000000e6800000| Untracked 
| 105|0x00000000e6900000, 0x00000000e6900000, 0x00000000e6a00000|  0%| F|  |TAMS 0x00000000e6900000| PB 0x00000000e6900000| Untracked 
| 106|0x00000000e6a00000, 0x00000000e6a00000, 0x00000000e6b00000|  0%| F|  |TAMS 0x00000000e6a00000| PB 0x00000000e6a00000| Untracked 
| 107|0x00000000e6b00000, 0x00000000e6b00000, 0x00000000e6c00000|  0%| F|  |TAMS 0x00000000e6b00000| PB 0x00000000e6b00000| Untracked 
| 108|0x00000000e6c00000, 0x00000000e6ce3bc8, 0x00000000e6d00000| 88%| S|CS|TAMS 0x00000000e6c00000| PB 0x00000000e6c00000| Complete 
| 109|0x00000000e6d00000, 0x00000000e6e00000, 0x00000000e6e00000|100%| S|CS|TAMS 0x00000000e6d00000| PB 0x00000000e6d00000| Complete 
| 110|0x00000000e6e00000, 0x00000000e6f00000, 0x00000000e6f00000|100%| S|CS|TAMS 0x00000000e6e00000| PB 0x00000000e6e00000| Complete 
| 111|0x00000000e6f00000, 0x00000000e7000000, 0x00000000e7000000|100%| S|CS|TAMS 0x00000000e6f00000| PB 0x00000000e6f00000| Complete 
| 112|0x00000000e7000000, 0x00000000e7100000, 0x00000000e7100000|100%| S|CS|TAMS 0x00000000e7000000| PB 0x00000000e7000000| Complete 
| 113|0x00000000e7100000, 0x00000000e7200000, 0x00000000e7200000|100%| S|CS|TAMS 0x00000000e7100000| PB 0x00000000e7100000| Complete 
| 114|0x00000000e7200000, 0x00000000e7300000, 0x00000000e7300000|100%| S|CS|TAMS 0x00000000e7200000| PB 0x00000000e7200000| Complete 
| 115|0x00000000e7300000, 0x00000000e7400000, 0x00000000e7400000|100%| S|CS|TAMS 0x00000000e7300000| PB 0x00000000e7300000| Complete 
| 116|0x00000000e7400000, 0x00000000e7500000, 0x00000000e7500000|100%| S|CS|TAMS 0x00000000e7400000| PB 0x00000000e7400000| Complete 
| 117|0x00000000e7500000, 0x00000000e7600000, 0x00000000e7600000|100%| S|CS|TAMS 0x00000000e7500000| PB 0x00000000e7500000| Complete 
| 118|0x00000000e7600000, 0x00000000e7700000, 0x00000000e7700000|100%| S|CS|TAMS 0x00000000e7600000| PB 0x00000000e7600000| Complete 
| 119|0x00000000e7700000, 0x00000000e7800000, 0x00000000e7800000|100%| S|CS|TAMS 0x00000000e7700000| PB 0x00000000e7700000| Complete 
| 120|0x00000000e7800000, 0x00000000e7900000, 0x00000000e7900000|100%| S|CS|TAMS 0x00000000e7800000| PB 0x00000000e7800000| Complete 
| 121|0x00000000e7900000, 0x00000000e7900000, 0x00000000e7a00000|  0%| F|  |TAMS 0x00000000e7900000| PB 0x00000000e7900000| Untracked 
| 122|0x00000000e7a00000, 0x00000000e7a00000, 0x00000000e7b00000|  0%| F|  |TAMS 0x00000000e7a00000| PB 0x00000000e7a00000| Untracked 
| 123|0x00000000e7b00000, 0x00000000e7b00000, 0x00000000e7c00000|  0%| F|  |TAMS 0x00000000e7b00000| PB 0x00000000e7b00000| Untracked 
| 124|0x00000000e7c00000, 0x00000000e7c00000, 0x00000000e7d00000|  0%| F|  |TAMS 0x00000000e7c00000| PB 0x00000000e7c00000| Untracked 
| 125|0x00000000e7d00000, 0x00000000e7d00000, 0x00000000e7e00000|  0%| F|  |TAMS 0x00000000e7d00000| PB 0x00000000e7d00000| Untracked 
| 126|0x00000000e7e00000, 0x00000000e7e00000, 0x00000000e7f00000|  0%| F|  |TAMS 0x00000000e7e00000| PB 0x00000000e7e00000| Untracked 
| 127|0x00000000e7f00000, 0x00000000e7f00000, 0x00000000e8000000|  0%| F|  |TAMS 0x00000000e7f00000| PB 0x00000000e7f00000| Untracked 
| 128|0x00000000e8000000, 0x00000000e8000000, 0x00000000e8100000|  0%| F|  |TAMS 0x00000000e8000000| PB 0x00000000e8000000| Untracked 
| 129|0x00000000e8100000, 0x00000000e8100000, 0x00000000e8200000|  0%| F|  |TAMS 0x00000000e8100000| PB 0x00000000e8100000| Untracked 
| 130|0x00000000e8200000, 0x00000000e8200000, 0x00000000e8300000|  0%| F|  |TAMS 0x00000000e8200000| PB 0x00000000e8200000| Untracked 
| 131|0x00000000e8300000, 0x00000000e8300000, 0x00000000e8400000|  0%| F|  |TAMS 0x00000000e8300000| PB 0x00000000e8300000| Untracked 
| 132|0x00000000e8400000, 0x00000000e8400000, 0x00000000e8500000|  0%| F|  |TAMS 0x00000000e8400000| PB 0x00000000e8400000| Untracked 
| 133|0x00000000e8500000, 0x00000000e8500000, 0x00000000e8600000|  0%| F|  |TAMS 0x00000000e8500000| PB 0x00000000e8500000| Untracked 
| 134|0x00000000e8600000, 0x00000000e8600000, 0x00000000e8700000|  0%| F|  |TAMS 0x00000000e8600000| PB 0x00000000e8600000| Untracked 
| 135|0x00000000e8700000, 0x00000000e8700000, 0x00000000e8800000|  0%| F|  |TAMS 0x00000000e8700000| PB 0x00000000e8700000| Untracked 
| 136|0x00000000e8800000, 0x00000000e8800000, 0x00000000e8900000|  0%| F|  |TAMS 0x00000000e8800000| PB 0x00000000e8800000| Untracked 
| 137|0x00000000e8900000, 0x00000000e8900000, 0x00000000e8a00000|  0%| F|  |TAMS 0x00000000e8900000| PB 0x00000000e8900000| Untracked 
| 138|0x00000000e8a00000, 0x00000000e8a00000, 0x00000000e8b00000|  0%| F|  |TAMS 0x00000000e8a00000| PB 0x00000000e8a00000| Untracked 
| 139|0x00000000e8b00000, 0x00000000e8b00000, 0x00000000e8c00000|  0%| F|  |TAMS 0x00000000e8b00000| PB 0x00000000e8b00000| Untracked 
| 140|0x00000000e8c00000, 0x00000000e8c00000, 0x00000000e8d00000|  0%| F|  |TAMS 0x00000000e8c00000| PB 0x00000000e8c00000| Untracked 
| 141|0x00000000e8d00000, 0x00000000e8d00000, 0x00000000e8e00000|  0%| F|  |TAMS 0x00000000e8d00000| PB 0x00000000e8d00000| Untracked 
| 142|0x00000000e8e00000, 0x00000000e8e00000, 0x00000000e8f00000|  0%| F|  |TAMS 0x00000000e8e00000| PB 0x00000000e8e00000| Untracked 
| 143|0x00000000e8f00000, 0x00000000e8f00000, 0x00000000e9000000|  0%| F|  |TAMS 0x00000000e8f00000| PB 0x00000000e8f00000| Untracked 
| 144|0x00000000e9000000, 0x00000000e9000000, 0x00000000e9100000|  0%| F|  |TAMS 0x00000000e9000000| PB 0x00000000e9000000| Untracked 
| 145|0x00000000e9100000, 0x00000000e9100000, 0x00000000e9200000|  0%| F|  |TAMS 0x00000000e9100000| PB 0x00000000e9100000| Untracked 
| 146|0x00000000e9200000, 0x00000000e9200000, 0x00000000e9300000|  0%| F|  |TAMS 0x00000000e9200000| PB 0x00000000e9200000| Untracked 
| 147|0x00000000e9300000, 0x00000000e9300000, 0x00000000e9400000|  0%| F|  |TAMS 0x00000000e9300000| PB 0x00000000e9300000| Untracked 
| 148|0x00000000e9400000, 0x00000000e9400000, 0x00000000e9500000|  0%| F|  |TAMS 0x00000000e9400000| PB 0x00000000e9400000| Untracked 
| 149|0x00000000e9500000, 0x00000000e9500000, 0x00000000e9600000|  0%| F|  |TAMS 0x00000000e9500000| PB 0x00000000e9500000| Untracked 
| 150|0x00000000e9600000, 0x00000000e9600000, 0x00000000e9700000|  0%| F|  |TAMS 0x00000000e9600000| PB 0x00000000e9600000| Untracked 
| 151|0x00000000e9700000, 0x00000000e9700000, 0x00000000e9800000|  0%| F|  |TAMS 0x00000000e9700000| PB 0x00000000e9700000| Untracked 
| 152|0x00000000e9800000, 0x00000000e9800000, 0x00000000e9900000|  0%| F|  |TAMS 0x00000000e9800000| PB 0x00000000e9800000| Untracked 
| 153|0x00000000e9900000, 0x00000000e9900000, 0x00000000e9a00000|  0%| F|  |TAMS 0x00000000e9900000| PB 0x00000000e9900000| Untracked 
| 154|0x00000000e9a00000, 0x00000000e9a00000, 0x00000000e9b00000|  0%| F|  |TAMS 0x00000000e9a00000| PB 0x00000000e9a00000| Untracked 
| 155|0x00000000e9b00000, 0x00000000e9b00000, 0x00000000e9c00000|  0%| F|  |TAMS 0x00000000e9b00000| PB 0x00000000e9b00000| Untracked 
| 156|0x00000000e9c00000, 0x00000000e9c00000, 0x00000000e9d00000|  0%| F|  |TAMS 0x00000000e9c00000| PB 0x00000000e9c00000| Untracked 
| 157|0x00000000e9d00000, 0x00000000e9d00000, 0x00000000e9e00000|  0%| F|  |TAMS 0x00000000e9d00000| PB 0x00000000e9d00000| Untracked 
| 158|0x00000000e9e00000, 0x00000000e9e00000, 0x00000000e9f00000|  0%| F|  |TAMS 0x00000000e9e00000| PB 0x00000000e9e00000| Untracked 
| 159|0x00000000e9f00000, 0x00000000e9f00000, 0x00000000ea000000|  0%| F|  |TAMS 0x00000000e9f00000| PB 0x00000000e9f00000| Untracked 
| 160|0x00000000ea000000, 0x00000000ea000000, 0x00000000ea100000|  0%| F|  |TAMS 0x00000000ea000000| PB 0x00000000ea000000| Untracked 
| 161|0x00000000ea100000, 0x00000000ea100000, 0x00000000ea200000|  0%| F|  |TAMS 0x00000000ea100000| PB 0x00000000ea100000| Untracked 
| 162|0x00000000ea200000, 0x00000000ea200000, 0x00000000ea300000|  0%| F|  |TAMS 0x00000000ea200000| PB 0x00000000ea200000| Untracked 
| 163|0x00000000ea300000, 0x00000000ea300000, 0x00000000ea400000|  0%| F|  |TAMS 0x00000000ea300000| PB 0x00000000ea300000| Untracked 
| 164|0x00000000ea400000, 0x00000000ea400000, 0x00000000ea500000|  0%| F|  |TAMS 0x00000000ea400000| PB 0x00000000ea400000| Untracked 
| 165|0x00000000ea500000, 0x00000000ea500000, 0x00000000ea600000|  0%| F|  |TAMS 0x00000000ea500000| PB 0x00000000ea500000| Untracked 
| 166|0x00000000ea600000, 0x00000000ea600000, 0x00000000ea700000|  0%| F|  |TAMS 0x00000000ea600000| PB 0x00000000ea600000| Untracked 
| 167|0x00000000ea700000, 0x00000000ea700000, 0x00000000ea800000|  0%| F|  |TAMS 0x00000000ea700000| PB 0x00000000ea700000| Untracked 
| 168|0x00000000ea800000, 0x00000000ea800000, 0x00000000ea900000|  0%| F|  |TAMS 0x00000000ea800000| PB 0x00000000ea800000| Untracked 
| 169|0x00000000ea900000, 0x00000000ea900000, 0x00000000eaa00000|  0%| F|  |TAMS 0x00000000ea900000| PB 0x00000000ea900000| Untracked 
| 170|0x00000000eaa00000, 0x00000000eaa00000, 0x00000000eab00000|  0%| F|  |TAMS 0x00000000eaa00000| PB 0x00000000eaa00000| Untracked 
| 171|0x00000000eab00000, 0x00000000eab00000, 0x00000000eac00000|  0%| F|  |TAMS 0x00000000eab00000| PB 0x00000000eab00000| Untracked 
| 172|0x00000000eac00000, 0x00000000eac00000, 0x00000000ead00000|  0%| F|  |TAMS 0x00000000eac00000| PB 0x00000000eac00000| Untracked 
| 173|0x00000000ead00000, 0x00000000ead00000, 0x00000000eae00000|  0%| F|  |TAMS 0x00000000ead00000| PB 0x00000000ead00000| Untracked 
| 174|0x00000000eae00000, 0x00000000eae00000, 0x00000000eaf00000|  0%| F|  |TAMS 0x00000000eae00000| PB 0x00000000eae00000| Untracked 
| 175|0x00000000eaf00000, 0x00000000eaf00000, 0x00000000eb000000|  0%| F|  |TAMS 0x00000000eaf00000| PB 0x00000000eaf00000| Untracked 
| 176|0x00000000eb000000, 0x00000000eb000000, 0x00000000eb100000|  0%| F|  |TAMS 0x00000000eb000000| PB 0x00000000eb000000| Untracked 
| 177|0x00000000eb100000, 0x00000000eb100000, 0x00000000eb200000|  0%| F|  |TAMS 0x00000000eb100000| PB 0x00000000eb100000| Untracked 
| 178|0x00000000eb200000, 0x00000000eb200000, 0x00000000eb300000|  0%| F|  |TAMS 0x00000000eb200000| PB 0x00000000eb200000| Untracked 
| 179|0x00000000eb300000, 0x00000000eb300000, 0x00000000eb400000|  0%| F|  |TAMS 0x00000000eb300000| PB 0x00000000eb300000| Untracked 
| 180|0x00000000eb400000, 0x00000000eb400000, 0x00000000eb500000|  0%| F|  |TAMS 0x00000000eb400000| PB 0x00000000eb400000| Untracked 
| 181|0x00000000eb500000, 0x00000000eb500000, 0x00000000eb600000|  0%| F|  |TAMS 0x00000000eb500000| PB 0x00000000eb500000| Untracked 
| 182|0x00000000eb600000, 0x00000000eb600000, 0x00000000eb700000|  0%| F|  |TAMS 0x00000000eb600000| PB 0x00000000eb600000| Untracked 
| 183|0x00000000eb700000, 0x00000000eb700000, 0x00000000eb800000|  0%| F|  |TAMS 0x00000000eb700000| PB 0x00000000eb700000| Untracked 
| 184|0x00000000eb800000, 0x00000000eb800000, 0x00000000eb900000|  0%| F|  |TAMS 0x00000000eb800000| PB 0x00000000eb800000| Untracked 
| 185|0x00000000eb900000, 0x00000000eb900000, 0x00000000eba00000|  0%| F|  |TAMS 0x00000000eb900000| PB 0x00000000eb900000| Untracked 
| 186|0x00000000eba00000, 0x00000000eba00000, 0x00000000ebb00000|  0%| F|  |TAMS 0x00000000eba00000| PB 0x00000000eba00000| Untracked 
| 187|0x00000000ebb00000, 0x00000000ebb00000, 0x00000000ebc00000|  0%| F|  |TAMS 0x00000000ebb00000| PB 0x00000000ebb00000| Untracked 
| 188|0x00000000ebc00000, 0x00000000ebc00000, 0x00000000ebd00000|  0%| F|  |TAMS 0x00000000ebc00000| PB 0x00000000ebc00000| Untracked 
| 189|0x00000000ebd00000, 0x00000000ebd00000, 0x00000000ebe00000|  0%| F|  |TAMS 0x00000000ebd00000| PB 0x00000000ebd00000| Untracked 
| 190|0x00000000ebe00000, 0x00000000ebe00000, 0x00000000ebf00000|  0%| F|  |TAMS 0x00000000ebe00000| PB 0x00000000ebe00000| Untracked 
| 191|0x00000000ebf00000, 0x00000000ebf00000, 0x00000000ec000000|  0%| F|  |TAMS 0x00000000ebf00000| PB 0x00000000ebf00000| Untracked 
| 192|0x00000000ec000000, 0x00000000ec000000, 0x00000000ec100000|  0%| F|  |TAMS 0x00000000ec000000| PB 0x00000000ec000000| Untracked 
| 193|0x00000000ec100000, 0x00000000ec100000, 0x00000000ec200000|  0%| F|  |TAMS 0x00000000ec100000| PB 0x00000000ec100000| Untracked 
| 194|0x00000000ec200000, 0x00000000ec200000, 0x00000000ec300000|  0%| F|  |TAMS 0x00000000ec200000| PB 0x00000000ec200000| Untracked 
| 195|0x00000000ec300000, 0x00000000ec300000, 0x00000000ec400000|  0%| F|  |TAMS 0x00000000ec300000| PB 0x00000000ec300000| Untracked 
| 196|0x00000000ec400000, 0x00000000ec400000, 0x00000000ec500000|  0%| F|  |TAMS 0x00000000ec400000| PB 0x00000000ec400000| Untracked 
| 197|0x00000000ec500000, 0x00000000ec500000, 0x00000000ec600000|  0%| F|  |TAMS 0x00000000ec500000| PB 0x00000000ec500000| Untracked 
| 198|0x00000000ec600000, 0x00000000ec600000, 0x00000000ec700000|  0%| F|  |TAMS 0x00000000ec600000| PB 0x00000000ec600000| Untracked 
| 199|0x00000000ec700000, 0x00000000ec700000, 0x00000000ec800000|  0%| F|  |TAMS 0x00000000ec700000| PB 0x00000000ec700000| Untracked 
| 200|0x00000000ec800000, 0x00000000ec800000, 0x00000000ec900000|  0%| F|  |TAMS 0x00000000ec800000| PB 0x00000000ec800000| Untracked 
| 201|0x00000000ec900000, 0x00000000ec900000, 0x00000000eca00000|  0%| F|  |TAMS 0x00000000ec900000| PB 0x00000000ec900000| Untracked 
| 202|0x00000000eca00000, 0x00000000eca00000, 0x00000000ecb00000|  0%| F|  |TAMS 0x00000000eca00000| PB 0x00000000eca00000| Untracked 
| 203|0x00000000ecb00000, 0x00000000ecb00000, 0x00000000ecc00000|  0%| F|  |TAMS 0x00000000ecb00000| PB 0x00000000ecb00000| Untracked 
| 204|0x00000000ecc00000, 0x00000000ecc00000, 0x00000000ecd00000|  0%| F|  |TAMS 0x00000000ecc00000| PB 0x00000000ecc00000| Untracked 
| 205|0x00000000ecd00000, 0x00000000ecd00000, 0x00000000ece00000|  0%| F|  |TAMS 0x00000000ecd00000| PB 0x00000000ecd00000| Untracked 
| 206|0x00000000ece00000, 0x00000000ece00000, 0x00000000ecf00000|  0%| F|  |TAMS 0x00000000ece00000| PB 0x00000000ece00000| Untracked 
| 207|0x00000000ecf00000, 0x00000000ed000000, 0x00000000ed000000|100%| E|  |TAMS 0x00000000ecf00000| PB 0x00000000ecf00000| Complete 
| 208|0x00000000ed000000, 0x00000000ed100000, 0x00000000ed100000|100%| E|CS|TAMS 0x00000000ed000000| PB 0x00000000ed000000| Complete 
| 209|0x00000000ed100000, 0x00000000ed200000, 0x00000000ed200000|100%| E|CS|TAMS 0x00000000ed100000| PB 0x00000000ed100000| Complete 
| 210|0x00000000ed200000, 0x00000000ed300000, 0x00000000ed300000|100%| E|CS|TAMS 0x00000000ed200000| PB 0x00000000ed200000| Complete 
| 211|0x00000000ed300000, 0x00000000ed400000, 0x00000000ed400000|100%| E|CS|TAMS 0x00000000ed300000| PB 0x00000000ed300000| Complete 
| 212|0x00000000ed400000, 0x00000000ed500000, 0x00000000ed500000|100%| E|CS|TAMS 0x00000000ed400000| PB 0x00000000ed400000| Complete 
| 213|0x00000000ed500000, 0x00000000ed600000, 0x00000000ed600000|100%| E|CS|TAMS 0x00000000ed500000| PB 0x00000000ed500000| Complete 
| 214|0x00000000ed600000, 0x00000000ed700000, 0x00000000ed700000|100%| E|CS|TAMS 0x00000000ed600000| PB 0x00000000ed600000| Complete 
| 215|0x00000000ed700000, 0x00000000ed800000, 0x00000000ed800000|100%| E|CS|TAMS 0x00000000ed700000| PB 0x00000000ed700000| Complete 
| 216|0x00000000ed800000, 0x00000000ed900000, 0x00000000ed900000|100%| E|CS|TAMS 0x00000000ed800000| PB 0x00000000ed800000| Complete 
| 217|0x00000000ed900000, 0x00000000eda00000, 0x00000000eda00000|100%| E|CS|TAMS 0x00000000ed900000| PB 0x00000000ed900000| Complete 
| 218|0x00000000eda00000, 0x00000000edb00000, 0x00000000edb00000|100%| E|CS|TAMS 0x00000000eda00000| PB 0x00000000eda00000| Complete 
| 219|0x00000000edb00000, 0x00000000edc00000, 0x00000000edc00000|100%| E|CS|TAMS 0x00000000edb00000| PB 0x00000000edb00000| Complete 
| 220|0x00000000edc00000, 0x00000000edd00000, 0x00000000edd00000|100%| E|CS|TAMS 0x00000000edc00000| PB 0x00000000edc00000| Complete 
| 221|0x00000000edd00000, 0x00000000ede00000, 0x00000000ede00000|100%| E|CS|TAMS 0x00000000edd00000| PB 0x00000000edd00000| Complete 
| 222|0x00000000ede00000, 0x00000000edf00000, 0x00000000edf00000|100%| E|CS|TAMS 0x00000000ede00000| PB 0x00000000ede00000| Complete 
| 223|0x00000000edf00000, 0x00000000ee000000, 0x00000000ee000000|100%| E|CS|TAMS 0x00000000edf00000| PB 0x00000000edf00000| Complete 
| 224|0x00000000ee000000, 0x00000000ee100000, 0x00000000ee100000|100%| E|CS|TAMS 0x00000000ee000000| PB 0x00000000ee000000| Complete 
| 225|0x00000000ee100000, 0x00000000ee200000, 0x00000000ee200000|100%| E|CS|TAMS 0x00000000ee100000| PB 0x00000000ee100000| Complete 
| 226|0x00000000ee200000, 0x00000000ee300000, 0x00000000ee300000|100%| E|CS|TAMS 0x00000000ee200000| PB 0x00000000ee200000| Complete 
| 227|0x00000000ee300000, 0x00000000ee400000, 0x00000000ee400000|100%| E|CS|TAMS 0x00000000ee300000| PB 0x00000000ee300000| Complete 
| 228|0x00000000ee400000, 0x00000000ee500000, 0x00000000ee500000|100%| E|CS|TAMS 0x00000000ee400000| PB 0x00000000ee400000| Complete 
| 229|0x00000000ee500000, 0x00000000ee600000, 0x00000000ee600000|100%| E|CS|TAMS 0x00000000ee500000| PB 0x00000000ee500000| Complete 
| 230|0x00000000ee600000, 0x00000000ee700000, 0x00000000ee700000|100%| E|CS|TAMS 0x00000000ee600000| PB 0x00000000ee600000| Complete 
| 231|0x00000000ee700000, 0x00000000ee800000, 0x00000000ee800000|100%| E|CS|TAMS 0x00000000ee700000| PB 0x00000000ee700000| Complete 
| 232|0x00000000ee800000, 0x00000000ee900000, 0x00000000ee900000|100%| E|CS|TAMS 0x00000000ee800000| PB 0x00000000ee800000| Complete 
| 233|0x00000000ee900000, 0x00000000eea00000, 0x00000000eea00000|100%| E|CS|TAMS 0x00000000ee900000| PB 0x00000000ee900000| Complete 
| 234|0x00000000eea00000, 0x00000000eeb00000, 0x00000000eeb00000|100%| E|CS|TAMS 0x00000000eea00000| PB 0x00000000eea00000| Complete 
| 235|0x00000000eeb00000, 0x00000000eec00000, 0x00000000eec00000|100%| E|CS|TAMS 0x00000000eeb00000| PB 0x00000000eeb00000| Complete 
| 236|0x00000000eec00000, 0x00000000eed00000, 0x00000000eed00000|100%| E|CS|TAMS 0x00000000eec00000| PB 0x00000000eec00000| Complete 
| 237|0x00000000eed00000, 0x00000000eee00000, 0x00000000eee00000|100%| E|CS|TAMS 0x00000000eed00000| PB 0x00000000eed00000| Complete 
| 238|0x00000000eee00000, 0x00000000eef00000, 0x00000000eef00000|100%| E|CS|TAMS 0x00000000eee00000| PB 0x00000000eee00000| Complete 
| 239|0x00000000eef00000, 0x00000000ef000000, 0x00000000ef000000|100%| E|CS|TAMS 0x00000000eef00000| PB 0x00000000eef00000| Complete 
| 240|0x00000000ef000000, 0x00000000ef100000, 0x00000000ef100000|100%| E|CS|TAMS 0x00000000ef000000| PB 0x00000000ef000000| Complete 
| 241|0x00000000ef100000, 0x00000000ef200000, 0x00000000ef200000|100%| E|CS|TAMS 0x00000000ef100000| PB 0x00000000ef100000| Complete 
| 242|0x00000000ef200000, 0x00000000ef300000, 0x00000000ef300000|100%| E|CS|TAMS 0x00000000ef200000| PB 0x00000000ef200000| Complete 
| 243|0x00000000ef300000, 0x00000000ef400000, 0x00000000ef400000|100%| E|CS|TAMS 0x00000000ef300000| PB 0x00000000ef300000| Complete 
| 244|0x00000000ef400000, 0x00000000ef500000, 0x00000000ef500000|100%| E|CS|TAMS 0x00000000ef400000| PB 0x00000000ef400000| Complete 
| 245|0x00000000ef500000, 0x00000000ef600000, 0x00000000ef600000|100%| E|CS|TAMS 0x00000000ef500000| PB 0x00000000ef500000| Complete 
| 246|0x00000000ef600000, 0x00000000ef700000, 0x00000000ef700000|100%| E|CS|TAMS 0x00000000ef600000| PB 0x00000000ef600000| Complete 
| 247|0x00000000ef700000, 0x00000000ef800000, 0x00000000ef800000|100%| E|CS|TAMS 0x00000000ef700000| PB 0x00000000ef700000| Complete 
| 248|0x00000000ef800000, 0x00000000ef900000, 0x00000000ef900000|100%| E|CS|TAMS 0x00000000ef800000| PB 0x00000000ef800000| Complete 
| 249|0x00000000ef900000, 0x00000000efa00000, 0x00000000efa00000|100%| E|CS|TAMS 0x00000000ef900000| PB 0x00000000ef900000| Complete 
| 250|0x00000000efa00000, 0x00000000efb00000, 0x00000000efb00000|100%| E|CS|TAMS 0x00000000efa00000| PB 0x00000000efa00000| Complete 
| 251|0x00000000efb00000, 0x00000000efc00000, 0x00000000efc00000|100%| E|CS|TAMS 0x00000000efb00000| PB 0x00000000efb00000| Complete 
| 252|0x00000000efc00000, 0x00000000efd00000, 0x00000000efd00000|100%| E|CS|TAMS 0x00000000efc00000| PB 0x00000000efc00000| Complete 
| 253|0x00000000efd00000, 0x00000000efe00000, 0x00000000efe00000|100%| E|CS|TAMS 0x00000000efd00000| PB 0x00000000efd00000| Complete 
| 254|0x00000000efe00000, 0x00000000eff00000, 0x00000000eff00000|100%| E|CS|TAMS 0x00000000efe00000| PB 0x00000000efe00000| Complete 
| 255|0x00000000eff00000, 0x00000000f0000000, 0x00000000f0000000|100%| E|CS|TAMS 0x00000000eff00000| PB 0x00000000eff00000| Complete 

Card table byte_map: [0x000002407dc60000,0x000002407dd60000] _byte_map_base: 0x000002407d560000

Marking Bits: (CMBitMap*) 0x00000240785e9150
 Bits: [0x000002407dd60000, 0x000002407e560000)

Polling page: 0x00000240782d0000

Metaspace:

Usage:
  Non-class:     46.60 MB used.
      Class:      7.66 MB used.
       Both:     54.25 MB used.

Virtual space:
  Non-class space:       64.00 MB reserved,      47.44 MB ( 74%) committed,  1 nodes.
      Class space:      320.00 MB reserved,       8.44 MB (  3%) committed,  1 nodes.
             Both:      384.00 MB reserved,      55.88 MB ( 15%) committed. 

Chunk freelists:
   Non-Class:  208.00 KB
       Class:  7.45 MB
        Both:  7.65 MB

MaxMetaspaceSize: 384.00 MB
CompressedClassSpaceSize: 320.00 MB
Initial GC threshold: 21.00 MB
Current GC threshold: 58.75 MB
CDS: on
 - commit_granule_bytes: 65536.
 - commit_granule_words: 8192.
 - virtual_space_node_default_size: 8388608.
 - enlarge_chunks_in_place: 1.
 - use_allocation_guard: 0.


Internal statistics:

num_allocs_failed_limit: 6.
num_arena_births: 3032.
num_arena_deaths: 0.
num_vsnodes_births: 2.
num_vsnodes_deaths: 0.
num_space_committed: 894.
num_space_uncommitted: 0.
num_chunks_returned_to_freelist: 6.
num_chunks_taken_from_freelist: 5681.
num_chunk_merges: 6.
num_chunk_splits: 3665.
num_chunks_enlarged: 2233.
num_inconsistent_stats: 0.

CodeHeap 'non-profiled nmethods': size=120000Kb used=4422Kb max_used=4422Kb free=115577Kb
 bounds [0x0000024007ad0000, 0x0000024007f30000, 0x000002400f000000]
CodeHeap 'profiled nmethods': size=120000Kb used=15274Kb max_used=15274Kb free=104725Kb
 bounds [0x0000024000000000, 0x0000024000ef0000, 0x0000024007530000]
CodeHeap 'non-nmethods': size=5760Kb used=2607Kb max_used=2657Kb free=3152Kb
 bounds [0x0000024007530000, 0x00000240077d0000, 0x0000024007ad0000]
CodeCache: size=245760Kb, used=22303Kb, max_used=22353Kb, free=223454Kb
 total_blobs=8925, nmethods=8049, adapters=780, full_count=0
Compilation: enabled, stopped_count=0, restarted_count=0

Compilation events (20 events):
Event: 19.688 Thread 0x000002407f231090 8481       3       org.gradle.api.internal.provider.sources.GradlePropertyValueSource$Inject::$gradleServices (13 bytes)
Event: 19.689 Thread 0x000002407f231090 nmethod 8481 0x0000024000eb8c90 code [0x0000024000eb8e60, 0x0000024000eb9258]
Event: 19.692 Thread 0x000002407f22e390 8482       4       java.lang.invoke.DirectMethodHandle::allocateInstance (16 bytes)
Event: 19.695 Thread 0x000002407f231090 8483       3       it.unimi.dsi.fastutil.objects.ReferenceOpenHashSet::shiftKeys (100 bytes)
Event: 19.695 Thread 0x000002407f22e390 nmethod 8482 0x0000024007f20e90 code [0x0000024007f21020, 0x0000024007f211f8]
Event: 19.695 Thread 0x000002407f231090 nmethod 8483 0x0000024000eb9390 code [0x0000024000eb95a0, 0x0000024000eb9d38]
Event: 19.695 Thread 0x000002407f231090 8484       3       java.lang.invoke.LambdaForm$MH/0x00000240120ec800::invoke (32 bytes)
Event: 19.696 Thread 0x000002407f231090 nmethod 8484 0x0000024000eb9f90 code [0x0000024000eba160, 0x0000024000eba620]
Event: 19.696 Thread 0x000002407f231090 8485       3       java.lang.invoke.DirectMethodHandle$Holder::invokeStatic (21 bytes)
Event: 19.696 Thread 0x000002407f231090 nmethod 8485 0x0000024000eba790 code [0x0000024000eba960, 0x0000024000ebae40]
Event: 19.696 Thread 0x000002407f231090 8486       3       java.lang.StringConcatHelper::prepend (22 bytes)
Event: 19.697 Thread 0x000002407f231090 nmethod 8486 0x0000024000ebaf90 code [0x0000024000ebb140, 0x0000024000ebb2c8]
Event: 19.701 Thread 0x000002407f231090 8487       3       com.google.common.collect.AbstractIndexedListIterator::hasNext (17 bytes)
Event: 19.701 Thread 0x000002407f231090 nmethod 8487 0x0000024000ebb390 code [0x0000024000ebb520, 0x0000024000ebb688]
Event: 19.705 Thread 0x000002407f231090 8488       3       com.google.common.collect.Lists::indexOfRandomAccess (70 bytes)
Event: 19.705 Thread 0x000002407f231090 nmethod 8488 0x0000024000ebb710 code [0x0000024000ebb920, 0x0000024000ebbfb8]
Event: 19.706 Thread 0x000002407f231090 8489       1       com.android.build.gradle.options.BooleanOption::getPropertyName (5 bytes)
Event: 19.706 Thread 0x000002407f231090 nmethod 8489 0x0000024007f21310 code [0x0000024007f214a0, 0x0000024007f21568]
Event: 19.709 Thread 0x000002407f231090 8490       3       org.gradle.api.internal.model.DefaultObjectFactory::property (181 bytes)
Event: 20.698 Thread 0x000002407f231090 nmethod 8490 0x0000024000ebc190 code [0x0000024000ebc960, 0x0000024000ec0238]

GC Heap History (14 events):
Event: 0.503 GC heap before
{Heap before GC invocations=0 (full 0):
 garbage-first heap   total 262144K, used 26624K [0x00000000e0000000, 0x0000000100000000)
  region size 1024K, 23 young (23552K), 0 survivors (0K)
 Metaspace       used 1113K, committed 1216K, reserved 393216K
  class space    used 81K, committed 128K, reserved 327680K
}
Event: 0.506 GC heap after
{Heap after GC invocations=1 (full 0):
 garbage-first heap   total 262144K, used 9216K [0x00000000e0000000, 0x0000000100000000)
  region size 1024K, 3 young (3072K), 3 survivors (3072K)
 Metaspace       used 1113K, committed 1216K, reserved 393216K
  class space    used 81K, committed 128K, reserved 327680K
}
Event: 1.010 GC heap before
{Heap before GC invocations=1 (full 0):
 garbage-first heap   total 262144K, used 40960K [0x00000000e0000000, 0x0000000100000000)
  region size 1024K, 34 young (34816K), 3 survivors (3072K)
 Metaspace       used 4272K, committed 4480K, reserved 393216K
  class space    used 542K, committed 640K, reserved 327680K
}
Event: 1.013 GC heap after
{Heap after GC invocations=2 (full 0):
 garbage-first heap   total 262144K, used 11709K [0x00000000e0000000, 0x0000000100000000)
  region size 1024K, 3 young (3072K), 3 survivors (3072K)
 Metaspace       used 4272K, committed 4480K, reserved 393216K
  class space    used 542K, committed 640K, reserved 327680K
}
Event: 1.608 GC heap before
{Heap before GC invocations=2 (full 0):
 garbage-first heap   total 262144K, used 59837K [0x00000000e0000000, 0x0000000100000000)
  region size 1024K, 48 young (49152K), 3 survivors (3072K)
 Metaspace       used 5932K, committed 6144K, reserved 393216K
  class space    used 785K, committed 896K, reserved 327680K
}
Event: 1.612 GC heap after
{Heap after GC invocations=3 (full 0):
 garbage-first heap   total 262144K, used 18925K [0x00000000e0000000, 0x0000000100000000)
  region size 1024K, 6 young (6144K), 6 survivors (6144K)
 Metaspace       used 5932K, committed 6144K, reserved 393216K
  class space    used 785K, committed 896K, reserved 327680K
}
Event: 8.086 GC heap before
{Heap before GC invocations=3 (full 0):
 garbage-first heap   total 262144K, used 105965K [0x00000000e0000000, 0x0000000100000000)
  region size 1024K, 92 young (94208K), 6 survivors (6144K)
 Metaspace       used 20789K, committed 21504K, reserved 393216K
  class space    used 3064K, committed 3392K, reserved 327680K
}
Event: 8.096 GC heap after
{Heap after GC invocations=4 (full 0):
 garbage-first heap   total 262144K, used 25069K [0x00000000e0000000, 0x0000000100000000)
  region size 1024K, 12 young (12288K), 12 survivors (12288K)
 Metaspace       used 20789K, committed 21504K, reserved 393216K
  class space    used 3064K, committed 3392K, reserved 327680K
}
Event: 9.706 GC heap before
{Heap before GC invocations=5 (full 0):
 garbage-first heap   total 262144K, used 117229K [0x00000000e0000000, 0x0000000100000000)
  region size 1024K, 104 young (106496K), 12 survivors (12288K)
 Metaspace       used 34743K, committed 35968K, reserved 393216K
  class space    used 5157K, committed 5760K, reserved 327680K
}
Event: 9.719 GC heap after
{Heap after GC invocations=6 (full 0):
 garbage-first heap   total 262144K, used 33319K [0x00000000e0000000, 0x0000000100000000)
  region size 1024K, 19 young (19456K), 19 survivors (19456K)
 Metaspace       used 34743K, committed 35968K, reserved 393216K
  class space    used 5157K, committed 5760K, reserved 327680K
}
Event: 13.836 GC heap before
{Heap before GC invocations=7 (full 0):
 garbage-first heap   total 262144K, used 176679K [0x00000000e0000000, 0x0000000100000000)
  region size 1024K, 153 young (156672K), 19 survivors (19456K)
 Metaspace       used 47588K, committed 49280K, reserved 393216K
  class space    used 6916K, committed 7744K, reserved 327680K
}
Event: 13.851 GC heap after
{Heap after GC invocations=8 (full 0):
 garbage-first heap   total 262144K, used 42832K [0x00000000e0000000, 0x0000000100000000)
  region size 1024K, 18 young (18432K), 18 survivors (18432K)
 Metaspace       used 47588K, committed 49280K, reserved 393216K
  class space    used 6916K, committed 7744K, reserved 327680K
}
Event: 16.972 GC heap before
{Heap before GC invocations=8 (full 0):
 garbage-first heap   total 262144K, used 186192K [0x00000000e0000000, 0x0000000100000000)
  region size 1024K, 153 young (156672K), 18 survivors (18432K)
 Metaspace       used 50463K, committed 52160K, reserved 393216K
  class space    used 7263K, committed 8064K, reserved 327680K
}
Event: 16.991 GC heap after
{Heap after GC invocations=9 (full 0):
 garbage-first heap   total 262144K, used 59278K [0x00000000e0000000, 0x0000000100000000)
  region size 1024K, 13 young (13312K), 13 survivors (13312K)
 Metaspace       used 50463K, committed 52160K, reserved 393216K
  class space    used 7263K, committed 8064K, reserved 327680K
}

Dll operation events (14 events):
Event: 0.010 Loaded shared library C:\Users\PAULO ROBERTO\.vscode\extensions\redhat.java-1.55.0-win32-x64\jre\21.0.11-win32-x86_64\bin\java.dll
Event: 0.065 Loaded shared library C:\Users\PAULO ROBERTO\.vscode\extensions\redhat.java-1.55.0-win32-x64\jre\21.0.11-win32-x86_64\bin\zip.dll
Event: 0.090 Loaded shared library C:\Users\PAULO ROBERTO\.vscode\extensions\redhat.java-1.55.0-win32-x64\jre\21.0.11-win32-x86_64\bin\instrument.dll
Event: 0.096 Loaded shared library C:\Users\PAULO ROBERTO\.vscode\extensions\redhat.java-1.55.0-win32-x64\jre\21.0.11-win32-x86_64\bin\net.dll
Event: 0.099 Loaded shared library C:\Users\PAULO ROBERTO\.vscode\extensions\redhat.java-1.55.0-win32-x64\jre\21.0.11-win32-x86_64\bin\nio.dll
Event: 0.113 Loaded shared library C:\Users\PAULO ROBERTO\.vscode\extensions\redhat.java-1.55.0-win32-x64\jre\21.0.11-win32-x86_64\bin\zip.dll
Event: 0.401 Loaded shared library C:\Users\PAULO ROBERTO\.vscode\extensions\redhat.java-1.55.0-win32-x64\jre\21.0.11-win32-x86_64\bin\jimage.dll
Event: 0.531 Loaded shared library C:\Users\PAULO ROBERTO\.vscode\extensions\redhat.java-1.55.0-win32-x64\jre\21.0.11-win32-x86_64\bin\verify.dll
Event: 0.653 Loaded shared library C:\Users\PAULO ROBERTO\.gradle\native\c067742578af261105cb4f569cf0c3c89f3d7b1fecec35dd04571415982c5e48\windows-amd64\native-platform.dll
Event: 0.659 Loaded shared library C:\Users\PAULO ROBERTO\.gradle\native\100fb08df4bc3b14c8652ba06237920a3bd2aa13389f12d3474272988ae205f9\windows-amd64\native-platform-file-events.dll
Event: 1.639 Loaded shared library C:\Users\PAULO ROBERTO\.vscode\extensions\redhat.java-1.55.0-win32-x64\jre\21.0.11-win32-x86_64\bin\management.dll
Event: 1.641 Loaded shared library C:\Users\PAULO ROBERTO\.vscode\extensions\redhat.java-1.55.0-win32-x64\jre\21.0.11-win32-x86_64\bin\management_ext.dll
Event: 1.886 Loaded shared library C:\Users\PAULO ROBERTO\.vscode\extensions\redhat.java-1.55.0-win32-x64\jre\21.0.11-win32-x86_64\bin\extnet.dll
Event: 2.068 Loaded shared library C:\Users\PAULO ROBERTO\.vscode\extensions\redhat.java-1.55.0-win32-x64\jre\21.0.11-win32-x86_64\bin\sunmscapi.dll

Deoptimization events (20 events):
Event: 17.901 Thread 0x000002402b35e980 Uncommon trap: trap_request=0xffffffde fr.pc=0x0000024007e6c4e0 relative=0x0000000000000120
Event: 17.901 Thread 0x000002402b35e980 Uncommon trap: reason=class_check action=maybe_recompile pc=0x0000024007e6c4e0 method=java.util.stream.ReduceOps$ReduceOp.evaluateSequential(Ljava/util/stream/PipelineHelper;Ljava/util/Spliterator;)Ljava/lang/Object; @ 2 c2
Event: 17.901 Thread 0x000002402b35e980 DEOPT PACKING pc=0x0000024007e6c4e0 sp=0x0000005bc55f7290
Event: 17.901 Thread 0x000002402b35e980 DEOPT UNPACKING pc=0x0000024007584422 sp=0x0000005bc55f7210 mode 2
Event: 17.926 Thread 0x000002402b35e980 Uncommon trap: trap_request=0xffffffde fr.pc=0x0000024007e6c4e0 relative=0x0000000000000120
Event: 17.926 Thread 0x000002402b35e980 Uncommon trap: reason=class_check action=maybe_recompile pc=0x0000024007e6c4e0 method=java.util.stream.ReduceOps$ReduceOp.evaluateSequential(Ljava/util/stream/PipelineHelper;Ljava/util/Spliterator;)Ljava/lang/Object; @ 2 c2
Event: 17.926 Thread 0x000002402b35e980 DEOPT PACKING pc=0x0000024007e6c4e0 sp=0x0000005bc55f7290
Event: 17.926 Thread 0x000002402b35e980 DEOPT UNPACKING pc=0x0000024007584422 sp=0x0000005bc55f7210 mode 2
Event: 18.039 Thread 0x000002402b35e980 Uncommon trap: trap_request=0xffffffde fr.pc=0x0000024007e49e6c relative=0x00000000000006cc
Event: 18.039 Thread 0x000002402b35e980 Uncommon trap: reason=class_check action=maybe_recompile pc=0x0000024007e49e6c method=sun.security.provider.DigestBase.engineDigest([BII)I @ 97 c2
Event: 18.039 Thread 0x000002402b35e980 DEOPT PACKING pc=0x0000024007e49e6c sp=0x0000005bc55f72e0
Event: 18.063 Thread 0x000002402b35e980 DEOPT UNPACKING pc=0x0000024007584422 sp=0x0000005bc55f72b0 mode 2
Event: 18.081 Thread 0x000002402b35e980 Uncommon trap: trap_request=0xffffffde fr.pc=0x0000024007e49e6c relative=0x00000000000006cc
Event: 18.081 Thread 0x000002402b35e980 Uncommon trap: reason=class_check action=maybe_recompile pc=0x0000024007e49e6c method=sun.security.provider.DigestBase.engineDigest([BII)I @ 97 c2
Event: 18.081 Thread 0x000002402b35e980 DEOPT PACKING pc=0x0000024007e49e6c sp=0x0000005bc55f7370
Event: 18.081 Thread 0x000002402b35e980 DEOPT UNPACKING pc=0x0000024007584422 sp=0x0000005bc55f7340 mode 2
Event: 19.269 Thread 0x000002402b35e980 Uncommon trap: trap_request=0xffffff3d fr.pc=0x0000024007e3df7c relative=0x00000000000012bc
Event: 19.270 Thread 0x000002402b35e980 Uncommon trap: reason=unstable_fused_if action=reinterpret pc=0x0000024007e3df7c method=sun.nio.fs.WindowsPathParser.isLetter(C)Z @ 15 c2
Event: 19.270 Thread 0x000002402b35e980 DEOPT PACKING pc=0x0000024007e3df7c sp=0x0000005bc55f7580
Event: 19.270 Thread 0x000002402b35e980 DEOPT UNPACKING pc=0x0000024007584422 sp=0x0000005bc55f74c8 mode 2

Classes loaded (20 events):
Event: 17.901 Loading class java/util/stream/ReduceOps$2ReducingSink
Event: 17.901 Loading class java/util/stream/ReduceOps$2ReducingSink done
Event: 17.901 Loading class java/lang/management/ClassLoadingMXBean
Event: 17.901 Loading class java/lang/management/ClassLoadingMXBean done
Event: 17.901 Loading class sun/management/ClassLoadingImpl
Event: 17.901 Loading class sun/management/ClassLoadingImpl done
Event: 17.926 Loading class java/lang/management/ThreadMXBean
Event: 17.926 Loading class java/lang/management/ThreadMXBean done
Event: 17.926 Loading class com/sun/management/internal/HotSpotThreadImpl
Event: 17.926 Loading class com/sun/management/ThreadMXBean
Event: 17.927 Loading class com/sun/management/ThreadMXBean done
Event: 17.927 Loading class sun/management/ThreadImpl
Event: 17.927 Loading class sun/management/ThreadImpl done
Event: 17.927 Loading class com/sun/management/internal/HotSpotThreadImpl done
Event: 17.928 Loading class java/util/Collections$SynchronizedRandomAccessList
Event: 17.929 Loading class java/util/Collections$SynchronizedList
Event: 17.930 Loading class java/util/Collections$SynchronizedList done
Event: 17.930 Loading class java/util/Collections$SynchronizedRandomAccessList done
Event: 18.237 Loading class java/util/concurrent/Executors$DefaultThreadFactory
Event: 18.237 Loading class java/util/concurrent/Executors$DefaultThreadFactory done

Classes unloaded (0 events):
No events

Classes redefined (0 events):
No events

Internal exceptions (20 events):
Event: 16.317 Thread 0x000002402b35e980 Exception <a 'java/lang/ClassNotFoundException'{0x00000000e960a0e8}: build_cbm4bu759li9hjf019clo56leCustomizer> (0x00000000e960a0e8) 
thrown [s\src\hotspot\share\classfile\systemDictionary.cpp, line 313]
Event: 16.501 Thread 0x000002402b35e980 Exception <a 'java/lang/ClassNotFoundException'{0x00000000e8cae0f0}: sun/misc/SharedSecrets> (0x00000000e8cae0f0) 
thrown [s\src\hotspot\share\classfile\systemDictionary.cpp, line 313]
Event: 16.501 Thread 0x000002402b35e980 Exception <a 'java/lang/ClassNotFoundException'{0x00000000e8caf458}: org/gradle/api/internal/tasks/DefaultTaskContainer_DecoratedBeanInfo> (0x00000000e8caf458) 
thrown [s\src\hotspot\share\classfile\systemDictionary.cpp, line 313]
Event: 16.502 Thread 0x000002402b35e980 Exception <a 'java/lang/ClassNotFoundException'{0x00000000e8cbfde8}: org/gradle/api/internal/tasks/DefaultTaskContainerBeanInfo> (0x00000000e8cbfde8) 
thrown [s\src\hotspot\share\classfile\systemDictionary.cpp, line 313]
Event: 16.504 Thread 0x000002402b35e980 Exception <a 'java/lang/ClassNotFoundException'{0x00000000e8cd0958}: org/gradle/api/internal/tasks/DefaultTaskCollectionBeanInfo> (0x00000000e8cd0958) 
thrown [s\src\hotspot\share\classfile\systemDictionary.cpp, line 313]
Event: 16.505 Thread 0x000002402b35e980 Exception <a 'java/lang/ClassNotFoundException'{0x00000000e8ce1680}: org/gradle/api/internal/DefaultNamedDomainObjectSetBeanInfo> (0x00000000e8ce1680) 
thrown [s\src\hotspot\share\classfile\systemDictionary.cpp, line 313]
Event: 16.507 Thread 0x000002402b35e980 Exception <a 'java/lang/ClassNotFoundException'{0x00000000e8cf22a8}: org/gradle/api/internal/DefaultNamedDomainObjectSetCustomizer> (0x00000000e8cf22a8) 
thrown [s\src\hotspot\share\classfile\systemDictionary.cpp, line 313]
Event: 16.515 Thread 0x000002402b35e980 Exception <a 'java/lang/ClassNotFoundException'{0x00000000e8b7c660}: org/gradle/api/internal/tasks/DefaultTaskCollectionCustomizer> (0x00000000e8b7c660) 
thrown [s\src\hotspot\share\classfile\systemDictionary.cpp, line 313]
Event: 16.522 Thread 0x000002402b35e980 Exception <a 'java/lang/ClassNotFoundException'{0x00000000e8a2e0f0}: org/gradle/api/internal/tasks/DefaultTaskContainerCustomizer> (0x00000000e8a2e0f0) 
thrown [s\src\hotspot\share\classfile\systemDictionary.cpp, line 313]
Event: 16.531 Thread 0x000002402b35e980 Exception <a 'java/lang/ClassNotFoundException'{0x00000000e8802710}: org/gradle/api/internal/tasks/DefaultTaskContainer_DecoratedCustomizer> (0x00000000e8802710) 
thrown [s\src\hotspot\share\classfile\systemDictionary.cpp, line 313]
Event: 16.563 Thread 0x000002402b35e980 Exception <a 'java/lang/ClassNotFoundException'{0x00000000e8671970}: org/gradle/api/internal/tasks/DefaultRealizableTaskCollection_DecoratedBeanInfo> (0x00000000e8671970) 
thrown [s\src\hotspot\share\classfile\systemDictionary.cpp, line 313]
Event: 16.563 Thread 0x000002402b35e980 Exception <a 'java/lang/ClassNotFoundException'{0x00000000e8682818}: org/gradle/api/internal/tasks/DefaultRealizableTaskCollectionBeanInfo> (0x00000000e8682818) 
thrown [s\src\hotspot\share\classfile\systemDictionary.cpp, line 313]
Event: 16.565 Thread 0x000002402b35e980 Exception <a 'java/lang/ClassNotFoundException'{0x00000000e8693230}: org/gradle/api/internal/DelegatingNamedDomainObjectSetBeanInfo> (0x00000000e8693230) 
thrown [s\src\hotspot\share\classfile\systemDictionary.cpp, line 313]
Event: 16.566 Thread 0x000002402b35e980 Exception <a 'java/lang/ClassNotFoundException'{0x00000000e86a3e58}: org/gradle/api/internal/DelegatingDomainObjectSetBeanInfo> (0x00000000e86a3e58) 
thrown [s\src\hotspot\share\classfile\systemDictionary.cpp, line 313]
Event: 16.567 Thread 0x000002402b35e980 Exception <a 'java/lang/ClassNotFoundException'{0x00000000e86b4c18}: org/gradle/api/internal/DelegatingDomainObjectSetCustomizer> (0x00000000e86b4c18) 
thrown [s\src\hotspot\share\classfile\systemDictionary.cpp, line 313]
Event: 16.570 Thread 0x000002402b35e980 Exception <a 'java/lang/ClassNotFoundException'{0x00000000e851a238}: org/gradle/api/internal/DelegatingNamedDomainObjectSetCustomizer> (0x00000000e851a238) 
thrown [s\src\hotspot\share\classfile\systemDictionary.cpp, line 313]
Event: 16.574 Thread 0x000002402b35e980 Exception <a 'java/lang/ClassNotFoundException'{0x00000000e85b5298}: org/gradle/api/internal/tasks/DefaultRealizableTaskCollectionCustomizer> (0x00000000e85b5298) 
thrown [s\src\hotspot\share\classfile\systemDictionary.cpp, line 313]
Event: 16.576 Thread 0x000002402b35e980 Exception <a 'java/lang/ClassNotFoundException'{0x00000000e8462610}: org/gradle/api/internal/tasks/DefaultRealizableTaskCollection_DecoratedCustomizer> (0x00000000e8462610) 
thrown [s\src\hotspot\share\classfile\systemDictionary.cpp, line 313]
Event: 16.584 Thread 0x000002402b35e980 Exception <a 'java/lang/ClassNotFoundException'{0x00000000e84be050}: org/gradle/api/internal/plugins/DefaultObjectConfigurationActionBeanInfo> (0x00000000e84be050) 
thrown [s\src\hotspot\share\classfile\systemDictionary.cpp, line 313]
Event: 16.585 Thread 0x000002402b35e980 Exception <a 'java/lang/ClassNotFoundException'{0x00000000e84cf130}: org/gradle/api/internal/plugins/DefaultObjectConfigurationActionCustomizer> (0x00000000e84cf130) 
thrown [s\src\hotspot\share\classfile\systemDictionary.cpp, line 313]

ZGC Phase Switch (0 events):
No events

VM Operations (20 events):
Event: 14.494 Executing safepoint VM operation: ICBufferFull done
Event: 14.858 Executing safepoint VM operation: ICBufferFull
Event: 14.858 Executing safepoint VM operation: ICBufferFull done
Event: 15.581 Executing safepoint VM operation: ICBufferFull
Event: 15.581 Executing safepoint VM operation: ICBufferFull done
Event: 16.222 Executing safepoint VM operation: ICBufferFull
Event: 16.222 Executing safepoint VM operation: ICBufferFull done
Event: 16.241 Executing non-safepoint VM operation: HandshakeAllThreads (Deoptimize)
Event: 16.242 Executing non-safepoint VM operation: HandshakeAllThreads (Deoptimize) done
Event: 16.409 Executing non-safepoint VM operation: HandshakeAllThreads (Deoptimize)
Event: 16.409 Executing non-safepoint VM operation: HandshakeAllThreads (Deoptimize) done
Event: 16.624 Executing safepoint VM operation: ICBufferFull
Event: 16.624 Executing safepoint VM operation: ICBufferFull done
Event: 16.972 Executing safepoint VM operation: G1CollectForAllocation (G1 Evacuation Pause)
Event: 16.992 Executing safepoint VM operation: G1CollectForAllocation (G1 Evacuation Pause) done
Event: 18.005 Executing safepoint VM operation: Cleanup
Event: 18.036 Executing safepoint VM operation: Cleanup done
Event: 19.041 Executing safepoint VM operation: Cleanup
Event: 19.041 Executing safepoint VM operation: Cleanup done
Event: 20.048 Executing safepoint VM operation: Cleanup

Memory protections (0 events):
No events

Nmethod flushes (20 events):
Event: 9.730 Thread 0x000002407f1e6d40 flushing  nmethod 0x00000240000ca190
Event: 9.730 Thread 0x000002407f1e6d40 flushing  nmethod 0x00000240000ce090
Event: 9.730 Thread 0x000002407f1e6d40 flushing  nmethod 0x0000024000121190
Event: 9.730 Thread 0x000002407f1e6d40 flushing  nmethod 0x0000024000124210
Event: 9.730 Thread 0x000002407f1e6d40 flushing  nmethod 0x0000024000127790
Event: 9.730 Thread 0x000002407f1e6d40 flushing  nmethod 0x000002400012bf10
Event: 9.730 Thread 0x000002407f1e6d40 flushing  nmethod 0x000002400012c290
Event: 9.730 Thread 0x000002407f1e6d40 flushing  nmethod 0x000002400012cb10
Event: 9.730 Thread 0x000002407f1e6d40 flushing  nmethod 0x0000024000185490
Event: 9.730 Thread 0x000002407f1e6d40 flushing  nmethod 0x0000024000186a90
Event: 9.730 Thread 0x000002407f1e6d40 flushing  nmethod 0x000002400018a410
Event: 9.730 Thread 0x000002407f1e6d40 flushing  nmethod 0x000002400018ce90
Event: 9.730 Thread 0x000002407f1e6d40 flushing  nmethod 0x0000024000340590
Event: 9.730 Thread 0x000002407f1e6d40 flushing  nmethod 0x0000024000341b10
Event: 9.730 Thread 0x000002407f1e6d40 flushing  nmethod 0x0000024000344390
Event: 9.730 Thread 0x000002407f1e6d40 flushing  nmethod 0x000002400037e010
Event: 9.730 Thread 0x000002407f1e6d40 flushing  nmethod 0x000002400037e710
Event: 9.730 Thread 0x000002407f1e6d40 flushing  nmethod 0x0000024000381e90
Event: 9.730 Thread 0x000002407f1e6d40 flushing  nmethod 0x0000024000383810
Event: 9.730 Thread 0x000002407f1e6d40 flushing  nmethod 0x0000024000419a90

Events (20 events):
Event: 14.418 Thread 0x000002402b35e980 Thread added: 0x000002402a2896d0
Event: 14.418 Thread 0x000002402b35e980 Thread added: 0x000002402a289d60
Event: 14.419 Thread 0x000002402b35e980 Thread added: 0x000002402abb94e0
Event: 14.419 Thread 0x000002402b35e980 Thread added: 0x000002402abb9b70
Event: 14.419 Thread 0x000002402b35e980 Thread added: 0x000002402abbbc40
Event: 14.420 Thread 0x000002402b35e980 Thread added: 0x000002402abbd680
Event: 14.421 Thread 0x000002402b35e980 Thread added: 0x000002402abbc2d0
Event: 14.421 Thread 0x000002402b35e980 Thread added: 0x000002402abbb5b0
Event: 14.422 Thread 0x000002402b35e980 Thread added: 0x000002402abbc960
Event: 14.422 Thread 0x000002402b35e980 Thread added: 0x000002402abbcff0
Event: 15.624 Thread 0x000002407f22e390 Thread added: 0x000002407f231e30
Event: 16.293 Thread 0x000002402b35e980 Thread added: 0x000002402abba200
Event: 16.375 Thread 0x000002407f231e30 Thread added: 0x000002407f22ee80
Event: 17.030 Thread 0x000002407f22ee80 Thread exited: 0x000002407f22ee80
Event: 17.043 Thread 0x000002407f231e30 Thread exited: 0x000002407f231e30
Event: 17.364 Thread 0x000002407f231090 Thread added: 0x000002407f2309c0
Event: 17.774 Thread 0x000002407f231090 Thread added: 0x000002407f231e30
Event: 18.334 Thread 0x000002407f231e30 Thread exited: 0x000002407f231e30
Event: 18.750 Thread 0x000002407f2309c0 Thread exited: 0x000002407f2309c0
Event: 19.471 Thread 0x000002407f22e390 Thread added: 0x000002407f231e30


Dynamic libraries:
0x00007ff6b9340000 - 0x00007ff6b934e000 	C:\Users\PAULO ROBERTO\.vscode\extensions\redhat.java-1.55.0-win32-x64\jre\21.0.11-win32-x86_64\bin\java.exe
0x00007ff86cac0000 - 0x00007ff86cd26000 	C:\WINDOWS\SYSTEM32\ntdll.dll
0x00007ff86b8d0000 - 0x00007ff86b999000 	C:\WINDOWS\System32\KERNEL32.DLL
0x00007ff86a0e0000 - 0x00007ff86a4df000 	C:\WINDOWS\System32\KERNELBASE.dll
0x00007ff86a5a0000 - 0x00007ff86a6ec000 	C:\WINDOWS\System32\ucrtbase.dll
0x00007ff85bf60000 - 0x00007ff85bf78000 	C:\Users\PAULO ROBERTO\.vscode\extensions\redhat.java-1.55.0-win32-x64\jre\21.0.11-win32-x86_64\bin\jli.dll
0x00007ff85c1e0000 - 0x00007ff85c1fe000 	C:\Users\PAULO ROBERTO\.vscode\extensions\redhat.java-1.55.0-win32-x64\jre\21.0.11-win32-x86_64\bin\VCRUNTIME140.dll
0x00007ff86b0d0000 - 0x00007ff86b296000 	C:\WINDOWS\System32\USER32.dll
0x00007ff86a700000 - 0x00007ff86a727000 	C:\WINDOWS\System32\win32u.dll
0x00007ff849300000 - 0x00007ff849591000 	C:\WINDOWS\WinSxS\amd64_microsoft.windows.common-controls_6595b64144ccf1df_6.0.26100.8972_none_3e0da176e32f9d4b\COMCTL32.dll
0x00007ff86a7f0000 - 0x00007ff86a81b000 	C:\WINDOWS\System32\GDI32.dll
0x00007ff86c8b0000 - 0x00007ff86c959000 	C:\WINDOWS\System32\msvcrt.dll
0x00007ff869e20000 - 0x00007ff869f49000 	C:\WINDOWS\System32\gdi32full.dll
0x00007ff86a4f0000 - 0x00007ff86a593000 	C:\WINDOWS\System32\msvcp_win.dll
0x00007ff86add0000 - 0x00007ff86ae02000 	C:\WINDOWS\System32\IMM32.DLL
0x00007ff85ed60000 - 0x00007ff85ed6c000 	C:\Users\PAULO ROBERTO\.vscode\extensions\redhat.java-1.55.0-win32-x64\jre\21.0.11-win32-x86_64\bin\vcruntime140_1.dll
0x00007ff84eb70000 - 0x00007ff84ebfd000 	C:\Users\PAULO ROBERTO\.vscode\extensions\redhat.java-1.55.0-win32-x64\jre\21.0.11-win32-x86_64\bin\msvcp140.dll
0x00007fff8fd50000 - 0x00007fff90af2000 	C:\Users\PAULO ROBERTO\.vscode\extensions\redhat.java-1.55.0-win32-x64\jre\21.0.11-win32-x86_64\bin\server\jvm.dll
0x00007ff86c7e0000 - 0x00007ff86c89c000 	C:\WINDOWS\System32\ADVAPI32.dll
0x00007ff86bd80000 - 0x00007ff86be29000 	C:\WINDOWS\System32\sechost.dll
0x00007ff86c6c0000 - 0x00007ff86c7d8000 	C:\WINDOWS\System32\RPCRT4.dll
0x00007ff86b3b0000 - 0x00007ff86b432000 	C:\WINDOWS\System32\WS2_32.dll
0x00007ff8558a0000 - 0x00007ff8558d6000 	C:\WINDOWS\SYSTEM32\WINMM.dll
0x00007ff868f10000 - 0x00007ff868f6e000 	C:\WINDOWS\SYSTEM32\POWRPROF.dll
0x00007ff859f00000 - 0x00007ff859f0b000 	C:\WINDOWS\SYSTEM32\VERSION.dll
0x00007ff868da0000 - 0x00007ff868db5000 	C:\WINDOWS\SYSTEM32\UMPDC.dll
0x00007ff868980000 - 0x00007ff86899b000 	C:\WINDOWS\SYSTEM32\kernel.appcore.dll
0x00007ff85ea30000 - 0x00007ff85ea3a000 	C:\Users\PAULO ROBERTO\.vscode\extensions\redhat.java-1.55.0-win32-x64\jre\21.0.11-win32-x86_64\bin\jimage.dll
0x00007ff8671c0000 - 0x00007ff867402000 	C:\WINDOWS\SYSTEM32\DBGHELP.DLL
0x00007ff86a820000 - 0x00007ff86aba5000 	C:\WINDOWS\System32\combase.dll
0x00007ff86c5e0000 - 0x00007ff86c6b9000 	C:\WINDOWS\System32\OLEAUT32.dll
0x00007ff856850000 - 0x00007ff85688b000 	C:\WINDOWS\SYSTEM32\dbgcore.DLL
0x00007ff86a730000 - 0x00007ff86a7dc000 	C:\WINDOWS\System32\bcryptPrimitives.dll
0x00007ff85cdd0000 - 0x00007ff85cddf000 	C:\Users\PAULO ROBERTO\.vscode\extensions\redhat.java-1.55.0-win32-x64\jre\21.0.11-win32-x86_64\bin\instrument.dll
0x00007ff85bde0000 - 0x00007ff85be00000 	C:\Users\PAULO ROBERTO\.vscode\extensions\redhat.java-1.55.0-win32-x64\jre\21.0.11-win32-x86_64\bin\java.dll
0x00007ff86be50000 - 0x00007ff86c5d8000 	C:\WINDOWS\System32\SHELL32.dll
0x00007ff867760000 - 0x00007ff867ffb000 	C:\WINDOWS\SYSTEM32\windows.storage.dll
0x00007ff86bc80000 - 0x00007ff86bd79000 	C:\WINDOWS\System32\SHCORE.dll
0x00007ff86ad60000 - 0x00007ff86adc6000 	C:\WINDOWS\System32\shlwapi.dll
0x00007ff869bf0000 - 0x00007ff869c19000 	C:\WINDOWS\SYSTEM32\profapi.dll
0x00007ff85bca0000 - 0x00007ff85bcb8000 	C:\Users\PAULO ROBERTO\.vscode\extensions\redhat.java-1.55.0-win32-x64\jre\21.0.11-win32-x86_64\bin\zip.dll
0x00007ff85e9b0000 - 0x00007ff85e9c0000 	C:\Users\PAULO ROBERTO\.vscode\extensions\redhat.java-1.55.0-win32-x64\jre\21.0.11-win32-x86_64\bin\net.dll
0x00007ff858a80000 - 0x00007ff858ba7000 	C:\WINDOWS\SYSTEM32\WINHTTP.dll
0x00007ff869030000 - 0x00007ff86909c000 	C:\WINDOWS\system32\mswsock.dll
0x00007ff85b7d0000 - 0x00007ff85b7e6000 	C:\Users\PAULO ROBERTO\.vscode\extensions\redhat.java-1.55.0-win32-x64\jre\21.0.11-win32-x86_64\bin\nio.dll
0x00007ff85c270000 - 0x00007ff85c280000 	C:\Users\PAULO ROBERTO\.vscode\extensions\redhat.java-1.55.0-win32-x64\jre\21.0.11-win32-x86_64\bin\verify.dll
0x00007ff85b870000 - 0x00007ff85b897000 	C:\Users\PAULO ROBERTO\.gradle\native\c067742578af261105cb4f569cf0c3c89f3d7b1fecec35dd04571415982c5e48\windows-amd64\native-platform.dll
0x00007ff84b9e0000 - 0x00007ff84bb24000 	C:\Users\PAULO ROBERTO\.gradle\native\100fb08df4bc3b14c8652ba06237920a3bd2aa13389f12d3474272988ae205f9\windows-amd64\native-platform-file-events.dll
0x00007ff85b520000 - 0x00007ff85b52a000 	C:\Users\PAULO ROBERTO\.vscode\extensions\redhat.java-1.55.0-win32-x64\jre\21.0.11-win32-x86_64\bin\management.dll
0x00007ff85b510000 - 0x00007ff85b51c000 	C:\Users\PAULO ROBERTO\.vscode\extensions\redhat.java-1.55.0-win32-x64\jre\21.0.11-win32-x86_64\bin\management_ext.dll
0x00007ff86bb80000 - 0x00007ff86bb88000 	C:\WINDOWS\System32\PSAPI.DLL
0x00007ff869450000 - 0x00007ff86946b000 	C:\WINDOWS\SYSTEM32\CRYPTSP.dll
0x00007ff8688e0000 - 0x00007ff868919000 	C:\WINDOWS\system32\rsaenh.dll
0x00007ff8690e0000 - 0x00007ff869112000 	C:\WINDOWS\SYSTEM32\USERENV.dll
0x00007ff869bc0000 - 0x00007ff869bea000 	C:\WINDOWS\SYSTEM32\bcrypt.dll
0x00007ff869290000 - 0x00007ff86929c000 	C:\WINDOWS\SYSTEM32\CRYPTBASE.dll
0x00007ff868380000 - 0x00007ff8683b3000 	C:\WINDOWS\SYSTEM32\IPHLPAPI.DLL
0x00007ff86abb0000 - 0x00007ff86abba000 	C:\WINDOWS\System32\NSI.dll
0x00007ff85bcf0000 - 0x00007ff85bcf9000 	C:\Users\PAULO ROBERTO\.vscode\extensions\redhat.java-1.55.0-win32-x64\jre\21.0.11-win32-x86_64\bin\extnet.dll
0x00007ff85c190000 - 0x00007ff85c19e000 	C:\Users\PAULO ROBERTO\.vscode\extensions\redhat.java-1.55.0-win32-x64\jre\21.0.11-win32-x86_64\bin\sunmscapi.dll
0x00007ff869f50000 - 0x00007ff86a0ce000 	C:\WINDOWS\System32\CRYPT32.dll
0x00007ff8695c0000 - 0x00007ff8695f0000 	C:\WINDOWS\SYSTEM32\ncrypt.dll
0x00007ff869570000 - 0x00007ff8695af000 	C:\WINDOWS\SYSTEM32\NTASN1.dll
0x00007ff84e9d0000 - 0x00007ff84e9d8000 	C:\WINDOWS\system32\wshunix.dll

JVMTI agents:
C:\Users\PAULO ROBERTO\.gradle\wrapper\dists\gradle-8.9-bin\90cnw93cvbtalezasaz0blq0a\gradle-8.9\lib\agents\gradle-instrumentation-agent-8.9.jar path:C:\Users\PAULO ROBERTO\.vscode\extensions\redhat.java-1.55.0-win32-x64\jre\21.0.11-win32-x86_64\bin\instrument.dll, loaded, initialized, instrumentlib options:none

dbghelp: loaded successfully - version: 4.0.5 - missing functions: none
symbol engine: initialized successfully - sym options: 0x614 - pdb path: .;C:\Users\PAULO ROBERTO\.vscode\extensions\redhat.java-1.55.0-win32-x64\jre\21.0.11-win32-x86_64\bin;C:\WINDOWS\SYSTEM32;C:\WINDOWS\WinSxS\amd64_microsoft.windows.common-controls_6595b64144ccf1df_6.0.26100.8972_none_3e0da176e32f9d4b;C:\Users\PAULO ROBERTO\.vscode\extensions\redhat.java-1.55.0-win32-x64\jre\21.0.11-win32-x86_64\bin\server;C:\Users\PAULO ROBERTO\.gradle\native\c067742578af261105cb4f569cf0c3c89f3d7b1fecec35dd04571415982c5e48\windows-amd64;C:\Users\PAULO ROBERTO\.gradle\native\100fb08df4bc3b14c8652ba06237920a3bd2aa13389f12d3474272988ae205f9\windows-amd64

VM Arguments:
jvm_args: --add-opens=java.base/java.util=ALL-UNNAMED --add-opens=java.base/java.lang=ALL-UNNAMED --add-opens=java.base/java.lang.invoke=ALL-UNNAMED --add-opens=java.prefs/java.util.prefs=ALL-UNNAMED --add-exports=jdk.compiler/com.sun.tools.javac.api=ALL-UNNAMED --add-exports=jdk.compiler/com.sun.tools.javac.util=ALL-UNNAMED --add-opens=java.base/java.nio.charset=ALL-UNNAMED --add-opens=java.base/java.net=ALL-UNNAMED --add-opens=java.base/java.util.concurrent.atomic=ALL-UNNAMED -XX:MaxMetaspaceSize=384m -XX:+HeapDumpOnOutOfMemoryError -Xms256m -Xmx512m -Dfile.encoding=utf8 -Duser.country=BR -Duser.language=pt -Duser.variant -javaagent:C:\Users\PAULO ROBERTO\.gradle\wrapper\dists\gradle-8.9-bin\90cnw93cvbtalezasaz0blq0a\gradle-8.9\lib\agents\gradle-instrumentation-agent-8.9.jar 
java_command: org.gradle.launcher.daemon.bootstrap.GradleDaemon 8.9
java_class_path (initial): C:\Users\PAULO ROBERTO\.gradle\wrapper\dists\gradle-8.9-bin\90cnw93cvbtalezasaz0blq0a\gradle-8.9\lib\gradle-daemon-main-8.9.jar
Launcher Type: SUN_STANDARD

[Global flags]
     intx CICompilerCount                          = 4                                         {product} {ergonomic}
   size_t CompressedClassSpaceSize                 = 335544320                                 {product} {ergonomic}
     uint ConcGCThreads                            = 3                                         {product} {ergonomic}
     uint G1ConcRefinementThreads                  = 10                                        {product} {ergonomic}
   size_t G1HeapRegionSize                         = 1048576                                   {product} {ergonomic}
    uintx GCDrainStackTargetSize                   = 64                                        {product} {ergonomic}
     bool HeapDumpOnOutOfMemoryError               = true                                   {manageable} {command line}
   size_t InitialHeapSize                          = 268435456                                 {product} {command line}
   size_t MarkStackSize                            = 4194304                                   {product} {ergonomic}
   size_t MaxHeapSize                              = 536870912                                 {product} {command line}
   size_t MaxMetaspaceSize                         = 402653184                                 {product} {command line}
   size_t MaxNewSize                               = 321912832                                 {product} {ergonomic}
   size_t MinHeapDeltaBytes                        = 1048576                                   {product} {ergonomic}
   size_t MinHeapSize                              = 268435456                                 {product} {command line}
    uintx NonNMethodCodeHeapSize                   = 5839372                                {pd product} {ergonomic}
    uintx NonProfiledCodeHeapSize                  = 122909434                              {pd product} {ergonomic}
    uintx ProfiledCodeHeapSize                     = 122909434                              {pd product} {ergonomic}
    uintx ReservedCodeCacheSize                    = 251658240                              {pd product} {ergonomic}
     bool SegmentedCodeCache                       = true                                      {product} {ergonomic}
   size_t SoftMaxHeapSize                          = 536870912                              {manageable} {ergonomic}
     bool UseCompressedOops                        = true                           {product lp64_product} {ergonomic}
     bool UseG1GC                                  = true                                      {product} {ergonomic}
     bool UseLargePagesIndividualAllocation        = false                                  {pd product} {ergonomic}

Logging:
Log output configuration:
 #0: stdout all=warning uptime,level,tags foldmultilines=false
 #1: stderr all=off uptime,level,tags foldmultilines=false

Release file:
JAVA_VERSION="21.0.11" 
MODULES="java.base java.compiler java.datatransfer java.xml java.prefs java.desktop java.instrument java.logging java.management java.security.sasl java.naming java.rmi java.management.rmi java.net.http java.scripting java.security.jgss java.transaction.xa java.sql java.sql.rowset java.xml.crypto java.se java.smartcardio jdk.accessibility jdk.internal.jvmstat jdk.attach jdk.charsets jdk.internal.opt jdk.zipfs jdk.compiler jdk.crypto.ec jdk.crypto.cryptoki jdk.crypto.mscapi jdk.dynalink jdk.internal.ed jdk.editpad jdk.hotspot.agent jdk.httpserver jdk.internal.le jdk.internal.vm.ci jdk.internal.vm.compiler jdk.internal.vm.compiler.management jdk.jartool jdk.javadoc jdk.jcmd jdk.management jdk.management.agent jdk.jconsole jdk.jdeps jdk.jdwp.agent jdk.jdi jdk.jfr jdk.jshell jdk.jsobject jdk.jstatd jdk.localedata jdk.management.jfr jdk.naming.dns jdk.naming.rmi jdk.net jdk.nio.mapmode jdk.random jdk.sctp jdk.security.auth jdk.security.jgss jdk.unsupported jdk.unsupported.desktop jdk.xml.dom" 

Environment Variables:
JAVA_HOME=C:\Program Files\Java\jdk-21
PATH=C:\Program Files\Common Files\Oracle\Java\javapath;C:\WINDOWS\system32;C:\WINDOWS;C:\WINDOWS\System32\Wbem;C:\WINDOWS\System32\WindowsPowerShell\v1.0\;C:\WINDOWS\System32\OpenSSH\;C:\Program Files\dotnet\;C:\Program Files\NVIDIA Corporation\NVIDIA App\NvDLISR;C:\Program Files (x86)\NVIDIA Corporation\PhysX\Common;C:\Program Files\GitHub CLI\;C:\Program Files\nodejs\;C:\Program Files\Git\cmd;C:\Users\PAULO ROBERTO\.local\bin;C:\Users\PAULO ROBERTO\AppData\Local\Microsoft\WindowsApps;C:\Users\PAULO ROBERTO\AppData\Roaming\npm;C:\Users\PAULO ROBERTO\AppData\Local\Programs\Microsoft VS Code\bin;C:\Users\PAULO ROBERTO\.bun\bin;C:\Users\PAULO ROBERTO\AppData\Local\Microsoft\WinGet\Packages\jqlang.jq_Microsoft.Winget.Source_8wekyb3d8bbwe;C:\Users\PAULO ROBERTO\.lmstudio\bin
USERNAME=PAULO ROBERTO
OS=Windows_NT
PROCESSOR_IDENTIFIER=Intel64 Family 6 Model 186 Stepping 2, GenuineIntel
TMP=C:\Users\PAULOR~1\AppData\Local\Temp
TEMP=C:\Users\PAULOR~1\AppData\Local\Temp




Periodic native trim disabled

---------------  S Y S T E M  ---------------

OS:
 Windows 11 , 64 bit Build 26100 (10.0.26100.8972)
OS uptime: 7 days 21:15 hours
Hyper-V role detected

CPU: total 12 (initial active 12) (6 cores per cpu, 2 threads per core) family 6 model 186 stepping 2 microcode 0x5103, cx8, cmov, fxsr, ht, mmx, 3dnowpref, sse, sse2, sse3, ssse3, sse4.1, sse4.2, popcnt, lzcnt, tsc, tscinvbit, avx, avx2, aes, erms, clmul, bmi1, bmi2, adx, sha, fma, vzeroupper, clflush, clflushopt, clwb, hv, serialize, rdtscp, rdpid, fsrm, f16c, cet_ibt, cet_ss
Processor Information for the first 12 processors :
  Max Mhz: 2100, Current Mhz: 2100, Mhz Limit: 2100

Memory: 4k page, system-wide physical 16087M (1029M free)
TotalPageFile size 32471M (AvailPageFile size 20M)
current process WorkingSet (physical memory assigned to process): 408M, peak: 441M
current process commit charge ("private bytes"): 498M, peak: 521M

vm_info: OpenJDK 64-Bit Server VM (21.0.11+10-LTS) for windows-amd64 JRE (21.0.11+10-LTS), built on 2026-04-21T00:00:00Z by "admin" with MS VC++ 17.12 (VS2022)

END.
