#
# There is insufficient memory for the Java Runtime Environment to continue.
# Native memory allocation (malloc) failed to allocate 467296 bytes. Error detail: Chunk::new
# Possible reasons:
#   The system is out of physical RAM or swap space
#   This process is running with CompressedOops enabled, and the Java Heap may be blocking the growth of the native heap
# Possible solutions:
#   Reduce memory load on the system
#   Increase physical memory or swap space
#   Check if swap backing store is full
#   Decrease Java heap size (-Xmx/-Xms)
#   Decrease number of Java threads
#   Decrease Java thread stack sizes (-Xss)
#   Set larger code cache with -XX:ReservedCodeCacheSize=
#   JVM is running with Unscaled Compressed Oops mode in which the Java heap is
#     placed in the first 4GB address space. The Java Heap base address is the
#     maximum limit for the native heap growth. Please use -XX:HeapBaseMinAddress
#     to set the Java Heap base and to place the Java Heap above 4GB virtual address.
# This output file may be truncated or incomplete.
#
#  Out of Memory Error (arena.cpp:168), pid=53212, tid=58480
#
# JRE version: OpenJDK Runtime Environment Temurin-21.0.11+10 (21.0.11+10) (build 21.0.11+10-LTS)
# Java VM: OpenJDK 64-Bit Server VM Temurin-21.0.11+10 (21.0.11+10-LTS, mixed mode, sharing, tiered, compressed oops, compressed class ptrs, parallel gc, windows-amd64)
# No core dump will be written. Minidumps are not enabled by default on client versions of Windows
#

---------------  S U M M A R Y ------------

Command Line: --add-modules=ALL-SYSTEM --add-opens=java.base/java.util=ALL-UNNAMED --add-opens=java.base/java.lang=ALL-UNNAMED --add-opens=java.base/sun.nio.fs=ALL-UNNAMED -Declipse.application=org.eclipse.jdt.ls.core.id1 -Dosgi.bundles.defaultStartLevel=4 -Declipse.product=org.eclipse.jdt.ls.core.product -Djava.import.generatesMetadataFilesAtProjectRoot=false -DDetectVMInstallationsJob.disabled=true -Dfile.encoding=utf8 -XX:+UseParallelGC -XX:GCTimeRatio=4 -XX:AdaptiveSizePolicyWeight=90 -Dsun.zip.disableMemoryMapping=true -Xmx2G -Xms100m -Xlog:disable -javaagent:c:\Users\PAULO ROBERTO\.vscode\extensions\redhat.java-1.55.0-win32-x64\lombok\lombok-1.18.39-4050.jar c:\Users\PAULO ROBERTO\.vscode\extensions\redhat.java-1.55.0-win32-x64\server\plugins\org.eclipse.equinox.launcher_1.7.200.v20260619-2039.jar -configuration c:\Users\PAULO ROBERTO\AppData\Roaming\Code\User\globalStorage\redhat.java\1.55.0\config_ss_win -data c:\Users\PAULO ROBERTO\AppData\Roaming\Code\User\workspaceStorage\af78278a2264e0da21869ec41e085d06\redhat.java\ss_ws --pipe=\\.\pipe\lsp-64f4b27c109babe3be1ca002b8aa4fa1-sock

Host: 13th Gen Intel(R) Core(TM) i5-13420H, 12 cores, 15G,  Windows 11 , 64 bit Build 26100 (10.0.26100.9278)
Time: Thu Sep  3 16:56:57 2026 Hora Padrão de Bogotá elapsed time: 1.309276 seconds (0d 0h 0m 1s)

---------------  T H R E A D  ---------------

Current thread (0x0000027371978b10):  JavaThread "C2 CompilerThread0" daemon [_thread_in_native, id=58480, stack(0x000000de0b000000,0x000000de0b100000) (1024K)]


Current CompileTask:
C2:1309 1280       4       java.io.DataInputStream::readUTF (501 bytes)

Stack: [0x000000de0b000000,0x000000de0b100000]
Native frames: (J=compiled Java code, j=interpreted, Vv=VM code, C=native code)
V  [jvm.dll+0x6d7e19]
V  [jvm.dll+0x8b5096]
V  [jvm.dll+0x8b764e]
V  [jvm.dll+0x8b7d33]
V  [jvm.dll+0x284596]
V  [jvm.dll+0xc685d]
V  [jvm.dll+0xc6da1]
V  [jvm.dll+0x3bed6b]
V  [jvm.dll+0x38b2b2]
V  [jvm.dll+0x38a6fa]
V  [jvm.dll+0x24c700]
V  [jvm.dll+0x24bce0]
V  [jvm.dll+0x1cb4ae]
V  [jvm.dll+0x25baad]
V  [jvm.dll+0x25a03a]
V  [jvm.dll+0x3f868e]
V  [jvm.dll+0x85fb0d]
V  [jvm.dll+0x6d664d]
C  [ucrtbase.dll+0x2cd30]
C  [KERNEL32.DLL+0x2ccb7]
C  [ntdll.dll+0xacaec]


---------------  P R O C E S S  ---------------

Threads class SMR info:
_java_thread_list=0x00000273774b99f0, length=13, elements={
0x0000027359b50000, 0x00000273705d9370, 0x0000027359bfcca0, 0x00000273705e84b0,
0x00000273705e96b0, 0x00000273705edef0, 0x0000027371976410, 0x0000027371978b10,
0x0000027371986080, 0x0000027371bfad80, 0x0000027371bee370, 0x0000027371984c10,
0x00000273719837a0
}

Java Threads: ( => current thread )
  0x0000027359b50000 JavaThread "main"                              [_thread_in_native, id=11624, stack(0x000000de0a600000,0x000000de0a700000) (1024K)]
  0x00000273705d9370 JavaThread "Reference Handler"          daemon [_thread_blocked, id=13108, stack(0x000000de0aa00000,0x000000de0ab00000) (1024K)]
  0x0000027359bfcca0 JavaThread "Finalizer"                  daemon [_thread_blocked, id=59032, stack(0x000000de0ab00000,0x000000de0ac00000) (1024K)]
  0x00000273705e84b0 JavaThread "Signal Dispatcher"          daemon [_thread_blocked, id=27320, stack(0x000000de0ac00000,0x000000de0ad00000) (1024K)]
  0x00000273705e96b0 JavaThread "Attach Listener"            daemon [_thread_blocked, id=51504, stack(0x000000de0ad00000,0x000000de0ae00000) (1024K)]
  0x00000273705edef0 JavaThread "Service Thread"             daemon [_thread_blocked, id=35644, stack(0x000000de0ae00000,0x000000de0af00000) (1024K)]
  0x0000027371976410 JavaThread "Monitor Deflation Thread"   daemon [_thread_blocked, id=52212, stack(0x000000de0af00000,0x000000de0b000000) (1024K)]
=>0x0000027371978b10 JavaThread "C2 CompilerThread0"         daemon [_thread_in_native, id=58480, stack(0x000000de0b000000,0x000000de0b100000) (1024K)]
  0x0000027371986080 JavaThread "C1 CompilerThread0"         daemon [_thread_in_native, id=25568, stack(0x000000de0b100000,0x000000de0b200000) (1024K)]
  0x0000027371bfad80 JavaThread "Common-Cleaner"             daemon [_thread_blocked, id=724, stack(0x000000de0b200000,0x000000de0b300000) (1024K)]
  0x0000027371bee370 JavaThread "Notification Thread"        daemon [_thread_blocked, id=48820, stack(0x000000de0b300000,0x000000de0b400000) (1024K)]
  0x0000027371984c10 JavaThread "C2 CompilerThread1"         daemon [_thread_in_native, id=55048, stack(0x000000de0b400000,0x000000de0b500000) (1024K)]
  0x00000273719837a0 JavaThread "C2 CompilerThread2"         daemon [_thread_blocked, id=21984, stack(0x000000de0b500000,0x000000de0b600000) (1024K)]
Total: 13

Other Threads:
  0x0000027359be6410 VMThread "VM Thread"                           [id=16996, stack(0x000000de0a900000,0x000000de0aa00000) (1024K)]
  0x0000027359bb4350 WatcherThread "VM Periodic Task Thread"        [id=57508, stack(0x000000de0a800000,0x000000de0a900000) (1024K)]
  0x0000027359b66c60 WorkerThread "GC Thread#0"                     [id=19344, stack(0x000000de0a700000,0x000000de0a800000) (1024K)]
  0x00000273770e9670 WorkerThread "GC Thread#1"                     [id=46344, stack(0x000000de0b600000,0x000000de0b700000) (1024K)]
  0x000002737769fa40 WorkerThread "GC Thread#2"                     [id=22992, stack(0x000000de0b700000,0x000000de0b800000) (1024K)]
  0x000002737769fdf0 WorkerThread "GC Thread#3"                     [id=58592, stack(0x000000de0b800000,0x000000de0b900000) (1024K)]
  0x00000273777ec0b0 WorkerThread "GC Thread#4"                     [id=57428, stack(0x000000de0b900000,0x000000de0ba00000) (1024K)]
  0x00000273777ec460 WorkerThread "GC Thread#5"                     [id=53508, stack(0x000000de0ba00000,0x000000de0bb00000) (1024K)]
  0x00000273777ec810 WorkerThread "GC Thread#6"                     [id=58300, stack(0x000000de0bb00000,0x000000de0bc00000) (1024K)]
Total: 9

Threads with active compile tasks:
C2 CompilerThread0  1336 1280       4       java.io.DataInputStream::readUTF (501 bytes)
C2 CompilerThread1  1336 1329 %     4       lombok.launch.PackageShader::apply @ 154 (252 bytes)
Total: 2

VM state: not at safepoint (normal execution)

VM Mutex/Monitor currently owned by a thread: None

Heap address: 0x0000000080000000, size: 2048 MB, Compressed Oops mode: 32-bit

CDS archive(s) mapped at: [0x0000027300000000-0x0000027300ba0000-0x0000027300ba0000), size 12189696, SharedBaseAddress: 0x0000027300000000, ArchiveRelocationMode: 1.
Compressed class space mapped at: 0x0000027301000000-0x0000027341000000, reserved size: 1073741824
Narrow klass base: 0x0000027300000000, Narrow klass shift: 0, Narrow klass range: 0x100000000

GC Precious Log:
 CardTable entry size: 512
 CPUs: 12 total, 12 available
 Memory: 16087M
 Large Page Support: Disabled
 NUMA Support: Disabled
 Compressed Oops: Enabled (32-bit)
 Alignments: Space 512K, Generation 512K, Heap 2M
 Heap Min Capacity: 100M
 Heap Initial Capacity: 100M
 Heap Max Capacity: 2G
 Pre-touch: Disabled
 Parallel Workers: 10

Heap:
 PSYoungGen      total 29696K, used 12573K [0x00000000d5580000, 0x00000000d7680000, 0x0000000100000000)
  eden space 25600K, 36% used [0x00000000d5580000,0x00000000d5e91640,0x00000000d6e80000)
  from space 4096K, 80% used [0x00000000d6e80000,0x00000000d71b5ea8,0x00000000d7280000)
  to   space 4096K, 0% used [0x00000000d7280000,0x00000000d7280000,0x00000000d7680000)
 ParOldGen       total 68608K, used 16K [0x0000000080000000, 0x0000000084300000, 0x00000000d5580000)
  object space 68608K, 0% used [0x0000000080000000,0x0000000080004000,0x0000000084300000)
 Metaspace       used 6109K, committed 6400K, reserved 1114112K
  class space    used 626K, committed 768K, reserved 1048576K

Card table byte_map: [0x00000273594e0000,0x00000273598f0000] _byte_map_base: 0x00000273590e0000

Marking Bits: (ParMarkBitMap*) 0x00007ffa6b054460
 Begin Bits: [0x000002736bff0000, 0x000002736dff0000)
 End Bits:   [0x000002736dff0000, 0x000002736fff0000)

Polling page: 0x0000027357bf0000

Metaspace:

Usage:
  Non-class:      5.36 MB used.
      Class:    626.09 KB used.
       Both:      5.97 MB used.

Virtual space:
  Non-class space:       64.00 MB reserved,       5.50 MB (  9%) committed,  1 nodes.
      Class space:        1.00 GB reserved,     768.00 KB ( <1%) committed,  1 nodes.
             Both:        1.06 GB reserved,       6.25 MB ( <1%) committed. 

Chunk freelists:
   Non-Class:  10.00 MB
       Class:  15.08 MB
        Both:  25.08 MB

MaxMetaspaceSize: unlimited
CompressedClassSpaceSize: 1.00 GB
Initial GC threshold: 21.00 MB
Current GC threshold: 21.00 MB
CDS: on
 - commit_granule_bytes: 65536.
 - commit_granule_words: 8192.
 - virtual_space_node_default_size: 8388608.
 - enlarge_chunks_in_place: 1.
 - use_allocation_guard: 0.


Internal statistics:

num_allocs_failed_limit: 0.
num_arena_births: 190.
num_arena_deaths: 0.
num_vsnodes_births: 2.
num_vsnodes_deaths: 0.
num_space_committed: 100.
num_space_uncommitted: 0.
num_chunks_returned_to_freelist: 0.
num_chunks_taken_from_freelist: 315.
num_chunk_merges: 0.
num_chunk_splits: 202.
num_chunks_enlarged: 128.
num_inconsistent_stats: 0.

CodeHeap 'non-profiled nmethods': size=120000Kb used=518Kb max_used=518Kb free=119481Kb
 bounds [0x0000027364810000, 0x0000027364a80000, 0x000002736bd40000]
CodeHeap 'profiled nmethods': size=120000Kb used=2267Kb max_used=2267Kb free=117732Kb
 bounds [0x000002735cd40000, 0x000002735cfb0000, 0x0000027364270000]
CodeHeap 'non-nmethods': size=5760Kb used=1208Kb max_used=1237Kb free=4552Kb
 bounds [0x0000027364270000, 0x00000273644e0000, 0x0000027364810000]
CodeCache: size=245760Kb, used=3993Kb, max_used=4022Kb, free=241765Kb
 total_blobs=1806, nmethods=1335, adapters=378, full_count=0
Compilation: enabled, stopped_count=0, restarted_count=0

Compilation events (20 events):
Event: 1.294 Thread 0x00000273719837a0 nmethod 1289 0x0000027364888e90 code [0x0000027364889020, 0x0000027364889110]
Event: 1.294 Thread 0x00000273719837a0 1290       4       java.io.BufferedInputStream::getBufIfOpen (61 bytes)
Event: 1.295 Thread 0x0000027371986080 1313       3       org.eclipse.osgi.container.ModuleRevisionBuilder::unmodifiableMap (86 bytes)
Event: 1.295 Thread 0x00000273719837a0 nmethod 1290 0x0000027364889190 code [0x0000027364889320, 0x00000273648893f8]
Event: 1.295 Thread 0x00000273719837a0 1295   !   4       java.io.BufferedInputStream::read (69 bytes)
Event: 1.295 Thread 0x0000027371986080 nmethod 1313 0x000002735cf66290 code [0x000002735cf66540, 0x000002735cf67388]
Event: 1.296 Thread 0x0000027371986080 1314       1       org.eclipse.osgi.container.ModuleRevisionBuilder$GenericInfo::getNamespace (5 bytes)
Event: 1.296 Thread 0x0000027371986080 nmethod 1314 0x0000027364889490 code [0x0000027364889620, 0x00000273648896e8]
Event: 1.296 Thread 0x0000027371986080 1315       3       java.util.Collections::emptyMap (4 bytes)
Event: 1.296 Thread 0x0000027371986080 nmethod 1315 0x000002735cf67710 code [0x000002735cf678a0, 0x000002735cf67998]
Event: 1.296 Thread 0x0000027371986080 1316       1       java.util.Collections$EmptyMap::size (2 bytes)
Event: 1.296 Thread 0x0000027371986080 nmethod 1316 0x0000027364889790 code [0x0000027364889920, 0x00000273648899e8]
Event: 1.296 Thread 0x0000027371986080 1317       3       sun.net.www.protocol.jar.Handler::parseURL (173 bytes)
Event: 1.297 Thread 0x0000027371986080 nmethod 1317 0x000002735cf67a10 code [0x000002735cf67cc0, 0x000002735cf68680]
Event: 1.297 Thread 0x0000027371986080 1318       3       sun.net.www.protocol.jar.Handler::indexOfBangSlash (52 bytes)
Event: 1.298 Thread 0x0000027371986080 nmethod 1318 0x000002735cf68b10 code [0x000002735cf68d80, 0x000002735cf69828]
Event: 1.299 Thread 0x0000027371986080 1319       3       java.util.Base64$Decoder::decodeBlock (186 bytes)
Event: 1.300 Thread 0x0000027371986080 nmethod 1319 0x000002735cf69c90 code [0x000002735cf69e60, 0x000002735cf6a2d0]
Event: 1.300 Thread 0x0000027371986080 1320  s    3       java.lang.Throwable::fillInStackTrace (29 bytes)
Event: 1.300 Thread 0x0000027371986080 nmethod 1320 0x000002735cf6a590 code [0x000002735cf6a740, 0x000002735cf6a9d8]

GC Heap History (2 events):
Event: 1.012 GC heap before
{Heap before GC invocations=1 (full 0):
 PSYoungGen      total 29696K, used 25600K [0x00000000d5580000, 0x00000000d7680000, 0x0000000100000000)
  eden space 25600K, 100% used [0x00000000d5580000,0x00000000d6e80000,0x00000000d6e80000)
  from space 4096K, 0% used [0x00000000d7280000,0x00000000d7280000,0x00000000d7680000)
  to   space 4096K, 0% used [0x00000000d6e80000,0x00000000d6e80000,0x00000000d7280000)
 ParOldGen       total 68608K, used 0K [0x0000000080000000, 0x0000000084300000, 0x00000000d5580000)
  object space 68608K, 0% used [0x0000000080000000,0x0000000080000000,0x0000000084300000)
 Metaspace       used 4354K, committed 4608K, reserved 1114112K
  class space    used 475K, committed 576K, reserved 1048576K
}
Event: 1.019 GC heap after
{Heap after GC invocations=1 (full 0):
 PSYoungGen      total 29696K, used 3287K [0x00000000d5580000, 0x00000000d7680000, 0x0000000100000000)
  eden space 25600K, 0% used [0x00000000d5580000,0x00000000d5580000,0x00000000d6e80000)
  from space 4096K, 80% used [0x00000000d6e80000,0x00000000d71b5ea8,0x00000000d7280000)
  to   space 4096K, 0% used [0x00000000d7280000,0x00000000d7280000,0x00000000d7680000)
 ParOldGen       total 68608K, used 16K [0x0000000080000000, 0x0000000084300000, 0x00000000d5580000)
  object space 68608K, 0% used [0x0000000080000000,0x0000000080004000,0x0000000084300000)
 Metaspace       used 4354K, committed 4608K, reserved 1114112K
  class space    used 475K, committed 576K, reserved 1048576K
}

Dll operation events (8 events):
Event: 0.026 Loaded shared library c:\Users\PAULO ROBERTO\.vscode\extensions\redhat.java-1.55.0-win32-x64\jre\21.0.11-win32-x86_64\bin\java.dll
Event: 0.149 Loaded shared library c:\Users\PAULO ROBERTO\.vscode\extensions\redhat.java-1.55.0-win32-x64\jre\21.0.11-win32-x86_64\bin\zip.dll
Event: 0.189 Loaded shared library C:\Users\PAULO ROBERTO\.vscode\extensions\redhat.java-1.55.0-win32-x64\jre\21.0.11-win32-x86_64\bin\instrument.dll
Event: 0.198 Loaded shared library C:\Users\PAULO ROBERTO\.vscode\extensions\redhat.java-1.55.0-win32-x64\jre\21.0.11-win32-x86_64\bin\net.dll
Event: 0.204 Loaded shared library C:\Users\PAULO ROBERTO\.vscode\extensions\redhat.java-1.55.0-win32-x64\jre\21.0.11-win32-x86_64\bin\nio.dll
Event: 0.211 Loaded shared library C:\Users\PAULO ROBERTO\.vscode\extensions\redhat.java-1.55.0-win32-x64\jre\21.0.11-win32-x86_64\bin\zip.dll
Event: 0.244 Loaded shared library C:\Users\PAULO ROBERTO\.vscode\extensions\redhat.java-1.55.0-win32-x64\jre\21.0.11-win32-x86_64\bin\jimage.dll
Event: 0.389 Loaded shared library c:\Users\PAULO ROBERTO\.vscode\extensions\redhat.java-1.55.0-win32-x64\jre\21.0.11-win32-x86_64\bin\verify.dll

Deoptimization events (20 events):
Event: 1.075 Thread 0x0000027359b50000 Uncommon trap: trap_request=0xffffff45 fr.pc=0x000002736486a538 relative=0x0000000000000278
Event: 1.075 Thread 0x0000027359b50000 Uncommon trap: reason=unstable_if action=reinterpret pc=0x000002736486a538 method=java.util.HashMap.hash(Ljava/lang/Object;)I @ 1 c2
Event: 1.075 Thread 0x0000027359b50000 DEOPT PACKING pc=0x000002736486a538 sp=0x000000de0a6fe640
Event: 1.075 Thread 0x0000027359b50000 DEOPT UNPACKING pc=0x00000273642c3aa2 sp=0x000000de0a6fe4d8 mode 2
Event: 1.078 Thread 0x0000027359b50000 Uncommon trap: trap_request=0xffffff45 fr.pc=0x000002736486eabc relative=0x000000000000027c
Event: 1.078 Thread 0x0000027359b50000 Uncommon trap: reason=unstable_if action=reinterpret pc=0x000002736486eabc method=java.util.HashMap.hash(Ljava/lang/Object;)I @ 1 c2
Event: 1.078 Thread 0x0000027359b50000 DEOPT PACKING pc=0x000002736486eabc sp=0x000000de0a6fe5b0
Event: 1.078 Thread 0x0000027359b50000 DEOPT UNPACKING pc=0x00000273642c3aa2 sp=0x000000de0a6fe4b8 mode 2
Event: 1.078 Thread 0x0000027359b50000 Uncommon trap: trap_request=0xffffff45 fr.pc=0x00000273648684d0 relative=0x00000000000000b0
Event: 1.078 Thread 0x0000027359b50000 Uncommon trap: reason=unstable_if action=reinterpret pc=0x00000273648684d0 method=java.util.HashMap.hash(Ljava/lang/Object;)I @ 1 c2
Event: 1.078 Thread 0x0000027359b50000 DEOPT PACKING pc=0x00000273648684d0 sp=0x000000de0a6fe660
Event: 1.078 Thread 0x0000027359b50000 DEOPT UNPACKING pc=0x00000273642c3aa2 sp=0x000000de0a6fe5f8 mode 2
Event: 1.208 Thread 0x0000027359b50000 Uncommon trap: trap_request=0xffffff45 fr.pc=0x00000273648565f8 relative=0x0000000000000198
Event: 1.208 Thread 0x0000027359b50000 Uncommon trap: reason=unstable_if action=reinterpret pc=0x00000273648565f8 method=java.lang.invoke.VarHandle.checkAccessModeThenIsDirect(Ljava/lang/invoke/VarHandle$AccessDescriptor;)Z @ 4 c2
Event: 1.208 Thread 0x0000027359b50000 DEOPT PACKING pc=0x00000273648565f8 sp=0x000000de0a6fe640
Event: 1.208 Thread 0x0000027359b50000 DEOPT UNPACKING pc=0x00000273642c3aa2 sp=0x000000de0a6fe598 mode 2
Event: 1.301 Thread 0x0000027359b50000 Uncommon trap: trap_request=0xffffff45 fr.pc=0x000002736485b5b8 relative=0x0000000000000fb8
Event: 1.301 Thread 0x0000027359b50000 Uncommon trap: reason=unstable_if action=reinterpret pc=0x000002736485b5b8 method=lombok.patcher.PatchScript.classMatches(Ljava/lang/String;Ljava/util/Collection;)Z @ 25 c2
Event: 1.301 Thread 0x0000027359b50000 DEOPT PACKING pc=0x000002736485b5b8 sp=0x000000de0a6f8960
Event: 1.301 Thread 0x0000027359b50000 DEOPT UNPACKING pc=0x00000273642c3aa2 sp=0x000000de0a6f88c8 mode 2

Classes loaded (20 events):
Event: 1.248 Loading class java/util/AbstractQueue done
Event: 1.248 Loading class java/util/concurrent/SynchronousQueue done
Event: 1.248 Loading class java/util/concurrent/SynchronousQueue$Transferer
Event: 1.248 Loading class java/util/concurrent/LinkedTransferQueue
Event: 1.249 Loading class java/util/concurrent/TransferQueue
Event: 1.249 Loading class java/util/concurrent/TransferQueue done
Event: 1.249 Loading class java/util/concurrent/LinkedTransferQueue done
Event: 1.249 Loading class java/util/concurrent/SynchronousQueue$Transferer done
Event: 1.249 Loading class java/util/concurrent/LinkedTransferQueue$DualNode
Event: 1.249 Loading class java/util/concurrent/LinkedTransferQueue$DualNode done
Event: 1.250 Loading class java/util/concurrent/RejectedExecutionHandler
Event: 1.250 Loading class java/util/concurrent/RejectedExecutionHandler done
Event: 1.250 Loading class java/util/concurrent/LinkedBlockingQueue
Event: 1.251 Loading class java/util/concurrent/LinkedBlockingQueue done
Event: 1.251 Loading class java/util/concurrent/LinkedBlockingQueue$Node
Event: 1.251 Loading class java/util/concurrent/LinkedBlockingQueue$Node done
Event: 1.264 Loading class java/util/concurrent/Semaphore$NonfairSync
Event: 1.265 Loading class java/util/concurrent/Semaphore$Sync
Event: 1.265 Loading class java/util/concurrent/Semaphore$Sync done
Event: 1.265 Loading class java/util/concurrent/Semaphore$NonfairSync done

Classes unloaded (0 events):
No events

Classes redefined (0 events):
No events

Internal exceptions (20 events):
Event: 0.790 Thread 0x0000027359b50000 Exception <a 'java/io/FileNotFoundException'{0x00000000d64e5940}> (0x00000000d64e5940) 
thrown [s\src\hotspot\share\prims\jni.cpp, line 520]
Event: 0.791 Thread 0x0000027359b50000 Exception <a 'java/io/FileNotFoundException'{0x00000000d64e64f8}> (0x00000000d64e64f8) 
thrown [s\src\hotspot\share\prims\jni.cpp, line 520]
Event: 0.794 Thread 0x0000027359b50000 Implicit null exception at 0x0000027364842e24 to 0x00000273648433c8
Event: 0.795 Thread 0x0000027359b50000 Implicit null exception at 0x00000273648446a0 to 0x0000027364844c34
Event: 0.797 Thread 0x0000027359b50000 Exception <a 'java/io/FileNotFoundException'{0x00000000d651fae8}> (0x00000000d651fae8) 
thrown [s\src\hotspot\share\prims\jni.cpp, line 520]
Event: 0.807 Thread 0x0000027359b50000 Exception <a 'java/lang/NoSuchMethodError'{0x00000000d6558a00}: 'java.lang.Object java.lang.invoke.DirectMethodHandle$Holder.invokeInterface(java.lang.Object, java.lang.Object)'> (0x00000000d6558a00) 
thrown [s\src\hotspot\share\interpreter\linkResolver.cpp, line 773]
Event: 0.810 Thread 0x0000027359b50000 Exception <a 'java/lang/NoSuchMethodError'{0x00000000d656c2d8}: 'java.lang.Object java.lang.invoke.Invokers$Holder.invokeExact_MT(java.lang.Object, java.lang.Object, java.lang.Object, java.lang.Object, java.lang.Object, java.lang.Object)'> (0x00000000d656c2d8) 
thrown [s\src\hotspot\share\interpreter\linkResolver.cpp, line 773]
Event: 0.814 Thread 0x0000027359b50000 Exception <a 'java/lang/NoSuchMethodError'{0x00000000d65833b0}: 'int java.lang.invoke.DirectMethodHandle$Holder.invokeStatic(java.lang.Object, java.lang.Object, java.lang.Object, java.lang.Object, java.lang.Object)'> (0x00000000d65833b0) 
thrown [s\src\hotspot\share\interpreter\linkResolver.cpp, line 773]
Event: 0.836 Thread 0x0000027359b50000 Exception <a 'java/lang/NoSuchMethodError'{0x00000000d6616f08}: 'java.lang.Object java.lang.invoke.DirectMethodHandle$Holder.invokeInterface(java.lang.Object, java.lang.Object, int)'> (0x00000000d6616f08) 
thrown [s\src\hotspot\share\interpreter\linkResolver.cpp, line 773]
Event: 0.951 Thread 0x0000027359b50000 Exception <a 'java/lang/NoSuchMethodError'{0x00000000d6a7f6e0}: 'java.lang.ClassLoader java.lang.ClassLoader.getPlatformClassLoader(java.lang.Class)'> (0x00000000d6a7f6e0) 
thrown [s\src\hotspot\share\interpreter\linkResolver.cpp, line 773]
Event: 1.024 Thread 0x0000027359b50000 Exception <a 'java/lang/ClassNotFoundException'{0x00000000d559a3a0}: sun/net/www/protocol/c/Handler> (0x00000000d559a3a0) 
thrown [s\src\hotspot\share\classfile\systemDictionary.cpp, line 313]
Event: 1.025 Thread 0x0000027359b50000 Exception <a 'java/lang/ClassNotFoundException'{0x00000000d559b738}: sun/net/www/protocol/c/Handler> (0x00000000d559b738) 
thrown [s\src\hotspot\share\classfile\systemDictionary.cpp, line 313]
Event: 1.025 Thread 0x0000027359b50000 Exception <a 'java/lang/ClassNotFoundException'{0x00000000d559c8d0}: sun/net/www/protocol/c/Handler> (0x00000000d559c8d0) 
thrown [s\src\hotspot\share\classfile\systemDictionary.cpp, line 313]
Event: 1.032 Thread 0x0000027359b50000 Exception <a 'java/io/FileNotFoundException'{0x00000000d55c5398}> (0x00000000d55c5398) 
thrown [s\src\hotspot\share\prims\jni.cpp, line 520]
Event: 1.075 Thread 0x0000027359b50000 Implicit null exception at 0x00000273648798c9 to 0x000002736487a388
Event: 1.075 Thread 0x0000027359b50000 Implicit null exception at 0x000002736486a31a to 0x000002736486a520
Event: 1.076 Thread 0x0000027359b50000 Exception <a 'java/lang/NoSuchMethodError'{0x00000000d5739e18}: 'void java.lang.invoke.DirectMethodHandle$Holder.invokeStatic(java.lang.Object, java.lang.Object, java.lang.Object, java.lang.Object)'> (0x00000000d5739e18) 
thrown [s\src\hotspot\share\interpreter\linkResolver.cpp, line 773]
Event: 1.078 Thread 0x0000027359b50000 Implicit null exception at 0x000002736486e89a to 0x000002736486eaa4
Event: 1.078 Thread 0x0000027359b50000 Implicit null exception at 0x000002736486843d to 0x00000273648684c1
Event: 1.226 Thread 0x0000027359b50000 Exception <a 'java/lang/NoSuchMethodError'{0x00000000d59ba7f0}: 'void java.lang.invoke.DirectMethodHandle$Holder.invokeSpecial(java.lang.Object, java.lang.Object, java.lang.Object)'> (0x00000000d59ba7f0) 
thrown [s\src\hotspot\share\interpreter\linkResolver.cpp, line 773]

ZGC Phase Switch (0 events):
No events

VM Operations (10 events):
Event: 0.265 Executing non-safepoint VM operation: HandshakeAllThreads (Deoptimize)
Event: 0.265 Executing non-safepoint VM operation: HandshakeAllThreads (Deoptimize) done
Event: 0.742 Executing non-safepoint VM operation: HandshakeAllThreads (Deoptimize)
Event: 0.742 Executing non-safepoint VM operation: HandshakeAllThreads (Deoptimize) done
Event: 0.761 Executing non-safepoint VM operation: HandshakeAllThreads (Deoptimize)
Event: 0.761 Executing non-safepoint VM operation: HandshakeAllThreads (Deoptimize) done
Event: 0.979 Executing safepoint VM operation: ICBufferFull
Event: 0.979 Executing safepoint VM operation: ICBufferFull done
Event: 1.011 Executing safepoint VM operation: ParallelGCFailedAllocation (Allocation Failure)
Event: 1.019 Executing safepoint VM operation: ParallelGCFailedAllocation (Allocation Failure) done

Memory protections (0 events):
No events

Nmethod flushes (0 events):
No events

Events (17 events):
Event: 0.057 Thread 0x0000027359b50000 Thread added: 0x0000027359b50000
Event: 0.088 Thread 0x0000027359b50000 Thread added: 0x00000273705d9370
Event: 0.088 Thread 0x0000027359b50000 Thread added: 0x0000027359bfcca0
Event: 0.089 Thread 0x0000027359b50000 Thread added: 0x00000273705e84b0
Event: 0.089 Thread 0x0000027359b50000 Thread added: 0x00000273705e96b0
Event: 0.089 Thread 0x0000027359b50000 Thread added: 0x00000273705edef0
Event: 0.089 Thread 0x0000027359b50000 Thread added: 0x0000027371976410
Event: 0.089 Thread 0x0000027359b50000 Thread added: 0x0000027371978b10
Event: 0.090 Thread 0x0000027359b50000 Thread added: 0x0000027371986080
Event: 0.192 Thread 0x0000027359b50000 Thread added: 0x0000027371bfad80
Event: 0.375 Thread 0x0000027371986080 Thread added: 0x00000273719859b0
Event: 0.492 Thread 0x00000273719859b0 Thread exited: 0x00000273719859b0
Event: 0.555 Thread 0x0000027359b50000 Thread added: 0x0000027371bee370
Event: 0.561 Thread 0x0000027371986080 Thread added: 0x0000027371984c10
Event: 0.737 Thread 0x0000027371986080 Thread added: 0x0000027371986750
Event: 1.186 Thread 0x0000027371986750 Thread exited: 0x0000027371986750
Event: 1.280 Thread 0x0000027371984c10 Thread added: 0x00000273719837a0


Dynamic libraries:
0x00007ff76d1c0000 - 0x00007ff76d1ce000 	c:\Users\PAULO ROBERTO\.vscode\extensions\redhat.java-1.55.0-win32-x64\jre\21.0.11-win32-x86_64\bin\java.exe
0x00007ffb07800000 - 0x00007ffb07a67000 	C:\WINDOWS\SYSTEM32\ntdll.dll
0x00007ffb07040000 - 0x00007ffb0710a000 	C:\WINDOWS\System32\KERNEL32.DLL
0x00007ffb04e70000 - 0x00007ffb05272000 	C:\WINDOWS\System32\KERNELBASE.dll
0x00007ffafdfe0000 - 0x00007ffafe07f000 	C:\WINDOWS\SYSTEM32\apphelp.dll
0x00007ffb05310000 - 0x00007ffb0545c000 	C:\WINDOWS\System32\ucrtbase.dll
0x00007ffaf9600000 - 0x00007ffaf961e000 	c:\Users\PAULO ROBERTO\.vscode\extensions\redhat.java-1.55.0-win32-x64\jre\21.0.11-win32-x86_64\bin\VCRUNTIME140.dll
0x00007ffaf9620000 - 0x00007ffaf9638000 	c:\Users\PAULO ROBERTO\.vscode\extensions\redhat.java-1.55.0-win32-x64\jre\21.0.11-win32-x86_64\bin\jli.dll
0x00007ffb06270000 - 0x00007ffb0643f000 	C:\WINDOWS\System32\USER32.dll
0x00007ffb04d80000 - 0x00007ffb04da7000 	C:\WINDOWS\System32\win32u.dll
0x00007ffada830000 - 0x00007ffadaac0000 	C:\WINDOWS\WinSxS\amd64_microsoft.windows.common-controls_6595b64144ccf1df_6.0.26100.9278_none_3e0d1ba8e3303201\COMCTL32.dll
0x00007ffb06910000 - 0x00007ffb0693b000 	C:\WINDOWS\System32\GDI32.dll
0x00007ffb04c50000 - 0x00007ffb04d79000 	C:\WINDOWS\System32\gdi32full.dll
0x00007ffb061c0000 - 0x00007ffb06269000 	C:\WINDOWS\System32\msvcrt.dll
0x00007ffb04a10000 - 0x00007ffb04ab3000 	C:\WINDOWS\System32\msvcp_win.dll
0x00007ffb06940000 - 0x00007ffb06971000 	C:\WINDOWS\System32\IMM32.DLL
0x00007ffafce50000 - 0x00007ffafce5c000 	c:\Users\PAULO ROBERTO\.vscode\extensions\redhat.java-1.55.0-win32-x64\jre\21.0.11-win32-x86_64\bin\vcruntime140_1.dll
0x00007ffaf76c0000 - 0x00007ffaf774d000 	c:\Users\PAULO ROBERTO\.vscode\extensions\redhat.java-1.55.0-win32-x64\jre\21.0.11-win32-x86_64\bin\msvcp140.dll
0x00007ffa6a390000 - 0x00007ffa6b132000 	c:\Users\PAULO ROBERTO\.vscode\extensions\redhat.java-1.55.0-win32-x64\jre\21.0.11-win32-x86_64\bin\server\jvm.dll
0x00007ffb072d0000 - 0x00007ffb0738c000 	C:\WINDOWS\System32\ADVAPI32.dll
0x00007ffb07710000 - 0x00007ffb077b9000 	C:\WINDOWS\System32\sechost.dll
0x00007ffb06a60000 - 0x00007ffb06b78000 	C:\WINDOWS\System32\RPCRT4.dll
0x00007ffb06880000 - 0x00007ffb06900000 	C:\WINDOWS\System32\WS2_32.dll
0x00007ffb03500000 - 0x00007ffb0355e000 	C:\WINDOWS\SYSTEM32\POWRPROF.dll
0x00007ffaf9af0000 - 0x00007ffaf9afb000 	C:\WINDOWS\SYSTEM32\VERSION.dll
0x00007ffaefa60000 - 0x00007ffaefa96000 	C:\WINDOWS\SYSTEM32\WINMM.dll
0x00007ffb034e0000 - 0x00007ffb034f5000 	C:\WINDOWS\SYSTEM32\UMPDC.dll
0x00007ffb037c0000 - 0x00007ffb037db000 	C:\WINDOWS\SYSTEM32\kernel.appcore.dll
0x00007ffaf9740000 - 0x00007ffaf974a000 	c:\Users\PAULO ROBERTO\.vscode\extensions\redhat.java-1.55.0-win32-x64\jre\21.0.11-win32-x86_64\bin\jimage.dll
0x00007ffb01ed0000 - 0x00007ffb02112000 	C:\WINDOWS\SYSTEM32\DBGHELP.DLL
0x00007ffb055b0000 - 0x00007ffb05934000 	C:\WINDOWS\System32\combase.dll
0x00007ffb06980000 - 0x00007ffb06a59000 	C:\WINDOWS\System32\OLEAUT32.dll
0x00007ffad42c0000 - 0x00007ffad42fb000 	C:\WINDOWS\SYSTEM32\dbgcore.DLL
0x00007ffb04db0000 - 0x00007ffb04e5c000 	C:\WINDOWS\System32\bcryptPrimitives.dll
0x00007ffaf9560000 - 0x00007ffaf956f000 	c:\Users\PAULO ROBERTO\.vscode\extensions\redhat.java-1.55.0-win32-x64\jre\21.0.11-win32-x86_64\bin\instrument.dll
0x00007ffaf8720000 - 0x00007ffaf8740000 	c:\Users\PAULO ROBERTO\.vscode\extensions\redhat.java-1.55.0-win32-x64\jre\21.0.11-win32-x86_64\bin\java.dll
0x00007ffb059a0000 - 0x00007ffb06138000 	C:\WINDOWS\System32\SHELL32.dll
0x00007ffb02470000 - 0x00007ffb02d1e000 	C:\WINDOWS\SYSTEM32\windows.storage.dll
0x00007ffb06770000 - 0x00007ffb0686b000 	C:\WINDOWS\System32\SHCORE.dll
0x00007ffb06150000 - 0x00007ffb061b6000 	C:\WINDOWS\System32\shlwapi.dll
0x00007ffb04930000 - 0x00007ffb04959000 	C:\WINDOWS\SYSTEM32\profapi.dll
0x00007ffaf8700000 - 0x00007ffaf8718000 	c:\Users\PAULO ROBERTO\.vscode\extensions\redhat.java-1.55.0-win32-x64\jre\21.0.11-win32-x86_64\bin\zip.dll
0x00007ffaf96f0000 - 0x00007ffaf9700000 	C:\Users\PAULO ROBERTO\.vscode\extensions\redhat.java-1.55.0-win32-x64\jre\21.0.11-win32-x86_64\bin\net.dll
0x00007ffaf9980000 - 0x00007ffaf9aaa000 	C:\WINDOWS\SYSTEM32\WINHTTP.dll
0x00007ffb03d60000 - 0x00007ffb03dcc000 	C:\WINDOWS\system32\mswsock.dll
0x00007ffaf86b0000 - 0x00007ffaf86c6000 	C:\Users\PAULO ROBERTO\.vscode\extensions\redhat.java-1.55.0-win32-x64\jre\21.0.11-win32-x86_64\bin\nio.dll
0x00007ffaf8e60000 - 0x00007ffaf8e70000 	c:\Users\PAULO ROBERTO\.vscode\extensions\redhat.java-1.55.0-win32-x64\jre\21.0.11-win32-x86_64\bin\verify.dll

JVMTI agents:
c:\Users\PAULO ROBERTO\.vscode\extensions\redhat.java-1.55.0-win32-x64\lombok\lombok-1.18.39-4050.jar path:c:\Users\PAULO ROBERTO\.vscode\extensions\redhat.java-1.55.0-win32-x64\jre\21.0.11-win32-x86_64\bin\instrument.dll, loaded, initialized, instrumentlib options:none

dbghelp: loaded successfully - version: 4.0.5 - missing functions: none
symbol engine: initialized successfully - sym options: 0x614 - pdb path: .;c:\Users\PAULO ROBERTO\.vscode\extensions\redhat.java-1.55.0-win32-x64\jre\21.0.11-win32-x86_64\bin;C:\WINDOWS\SYSTEM32;C:\WINDOWS\WinSxS\amd64_microsoft.windows.common-controls_6595b64144ccf1df_6.0.26100.9278_none_3e0d1ba8e3303201;c:\Users\PAULO ROBERTO\.vscode\extensions\redhat.java-1.55.0-win32-x64\jre\21.0.11-win32-x86_64\bin\server

VM Arguments:
jvm_args: --add-modules=ALL-SYSTEM --add-opens=java.base/java.util=ALL-UNNAMED --add-opens=java.base/java.lang=ALL-UNNAMED --add-opens=java.base/sun.nio.fs=ALL-UNNAMED -Declipse.application=org.eclipse.jdt.ls.core.id1 -Dosgi.bundles.defaultStartLevel=4 -Declipse.product=org.eclipse.jdt.ls.core.product -Djava.import.generatesMetadataFilesAtProjectRoot=false -DDetectVMInstallationsJob.disabled=true -Dfile.encoding=utf8 -XX:+UseParallelGC -XX:GCTimeRatio=4 -XX:AdaptiveSizePolicyWeight=90 -Dsun.zip.disableMemoryMapping=true -Xmx2G -Xms100m -Xlog:disable -javaagent:c:\Users\PAULO ROBERTO\.vscode\extensions\redhat.java-1.55.0-win32-x64\lombok\lombok-1.18.39-4050.jar 
java_command: c:\Users\PAULO ROBERTO\.vscode\extensions\redhat.java-1.55.0-win32-x64\server\plugins\org.eclipse.equinox.launcher_1.7.200.v20260619-2039.jar -configuration c:\Users\PAULO ROBERTO\AppData\Roaming\Code\User\globalStorage\redhat.java\1.55.0\config_ss_win -data c:\Users\PAULO ROBERTO\AppData\Roaming\Code\User\workspaceStorage\af78278a2264e0da21869ec41e085d06\redhat.java\ss_ws --pipe=\\.\pipe\lsp-64f4b27c109babe3be1ca002b8aa4fa1-sock
java_class_path (initial): c:\Users\PAULO ROBERTO\.vscode\extensions\redhat.java-1.55.0-win32-x64\server\plugins\org.eclipse.equinox.launcher_1.7.200.v20260619-2039.jar
Launcher Type: SUN_STANDARD

[Global flags]
    uintx AdaptiveSizePolicyWeight                 = 90                                        {product} {command line}
     intx CICompilerCount                          = 4                                         {product} {ergonomic}
    uintx GCTimeRatio                              = 4                                         {product} {command line}
   size_t InitialHeapSize                          = 104857600                                 {product} {command line}
   size_t MaxHeapSize                              = 2147483648                                {product} {command line}
   size_t MaxNewSize                               = 715653120                                 {product} {ergonomic}
   size_t MinHeapDeltaBytes                        = 524288                                    {product} {ergonomic}
   size_t MinHeapSize                              = 104857600                                 {product} {command line}
   size_t NewSize                                  = 34603008                                  {product} {ergonomic}
    uintx NonNMethodCodeHeapSize                   = 5839372                                {pd product} {ergonomic}
    uintx NonProfiledCodeHeapSize                  = 122909434                              {pd product} {ergonomic}
   size_t OldSize                                  = 70254592                                  {product} {ergonomic}
    uintx ProfiledCodeHeapSize                     = 122909434                              {pd product} {ergonomic}
    uintx ReservedCodeCacheSize                    = 251658240                              {pd product} {ergonomic}
     bool SegmentedCodeCache                       = true                                      {product} {ergonomic}
   size_t SoftMaxHeapSize                          = 2147483648                             {manageable} {ergonomic}
     bool UseCompressedOops                        = true                           {product lp64_product} {ergonomic}
     bool UseLargePagesIndividualAllocation        = false                                  {pd product} {ergonomic}
     bool UseParallelGC                            = true                                      {product} {command line}

Logging:
Log output configuration:
 #0: stdout all=off uptime,level,tags foldmultilines=false
 #1: stderr all=off uptime,level,tags foldmultilines=false

Release file:
JAVA_VERSION="21.0.11" 
MODULES="java.base java.compiler java.datatransfer java.xml java.prefs java.desktop java.instrument java.logging java.management java.security.sasl java.naming java.rmi java.management.rmi java.net.http java.scripting java.security.jgss java.transaction.xa java.sql java.sql.rowset java.xml.crypto java.se java.smartcardio jdk.accessibility jdk.internal.jvmstat jdk.attach jdk.charsets jdk.internal.opt jdk.zipfs jdk.compiler jdk.crypto.ec jdk.crypto.cryptoki jdk.crypto.mscapi jdk.dynalink jdk.internal.ed jdk.editpad jdk.hotspot.agent jdk.httpserver jdk.internal.le jdk.internal.vm.ci jdk.internal.vm.compiler jdk.internal.vm.compiler.management jdk.jartool jdk.javadoc jdk.jcmd jdk.management jdk.management.agent jdk.jconsole jdk.jdeps jdk.jdwp.agent jdk.jdi jdk.jfr jdk.jshell jdk.jsobject jdk.jstatd jdk.localedata jdk.management.jfr jdk.naming.dns jdk.naming.rmi jdk.net jdk.nio.mapmode jdk.random jdk.sctp jdk.security.auth jdk.security.jgss jdk.unsupported jdk.unsupported.desktop jdk.xml.dom" 

Environment Variables:
JAVA_HOME=C:\Program Files\Java\jdk-21
PATH=C:\Program Files\Common Files\Oracle\Java\javapath;C:\WINDOWS\system32;C:\WINDOWS;C:\WINDOWS\System32\Wbem;C:\WINDOWS\System32\WindowsPowerShell\v1.0\;C:\WINDOWS\System32\OpenSSH\;C:\Program Files\dotnet\;C:\Program Files\NVIDIA Corporation\NVIDIA App\NvDLISR;C:\Program Files (x86)\NVIDIA Corporation\PhysX\Common;C:\Program Files\GitHub CLI\;C:\Program Files\nodejs\;C:\Program Files\Git\cmd;C:\Users\PAULO ROBERTO\.local\bin;C:\Users\PAULO ROBERTO\AppData\Local\Microsoft\WindowsApps;C:\Users\PAULO ROBERTO\AppData\Roaming\npm;C:\Users\PAULO ROBERTO\AppData\Local\Programs\Microsoft VS Code\bin;C:\Users\PAULO ROBERTO\.bun\bin;C:\Users\PAULO ROBERTO\AppData\Local\Microsoft\WinGet\Packages\jqlang.jq_Microsoft.Winget.Source_8wekyb3d8bbwe;C:\Users\PAULO ROBERTO\.lmstudio\bin;C:\Users\PAULO ROBERTO\AppData\Local\PowerToys\DSCModules\
USERNAME=PAULO ROBERTO
OS=Windows_NT
PROCESSOR_IDENTIFIER=Intel64 Family 6 Model 186 Stepping 2, GenuineIntel
TMP=C:\Users\PAULOR~1\AppData\Local\Temp
TEMP=C:\Users\PAULOR~1\AppData\Local\Temp




Periodic native trim disabled

---------------  S Y S T E M  ---------------

OS:
 Windows 11 , 64 bit Build 26100 (10.0.26100.9278)
OS uptime: 6 days 9:38 hours
Hyper-V role detected

CPU: total 12 (initial active 12) (6 cores per cpu, 2 threads per core) family 6 model 186 stepping 2 microcode 0x5103, cx8, cmov, fxsr, ht, mmx, 3dnowpref, sse, sse2, sse3, ssse3, sse4.1, sse4.2, popcnt, lzcnt, tsc, tscinvbit, avx, avx2, aes, erms, clmul, bmi1, bmi2, adx, sha, fma, vzeroupper, clflush, clflushopt, clwb, hv, serialize, rdtscp, rdpid, fsrm, f16c, cet_ibt, cet_ss
Processor Information for processor 0
  Max Mhz: 2100, Current Mhz: 2100, Mhz Limit: 2100
Processor Information for processor 1
  Max Mhz: 2100, Current Mhz: 2100, Mhz Limit: 2100
Processor Information for processor 2
  Max Mhz: 2100, Current Mhz: 2100, Mhz Limit: 2100
Processor Information for processor 3
  Max Mhz: 2100, Current Mhz: 2100, Mhz Limit: 2100
Processor Information for processor 4
  Max Mhz: 2100, Current Mhz: 1453, Mhz Limit: 2100
Processor Information for processor 5
  Max Mhz: 2100, Current Mhz: 2100, Mhz Limit: 2100
Processor Information for processor 6
  Max Mhz: 2100, Current Mhz: 2100, Mhz Limit: 2100
Processor Information for processor 7
  Max Mhz: 2100, Current Mhz: 2100, Mhz Limit: 2100
Processor Information for processor 8
  Max Mhz: 2100, Current Mhz: 1540, Mhz Limit: 2100
Processor Information for processor 9
  Max Mhz: 2100, Current Mhz: 1540, Mhz Limit: 2100
Processor Information for processor 10
  Max Mhz: 2100, Current Mhz: 1540, Mhz Limit: 2100
Processor Information for processor 11
  Max Mhz: 2100, Current Mhz: 1540, Mhz Limit: 2100

Memory: 4k page, system-wide physical 16087M (706M free)
TotalPageFile size 32471M (AvailPageFile size 0M)
current process WorkingSet (physical memory assigned to process): 90M, peak: 90M
current process commit charge ("private bytes"): 246M, peak: 246M

vm_info: OpenJDK 64-Bit Server VM (21.0.11+10-LTS) for windows-amd64 JRE (21.0.11+10-LTS), built on 2026-04-21T00:00:00Z by "admin" with MS VC++ 17.12 (VS2022)

END.
