#
# There is insufficient memory for the Java Runtime Environment to continue.
# Native memory allocation (mmap) failed to map 65536 bytes. Error detail: Failed to commit metaspace.
# Possible reasons:
#   The system is out of physical RAM or swap space
#   This process is running with CompressedOops enabled, and the Java Heap may be blocking the growth of the native heap
# Possible solutions:
#   Reduce memory load on the system
#   Increase physical memory or swap space
#   Check if swap backing store is full
#   Decrease Java heap size (-Xmx/-Xms)
#   Decrease number of Java threads
#   Decrease Java thread stack sizes (-Xss)
#   Set larger code cache with -XX:ReservedCodeCacheSize=
#   JVM is running with Unscaled Compressed Oops mode in which the Java heap is
#     placed in the first 4GB address space. The Java Heap base address is the
#     maximum limit for the native heap growth. Please use -XX:HeapBaseMinAddress
#     to set the Java Heap base and to place the Java Heap above 4GB virtual address.
# This output file may be truncated or incomplete.
#
#  Out of Memory Error (virtualSpaceNode.cpp:113), pid=21468, tid=38336
#
# JRE version: OpenJDK Runtime Environment Temurin-21.0.12.1+1 (21.0.12.1+1) (build 21.0.12.1+1-LTS)
# Java VM: OpenJDK 64-Bit Server VM Temurin-21.0.12.1+1 (21.0.12.1+1-LTS, mixed mode, sharing, tiered, compressed oops, compressed class ptrs, parallel gc, windows-amd64)
# No core dump will be written. Minidumps are not enabled by default on client versions of Windows
#

---------------  S U M M A R Y ------------

Command Line: --add-modules=ALL-SYSTEM --add-opens=java.base/java.util=ALL-UNNAMED --add-opens=java.base/java.lang=ALL-UNNAMED --add-opens=java.base/sun.nio.fs=ALL-UNNAMED -Declipse.application=org.eclipse.jdt.ls.core.id1 -Dosgi.bundles.defaultStartLevel=4 -Declipse.product=org.eclipse.jdt.ls.core.product -Djava.import.generatesMetadataFilesAtProjectRoot=false -Dm2e.project.cache.size=50 -DDetectVMInstallationsJob.disabled=true -Dfile.encoding=utf8 -XX:+UseParallelGC -XX:GCTimeRatio=4 -XX:AdaptiveSizePolicyWeight=90 -Dsun.zip.disableMemoryMapping=true -Xmx2G -Xms100m -Xlog:disable -javaagent:c:\Users\PAULO ROBERTO\.vscode\extensions\redhat.java-1.56.0-win32-x64\lombok\lombok-1.18.39-4050.jar c:\Users\PAULO ROBERTO\.vscode\extensions\redhat.java-1.56.0-win32-x64\server\plugins\org.eclipse.equinox.launcher_1.8.0.v20260804-1928.jar -configuration c:\Users\PAULO ROBERTO\AppData\Roaming\Code\User\globalStorage\redhat.java\1.56.0\config_ss_win -data c:\Users\PAULO ROBERTO\AppData\Roaming\Code\User\workspaceStorage\af78278a2264e0da21869ec41e085d06\redhat.java\ss_ws --pipe=\\.\pipe\lsp-b27352cefeb5093d76726334cb0eaa0d-sock

Host: 13th Gen Intel(R) Core(TM) i5-13420H, 12 cores, 15G,  Windows 11 , 64 bit Build 26100 (10.0.26100.9278)
Time: Sun Sep 13 17:27:24 2026 Hora Padrão de Bogotá elapsed time: 20.658127 seconds (0d 0h 0m 20s)

---------------  T H R E A D  ---------------

Current thread (0x000002a59b775080):  JavaThread "Start Level: Equinox Container: 59b62eb3-eedb-41f5-88ee-47d1eaf322b4" daemon [_thread_in_vm, id=38336, stack(0x000000cd46100000,0x000000cd46200000) (1024K)]

Stack: [0x000000cd46100000,0x000000cd46200000]
Native frames: (J=compiled Java code, j=interpreted, Vv=VM code, C=native code)
V  [jvm.dll+0x6d83e9]
V  [jvm.dll+0x8b5736]
V  [jvm.dll+0x8b7cee]
V  [jvm.dll+0x8b83d3]
V  [jvm.dll+0x284596]
V  [jvm.dll+0x8b147e]
V  [jvm.dll+0x679ad4]
V  [jvm.dll+0x1e849b]
V  [jvm.dll+0x1e825e]
V  [jvm.dll+0x67c3d2]
V  [jvm.dll+0x67c202]
V  [jvm.dll+0x67a4ae]
V  [jvm.dll+0x26f864]
V  [jvm.dll+0x21a11f]
V  [jvm.dll+0x20f80e]
V  [jvm.dll+0x5b6a7f]
V  [jvm.dll+0x82f606]
V  [jvm.dll+0x4792f8]
V  [jvm.dll+0x47f128]
C  [java.dll+0x17ec]

Java frames: (J=compiled Java code, j=interpreted, Vv=VM code)
J 1125  java.lang.ClassLoader.defineClass1(Ljava/lang/ClassLoader;Ljava/lang/String;[BIILjava/security/ProtectionDomain;Ljava/lang/String;)Ljava/lang/Class; java.base@21.0.12.1 (0 bytes) @ 0x000002a547ef0a11 [0x000002a547ef0940+0x00000000000000d1]
J 1824 c1 java.lang.ClassLoader.defineClass(Ljava/lang/String;[BIILjava/security/ProtectionDomain;)Ljava/lang/Class; java.base@21.0.12.1 (43 bytes) @ 0x000002a5406db7fc [0x000002a5406db4a0+0x000000000000035c]
j  org.eclipse.osgi.internal.loader.ModuleClassLoader.defineClass(Ljava/lang/String;[BLorg/eclipse/osgi/internal/loader/classpath/ClasspathEntry;)Lorg/eclipse/osgi/internal/loader/ModuleClassLoader$DefineClassResult;+37
j  org.eclipse.osgi.internal.loader.classpath.ClasspathManager.defineClass(Ljava/lang/String;[BLorg/eclipse/osgi/internal/loader/classpath/ClasspathEntry;Lorg/eclipse/osgi/storage/bundlefile/BundleEntry;Ljava/util/List;)Ljava/lang/Class;+424
j  org.eclipse.osgi.internal.loader.classpath.ClasspathManager.findClassImpl(Ljava/lang/String;Lorg/eclipse/osgi/internal/loader/classpath/ClasspathEntry;Ljava/util/List;)Ljava/lang/Class;+288
j  org.eclipse.osgi.internal.loader.classpath.ClasspathManager.findLocalClassImpl(Ljava/lang/String;[Lorg/eclipse/osgi/internal/loader/classpath/ClasspathEntry;Ljava/util/List;)Ljava/lang/Class;+30
j  org.eclipse.osgi.internal.loader.classpath.ClasspathManager.findLocalClassImpl(Ljava/lang/String;Ljava/util/List;)Ljava/lang/Class;+69
j  org.eclipse.osgi.internal.loader.classpath.ClasspathManager.findLocalClass(Ljava/lang/String;)Ljava/lang/Class;+113
j  org.eclipse.osgi.internal.loader.ModuleClassLoader.findLocalClass(Ljava/lang/String;)Ljava/lang/Class;+5
j  org.eclipse.osgi.internal.loader.BundleLoader.findLocalClass(Ljava/lang/String;)Ljava/lang/Class;+65
j  org.eclipse.osgi.internal.loader.BundleLoader.findClass0(Ljava/lang/String;ZZ)Ljava/lang/Class;+327
j  org.eclipse.osgi.internal.loader.BundleLoader.findClass(Ljava/lang/String;)Ljava/lang/Class;+4
j  org.eclipse.osgi.internal.loader.ModuleClassLoader.loadClass(Ljava/lang/String;Z)Ljava/lang/Class;+21
J 1018 c1 java.lang.ClassLoader.loadClass(Ljava/lang/String;)Ljava/lang/Class; java.base@21.0.12.1 (7 bytes) @ 0x000002a54054a554 [0x000002a54054a440+0x0000000000000114]
v  ~StubRoutines::call_stub 0x000002a5478e100d
j  org.apache.felix.scr.impl.Activator.doStart()V+27
j  org.apache.felix.scr.impl.AbstractExtender.start(Lorg/osgi/framework/BundleContext;)V+34
j  org.apache.felix.scr.impl.Activator.restart(ZZ)V+156
j  org.apache.felix.scr.impl.config.ScrConfigurationImpl.configure(Ljava/util/Dictionary;Z)V+494
j  org.apache.felix.scr.impl.config.ScrConfigurationImpl.start(Lorg/osgi/framework/BundleContext;)V+43
j  org.apache.felix.scr.impl.Activator.start(Lorg/osgi/framework/BundleContext;)V+53
j  org.eclipse.osgi.internal.framework.BundleContextImpl$2.run()Ljava/lang/Void;+23
j  org.eclipse.osgi.internal.framework.BundleContextImpl$2.run()Ljava/lang/Object;+1
J 1160 c1 java.security.AccessController.executePrivileged(Ljava/security/PrivilegedExceptionAction;Ljava/security/AccessControlContext;Ljava/lang/Class;)Ljava/lang/Object; java.base@21.0.12.1 (65 bytes) @ 0x000002a54058e3c4 [0x000002a54058e260+0x0000000000000164]
j  java.security.AccessController.doPrivileged(Ljava/security/PrivilegedExceptionAction;)Ljava/lang/Object;+9 java.base@21.0.12.1
j  org.eclipse.osgi.internal.framework.BundleContextImpl.startActivator(Lorg/osgi/framework/BundleActivator;)V+9
j  org.eclipse.osgi.internal.framework.BundleContextImpl.start()V+141
j  org.eclipse.osgi.internal.framework.EquinoxBundle.startWorker0()V+35
j  org.eclipse.osgi.internal.framework.EquinoxBundle$EquinoxModule.startWorker()V+4
j  org.eclipse.osgi.container.Module.doStart([Lorg/eclipse/osgi/container/Module$StartOptions;)Lorg/eclipse/osgi/container/ModuleContainerAdaptor$ModuleEvent;+200
j  org.eclipse.osgi.container.Module.start([Lorg/eclipse/osgi/container/Module$StartOptions;)V+460
j  org.eclipse.osgi.container.ModuleContainer$ContainerStartLevel$2.run()V+83
j  org.eclipse.osgi.internal.framework.EquinoxContainerAdaptor$1$1.execute(Ljava/lang/Runnable;)V+1
j  org.eclipse.osgi.container.ModuleContainer$ContainerStartLevel.incStartLevel(ILjava/util/List;Z)V+193
j  org.eclipse.osgi.container.ModuleContainer$ContainerStartLevel.incStartLevel(ILjava/util/List;Ljava/util/List;Ljava/util/List;Ljava/util/List;)V+19
j  org.eclipse.osgi.container.ModuleContainer$ContainerStartLevel.doContainerStartLevel(Lorg/eclipse/osgi/container/Module;I[Lorg/osgi/framework/FrameworkListener;)V+358
j  org.eclipse.osgi.container.ModuleContainer$ContainerStartLevel.dispatchEvent(Lorg/eclipse/osgi/container/Module;[Lorg/osgi/framework/FrameworkListener;ILjava/lang/Integer;)V+32
j  org.eclipse.osgi.container.ModuleContainer$ContainerStartLevel.dispatchEvent(Ljava/lang/Object;Ljava/lang/Object;ILjava/lang/Object;)V+15
j  org.eclipse.osgi.framework.eventmgr.EventManager.dispatchEvent(Ljava/util/Set;Lorg/eclipse/osgi/framework/eventmgr/EventDispatcher;ILjava/lang/Object;)V+48
j  org.eclipse.osgi.framework.eventmgr.EventManager$EventThread.run()V+26
v  ~StubRoutines::call_stub 0x000002a5478e100d

Compiled method (n/a) 20690 1125     n 0       java.lang.ClassLoader::defineClass1 (native)
 total in heap  [0x000002a547ef0790,0x000002a547ef0c18] = 1160
 relocation     [0x000002a547ef08f0,0x000002a547ef0928] = 56
 main code      [0x000002a547ef0940,0x000002a547ef0c16] = 726
 stub code      [0x000002a547ef0c16,0x000002a547ef0c18] = 2

[Constant Pool (empty)]

[MachCode]
[Entry Point]
  # {method} {0x000002a554434c38} 'defineClass1' '(Ljava/lang/ClassLoader;Ljava/lang/String;[BIILjava/security/ProtectionDomain;Ljava/lang/String;)Ljava/lang/Class;' in 'java/lang/ClassLoader'
  # parm0:    rdx:rdx   = 'java/lang/ClassLoader'
  # parm1:    r8:r8     = 'java/lang/String'
  # parm2:    r9:r9     = '[B'
  # parm3:    rdi       = int
  # parm4:    rsi       = int
  # parm5:    rcx:rcx   = 'java/security/ProtectionDomain'
  # parm6:    [sp+0xa0]   = 'java/lang/String'  (sp of caller)
  0x000002a547ef0940: 448b 5208 | 49bb 0000 | 0054 a502 | 0000 4d03 | d349 3bc2 | 0f84 0600 

  0x000002a547ef0958: ;   {runtime_call ic_miss_stub}
  0x000002a547ef0958: 0000 e921 | dba3 ff90 
[Verified Entry Point]
  0x000002a547ef0960: 8984 2400 | 80ff ff55 | 488b ec48 | 81ec 9000 | 0000 6690 | 4181 7f20 | 0100 0000 

  0x000002a547ef097c: ;   {runtime_call StubRoutines (final stubs)}
  0x000002a547ef097c: 7405 e85d | 80a2 ff48 | 837d 1000 | 488d 4510 | 480f 4445 | 1048 8944 | 2440 4889 | 4c24 7048 
  0x000002a547ef099c: 83f9 0048 | 8d44 2470 | 480f 4444 | 2470 4889 | 4424 3848 | 8974 2430 | 4889 7c24 | 284c 894c 
  0x000002a547ef09bc: 2458 4983 | f900 488d | 4424 5848 | 0f44 4424 | 5848 8944 | 2420 4c89 | 4424 5049 | 83f8 004c 
  0x000002a547ef09dc: 8d4c 2450 | 4c0f 444c | 2450 4889 | 5424 4848 | 83fa 004c | 8d44 2448 | 4c0f 4444 

  0x000002a547ef09f8: ;   {oop(a 'java/lang/Class'{0x0000000080000af0} = 'java/lang/ClassLoader')}
  0x000002a547ef09f8: 2448 49be | f00a 0080 | 0000 0000 | 4c89 7424 | 784c 8d74 | 2478 498b | d6c5 f877 

  0x000002a547ef0a14: ;   {internal_word}
  0x000002a547ef0a14: 49ba 110a | ef47 a502 | 0000 4d89 | 97a8 0300 | 0049 89a7 | a003 0000 

  0x000002a547ef0a2c: ;   {external_word}
  0x000002a547ef0a2c: 49ba 066d | 693d fa7f | 0000 4180 | 3a00 0f84 | 4e00 0000 | 5241 5041 

  0x000002a547ef0a44: ;   {metadata({method} {0x000002a554434c38} 'defineClass1' '(Ljava/lang/ClassLoader;Ljava/lang/String;[BIILjava/security/ProtectionDomain;Ljava/lang/String;)Ljava/lang/Class;' in 'java/lang/ClassLoader')}
  0x000002a547ef0a44: 5148 ba30 | 4c43 54a5 | 0200 0049 | 8bcf 4883 | ec20 40f6 | c40f 0f84 | 1900 0000 | 4883 ec08 
  0x000002a547ef0a64: ;   {runtime_call}
  0x000002a547ef0a64: 48b8 e0ea | 123d fa7f | 0000 ffd0 | 4883 c408 | e90c 0000 

  0x000002a547ef0a78: ;   {runtime_call}
  0x000002a547ef0a78: 0048 b8e0 | ea12 3dfa | 7f00 00ff | d048 83c4 | 2041 5941 | 585a 498d | 8fc0 0300 | 0041 c787 
  0x000002a547ef0a98: 4c04 0000 | 0400 0000 

  0x000002a547ef0aa0: ;   {runtime_call}
  0x000002a547ef0aa0: 48b8 ac16 | 86e2 fa7f | 0000 ffd0 | c5f8 7741 | c787 4c04 | 0000 0500 | 0000 f083 | 4424 c000 
  0x000002a547ef0ac0: 493b af50 | 0400 000f | 870e 0000 | 0041 83bf | 4804 0000 | 000f 842b | 0000 00c5 | f877 4889 
  0x000002a547ef0ae0: 45f8 498b | cf4c 8be4 | 4883 ec20 | 4883 e4f0 

  0x000002a547ef0af0: ;   {runtime_call}
  0x000002a547ef0af0: 48b8 0058 | de3c fa7f | 0000 ffd0 | 498b e44d | 33e4 488b | 45f8 41c7 | 874c 0400 | 0008 0000 
  0x000002a547ef0b10: 0041 83bf | c804 0000 | 020f 84ca 

  0x000002a547ef0b1c: ;   {external_word}
  0x000002a547ef0b1c: 0000 0049 | ba06 6d69 | 3dfa 7f00 | 0041 803a | 000f 844c | 0000 0048 

  0x000002a547ef0b34: ;   {metadata({method} {0x000002a554434c38} 'defineClass1' '(Ljava/lang/ClassLoader;Ljava/lang/String;[BIILjava/security/ProtectionDomain;Ljava/lang/String;)Ljava/lang/Class;' in 'java/lang/ClassLoader')}
  0x000002a547ef0b34: 8945 f848 | ba30 4c43 | 54a5 0200 | 0049 8bcf | 4883 ec20 | 40f6 c40f | 0f84 1900 | 0000 4883 
  0x000002a547ef0b54: ;   {runtime_call}
  0x000002a547ef0b54: ec08 48b8 | e0ea 123d | fa7f 0000 | ffd0 4883 | c408 e90c 

  0x000002a547ef0b68: ;   {runtime_call}
  0x000002a547ef0b68: 0000 0048 | b8e0 ea12 | 3dfa 7f00 | 00ff d048 | 83c4 2048 | 8b45 f849 | c787 a003 | 0000 0000 
  0x000002a547ef0b88: 0000 49c7 | 87a8 0300 | 0000 0000 | 00c5 f877 | 4885 c00f | 8425 0000 | 00a8 030f | 8508 0000 
  0x000002a547ef0ba8: 0048 8b00 | e915 0000 | 00a8 010f | 8509 0000 | 0048 8b40 | fee9 0400 | 0000 488b | 40ff 498b 
  0x000002a547ef0bc8: 8f30 0400 | 00c7 8100 | 0100 0000 | 0000 00c9 | 4983 7f08 | 000f 8501 | 0000 00c3 

  0x000002a547ef0be4: ;   {runtime_call StubRoutines (initial stubs)}
  0x000002a547ef0be4: e917 039f | ffc5 f877 | 4889 45f8 | 4c8b e448 | 83ec 2048 

  0x000002a547ef0bf8: ;   {runtime_call}
  0x000002a547ef0bf8: 83e4 f048 | b830 2213 | 3dfa 7f00 | 00ff d049 | 8be4 4d33 | e448 8b45 | f8e9 09ff | ffff f4f4 
[/MachCode]


Compiled method (c1) 20696 1824       3       java.lang.ClassLoader::defineClass (43 bytes)
 total in heap  [0x000002a5406db290,0x000002a5406dbbf0] = 2400
 relocation     [0x000002a5406db3f0,0x000002a5406db490] = 160
 main code      [0x000002a5406db4a0,0x000002a5406db940] = 1184
 stub code      [0x000002a5406db940,0x000002a5406db9b8] = 120
 metadata       [0x000002a5406db9b8,0x000002a5406db9e8] = 48
 scopes data    [0x000002a5406db9e8,0x000002a5406dbad8] = 240
 scopes pcs     [0x000002a5406dbad8,0x000002a5406dbbb8] = 224
 dependencies   [0x000002a5406dbbb8,0x000002a5406dbbc8] = 16
 nul chk table  [0x000002a5406dbbc8,0x000002a5406dbbf0] = 40

[Constant Pool (empty)]

[MachCode]
[Entry Point]
  # {method} {0x000002a554434fb8} 'defineClass' '(Ljava/lang/String;[BIILjava/security/ProtectionDomain;)Ljava/lang/Class;' in 'java/lang/ClassLoader'
  # this:     rdx:rdx   = 'java/lang/ClassLoader'
  # parm0:    r8:r8     = 'java/lang/String'
  # parm1:    r9:r9     = '[B'
  # parm2:    rdi       = int
  # parm3:    rsi       = int
  # parm4:    rcx:rcx   = 'java/security/ProtectionDomain'
  #           [sp+0xc0]  (sp of caller)
  0x000002a5406db4a0: 448b 5208 | 49bb 0000 | 0054 a502 | 0000 4d03 | d34c 3bd0 

  0x000002a5406db4b4: ;   {runtime_call ic_miss_stub}
  0x000002a5406db4b4: 0f85 c62f | 2507 660f | 1f44 0000 
[Verified Entry Point]
  0x000002a5406db4c0: 8984 2400 | 80ff ff55 | 4881 ecb0 | 0000 0090 | 4181 7f20 | 0100 0000 

  0x000002a5406db4d8: ;   {runtime_call StubRoutines (final stubs)}
  0x000002a5406db4d8: 7405 e801 | d523 0748 | 8954 2478 

  0x000002a5406db4e4: ;   {metadata(method data for {method} {0x000002a554434fb8} 'defineClass' '(Ljava/lang/String;[BIILjava/security/ProtectionDomain;)Ljava/lang/Class;' in 'java/lang/ClassLoader')}
  0x000002a5406db4e4: 48bb 88c4 | 3797 a502 | 0000 8b83 | cc00 0000 | 83c0 0289 | 83cc 0000 | 0025 fe07 | 0000 85c0 
  0x000002a5406db504: 0f84 5803 | 0000 89b4 | 2494 0000 | 0089 bc24 | 9000 0000 | 4c89 8c24 | 8800 0000 

  0x000002a5406db520: ;   {metadata(method data for {method} {0x000002a554434fb8} 'defineClass' '(Ljava/lang/String;[BIILjava/security/ProtectionDomain;)Ljava/lang/Class;' in 'java/lang/ClassLoader')}
  0x000002a5406db520: 488b da48 | b888 c437 | 97a5 0200 | 0048 8380 | 1001 0000 | 0149 8bd8 | 4c8b c34c | 8bc9 488b 
  0x000002a5406db540: ca48 8bd1 | 4889 9c24 | 8000 0000 

  0x000002a5406db54c: ;   {optimized virtual_call}
  0x000002a5406db54c: 6666 90e8 

  0x000002a5406db550: ; ImmutableOopMap {[120]=Oop [128]=Oop [136]=Oop }
                      ;*invokevirtual preDefineClass {reexecute=0 rethrow=0 return_oop=0}
                      ; - java.lang.ClassLoader::defineClass@4
  0x000002a5406db550: 4c7a f0ff 

  0x000002a5406db554: ;   {other}
  0x000002a5406db554: 0f1f 8400 | c402 0000 | 4889 8424 | 9800 0000 | 488b 5424 

  0x000002a5406db568: ;   {metadata(method data for {method} {0x000002a554434fb8} 'defineClass' '(Ljava/lang/String;[BIILjava/security/ProtectionDomain;)Ljava/lang/Class;' in 'java/lang/ClassLoader')}
  0x000002a5406db568: 7849 b888 | c437 97a5 | 0200 0049 | 8380 4801 

  0x000002a5406db578: ;   {metadata(method data for {method} {0x000002a554434ca0} 'defineClassSourceLocation' '(Ljava/security/ProtectionDomain;)Ljava/lang/String;' in 'java/lang/ClassLoader')}
  0x000002a5406db578: 0000 0149 | b8a0 cb37 | 97a5 0200 | 0041 8b90 | cc00 0000 | 83c2 0241 | 8990 cc00 | 0000 81e2 
  0x000002a5406db598: feff 1f00 | 85d2 0f84 | df02 0000 

  0x000002a5406db5a4: ; implicit exception: dispatches to 0x000002a5406db8a4
  0x000002a5406db5a4: 483b 004c 

  0x000002a5406db5a8: ;   {metadata(method data for {method} {0x000002a554434ca0} 'defineClassSourceLocation' '(Ljava/security/ProtectionDomain;)Ljava/lang/String;' in 'java/lang/ClassLoader')}
  0x000002a5406db5a8: 8bc0 48ba | a0cb 3797 | a502 0000 | 4883 8210 | 0100 0001 | 448b 4010 

  0x000002a5406db5c0: ;   {metadata(method data for {method} {0x000002a554434ca0} 'defineClassSourceLocation' '(Ljava/security/ProtectionDomain;)Ljava/lang/String;' in 'java/lang/ClassLoader')}
  0x000002a5406db5c0: 4d85 c048 | baa0 cb37 | 97a5 0200 | 0048 c7c6 | 5801 0000 | 7507 48c7 | c648 0100 | 0048 8b3c 
  0x000002a5406db5e0: 3248 8d7f | 0148 893c | 320f 850f 

  0x000002a5406db5ec: ;   {oop(nullptr)}
  0x000002a5406db5ec: 0000 0048 | bb00 0000 | 0000 0000 | 00e9 a901 | 0000 493b | 0049 8bd0 

  0x000002a5406db604: ;   {metadata(method data for {method} {0x000002a554434ca0} 'defineClassSourceLocation' '(Ljava/security/ProtectionDomain;)Ljava/lang/String;' in 'java/lang/ClassLoader')}
  0x000002a5406db604: 48be a0cb | 3797 a502 | 0000 4883 | 8668 0100 | 0001 418b | 500c 4885 

  0x000002a5406db61c: ;   {metadata(method data for {method} {0x000002a554434ca0} 'defineClassSourceLocation' '(Ljava/security/ProtectionDomain;)Ljava/lang/String;' in 'java/lang/ClassLoader')}
  0x000002a5406db61c: d248 bea0 | cb37 97a5 | 0200 0048 | c7c7 b001 | 0000 7507 | 48c7 c7a0 | 0100 0048 | 8b1c 3e48 
  0x000002a5406db63c: 8d5b 0148 | 891c 3e0f | 850f 0000 

  0x000002a5406db648: ;   {oop(nullptr)}
  0x000002a5406db648: 0048 bb00 | 0000 0000 | 0000 00e9 | 4f01 0000 

  0x000002a5406db658: ;   {metadata(method data for {method} {0x000002a554434ca0} 'defineClassSourceLocation' '(Ljava/security/ProtectionDomain;)Ljava/lang/String;' in 'java/lang/ClassLoader')}
  0x000002a5406db658: 48be a0cb | 3797 a502 | 0000 4883 | 86c0 0100 | 0001 483b | 024c 8bc2 

  0x000002a5406db670: ;   {metadata(method data for {method} {0x000002a554434ca0} 'defineClassSourceLocation' '(Ljava/security/ProtectionDomain;)Ljava/lang/String;' in 'java/lang/ClassLoader')}
  0x000002a5406db670: 48be a0cb | 3797 a502 | 0000 4883 | 86f8 0100 

  0x000002a5406db680: ;   {metadata(method data for {method} {0x000002a55401abf0} 'toString' '()Ljava/lang/String;' in 'java/net/URL')}
  0x000002a5406db680: 0001 49b8 | 50b2 3797 | a502 0000 | 418b b0cc | 0000 0083 | c602 4189 | b0cc 0000 | 0081 e6fe 
  0x000002a5406db6a0: ff1f 0085 | f60f 8408 | 0200 004c 

  0x000002a5406db6ac: ;   {metadata(method data for {method} {0x000002a55401abf0} 'toString' '()Ljava/lang/String;' in 'java/net/URL')}
  0x000002a5406db6ac: 8bc2 48be | 50b2 3797 | a502 0000 | 4883 8610 | 0100 0001 

  0x000002a5406db6c0: ;   {metadata(method data for {method} {0x000002a554428840} 'toExternalForm' '()Ljava/lang/String;' in 'java/net/URL')}
  0x000002a5406db6c0: 49b8 c850 | 3797 a502 | 0000 418b | b0cc 0000 | 0083 c602 | 4189 b0cc | 0000 0081 | e6fe ff1f 
  0x000002a5406db6e0: 0085 f60f | 84eb 0100 | 008b 7238 

  0x000002a5406db6ec: ; implicit exception: dispatches to 0x000002a5406db8f5
  0x000002a5406db6ec: 483b 064c 

  0x000002a5406db6f0: ;   {metadata(method data for {method} {0x000002a554428840} 'toExternalForm' '()Ljava/lang/String;' in 'java/net/URL')}
  0x000002a5406db6f0: 8bc6 48bf | c850 3797 | a502 0000 | 458b 4008 | 49ba 0000 | 0054 a502 | 0000 4d03 | c24c 3b87 
  0x000002a5406db710: 2001 0000 | 750d 4883 | 8728 0100 | 0001 e960 | 0000 004c | 3b87 3001 | 0000 750d | 4883 8738 
  0x000002a5406db730: 0100 0001 | e94a 0000 | 0048 83bf | 2001 0000 | 0075 174c | 8987 2001 | 0000 48c7 | 8728 0100 
  0x000002a5406db750: 0001 0000 | 00e9 2900 | 0000 4883 | bf30 0100 | 0000 7517 | 4c89 8730 | 0100 0048 | c787 3801 
  0x000002a5406db770: 0000 0100 | 0000 e908 | 0000 0048 | 8387 1001 | 0000 014c | 8bc2 488b | d60f 1f40 | 0048 b850 
  0x000002a5406db790: 3421 54a5 

  0x000002a5406db794: ;   {virtual_call}
  0x000002a5406db794: 0200 00e8 

  0x000002a5406db798: ; ImmutableOopMap {[120]=Oop [128]=Oop [136]=Oop [152]=Oop }
                      ;*invokevirtual toExternalForm {reexecute=0 rethrow=0 return_oop=0}
                      ; - java.net.URL::toExternalForm@5
                      ; - java.net.URL::toString@1
                      ; - java.lang.ClassLoader::defineClassSourceLocation@22
                      ; - java.lang.ClassLoader::defineClass@12
  0x000002a5406db798: 645a eeff 

  0x000002a5406db79c: ;   {other}
  0x000002a5406db79c: 0f1f 8400 | 0c05 0001 | 488b d848 | 8b84 2498 | 0000 008b | b424 9400 | 0000 8bbc | 2490 0000 
  0x000002a5406db7bc: 004c 8b8c | 2488 0000 | 004c 8b84 | 2480 0000 | 0048 8b54 

  0x000002a5406db7d0: ;   {metadata(method data for {method} {0x000002a554434fb8} 'defineClass' '(Ljava/lang/String;[BIILjava/security/ProtectionDomain;)Ljava/lang/Class;' in 'java/lang/ClassLoader')}
  0x000002a5406db7d0: 2478 48b9 | 88c4 3797 | a502 0000 | 4883 8180 | 0100 0001 | 4c8b da49 | 8bd3 488b | c848 891c 
  0x000002a5406db7f0: 2466 0f1f 

  0x000002a5406db7f4: ;   {static_call}
  0x000002a5406db7f4: 4400 00e8 

  0x000002a5406db7f8: ; ImmutableOopMap {[120]=Oop [152]=Oop }
                      ;*invokestatic defineClass1 {reexecute=0 rethrow=0 return_oop=0}
                      ; - java.lang.ClassLoader::defineClass@27
  0x000002a5406db7f8: 6451 8107 

  0x000002a5406db7fc: ;   {other}
  0x000002a5406db7fc: 0f1f 8400 | 6c05 0002 | 488b 5424 

  0x000002a5406db808: ;   {metadata(method data for {method} {0x000002a554434fb8} 'defineClass' '(Ljava/lang/String;[BIILjava/security/ProtectionDomain;)Ljava/lang/Class;' in 'java/lang/ClassLoader')}
  0x000002a5406db808: 7849 b888 | c437 97a5 | 0200 0049 | 8380 9001 | 0000 014c | 8bc0 4c8b | 8c24 9800 | 0000 488b 
  0x000002a5406db828: 5424 7848 | 8984 24a0 | 0000 000f 

  0x000002a5406db834: ;   {optimized virtual_call}
  0x000002a5406db834: 1f40 00e8 

  0x000002a5406db838: ; ImmutableOopMap {[160]=Oop }
                      ;*invokevirtual postDefineClass {reexecute=0 rethrow=0 return_oop=0}
                      ; - java.lang.ClassLoader::defineClass@37
  0x000002a5406db838: 6406 f9ff 

  0x000002a5406db83c: ;   {other}
  0x000002a5406db83c: 0f1f 8400 | ac05 0003 | 488b 8424 | a000 0000 | 4881 c4b0 | 0000 005d 

  0x000002a5406db854: ;   {poll_return}
  0x000002a5406db854: 493b a750 | 0400 000f | 8799 0000 

  0x000002a5406db860: ;   {metadata({method} {0x000002a554434fb8} 'defineClass' '(Ljava/lang/String;[BIILjava/security/ProtectionDomain;)Ljava/lang/Class;' in 'java/lang/ClassLoader')}
  0x000002a5406db860: 00c3 49ba | b04f 4354 | a502 0000 | 4c89 5424 | 0848 c704 | 24ff ffff 

  0x000002a5406db878: ;   {runtime_call counter_overflow Runtime1 stub}
  0x000002a5406db878: ffe8 827c 

  0x000002a5406db87c: ; ImmutableOopMap {rdx=Oop r8=Oop r9=Oop rcx=Oop [120]=Oop }
                      ;*synchronization entry
                      ; - java.lang.ClassLoader::defineClass@-1
  0x000002a5406db87c: 3007 e987 

  0x000002a5406db880: ;   {metadata({method} {0x000002a554434ca0} 'defineClassSourceLocation' '(Ljava/security/ProtectionDomain;)Ljava/lang/String;' in 'java/lang/ClassLoader')}
  0x000002a5406db880: fcff ff49 | ba98 4c43 | 54a5 0200 | 004c 8954 | 2408 48c7 | 0424 ffff 

  0x000002a5406db898: ;   {runtime_call counter_overflow Runtime1 stub}
  0x000002a5406db898: ffff e861 

  0x000002a5406db89c: ; ImmutableOopMap {rax=Oop [120]=Oop [128]=Oop [136]=Oop [152]=Oop }
                      ;*synchronization entry
                      ; - java.lang.ClassLoader::defineClassSourceLocation@-1
                      ; - java.lang.ClassLoader::defineClass@12
  0x000002a5406db89c: 7c30 07e9 | 00fd ffff 

  0x000002a5406db8a4: ;   {runtime_call throw_null_pointer_exception Runtime1 stub}
  0x000002a5406db8a4: e857 2230 

  0x000002a5406db8a8: ; ImmutableOopMap {rax=Oop [120]=Oop [128]=Oop [136]=Oop [152]=Oop }
                      ;*invokevirtual getCodeSource {reexecute=0 rethrow=0 return_oop=0}
                      ; - java.lang.ClassLoader::defineClassSourceLocation@1
                      ; - java.lang.ClassLoader::defineClass@12
                      ;   {runtime_call throw_null_pointer_exception Runtime1 stub}
  0x000002a5406db8a8: 07e8 5222 

  0x000002a5406db8ac: ; ImmutableOopMap {rax=Oop r8=Oop [120]=Oop [128]=Oop [136]=Oop [152]=Oop }
                      ;*invokevirtual getLocation {reexecute=0 rethrow=0 return_oop=0}
                      ; - java.lang.ClassLoader::defineClassSourceLocation@12
                      ; - java.lang.ClassLoader::defineClass@12
                      ;   {runtime_call throw_null_pointer_exception Runtime1 stub}
  0x000002a5406db8ac: 3007 e84d 

  0x000002a5406db8b0: ; ImmutableOopMap {rdx=Oop [120]=Oop [128]=Oop [136]=Oop [152]=Oop }
                      ;*invokevirtual toString {reexecute=0 rethrow=0 return_oop=0}
                      ; - java.lang.ClassLoader::defineClassSourceLocation@22
                      ; - java.lang.ClassLoader::defineClass@12
                      ;   {metadata({method} {0x000002a55401abf0} 'toString' '()Ljava/lang/String;' in 'java/net/URL')}
  0x000002a5406db8b0: 2230 0749 | bae8 ab01 | 54a5 0200 | 004c 8954 | 2408 48c7 | 0424 ffff 

  0x000002a5406db8c8: ;   {runtime_call counter_overflow Runtime1 stub}
  0x000002a5406db8c8: ffff e831 

  0x000002a5406db8cc: ; ImmutableOopMap {rdx=Oop [120]=Oop [128]=Oop [136]=Oop [152]=Oop }
                      ;*synchronization entry
                      ; - java.net.URL::toString@-1
                      ; - java.lang.ClassLoader::defineClassSourceLocation@22
                      ; - java.lang.ClassLoader::defineClass@12
  0x000002a5406db8cc: 7c30 07e9 | d7fd ffff 

  0x000002a5406db8d4: ;   {metadata({method} {0x000002a554428840} 'toExternalForm' '()Ljava/lang/String;' in 'java/net/URL')}
  0x000002a5406db8d4: 49ba 3888 | 4254 a502 | 0000 4c89 | 5424 0848 | c704 24ff 

  0x000002a5406db8e8: ;   {runtime_call counter_overflow Runtime1 stub}
  0x000002a5406db8e8: ffff ffe8 

  0x000002a5406db8ec: ; ImmutableOopMap {rdx=Oop [120]=Oop [128]=Oop [136]=Oop [152]=Oop }
                      ;*synchronization entry
                      ; - java.net.URL::toExternalForm@-1
                      ; - java.net.URL::toString@1
                      ; - java.lang.ClassLoader::defineClassSourceLocation@22
                      ; - java.lang.ClassLoader::defineClass@12
  0x000002a5406db8ec: 107c 3007 | e9f4 fdff 

  0x000002a5406db8f4: ;   {runtime_call throw_null_pointer_exception Runtime1 stub}
  0x000002a5406db8f4: ffe8 0622 

  0x000002a5406db8f8: ; ImmutableOopMap {rdx=Oop rsi=Oop [120]=Oop [128]=Oop [136]=Oop [152]=Oop }
                      ;*invokevirtual toExternalForm {reexecute=0 rethrow=0 return_oop=0}
                      ; - java.net.URL::toExternalForm@5
                      ; - java.net.URL::toString@1
                      ; - java.lang.ClassLoader::defineClassSourceLocation@22
                      ; - java.lang.ClassLoader::defineClass@12
                      ;   {internal_word}
  0x000002a5406db8f8: 3007 49ba | 54b8 6d40 | a502 0000 | 4d89 9768 

  0x000002a5406db908: ;   {runtime_call SafepointBlob}
  0x000002a5406db908: 0400 00e9 | f091 2507 | 498b 8700 | 0500 0049 | c787 0005 | 0000 0000 | 0000 49c7 | 8708 0500 
  0x000002a5406db928: 0000 0000 | 0048 81c4 | b000 0000 

  0x000002a5406db934: ;   {runtime_call unwind_exception Runtime1 stub}
  0x000002a5406db934: 5de9 c612 | 3007 f4f4 | f4f4 f4f4 
[Stub Code]
  0x000002a5406db940: ;   {no_reloc}
  0x000002a5406db940: 0f1f 4400 

  0x000002a5406db944: ;   {static_stub}
  0x000002a5406db944: 0048 bb00 | 0000 0000 

  0x000002a5406db94c: ;   {runtime_call nmethod}
  0x000002a5406db94c: 0000 00e9 | fbff ffff 

  0x000002a5406db954: ;   {static_stub}
  0x000002a5406db954: 48bb 0000 | 0000 0000 

  0x000002a5406db95c: ;   {runtime_call nmethod}
  0x000002a5406db95c: 0000 e9fb 

  0x000002a5406db960: ;   {static_stub}
  0x000002a5406db960: ffff ff48 | bb00 0000 | 0000 0000 

  0x000002a5406db96c: ;   {runtime_call nmethod}
  0x000002a5406db96c: 00e9 fbff 

  0x000002a5406db970: ;   {static_stub}
  0x000002a5406db970: ffff 48bb | 0000 0000 | 0000 0000 

  0x000002a5406db97c: ;   {runtime_call nmethod}
  0x000002a5406db97c: e9fb ffff 

  0x000002a5406db980: ;   {runtime_call handle_exception_from_callee Runtime1 stub}
  0x000002a5406db980: ffe8 7a45 

  0x000002a5406db984: ;   {external_word}
  0x000002a5406db984: 3007 48b9 | 5063 3f3d | fa7f 0000 | 4883 e4f0 

  0x000002a5406db994: ;   {runtime_call}
  0x000002a5406db994: 48b8 c0c9 | 013d fa7f | 0000 ffd0 

  0x000002a5406db9a0: ;   {section_word}
  0x000002a5406db9a0: f449 baa1 | b96d 40a5 | 0200 0041 

  0x000002a5406db9ac: ;   {runtime_call DeoptimizationBlob}
  0x000002a5406db9ac: 52e9 ee83 | 2507 f4f4 | f4f4 f4f4 
[/MachCode]


Compiled method (c1) 20715 1018       3       java.lang.ClassLoader::loadClass (7 bytes)
 total in heap  [0x000002a54054a290,0x000002a54054a680] = 1008
 relocation     [0x000002a54054a3f0,0x000002a54054a430] = 64
 main code      [0x000002a54054a440,0x000002a54054a5d0] = 400
 stub code      [0x000002a54054a5d0,0x000002a54054a618] = 72
 metadata       [0x000002a54054a618,0x000002a54054a620] = 8
 scopes data    [0x000002a54054a620,0x000002a54054a638] = 24
 scopes pcs     [0x000002a54054a638,0x000002a54054a678] = 64
 dependencies   [0x000002a54054a678,0x000002a54054a680] = 8

[Constant Pool (empty)]

[MachCode]
[Entry Point]
  # {method} {0x000002a5540143f0} 'loadClass' '(Ljava/lang/String;)Ljava/lang/Class;' in 'java/lang/ClassLoader'
  # this:     rdx:rdx   = 'java/lang/ClassLoader'
  # parm0:    r8:r8     = 'java/lang/String'
  #           [sp+0x40]  (sp of caller)
  0x000002a54054a440: 448b 5208 | 49bb 0000 | 0054 a502 | 0000 4d03 | d34c 3bd0 

  0x000002a54054a454: ;   {runtime_call ic_miss_stub}
  0x000002a54054a454: 0f85 2640 | 3e07 660f | 1f44 0000 
[Verified Entry Point]
  0x000002a54054a460: 8984 2400 | 80ff ff55 | 4883 ec30 | 4181 7f20 | 0100 0000 

  0x000002a54054a474: ;   {runtime_call StubRoutines (final stubs)}
  0x000002a54054a474: 7405 e865 

  0x000002a54054a478: ;   {metadata(method data for {method} {0x000002a5540143f0} 'loadClass' '(Ljava/lang/String;)Ljava/lang/Class;' in 'java/lang/ClassLoader')}
  0x000002a54054a478: e53c 0749 | b990 d02b | 97a5 0200 | 0041 8bb1 | cc00 0000 | 83c6 0241 | 89b1 cc00 | 0000 81e6 
  0x000002a54054a498: fe07 0000 | 85f6 0f84 | cb00 0000 

  0x000002a54054a4a4: ;   {metadata(method data for {method} {0x000002a5540143f0} 'loadClass' '(Ljava/lang/String;)Ljava/lang/Class;' in 'java/lang/ClassLoader')}
  0x000002a54054a4a4: 4c8b ca48 | be90 d02b | 97a5 0200 | 0045 8b49 | 0849 ba00 | 0000 54a5 | 0200 004d | 03ca 4c3b 
  0x000002a54054a4c4: 8e20 0100 | 0075 0d48 | 8386 2801 | 0000 01e9 | 6000 0000 | 4c3b 8e30 | 0100 0075 | 0d48 8386 
  0x000002a54054a4e4: 3801 0000 | 01e9 4a00 | 0000 4883 | be20 0100 | 0000 7517 | 4c89 8e20 | 0100 0048 | c786 2801 
  0x000002a54054a504: 0000 0100 | 0000 e929 | 0000 0048 | 83be 3001 | 0000 0075 | 174c 898e | 3001 0000 | 48c7 8638 
  0x000002a54054a524: 0100 0001 | 0000 00e9 | 0800 0000 | 4883 8610 | 0100 0001 | 41b9 0000 | 0000 0f1f | 8000 0000 
  0x000002a54054a544: 0048 b8ff | ffff ffff 

  0x000002a54054a54c: ;   {virtual_call}
  0x000002a54054a54c: ffff ffe8 

  0x000002a54054a550: ; ImmutableOopMap {}
                      ;*invokevirtual loadClass {reexecute=0 rethrow=0 return_oop=0}
                      ; - java.lang.ClassLoader::loadClass@3
  0x000002a54054a550: 3cda 4907 

  0x000002a54054a554: ;   {other}
  0x000002a54054a554: 0f1f 8400 | c402 0000 | 4883 c430 

  0x000002a54054a560: ;   {poll_return}
  0x000002a54054a560: 5d49 3ba7 | 5004 0000 | 0f87 2200 

  0x000002a54054a56c: ;   {metadata({method} {0x000002a5540143f0} 'loadClass' '(Ljava/lang/String;)Ljava/lang/Class;' in 'java/lang/ClassLoader')}
  0x000002a54054a56c: 0000 c349 | bae8 4301 | 54a5 0200 | 004c 8954 | 2408 48c7 | 0424 ffff 

  0x000002a54054a584: ;   {runtime_call counter_overflow Runtime1 stub}
  0x000002a54054a584: ffff e875 

  0x000002a54054a588: ; ImmutableOopMap {rdx=Oop r8=Oop }
                      ;*synchronization entry
                      ; - java.lang.ClassLoader::loadClass@-1
  0x000002a54054a588: 8f49 07e9 | 14ff ffff 

  0x000002a54054a590: ;   {internal_word}
  0x000002a54054a590: 49ba 61a5 | 5440 a502 | 0000 4d89 | 9768 0400 

  0x000002a54054a5a0: ;   {runtime_call SafepointBlob}
  0x000002a54054a5a0: 00e9 5aa5 | 3e07 498b | 8700 0500 | 0049 c787 | 0005 0000 | 0000 0000 | 49c7 8708 | 0500 0000 
  0x000002a54054a5c0: 0000 0048 | 83c4 305d 

  0x000002a54054a5c8: ;   {runtime_call unwind_exception Runtime1 stub}
  0x000002a54054a5c8: e933 2649 | 07f4 f4f4 
[Stub Code]
  0x000002a54054a5d0: ;   {no_reloc}
  0x000002a54054a5d0: 0f1f 4400 

  0x000002a54054a5d4: ;   {static_stub}
  0x000002a54054a5d4: 0048 bb00 | 0000 0000 

  0x000002a54054a5dc: ;   {runtime_call nmethod}
  0x000002a54054a5dc: 0000 00e9 | fbff ffff 
[Exception Handler]
  0x000002a54054a5e4: ;   {runtime_call handle_exception_from_callee Runtime1 stub}
  0x000002a54054a5e4: e817 5949 

  0x000002a54054a5e8: ;   {external_word}
  0x000002a54054a5e8: 0748 b950 | 633f 3dfa | 7f00 0048 

  0x000002a54054a5f4: ;   {runtime_call}
  0x000002a54054a5f4: 83e4 f048 | b8c0 c901 | 3dfa 7f00 | 00ff d0f4 
[Deopt Handler Code]
  0x000002a54054a604: ;   {section_word}
  0x000002a54054a604: 49ba 04a6 | 5440 a502 | 0000 4152 

  0x000002a54054a610: ;   {runtime_call DeoptimizationBlob}
  0x000002a54054a610: e98b 973e | 07f4 f4f4 
[/MachCode]


---------------  P R O C E S S  ---------------

Threads class SMR info:
_java_thread_list=0x000002a59b847450, length=14, elements={
0x000002a53d1ae1e0, 0x000002a53d255fb0, 0x000002a53d257f00, 0x000002a53d25b8b0,
0x000002a53d25c310, 0x000002a53d2602e0, 0x000002a53d266030, 0x000002a53d26c3d0,
0x000002a595f26f90, 0x000002a5961060d0, 0x000002a59b0050b0, 0x000002a59b78d810,
0x000002a59b774a10, 0x000002a59b775080
}

Java Threads: ( => current thread )
  0x000002a53d1ae1e0 JavaThread "main"                              [_thread_blocked, id=43580, stack(0x000000cd45300000,0x000000cd45400000) (1024K)]
  0x000002a53d255fb0 JavaThread "Reference Handler"          daemon [_thread_blocked, id=44212, stack(0x000000cd45700000,0x000000cd45800000) (1024K)]
  0x000002a53d257f00 JavaThread "Finalizer"                  daemon [_thread_blocked, id=35084, stack(0x000000cd45800000,0x000000cd45900000) (1024K)]
  0x000002a53d25b8b0 JavaThread "Signal Dispatcher"          daemon [_thread_blocked, id=35968, stack(0x000000cd45900000,0x000000cd45a00000) (1024K)]
  0x000002a53d25c310 JavaThread "Attach Listener"            daemon [_thread_blocked, id=4256, stack(0x000000cd45a00000,0x000000cd45b00000) (1024K)]
  0x000002a53d2602e0 JavaThread "Service Thread"             daemon [_thread_blocked, id=45220, stack(0x000000cd45b00000,0x000000cd45c00000) (1024K)]
  0x000002a53d266030 JavaThread "Monitor Deflation Thread"   daemon [_thread_blocked, id=27280, stack(0x000000cd45c00000,0x000000cd45d00000) (1024K)]
  0x000002a53d26c3d0 JavaThread "C2 CompilerThread0"         daemon [_thread_blocked, id=38756, stack(0x000000cd45d00000,0x000000cd45e00000) (1024K)]
  0x000002a595f26f90 JavaThread "C1 CompilerThread0"         daemon [_thread_blocked, id=19088, stack(0x000000cd45e00000,0x000000cd45f00000) (1024K)]
  0x000002a5961060d0 JavaThread "Common-Cleaner"             daemon [_thread_blocked, id=15976, stack(0x000000cd45f00000,0x000000cd46000000) (1024K)]
  0x000002a59b0050b0 JavaThread "Notification Thread"        daemon [_thread_blocked, id=20596, stack(0x000000cd46200000,0x000000cd46300000) (1024K)]
  0x000002a59b78d810 JavaThread "Active Thread: Equinox Container: 59b62eb3-eedb-41f5-88ee-47d1eaf322b4"        [_thread_blocked, id=36768, stack(0x000000cd46900000,0x000000cd46a00000) (1024K)]
  0x000002a59b774a10 JavaThread "Framework Event Dispatcher: Equinox Container: 59b62eb3-eedb-41f5-88ee-47d1eaf322b4" daemon [_thread_blocked, id=40616, stack(0x000000cd46000000,0x000000cd46100000) (1024K)]
=>0x000002a59b775080 JavaThread "Start Level: Equinox Container: 59b62eb3-eedb-41f5-88ee-47d1eaf322b4" daemon [_thread_in_vm, id=38336, stack(0x000000cd46100000,0x000000cd46200000) (1024K)]
Total: 14

Other Threads:
  0x000002a595f00e40 VMThread "VM Thread"                           [id=44028, stack(0x000000cd45600000,0x000000cd45700000) (1024K)]
  0x000002a53d03ca00 WatcherThread "VM Periodic Task Thread"        [id=11484, stack(0x000000cd45500000,0x000000cd45600000) (1024K)]
  0x000002a53d1ccbb0 WorkerThread "GC Thread#0"                     [id=42212, stack(0x000000cd45400000,0x000000cd45500000) (1024K)]
  0x000002a59b346000 WorkerThread "GC Thread#1"                     [id=23060, stack(0x000000cd46300000,0x000000cd46400000) (1024K)]
  0x000002a59b3463b0 WorkerThread "GC Thread#2"                     [id=23700, stack(0x000000cd46400000,0x000000cd46500000) (1024K)]
  0x000002a59b346760 WorkerThread "GC Thread#3"                     [id=8492, stack(0x000000cd46500000,0x000000cd46600000) (1024K)]
  0x000002a59b517a10 WorkerThread "GC Thread#4"                     [id=45736, stack(0x000000cd46600000,0x000000cd46700000) (1024K)]
  0x000002a59b477c30 WorkerThread "GC Thread#5"                     [id=19792, stack(0x000000cd46700000,0x000000cd46800000) (1024K)]
  0x000002a59b478ea0 WorkerThread "GC Thread#6"                     [id=23320, stack(0x000000cd46800000,0x000000cd46900000) (1024K)]
  0x000002a59b477fe0 WorkerThread "GC Thread#7"                     [id=36920, stack(0x000000cd46a00000,0x000000cd46b00000) (1024K)]
Total: 10

Threads with active compile tasks:
Total: 0

VM state: not at safepoint (normal execution)

VM Mutex/Monitor currently owned by a thread:  ([mutex/lock_event])
[0x00007ffa3d6ad530] Metaspace_lock - owner thread: 0x000002a59b775080

Heap address: 0x0000000080000000, size: 2048 MB, Compressed Oops mode: 32-bit

CDS archive(s) mapped at: [0x000002a554000000-0x000002a554ba0000-0x000002a554ba0000), size 12189696, SharedBaseAddress: 0x000002a554000000, ArchiveRelocationMode: 1.
Compressed class space mapped at: 0x000002a555000000-0x000002a595000000, reserved size: 1073741824
Narrow klass base: 0x000002a554000000, Narrow klass shift: 0, Narrow klass range: 0x100000000

GC Precious Log:
 CardTable entry size: 512
 CPUs: 12 total, 12 available
 Memory: 16087M
 Large Page Support: Disabled
 NUMA Support: Disabled
 Compressed Oops: Enabled (32-bit)
 Alignments: Space 512K, Generation 512K, Heap 2M
 Heap Min Capacity: 100M
 Heap Initial Capacity: 100M
 Heap Max Capacity: 2G
 Pre-touch: Disabled
 Parallel Workers: 10

Heap:
 PSYoungGen      total 29696K, used 5196K [0x00000000d5580000, 0x00000000d7680000, 0x0000000100000000)
  eden space 25600K, 4% used [0x00000000d5580000,0x00000000d56943b0,0x00000000d6e80000)
  from space 4096K, 99% used [0x00000000d7280000,0x00000000d767f000,0x00000000d7680000)
  to   space 4096K, 0% used [0x00000000d6e80000,0x00000000d6e80000,0x00000000d7280000)
 ParOldGen       total 68608K, used 1051K [0x0000000080000000, 0x0000000084300000, 0x00000000d5580000)
  object space 68608K, 1% used [0x0000000080000000,0x0000000080106ec8,0x0000000084300000)
 Metaspace       used 8236K, committed 8512K, reserved 1114112K
  class space    used 875K, committed 1024K, reserved 1048576K

Card table byte_map: [0x000002a53cb50000,0x000002a53cf60000] _byte_map_base: 0x000002a53c750000

Marking Bits: (ParMarkBitMap*) 0x00007ffa3d6b44a0
 Begin Bits: [0x000002a54f660000, 0x000002a551660000)
 End Bits:   [0x000002a551660000, 0x000002a553660000)

Polling page: 0x000002a53b000000

Metaspace:

Usage:
  Non-class:      7.19 MB used.
      Class:    875.80 KB used.
       Both:      8.04 MB used.

Virtual space:
  Non-class space:       64.00 MB reserved,       7.31 MB ( 11%) committed,  1 nodes.
      Class space:        1.00 GB reserved,       1.00 MB ( <1%) committed,  1 nodes.
             Both:        1.06 GB reserved,       8.31 MB ( <1%) committed. 

Chunk freelists:
   Non-Class:  8.61 MB
       Class:  14.87 MB
        Both:  23.48 MB

MaxMetaspaceSize: unlimited
CompressedClassSpaceSize: 1.00 GB
Initial GC threshold: 21.00 MB
Current GC threshold: 21.00 MB
CDS: on
 - commit_granule_bytes: 65536.
 - commit_granule_words: 8192.
 - virtual_space_node_default_size: 8388608.
 - enlarge_chunks_in_place: 1.
 - use_allocation_guard: 0.


Internal statistics:

num_allocs_failed_limit: 0.
num_arena_births: 236.
num_arena_deaths: 0.
num_vsnodes_births: 2.
num_vsnodes_deaths: 0.
num_space_committed: 133.
num_space_uncommitted: 0.
num_chunks_returned_to_freelist: 0.
num_chunks_taken_from_freelist: 446.
num_chunk_merges: 0.
num_chunk_splits: 285.
num_chunks_enlarged: 188.
num_inconsistent_stats: 0.

CodeHeap 'non-profiled nmethods': size=120000Kb used=777Kb max_used=777Kb free=119222Kb
 bounds [0x000002a547e80000, 0x000002a5480f0000, 0x000002a54f3b0000]
CodeHeap 'profiled nmethods': size=120000Kb used=3251Kb max_used=3251Kb free=116748Kb
 bounds [0x000002a5403b0000, 0x000002a5406e0000, 0x000002a5478e0000]
CodeHeap 'non-nmethods': size=5760Kb used=1216Kb max_used=1242Kb free=4543Kb
 bounds [0x000002a5478e0000, 0x000002a547b50000, 0x000002a547e80000]
CodeCache: size=245760Kb, used=5244Kb, max_used=5270Kb, free=240513Kb
 total_blobs=2311, nmethods=1828, adapters=390, full_count=0
Compilation: enabled, stopped_count=0, restarted_count=0

Compilation events (20 events):
Event: 20.361 Thread 0x000002a595f26f90 1821       3       java.lang.System$2::getCarrierThreadLocal (5 bytes)
Event: 20.361 Thread 0x000002a595f26f90 nmethod 1821 0x000002a5406d8c90 code [0x000002a5406d8e40, 0x000002a5406d9098]
Event: 20.369 Thread 0x000002a595f26f90 1822       3       java.net.URLStreamHandler::setURL (159 bytes)
Event: 20.370 Thread 0x000002a595f26f90 nmethod 1822 0x000002a5406d9190 code [0x000002a5406d9520, 0x000002a5406da990]
Event: 20.377 Thread 0x000002a53d26c3d0 1823       4       java.lang.StringLatin1::indexOf (121 bytes)
Event: 20.380 Thread 0x000002a53d26c3d0 nmethod 1823 0x000002a547f41710 code [0x000002a547f418a0, 0x000002a547f41b58]
Event: 20.380 Thread 0x000002a595f26f90 1824       3       java.lang.ClassLoader::defineClass (43 bytes)
Event: 20.381 Thread 0x000002a595f26f90 nmethod 1824 0x000002a5406db290 code [0x000002a5406db4a0, 0x000002a5406db9b8]
Event: 20.381 Thread 0x000002a595f26f90 1825       3       java.lang.ClassLoader::defineClassSourceLocation (28 bytes)
Event: 20.381 Thread 0x000002a595f26f90 nmethod 1825 0x000002a5406dbc10 code [0x000002a5406dbde0, 0x000002a5406dc160]
Event: 20.394 Thread 0x000002a595f26f90 1826       3       java.util.concurrent.locks.ReentrantLock$Sync::isHeldExclusively (16 bytes)
Event: 20.394 Thread 0x000002a595f26f90 nmethod 1826 0x000002a5406dc310 code [0x000002a5406dc4c0, 0x000002a5406dc650]
Event: 20.396 Thread 0x000002a53d26c3d0 1827       4       java.util.concurrent.locks.ReentrantLock::unlock (10 bytes)
Event: 20.397 Thread 0x000002a595f26f90 1828       3       java.lang.ThreadLocal::get (8 bytes)
Event: 20.397 Thread 0x000002a595f26f90 nmethod 1828 0x000002a5406dc710 code [0x000002a5406dc8c0, 0x000002a5406dca18]
Event: 20.399 Thread 0x000002a53d26c3d0 nmethod 1827 0x000002a547f41d90 code [0x000002a547f41f40, 0x000002a547f420b8]
Event: 20.558 Thread 0x000002a595f26f90 1829       1       org.eclipse.osgi.internal.loader.EquinoxClassLoader::getBundleLoader (5 bytes)
Event: 20.558 Thread 0x000002a595f26f90 nmethod 1829 0x000002a547f42290 code [0x000002a547f42420, 0x000002a547f424e8]
Event: 20.558 Thread 0x000002a595f26f90 1830       3       java.util.Collections$EmptyList::iterator (4 bytes)
Event: 20.558 Thread 0x000002a595f26f90 nmethod 1830 0x000002a5406dcb10 code [0x000002a5406dccc0, 0x000002a5406dce30]

GC Heap History (4 events):
Event: 2.013 GC heap before
{Heap before GC invocations=1 (full 0):
 PSYoungGen      total 29696K, used 25600K [0x00000000d5580000, 0x00000000d7680000, 0x0000000100000000)
  eden space 25600K, 100% used [0x00000000d5580000,0x00000000d6e80000,0x00000000d6e80000)
  from space 4096K, 0% used [0x00000000d7280000,0x00000000d7280000,0x00000000d7680000)
  to   space 4096K, 0% used [0x00000000d6e80000,0x00000000d6e80000,0x00000000d7280000)
 ParOldGen       total 68608K, used 0K [0x0000000080000000, 0x0000000084300000, 0x00000000d5580000)
  object space 68608K, 0% used [0x0000000080000000,0x0000000080000000,0x0000000084300000)
 Metaspace       used 4306K, committed 4544K, reserved 1114112K
  class space    used 472K, committed 576K, reserved 1048576K
}
Event: 2.018 GC heap after
{Heap after GC invocations=1 (full 0):
 PSYoungGen      total 29696K, used 3287K [0x00000000d5580000, 0x00000000d7680000, 0x0000000100000000)
  eden space 25600K, 0% used [0x00000000d5580000,0x00000000d5580000,0x00000000d6e80000)
  from space 4096K, 80% used [0x00000000d6e80000,0x00000000d71b5ea8,0x00000000d7280000)
  to   space 4096K, 0% used [0x00000000d7280000,0x00000000d7280000,0x00000000d7680000)
 ParOldGen       total 68608K, used 16K [0x0000000080000000, 0x0000000084300000, 0x00000000d5580000)
  object space 68608K, 0% used [0x0000000080000000,0x0000000080004000,0x0000000084300000)
 Metaspace       used 4306K, committed 4544K, reserved 1114112K
  class space    used 472K, committed 576K, reserved 1048576K
}
Event: 20.390 GC heap before
{Heap before GC invocations=2 (full 0):
 PSYoungGen      total 29696K, used 28887K [0x00000000d5580000, 0x00000000d7680000, 0x0000000100000000)
  eden space 25600K, 100% used [0x00000000d5580000,0x00000000d6e80000,0x00000000d6e80000)
  from space 4096K, 80% used [0x00000000d6e80000,0x00000000d71b5ea8,0x00000000d7280000)
  to   space 4096K, 0% used [0x00000000d7280000,0x00000000d7280000,0x00000000d7680000)
 ParOldGen       total 68608K, used 16K [0x0000000080000000, 0x0000000084300000, 0x00000000d5580000)
  object space 68608K, 0% used [0x0000000080000000,0x0000000080004000,0x0000000084300000)
 Metaspace       used 8169K, committed 8448K, reserved 1114112K
  class space    used 862K, committed 960K, reserved 1048576K
}
Event: 20.394 GC heap after
{Heap after GC invocations=2 (full 0):
 PSYoungGen      total 29696K, used 4092K [0x00000000d5580000, 0x00000000d7680000, 0x0000000100000000)
  eden space 25600K, 0% used [0x00000000d5580000,0x00000000d5580000,0x00000000d6e80000)
  from space 4096K, 99% used [0x00000000d7280000,0x00000000d767f000,0x00000000d7680000)
  to   space 4096K, 0% used [0x00000000d6e80000,0x00000000d6e80000,0x00000000d7280000)
 ParOldGen       total 68608K, used 1051K [0x0000000080000000, 0x0000000084300000, 0x00000000d5580000)
  object space 68608K, 1% used [0x0000000080000000,0x0000000080106ec8,0x0000000084300000)
 Metaspace       used 8169K, committed 8448K, reserved 1114112K
  class space    used 862K, committed 960K, reserved 1048576K
}

Dll operation events (18 events):
Event: 0.091 Attempting to load shared library c:\Users\PAULO ROBERTO\.vscode\extensions\redhat.java-1.56.0-win32-x64\jre\21.0.12.1-win32-x86_64\bin\java.dll
Event: 0.091 Loaded shared library c:\Users\PAULO ROBERTO\.vscode\extensions\redhat.java-1.56.0-win32-x64\jre\21.0.12.1-win32-x86_64\bin\java.dll
Event: 1.082 Attempting to load shared library c:\Users\PAULO ROBERTO\.vscode\extensions\redhat.java-1.56.0-win32-x64\jre\21.0.12.1-win32-x86_64\bin\zip.dll
Event: 1.083 Loaded shared library c:\Users\PAULO ROBERTO\.vscode\extensions\redhat.java-1.56.0-win32-x64\jre\21.0.12.1-win32-x86_64\bin\zip.dll
Event: 1.128 Attempting to load shared library C:\Users\PAULO ROBERTO\.vscode\extensions\redhat.java-1.56.0-win32-x64\jre\21.0.12.1-win32-x86_64\bin\instrument.dll
Event: 1.128 Loaded shared library C:\Users\PAULO ROBERTO\.vscode\extensions\redhat.java-1.56.0-win32-x64\jre\21.0.12.1-win32-x86_64\bin\instrument.dll
Event: 1.134 Attempting to load shared library C:\Users\PAULO ROBERTO\.vscode\extensions\redhat.java-1.56.0-win32-x64\jre\21.0.12.1-win32-x86_64\bin\net.dll
Event: 1.135 Loaded shared library C:\Users\PAULO ROBERTO\.vscode\extensions\redhat.java-1.56.0-win32-x64\jre\21.0.12.1-win32-x86_64\bin\net.dll
Event: 1.244 Attempting to load shared library C:\Users\PAULO ROBERTO\.vscode\extensions\redhat.java-1.56.0-win32-x64\jre\21.0.12.1-win32-x86_64\bin\nio.dll
Event: 1.245 Loaded shared library C:\Users\PAULO ROBERTO\.vscode\extensions\redhat.java-1.56.0-win32-x64\jre\21.0.12.1-win32-x86_64\bin\nio.dll
Event: 1.250 Attempting to load shared library C:\Users\PAULO ROBERTO\.vscode\extensions\redhat.java-1.56.0-win32-x64\jre\21.0.12.1-win32-x86_64\bin\zip.dll
Event: 1.250 Loaded shared library C:\Users\PAULO ROBERTO\.vscode\extensions\redhat.java-1.56.0-win32-x64\jre\21.0.12.1-win32-x86_64\bin\zip.dll
Event: 1.274 Attempting to load shared library C:\Users\PAULO ROBERTO\.vscode\extensions\redhat.java-1.56.0-win32-x64\jre\21.0.12.1-win32-x86_64\bin\jimage.dll
Event: 1.274 Loaded shared library C:\Users\PAULO ROBERTO\.vscode\extensions\redhat.java-1.56.0-win32-x64\jre\21.0.12.1-win32-x86_64\bin\jimage.dll
Event: 1.359 Attempting to load shared library c:\Users\PAULO ROBERTO\.vscode\extensions\redhat.java-1.56.0-win32-x64\jre\21.0.12.1-win32-x86_64\bin\verify.dll
Event: 1.399 Loaded shared library c:\Users\PAULO ROBERTO\.vscode\extensions\redhat.java-1.56.0-win32-x64\jre\21.0.12.1-win32-x86_64\bin\verify.dll
Event: 20.360 Attempting to load shared library C:\Users\PAULO ROBERTO\AppData\Roaming\Code\User\globalStorage\redhat.java\1.56.0\config_ss_win\org.eclipse.equinox.launcher\org.eclipse.equinox.launcher.win32.win32.x86_64_1.3.100.v20260804-1928\eclipse_11924.dll
Event: 20.573 Loaded shared library C:\Users\PAULO ROBERTO\AppData\Roaming\Code\User\globalStorage\redhat.java\1.56.0\config_ss_win\org.eclipse.equinox.launcher\org.eclipse.equinox.launcher.win32.win32.x86_64_1.3.100.v20260804-1928\eclipse_11924.dll

Deoptimization events (20 events):
Event: 2.625 Thread 0x000002a53d1ae1e0 Uncommon trap: trap_request=0xffffffde fr.pc=0x000002a547efc1bc relative=0x0000000000000a3c
Event: 2.625 Thread 0x000002a53d1ae1e0 Uncommon trap: reason=class_check action=maybe_recompile pc=0x000002a547efc1bc method=java.util.HashMap.putVal(ILjava/lang/Object;Ljava/lang/Object;ZZ)Ljava/lang/Object; @ 253 c2
Event: 2.625 Thread 0x000002a53d1ae1e0 DEOPT PACKING pc=0x000002a547efc1bc sp=0x000000cd453fe0a0
Event: 2.625 Thread 0x000002a53d1ae1e0 DEOPT UNPACKING pc=0x000002a547933aa2 sp=0x000000cd453fe030 mode 2
Event: 2.705 Thread 0x000002a53d1ae1e0 DEOPT PACKING pc=0x000002a5404bd28b sp=0x000000cd453fc970
Event: 2.705 Thread 0x000002a53d1ae1e0 DEOPT UNPACKING pc=0x000002a547934242 sp=0x000000cd453fbde8 mode 0
Event: 2.706 Thread 0x000002a53d1ae1e0 DEOPT PACKING pc=0x000002a54052fa88 sp=0x000000cd453fc290
Event: 2.706 Thread 0x000002a53d1ae1e0 DEOPT UNPACKING pc=0x000002a547934242 sp=0x000000cd453fb710 mode 0
Event: 2.708 Thread 0x000002a53d1ae1e0 DEOPT PACKING pc=0x000002a54052fa88 sp=0x000000cd453fc5a0
Event: 2.708 Thread 0x000002a53d1ae1e0 DEOPT UNPACKING pc=0x000002a547934242 sp=0x000000cd453fba20 mode 0
Event: 2.710 Thread 0x000002a53d1ae1e0 DEOPT PACKING pc=0x000002a5404a8506 sp=0x000000cd453fc3a0
Event: 2.710 Thread 0x000002a53d1ae1e0 DEOPT UNPACKING pc=0x000002a547934242 sp=0x000000cd453fb820 mode 0
Event: 2.710 Thread 0x000002a53d1ae1e0 DEOPT PACKING pc=0x000002a54052fa88 sp=0x000000cd453fc4f0
Event: 2.710 Thread 0x000002a53d1ae1e0 DEOPT UNPACKING pc=0x000002a547934242 sp=0x000000cd453fb970 mode 0
Event: 2.711 Thread 0x000002a53d1ae1e0 DEOPT PACKING pc=0x000002a54052fa88 sp=0x000000cd453fc7f0
Event: 2.711 Thread 0x000002a53d1ae1e0 DEOPT UNPACKING pc=0x000002a547934242 sp=0x000000cd453fbc70 mode 0
Event: 20.370 Thread 0x000002a59b775080 Uncommon trap: trap_request=0xffffff6e fr.pc=0x000002a547ef25a8 relative=0x0000000000000368
Event: 20.370 Thread 0x000002a59b775080 Uncommon trap: reason=loop_limit_check action=maybe_recompile pc=0x000002a547ef25a8 method=java.lang.StringLatin1.indexOf([BI[BII)I @ 37 c2
Event: 20.370 Thread 0x000002a59b775080 DEOPT PACKING pc=0x000002a547ef25a8 sp=0x000000cd461fce40
Event: 20.370 Thread 0x000002a59b775080 DEOPT UNPACKING pc=0x000002a547933aa2 sp=0x000000cd461fcda0 mode 2

Classes loaded (20 events):
Event: 2.732 Loading class java/lang/Thread$Builder done
Event: 2.732 Loading class java/lang/Thread$Builder$OfPlatform done
Event: 2.732 Loading class java/lang/Thread$Builder$OfVirtual
Event: 2.733 Loading class java/lang/Thread$Builder$OfVirtual done
Event: 2.745 Loading class sun/nio/fs/WindowsChannelFactory
Event: 2.746 Loading class sun/nio/fs/WindowsChannelFactory done
Event: 2.746 Loading class sun/nio/fs/WindowsChannelFactory$1
Event: 2.746 Loading class sun/nio/fs/WindowsChannelFactory$1 done
Event: 2.746 Loading class sun/nio/fs/WindowsChannelFactory$Flags
Event: 2.746 Loading class sun/nio/fs/WindowsChannelFactory$Flags done
Event: 2.746 Loading class sun/nio/ch/FileChannelImpl$Closer
Event: 2.746 Loading class sun/nio/ch/FileChannelImpl$Closer done
Event: 20.354 Loading class java/util/concurrent/CountDownLatch
Event: 20.354 Loading class java/util/concurrent/CountDownLatch done
Event: 20.354 Loading class java/util/concurrent/CountDownLatch$Sync
Event: 20.354 Loading class java/util/concurrent/CountDownLatch$Sync done
Event: 20.395 Loading class java/lang/IllegalAccessError
Event: 20.395 Loading class java/lang/IllegalAccessError done
Event: 20.574 Loading class java/util/concurrent/locks/AbstractQueuedSynchronizer$SharedNode
Event: 20.574 Loading class java/util/concurrent/locks/AbstractQueuedSynchronizer$SharedNode done

Classes unloaded (0 events):
No events

Classes redefined (0 events):
No events

Internal exceptions (20 events):
Event: 1.967 Thread 0x000002a53d1ae1e0 Exception <a 'java/lang/NoSuchMethodError'{0x00000000d6ab2ca0}: 'java.lang.ClassLoader java.lang.ClassLoader.getPlatformClassLoader(java.lang.Class)'> (0x00000000d6ab2ca0) 
thrown [s\src\hotspot\share\interpreter\linkResolver.cpp, line 773]
Event: 2.030 Thread 0x000002a53d1ae1e0 Exception <a 'java/lang/ClassNotFoundException'{0x00000000d55ea498}: sun/net/www/protocol/c/Handler> (0x00000000d55ea498) 
thrown [s\src\hotspot\share\classfile\systemDictionary.cpp, line 313]
Event: 2.030 Thread 0x000002a53d1ae1e0 Exception <a 'java/lang/ClassNotFoundException'{0x00000000d55eb830}: sun/net/www/protocol/c/Handler> (0x00000000d55eb830) 
thrown [s\src\hotspot\share\classfile\systemDictionary.cpp, line 313]
Event: 2.030 Thread 0x000002a53d1ae1e0 Exception <a 'java/lang/ClassNotFoundException'{0x00000000d55ec9c8}: sun/net/www/protocol/c/Handler> (0x00000000d55ec9c8) 
thrown [s\src\hotspot\share\classfile\systemDictionary.cpp, line 313]
Event: 2.039 Thread 0x000002a53d1ae1e0 Exception <a 'java/io/FileNotFoundException'{0x00000000d56156c8}> (0x00000000d56156c8) 
thrown [s\src\hotspot\share\prims\jni.cpp, line 520]
Event: 2.077 Thread 0x000002a53d1ae1e0 Implicit null exception at 0x000002a547eee049 to 0x000002a547eeeaf4
Event: 2.078 Thread 0x000002a53d1ae1e0 Implicit null exception at 0x000002a547edf39a to 0x000002a547edf59c
Event: 2.079 Thread 0x000002a53d1ae1e0 Exception <a 'java/lang/NoSuchMethodError'{0x00000000d5747e30}: 'void java.lang.invoke.DirectMethodHandle$Holder.invokeStatic(java.lang.Object, java.lang.Object, java.lang.Object, java.lang.Object)'> (0x00000000d5747e30) 
thrown [s\src\hotspot\share\interpreter\linkResolver.cpp, line 773]
Event: 2.081 Thread 0x000002a53d1ae1e0 Implicit null exception at 0x000002a547ee219a to 0x000002a547ee2394
Event: 2.082 Thread 0x000002a53d1ae1e0 Implicit null exception at 0x000002a547ede1bd to 0x000002a547ede241
Event: 2.210 Thread 0x000002a53d1ae1e0 Exception <a 'java/lang/NoSuchMethodError'{0x00000000d5a09d48}: 'void java.lang.invoke.DirectMethodHandle$Holder.invokeSpecial(java.lang.Object, java.lang.Object, java.lang.Object)'> (0x00000000d5a09d48) 
thrown [s\src\hotspot\share\interpreter\linkResolver.cpp, line 773]
Event: 2.453 Thread 0x000002a53d1ae1e0 Exception <a 'java/lang/NoSuchMethodError'{0x00000000d631a620}: 'int java.lang.invoke.DirectMethodHandle$Holder.invokeVirtual(java.lang.Object, java.lang.Object)'> (0x00000000d631a620) 
thrown [s\src\hotspot\share\interpreter\linkResolver.cpp, line 773]
Event: 2.519 Thread 0x000002a53d1ae1e0 Exception <a 'java/lang/NoSuchMethodError'{0x00000000d6490138}: 'int java.lang.invoke.DirectMethodHandle$Holder.invokeStaticInit(java.lang.Object, java.lang.Object, java.lang.Object, java.lang.Object)'> (0x00000000d6490138) 
thrown [s\src\hotspot\share\interpreter\linkResolver.cpp, line 773]
Event: 2.520 Thread 0x000002a53d1ae1e0 Exception <a 'java/lang/IncompatibleClassChangeError'{0x00000000d6498820}: Found class java.lang.Object, but interface was expected> (0x00000000d6498820) 
thrown [s\src\hotspot\share\interpreter\linkResolver.cpp, line 840]
Event: 2.521 Thread 0x000002a53d1ae1e0 Exception <a 'java/lang/NoSuchMethodError'{0x00000000d649edd0}: 'void java.lang.invoke.DirectMethodHandle$Holder.invokeStaticInit(java.lang.Object, java.lang.Object)'> (0x00000000d649edd0) 
thrown [s\src\hotspot\share\interpreter\linkResolver.cpp, line 773]
Event: 2.522 Thread 0x000002a53d1ae1e0 Exception <a 'java/lang/NoSuchMethodError'{0x00000000d64a7f18}: 'int java.lang.invoke.DirectMethodHandle$Holder.invokeStaticInit(java.lang.Object, java.lang.Object)'> (0x00000000d64a7f18) 
thrown [s\src\hotspot\share\interpreter\linkResolver.cpp, line 773]
Event: 2.589 Thread 0x000002a53d1ae1e0 Exception <a 'java/lang/NoSuchMethodError'{0x00000000d66f37c0}: 'java.lang.Object java.lang.invoke.DirectMethodHandle$Holder.newInvokeSpecial(java.lang.Object, int, java.lang.Object)'> (0x00000000d66f37c0) 
thrown [s\src\hotspot\share\interpreter\linkResolver.cpp, line 773]
Event: 2.669 Thread 0x000002a53d1ae1e0 Exception <a 'java/lang/ClassNotFoundException'{0x00000000d690bbe0}: sun/net/www/protocol/plurl/Handler> (0x00000000d690bbe0) 
thrown [s\src\hotspot\share\classfile\systemDictionary.cpp, line 313]
Event: 2.669 Thread 0x000002a53d1ae1e0 Exception <a 'java/lang/ClassNotFoundException'{0x00000000d690ca60}: sun/net/www/protocol/plurl/Handler> (0x00000000d690ca60) 
thrown [s\src\hotspot\share\classfile\systemDictionary.cpp, line 313]
Event: 20.354 Thread 0x000002a53d1ae1e0 Exception <a 'java/lang/UnsatisfiedLinkError'{0x00000000d6d50520}: 'void org.eclipse.equinox.launcher.JNIBridge._update_splash()'> (0x00000000d6d50520) 
thrown [s\src\hotspot\share\prims\nativeLookup.cpp, line 415]

ZGC Phase Switch (0 events):
No events

VM Operations (20 events):
Event: 1.289 Executing non-safepoint VM operation: HandshakeAllThreads (Deoptimize)
Event: 1.289 Executing non-safepoint VM operation: HandshakeAllThreads (Deoptimize) done
Event: 1.676 Executing non-safepoint VM operation: HandshakeAllThreads (Deoptimize)
Event: 1.676 Executing non-safepoint VM operation: HandshakeAllThreads (Deoptimize) done
Event: 1.676 Executing safepoint VM operation: Cleanup
Event: 1.676 Executing safepoint VM operation: Cleanup done
Event: 1.695 Executing non-safepoint VM operation: HandshakeAllThreads (Deoptimize)
Event: 1.695 Executing non-safepoint VM operation: HandshakeAllThreads (Deoptimize) done
Event: 2.012 Executing safepoint VM operation: ParallelGCFailedAllocation (Allocation Failure)
Event: 2.018 Executing safepoint VM operation: ParallelGCFailedAllocation (Allocation Failure) done
Event: 2.556 Executing non-safepoint VM operation: HandshakeAllThreads (Deoptimize)
Event: 2.556 Executing non-safepoint VM operation: HandshakeAllThreads (Deoptimize) done
Event: 2.571 Executing non-safepoint VM operation: HandshakeAllThreads (Deoptimize)
Event: 2.571 Executing non-safepoint VM operation: HandshakeAllThreads (Deoptimize) done
Event: 2.649 Executing non-safepoint VM operation: HandshakeAllThreads (Deoptimize)
Event: 2.649 Executing non-safepoint VM operation: HandshakeAllThreads (Deoptimize) done
Event: 3.656 Executing safepoint VM operation: Cleanup
Event: 3.656 Executing safepoint VM operation: Cleanup done
Event: 20.389 Executing safepoint VM operation: ParallelGCFailedAllocation (Allocation Failure)
Event: 20.394 Executing safepoint VM operation: ParallelGCFailedAllocation (Allocation Failure) done

Memory protections (0 events):
No events

Nmethod flushes (0 events):
No events

Events (20 events):
Event: 0.433 Thread 0x000002a53d1ae1e0 Thread added: 0x000002a53d1ae1e0
Event: 0.992 Thread 0x000002a53d1ae1e0 Thread added: 0x000002a53d255fb0
Event: 0.993 Thread 0x000002a53d1ae1e0 Thread added: 0x000002a53d257f00
Event: 0.994 Thread 0x000002a53d1ae1e0 Thread added: 0x000002a53d25b8b0
Event: 0.994 Thread 0x000002a53d1ae1e0 Thread added: 0x000002a53d25c310
Event: 0.994 Thread 0x000002a53d1ae1e0 Thread added: 0x000002a53d2602e0
Event: 0.994 Thread 0x000002a53d1ae1e0 Thread added: 0x000002a53d266030
Event: 0.995 Thread 0x000002a53d1ae1e0 Thread added: 0x000002a53d26c3d0
Event: 0.995 Thread 0x000002a53d1ae1e0 Thread added: 0x000002a595f26f90
Event: 1.131 Thread 0x000002a53d1ae1e0 Thread added: 0x000002a5961060d0
Event: 1.355 Thread 0x000002a595f26f90 Thread added: 0x000002a595f24d80
Event: 1.355 Thread 0x000002a595f26f90 Thread added: 0x000002a595f27660
Event: 1.501 Thread 0x000002a53d1ae1e0 Thread added: 0x000002a59b0050b0
Event: 2.188 Thread 0x000002a595f27660 Thread exited: 0x000002a595f27660
Event: 2.272 Thread 0x000002a595f26f90 Thread added: 0x000002a595f25450
Event: 2.536 Thread 0x000002a53d1ae1e0 Thread added: 0x000002a59b78d810
Event: 2.849 Thread 0x000002a595f25450 Thread exited: 0x000002a595f25450
Event: 2.849 Thread 0x000002a595f24d80 Thread exited: 0x000002a595f24d80
Event: 20.342 Thread 0x000002a53d1ae1e0 Thread added: 0x000002a59b774a10
Event: 20.352 Thread 0x000002a53d1ae1e0 Thread added: 0x000002a59b775080


Dynamic libraries:
0x00007ff72e750000 - 0x00007ff72e75e000 	c:\Users\PAULO ROBERTO\.vscode\extensions\redhat.java-1.56.0-win32-x64\jre\21.0.12.1-win32-x86_64\bin\java.exe
0x00007ffaf0f80000 - 0x00007ffaf11e7000 	C:\WINDOWS\SYSTEM32\ntdll.dll
0x00007ffaf00c0000 - 0x00007ffaf018a000 	C:\WINDOWS\System32\KERNEL32.DLL
0x00007ffaee720000 - 0x00007ffaeeb22000 	C:\WINDOWS\System32\KERNELBASE.dll
0x00007ffaee190000 - 0x00007ffaee2dc000 	C:\WINDOWS\System32\ucrtbase.dll
0x00007ffae3230000 - 0x00007ffae324e000 	c:\Users\PAULO ROBERTO\.vscode\extensions\redhat.java-1.56.0-win32-x64\jre\21.0.12.1-win32-x86_64\bin\VCRUNTIME140.dll
0x00007ffae98b0000 - 0x00007ffae98c8000 	c:\Users\PAULO ROBERTO\.vscode\extensions\redhat.java-1.56.0-win32-x64\jre\21.0.12.1-win32-x86_64\bin\jli.dll
0x00007ffaf0d60000 - 0x00007ffaf0f2f000 	C:\WINDOWS\System32\USER32.dll
0x00007ffaeeb30000 - 0x00007ffaeeb57000 	C:\WINDOWS\System32\win32u.dll
0x00007ffac6170000 - 0x00007ffac6400000 	C:\WINDOWS\WinSxS\amd64_microsoft.windows.common-controls_6595b64144ccf1df_6.0.26100.9278_none_3e0d1ba8e3303201\COMCTL32.dll
0x00007ffaf0ad0000 - 0x00007ffaf0afb000 	C:\WINDOWS\System32\GDI32.dll
0x00007ffaee2f0000 - 0x00007ffaee419000 	C:\WINDOWS\System32\gdi32full.dll
0x00007ffaf0010000 - 0x00007ffaf00b9000 	C:\WINDOWS\System32\msvcrt.dll
0x00007ffaee4e0000 - 0x00007ffaee583000 	C:\WINDOWS\System32\msvcp_win.dll
0x00007ffaf0a90000 - 0x00007ffaf0ac1000 	C:\WINDOWS\System32\IMM32.DLL
0x00007ffae5130000 - 0x00007ffae513c000 	c:\Users\PAULO ROBERTO\.vscode\extensions\redhat.java-1.56.0-win32-x64\jre\21.0.12.1-win32-x86_64\bin\vcruntime140_1.dll
0x00007ffae28b0000 - 0x00007ffae293d000 	c:\Users\PAULO ROBERTO\.vscode\extensions\redhat.java-1.56.0-win32-x64\jre\21.0.12.1-win32-x86_64\bin\msvcp140.dll
0x00007ffa3c9f0000 - 0x00007ffa3d792000 	c:\Users\PAULO ROBERTO\.vscode\extensions\redhat.java-1.56.0-win32-x64\jre\21.0.12.1-win32-x86_64\bin\server\jvm.dll
0x00007ffaf0c90000 - 0x00007ffaf0d4c000 	C:\WINDOWS\System32\ADVAPI32.dll
0x00007ffaeecb0000 - 0x00007ffaeed59000 	C:\WINDOWS\System32\sechost.dll
0x00007ffaefee0000 - 0x00007ffaefff8000 	C:\WINDOWS\System32\RPCRT4.dll
0x00007ffaf0c00000 - 0x00007ffaf0c80000 	C:\WINDOWS\System32\WS2_32.dll
0x00007ffaecc80000 - 0x00007ffaeccde000 	C:\WINDOWS\SYSTEM32\POWRPROF.dll
0x00007ffae3fb0000 - 0x00007ffae3fbb000 	C:\WINDOWS\SYSTEM32\VERSION.dll
0x00007ffad9670000 - 0x00007ffad96a6000 	C:\WINDOWS\SYSTEM32\WINMM.dll
0x00007ffaecc60000 - 0x00007ffaecc75000 	C:\WINDOWS\SYSTEM32\UMPDC.dll
0x00007ffaecf40000 - 0x00007ffaecf5b000 	C:\WINDOWS\SYSTEM32\kernel.appcore.dll
0x00007ffae3220000 - 0x00007ffae322a000 	c:\Users\PAULO ROBERTO\.vscode\extensions\redhat.java-1.56.0-win32-x64\jre\21.0.12.1-win32-x86_64\bin\jimage.dll
0x00007ffaeb350000 - 0x00007ffaeb592000 	C:\WINDOWS\SYSTEM32\DBGHELP.DLL
0x00007ffaf0190000 - 0x00007ffaf0514000 	C:\WINDOWS\System32\combase.dll
0x00007ffaeef20000 - 0x00007ffaeeff9000 	C:\WINDOWS\System32\OLEAUT32.dll
0x00007ffac44a0000 - 0x00007ffac44db000 	C:\WINDOWS\SYSTEM32\dbgcore.DLL
0x00007ffaeeb60000 - 0x00007ffaeec0c000 	C:\WINDOWS\System32\bcryptPrimitives.dll
0x00007ffae2f70000 - 0x00007ffae2f7f000 	c:\Users\PAULO ROBERTO\.vscode\extensions\redhat.java-1.56.0-win32-x64\jre\21.0.12.1-win32-x86_64\bin\instrument.dll
0x00007ffae2860000 - 0x00007ffae2880000 	c:\Users\PAULO ROBERTO\.vscode\extensions\redhat.java-1.56.0-win32-x64\jre\21.0.12.1-win32-x86_64\bin\java.dll
0x00007ffaef450000 - 0x00007ffaefbe8000 	C:\WINDOWS\System32\SHELL32.dll
0x00007ffaebbf0000 - 0x00007ffaec49e000 	C:\WINDOWS\SYSTEM32\windows.storage.dll
0x00007ffaf0b00000 - 0x00007ffaf0bfb000 	C:\WINDOWS\System32\SHCORE.dll
0x00007ffaef000000 - 0x00007ffaef066000 	C:\WINDOWS\System32\shlwapi.dll
0x00007ffaee0b0000 - 0x00007ffaee0d9000 	C:\WINDOWS\SYSTEM32\profapi.dll
0x00007ffae2840000 - 0x00007ffae2858000 	c:\Users\PAULO ROBERTO\.vscode\extensions\redhat.java-1.56.0-win32-x64\jre\21.0.12.1-win32-x86_64\bin\zip.dll
0x00007ffae3210000 - 0x00007ffae3220000 	C:\Users\PAULO ROBERTO\.vscode\extensions\redhat.java-1.56.0-win32-x64\jre\21.0.12.1-win32-x86_64\bin\net.dll
0x00007ffae2b50000 - 0x00007ffae2c7a000 	C:\WINDOWS\SYSTEM32\WINHTTP.dll
0x00007ffaed4e0000 - 0x00007ffaed54c000 	C:\WINDOWS\system32\mswsock.dll
0x00007ffae2110000 - 0x00007ffae2126000 	C:\Users\PAULO ROBERTO\.vscode\extensions\redhat.java-1.56.0-win32-x64\jre\21.0.12.1-win32-x86_64\bin\nio.dll
0x00007ffae2e70000 - 0x00007ffae2e80000 	c:\Users\PAULO ROBERTO\.vscode\extensions\redhat.java-1.56.0-win32-x64\jre\21.0.12.1-win32-x86_64\bin\verify.dll
0x00007ffae1f80000 - 0x00007ffae1fc5000 	C:\Users\PAULO ROBERTO\AppData\Roaming\Code\User\globalStorage\redhat.java\1.56.0\config_ss_win\org.eclipse.equinox.launcher\org.eclipse.equinox.launcher.win32.win32.x86_64_1.3.100.v20260804-1928\eclipse_11924.dll
0x00007ffaeed80000 - 0x00007ffaeef19000 	C:\WINDOWS\System32\ole32.dll

JVMTI agents:
c:\Users\PAULO ROBERTO\.vscode\extensions\redhat.java-1.56.0-win32-x64\lombok\lombok-1.18.39-4050.jar path:c:\Users\PAULO ROBERTO\.vscode\extensions\redhat.java-1.56.0-win32-x64\jre\21.0.12.1-win32-x86_64\bin\instrument.dll, loaded, initialized, instrumentlib options:none

dbghelp: loaded successfully - version: 4.0.5 - missing functions: none
symbol engine: initialized successfully - sym options: 0x614 - pdb path: .;c:\Users\PAULO ROBERTO\.vscode\extensions\redhat.java-1.56.0-win32-x64\jre\21.0.12.1-win32-x86_64\bin;C:\WINDOWS\SYSTEM32;C:\WINDOWS\WinSxS\amd64_microsoft.windows.common-controls_6595b64144ccf1df_6.0.26100.9278_none_3e0d1ba8e3303201;c:\Users\PAULO ROBERTO\.vscode\extensions\redhat.java-1.56.0-win32-x64\jre\21.0.12.1-win32-x86_64\bin\server;C:\Users\PAULO ROBERTO\AppData\Roaming\Code\User\globalStorage\redhat.java\1.56.0\config_ss_win\org.eclipse.equinox.launcher\org.eclipse.equinox.launcher.win32.win32.x86_64_1.3.100.v20260804-1928

VM Arguments:
jvm_args: --add-modules=ALL-SYSTEM --add-opens=java.base/java.util=ALL-UNNAMED --add-opens=java.base/java.lang=ALL-UNNAMED --add-opens=java.base/sun.nio.fs=ALL-UNNAMED -Declipse.application=org.eclipse.jdt.ls.core.id1 -Dosgi.bundles.defaultStartLevel=4 -Declipse.product=org.eclipse.jdt.ls.core.product -Djava.import.generatesMetadataFilesAtProjectRoot=false -Dm2e.project.cache.size=50 -DDetectVMInstallationsJob.disabled=true -Dfile.encoding=utf8 -XX:+UseParallelGC -XX:GCTimeRatio=4 -XX:AdaptiveSizePolicyWeight=90 -Dsun.zip.disableMemoryMapping=true -Xmx2G -Xms100m -Xlog:disable -javaagent:c:\Users\PAULO ROBERTO\.vscode\extensions\redhat.java-1.56.0-win32-x64\lombok\lombok-1.18.39-4050.jar 
java_command: c:\Users\PAULO ROBERTO\.vscode\extensions\redhat.java-1.56.0-win32-x64\server\plugins\org.eclipse.equinox.launcher_1.8.0.v20260804-1928.jar -configuration c:\Users\PAULO ROBERTO\AppData\Roaming\Code\User\globalStorage\redhat.java\1.56.0\config_ss_win -data c:\Users\PAULO ROBERTO\AppData\Roaming\Code\User\workspaceStorage\af78278a2264e0da21869ec41e085d06\redhat.java\ss_ws --pipe=\\.\pipe\lsp-b27352cefeb5093d76726334cb0eaa0d-sock
java_class_path (initial): c:\Users\PAULO ROBERTO\.vscode\extensions\redhat.java-1.56.0-win32-x64\server\plugins\org.eclipse.equinox.launcher_1.8.0.v20260804-1928.jar
Launcher Type: SUN_STANDARD

[Global flags]
    uintx AdaptiveSizePolicyWeight                 = 90                                        {product} {command line}
     intx CICompilerCount                          = 4                                         {product} {ergonomic}
    uintx GCTimeRatio                              = 4                                         {product} {command line}
   size_t InitialHeapSize                          = 104857600                                 {product} {command line}
   size_t MaxHeapSize                              = 2147483648                                {product} {command line}
   size_t MaxNewSize                               = 715653120                                 {product} {ergonomic}
   size_t MinHeapDeltaBytes                        = 524288                                    {product} {ergonomic}
   size_t MinHeapSize                              = 104857600                                 {product} {command line}
   size_t NewSize                                  = 34603008                                  {product} {ergonomic}
    uintx NonNMethodCodeHeapSize                   = 5839372                                {pd product} {ergonomic}
    uintx NonProfiledCodeHeapSize                  = 122909434                              {pd product} {ergonomic}
   size_t OldSize                                  = 70254592                                  {product} {ergonomic}
    uintx ProfiledCodeHeapSize                     = 122909434                              {pd product} {ergonomic}
    uintx ReservedCodeCacheSize                    = 251658240                              {pd product} {ergonomic}
     bool SegmentedCodeCache                       = true                                      {product} {ergonomic}
   size_t SoftMaxHeapSize                          = 2147483648                             {manageable} {ergonomic}
     bool UseCompressedOops                        = true                           {product lp64_product} {ergonomic}
     bool UseLargePagesIndividualAllocation        = false                                  {pd product} {ergonomic}
     bool UseParallelGC                            = true                                      {product} {command line}

Logging:
Log output configuration:
 #0: stdout all=off uptime,level,tags foldmultilines=false
 #1: stderr all=off uptime,level,tags foldmultilines=false

Release file:
JAVA_VERSION="21.0.12.1" 
MODULES="java.base java.compiler java.datatransfer java.xml java.prefs java.desktop java.instrument java.logging java.management java.security.sasl java.naming java.rmi java.management.rmi java.net.http java.scripting java.security.jgss java.transaction.xa java.sql java.sql.rowset java.xml.crypto java.se java.smartcardio jdk.accessibility jdk.internal.jvmstat jdk.attach jdk.charsets jdk.internal.opt jdk.zipfs jdk.compiler jdk.crypto.ec jdk.crypto.cryptoki jdk.crypto.mscapi jdk.dynalink jdk.internal.ed jdk.editpad jdk.hotspot.agent jdk.httpserver jdk.internal.le jdk.internal.vm.ci jdk.internal.vm.compiler jdk.internal.vm.compiler.management jdk.jartool jdk.javadoc jdk.jcmd jdk.management jdk.management.agent jdk.jconsole jdk.jdeps jdk.jdwp.agent jdk.jdi jdk.jfr jdk.jshell jdk.jsobject jdk.jstatd jdk.localedata jdk.management.jfr jdk.naming.dns jdk.naming.rmi jdk.net jdk.nio.mapmode jdk.random jdk.sctp jdk.security.auth jdk.security.jgss jdk.unsupported jdk.unsupported.desktop jdk.xml.dom" 

Environment Variables:
JAVA_HOME=C:\Program Files\Java\jdk-21
PATH=C:\Program Files\Common Files\Oracle\Java\javapath;C:\WINDOWS\system32;C:\WINDOWS;C:\WINDOWS\System32\Wbem;C:\WINDOWS\System32\WindowsPowerShell\v1.0\;C:\WINDOWS\System32\OpenSSH\;C:\Program Files\dotnet\;C:\Program Files\NVIDIA Corporation\NVIDIA App\NvDLISR;C:\Program Files (x86)\NVIDIA Corporation\PhysX\Common;C:\Program Files\GitHub CLI\;C:\Program Files\nodejs\;C:\Program Files\Git\cmd;C:\Users\PAULO ROBERTO\.local\bin;C:\Users\PAULO ROBERTO\AppData\Local\Microsoft\WindowsApps;C:\Users\PAULO ROBERTO\AppData\Roaming\npm;C:\Users\PAULO ROBERTO\AppData\Local\Programs\Microsoft VS Code\bin;C:\Users\PAULO ROBERTO\.bun\bin;C:\Users\PAULO ROBERTO\AppData\Local\Microsoft\WinGet\Packages\jqlang.jq_Microsoft.Winget.Source_8wekyb3d8bbwe;C:\Users\PAULO ROBERTO\.lmstudio\bin;C:\Users\PAULO ROBERTO\AppData\Local\PowerToys\DSCModules\
USERNAME=PAULO ROBERTO
OS=Windows_NT
PROCESSOR_IDENTIFIER=Intel64 Family 6 Model 186 Stepping 2, GenuineIntel
TMP=C:\Users\PAULOR~1\AppData\Local\Temp
TEMP=C:\Users\PAULOR~1\AppData\Local\Temp




Periodic native trim disabled

---------------  S Y S T E M  ---------------

OS:
 Windows 11 , 64 bit Build 26100 (10.0.26100.9278)
OS uptime: 3 days 9:37 hours
Hyper-V role detected

CPU: total 12 (initial active 12) (6 cores per cpu, 2 threads per core) family 6 model 186 stepping 2 microcode 0x5103, cx8, cmov, fxsr, ht, mmx, 3dnowpref, sse, sse2, sse3, ssse3, sse4.1, sse4.2, popcnt, lzcnt, tsc, tscinvbit, avx, avx2, aes, erms, clmul, bmi1, bmi2, adx, sha, fma, vzeroupper, clflush, clflushopt, clwb, hv, serialize, rdtscp, rdpid, fsrm, f16c, cet_ibt, cet_ss
Processor Information for the first 12 processors :
  Max Mhz: 2100, Current Mhz: 2100, Mhz Limit: 2100

Memory: 4k page, system-wide physical 16087M (1082M free)
TotalPageFile size 32471M (AvailPageFile size 7M)
current process WorkingSet (physical memory assigned to process): 91M, peak: 91M
current process commit charge ("private bytes"): 243M, peak: 248M

vm_info: OpenJDK 64-Bit Server VM (21.0.12.1+1-LTS) for windows-amd64 JRE (21.0.12.1+1-LTS), built on 2026-08-18T00:00:00Z by "admin" with MS VC++ 17.12 (VS2022)

END.
