#
# There is insufficient memory for the Java Runtime Environment to continue.
# Native memory allocation (malloc) failed to allocate 169504 bytes. Error detail: Chunk::new
# Possible reasons:
#   The system is out of physical RAM or swap space
#   This process is running with CompressedOops enabled, and the Java Heap may be blocking the growth of the native heap
# Possible solutions:
#   Reduce memory load on the system
#   Increase physical memory or swap space
#   Check if swap backing store is full
#   Decrease Java heap size (-Xmx/-Xms)
#   Decrease number of Java threads
#   Decrease Java thread stack sizes (-Xss)
#   Set larger code cache with -XX:ReservedCodeCacheSize=
#   JVM is running with Unscaled Compressed Oops mode in which the Java heap is
#     placed in the first 4GB address space. The Java Heap base address is the
#     maximum limit for the native heap growth. Please use -XX:HeapBaseMinAddress
#     to set the Java Heap base and to place the Java Heap above 4GB virtual address.
# This output file may be truncated or incomplete.
#
#  Out of Memory Error (arena.cpp:168), pid=50572, tid=53792
#
# JRE version: OpenJDK Runtime Environment Temurin-21.0.11+10 (21.0.11+10) (build 21.0.11+10-LTS)
# Java VM: OpenJDK 64-Bit Server VM Temurin-21.0.11+10 (21.0.11+10-LTS, mixed mode, sharing, tiered, compressed oops, compressed class ptrs, parallel gc, windows-amd64)
# No core dump will be written. Minidumps are not enabled by default on client versions of Windows
#

---------------  S U M M A R Y ------------

Command Line: --add-modules=ALL-SYSTEM --add-opens=java.base/java.util=ALL-UNNAMED --add-opens=java.base/java.lang=ALL-UNNAMED --add-opens=java.base/sun.nio.fs=ALL-UNNAMED -Declipse.application=org.eclipse.jdt.ls.core.id1 -Dosgi.bundles.defaultStartLevel=4 -Declipse.product=org.eclipse.jdt.ls.core.product -Djava.import.generatesMetadataFilesAtProjectRoot=false -DDetectVMInstallationsJob.disabled=true -Dfile.encoding=utf8 -XX:+UseParallelGC -XX:GCTimeRatio=4 -XX:AdaptiveSizePolicyWeight=90 -Dsun.zip.disableMemoryMapping=true -Xmx2G -Xms100m -Xlog:disable -javaagent:c:\Users\PAULO ROBERTO\.vscode\extensions\redhat.java-1.55.0-win32-x64\lombok\lombok-1.18.39-4050.jar c:\Users\PAULO ROBERTO\.vscode\extensions\redhat.java-1.55.0-win32-x64\server\plugins\org.eclipse.equinox.launcher_1.7.200.v20260619-2039.jar -configuration c:\Users\PAULO ROBERTO\AppData\Roaming\Code\User\globalStorage\redhat.java\1.55.0\config_ss_win -data c:\Users\PAULO ROBERTO\AppData\Roaming\Code\User\workspaceStorage\af78278a2264e0da21869ec41e085d06\redhat.java\ss_ws --pipe=\\.\pipe\lsp-dd7ad3aeaa7f0f21b74729b2b73f5f71-sock

Host: 13th Gen Intel(R) Core(TM) i5-13420H, 12 cores, 15G,  Windows 11 , 64 bit Build 26100 (10.0.26100.9278)
Time: Fri Sep  4 07:15:14 2026 Hora Padrão de Bogotá elapsed time: 0.925859 seconds (0d 0h 0m 0s)

---------------  T H R E A D  ---------------

Current thread (0x0000017570924300):  JavaThread "C2 CompilerThread1" daemon [_thread_in_native, id=53792, stack(0x0000005a06a00000,0x0000005a06b00000) (1024K)]


Current CompileTask:
C2:926 1083       4       java.util.HashMap::put (13 bytes)

Stack: [0x0000005a06a00000,0x0000005a06b00000]
Native frames: (J=compiled Java code, j=interpreted, Vv=VM code, C=native code)
V  [jvm.dll+0x6d7e19]
V  [jvm.dll+0x8b5096]
V  [jvm.dll+0x8b764e]
V  [jvm.dll+0x8b7d33]
V  [jvm.dll+0x284596]
V  [jvm.dll+0xc685d]
V  [jvm.dll+0xc6da1]
V  [jvm.dll+0x3bed6b]
V  [jvm.dll+0x38b2b2]
V  [jvm.dll+0x38a6fa]
V  [jvm.dll+0x24c700]
V  [jvm.dll+0x24bce0]
V  [jvm.dll+0x1cb4ae]
V  [jvm.dll+0x25baad]
V  [jvm.dll+0x25a03a]
V  [jvm.dll+0x3f868e]
V  [jvm.dll+0x85fb0d]
V  [jvm.dll+0x6d664d]
C  [ucrtbase.dll+0x2cd30]
C  [KERNEL32.DLL+0x2ccb7]
C  [ntdll.dll+0xacaec]


---------------  P R O C E S S  ---------------

Threads class SMR info:
_java_thread_list=0x000001757095d610, length=12, elements={
0x0000017517781650, 0x0000017517709800, 0x000001751782de30, 0x0000017517718400,
0x00000175177197b0, 0x0000017517718a90, 0x0000017517719e40, 0x0000017570590020,
0x00000175705b0790, 0x000001751771b1f0, 0x0000017517719120, 0x0000017570924300
}

Java Threads: ( => current thread )
  0x0000017517781650 JavaThread "main"                              [_thread_in_native, id=9692, stack(0x0000005a05c00000,0x0000005a05d00000) (1024K)]
  0x0000017517709800 JavaThread "Reference Handler"          daemon [_thread_blocked, id=52368, stack(0x0000005a06000000,0x0000005a06100000) (1024K)]
  0x000001751782de30 JavaThread "Finalizer"                  daemon [_thread_blocked, id=47356, stack(0x0000005a06100000,0x0000005a06200000) (1024K)]
  0x0000017517718400 JavaThread "Signal Dispatcher"          daemon [_thread_blocked, id=18524, stack(0x0000005a06200000,0x0000005a06300000) (1024K)]
  0x00000175177197b0 JavaThread "Attach Listener"            daemon [_thread_blocked, id=54772, stack(0x0000005a06300000,0x0000005a06400000) (1024K)]
  0x0000017517718a90 JavaThread "Service Thread"             daemon [_thread_blocked, id=33808, stack(0x0000005a06400000,0x0000005a06500000) (1024K)]
  0x0000017517719e40 JavaThread "Monitor Deflation Thread"   daemon [_thread_blocked, id=51812, stack(0x0000005a06500000,0x0000005a06600000) (1024K)]
  0x0000017570590020 JavaThread "C2 CompilerThread0"         daemon [_thread_blocked, id=42960, stack(0x0000005a06600000,0x0000005a06700000) (1024K)]
  0x00000175705b0790 JavaThread "C1 CompilerThread0"         daemon [_thread_blocked, id=51368, stack(0x0000005a06700000,0x0000005a06800000) (1024K)]
  0x000001751771b1f0 JavaThread "Common-Cleaner"             daemon [_thread_blocked, id=9916, stack(0x0000005a06900000,0x0000005a06a00000) (1024K)]
  0x0000017517719120 JavaThread "Notification Thread"        daemon [_thread_blocked, id=53056, stack(0x0000005a06800000,0x0000005a06900000) (1024K)]
=>0x0000017570924300 JavaThread "C2 CompilerThread1"         daemon [_thread_in_native, id=53792, stack(0x0000005a06a00000,0x0000005a06b00000) (1024K)]
Total: 12

Other Threads:
  0x0000017517817800 VMThread "VM Thread"                           [id=58788, stack(0x0000005a05f00000,0x0000005a06000000) (1024K)]
  0x00000175175fca00 WatcherThread "VM Periodic Task Thread"        [id=19568, stack(0x0000005a05e00000,0x0000005a05f00000) (1024K)]
  0x0000017517798d70 WorkerThread "GC Thread#0"                     [id=55984, stack(0x0000005a05d00000,0x0000005a05e00000) (1024K)]
  0x0000017571bb9840 WorkerThread "GC Thread#1"                     [id=34092, stack(0x0000005a06b00000,0x0000005a06c00000) (1024K)]
  0x00000175715344e0 WorkerThread "GC Thread#2"                     [id=48912, stack(0x0000005a06c00000,0x0000005a06d00000) (1024K)]
  0x0000017571676ef0 WorkerThread "GC Thread#3"                     [id=41360, stack(0x0000005a06d00000,0x0000005a06e00000) (1024K)]
  0x00000175716772a0 WorkerThread "GC Thread#4"                     [id=50960, stack(0x0000005a06e00000,0x0000005a06f00000) (1024K)]
  0x0000017571677650 WorkerThread "GC Thread#5"                     [id=27860, stack(0x0000005a06f00000,0x0000005a07000000) (1024K)]
  0x00000175719ef690 WorkerThread "GC Thread#6"                     [id=59948, stack(0x0000005a07000000,0x0000005a07100000) (1024K)]
Total: 9

Threads with active compile tasks:
C2 CompilerThread1  946 1083       4       java.util.HashMap::put (13 bytes)
Total: 1

VM state: not at safepoint (normal execution)

VM Mutex/Monitor currently owned by a thread: None

Heap address: 0x0000000080000000, size: 2048 MB, Compressed Oops mode: 32-bit

CDS archive(s) mapped at: [0x000001752f000000-0x000001752fba0000-0x000001752fba0000), size 12189696, SharedBaseAddress: 0x000001752f000000, ArchiveRelocationMode: 1.
Compressed class space mapped at: 0x0000017530000000-0x0000017570000000, reserved size: 1073741824
Narrow klass base: 0x000001752f000000, Narrow klass shift: 0, Narrow klass range: 0x100000000

GC Precious Log:
 CardTable entry size: 512
 CPUs: 12 total, 12 available
 Memory: 16087M
 Large Page Support: Disabled
 NUMA Support: Disabled
 Compressed Oops: Enabled (32-bit)
 Alignments: Space 512K, Generation 512K, Heap 2M
 Heap Min Capacity: 100M
 Heap Initial Capacity: 100M
 Heap Max Capacity: 2G
 Pre-touch: Disabled
 Parallel Workers: 10

Heap:
 PSYoungGen      total 29696K, used 3775K [0x00000000d5580000, 0x00000000d7680000, 0x0000000100000000)
  eden space 25600K, 1% used [0x00000000d5580000,0x00000000d55fddb8,0x00000000d6e80000)
  from space 4096K, 79% used [0x00000000d6e80000,0x00000000d71b1e98,0x00000000d7280000)
  to   space 4096K, 0% used [0x00000000d7280000,0x00000000d7280000,0x00000000d7680000)
 ParOldGen       total 68608K, used 16K [0x0000000080000000, 0x0000000084300000, 0x00000000d5580000)
  object space 68608K, 0% used [0x0000000080000000,0x0000000080004000,0x0000000084300000)
 Metaspace       used 4400K, committed 4608K, reserved 1114112K
  class space    used 477K, committed 576K, reserved 1048576K

Card table byte_map: [0x0000017517110000,0x0000017517520000] _byte_map_base: 0x0000017516d10000

Marking Bits: (ParMarkBitMap*) 0x00007ffa6b054460
 Begin Bits: [0x0000017529c20000, 0x000001752bc20000)
 End Bits:   [0x000001752bc20000, 0x000001752dc20000)

Polling page: 0x0000017515570000

Metaspace:

Usage:
  Non-class:      3.83 MB used.
      Class:    477.02 KB used.
       Both:      4.30 MB used.

Virtual space:
  Non-class space:       64.00 MB reserved,       3.94 MB (  6%) committed,  1 nodes.
      Class space:        1.00 GB reserved,     576.00 KB ( <1%) committed,  1 nodes.
             Both:        1.06 GB reserved,       4.50 MB ( <1%) committed. 

Chunk freelists:
   Non-Class:  11.12 MB
       Class:  15.44 MB
        Both:  26.56 MB

MaxMetaspaceSize: unlimited
CompressedClassSpaceSize: 1.00 GB
Initial GC threshold: 21.00 MB
Current GC threshold: 21.00 MB
CDS: on
 - commit_granule_bytes: 65536.
 - commit_granule_words: 8192.
 - virtual_space_node_default_size: 8388608.
 - enlarge_chunks_in_place: 1.
 - use_allocation_guard: 0.


Internal statistics:

num_allocs_failed_limit: 0.
num_arena_births: 184.
num_arena_deaths: 0.
num_vsnodes_births: 2.
num_vsnodes_deaths: 0.
num_space_committed: 72.
num_space_uncommitted: 0.
num_chunks_returned_to_freelist: 0.
num_chunks_taken_from_freelist: 252.
num_chunk_merges: 0.
num_chunk_splits: 160.
num_chunks_enlarged: 92.
num_inconsistent_stats: 0.

CodeHeap 'non-profiled nmethods': size=120000Kb used=432Kb max_used=432Kb free=119567Kb
 bounds [0x0000017522440000, 0x00000175226b0000, 0x0000017529970000]
CodeHeap 'profiled nmethods': size=120000Kb used=1764Kb max_used=1764Kb free=118236Kb
 bounds [0x000001751a970000, 0x000001751abe0000, 0x0000017521ea0000]
CodeHeap 'non-nmethods': size=5760Kb used=1195Kb max_used=1216Kb free=4564Kb
 bounds [0x0000017521ea0000, 0x0000017522110000, 0x0000017522440000]
CodeCache: size=245760Kb, used=3391Kb, max_used=3412Kb, free=242367Kb
 total_blobs=1544, nmethods=1089, adapters=362, full_count=0
Compilation: enabled, stopped_count=0, restarted_count=0

Compilation events (20 events):
Event: 0.914 Thread 0x00000175705b0790 nmethod 1079 0x000001751ab23510 code [0x000001751ab236c0, 0x000001751ab238e8]
Event: 0.914 Thread 0x00000175705b0790 1080       3       java.lang.invoke.DirectMethodHandle::constructorMethod (10 bytes)
Event: 0.914 Thread 0x00000175705b0790 nmethod 1080 0x000001751ab23a10 code [0x000001751ab23bc0, 0x000001751ab23da8]
Event: 0.914 Thread 0x00000175705b0790 1081       3       java.util.ArrayList::<init> (61 bytes)
Event: 0.915 Thread 0x00000175705b0790 nmethod 1081 0x000001751ab23e90 code [0x000001751ab240e0, 0x000001751ab24928]
Event: 0.915 Thread 0x0000017570924300 1083       4       java.util.HashMap::put (13 bytes)
Event: 0.915 Thread 0x00000175705b0790 1082       3       org.eclipse.osgi.internal.util.Tokenizer::skipWhiteSpace (58 bytes)
Event: 0.915 Thread 0x00000175705b0790 nmethod 1082 0x000001751ab24c10 code [0x000001751ab24dc0, 0x000001751ab25070]
Event: 0.915 Thread 0x00000175705b0790 1085       3       java.util.AbstractCollection::addAll (42 bytes)
Event: 0.915 Thread 0x0000017570590020 1086   !   4       java.nio.DirectIntBufferU::get (34 bytes)
Event: 0.916 Thread 0x00000175705b0790 nmethod 1085 0x000001751ab25190 code [0x000001751ab25380, 0x000001751ab258a0]
Event: 0.916 Thread 0x00000175705b0790 1084       1       java.util.concurrent.locks.AbstractOwnableSynchronizer::setExclusiveOwnerThread (6 bytes)
Event: 0.916 Thread 0x00000175705b0790 nmethod 1084 0x00000175224ab610 code [0x00000175224ab7a0, 0x00000175224ab880]
Event: 0.917 Thread 0x0000017570590020 nmethod 1086 0x00000175224ab910 code [0x00000175224abaa0, 0x00000175224abba0]
Event: 0.919 Thread 0x00000175705b0790 1087   !   3       jdk.internal.loader.BuiltinClassLoader::loadClassOrNull (143 bytes)
Event: 0.921 Thread 0x00000175705b0790 nmethod 1087 0x000001751ab25a10 code [0x000001751ab25ce0, 0x000001751ab26c00]
Event: 0.921 Thread 0x00000175705b0790 1088       3       java.lang.Object::toString (36 bytes)
Event: 0.921 Thread 0x00000175705b0790 nmethod 1088 0x000001751ab27290 code [0x000001751ab27500, 0x000001751ab27ce8]
Event: 0.923 Thread 0x00000175705b0790 1089       3       java.util.ArrayDeque::elementAt (4 bytes)
Event: 0.923 Thread 0x00000175705b0790 nmethod 1089 0x000001751ab28010 code [0x000001751ab281a0, 0x000001751ab282b8]

GC Heap History (0 events):
No events

Dll operation events (8 events):
Event: 0.014 Loaded shared library c:\Users\PAULO ROBERTO\.vscode\extensions\redhat.java-1.55.0-win32-x64\jre\21.0.11-win32-x86_64\bin\java.dll
Event: 0.089 Loaded shared library c:\Users\PAULO ROBERTO\.vscode\extensions\redhat.java-1.55.0-win32-x64\jre\21.0.11-win32-x86_64\bin\zip.dll
Event: 0.112 Loaded shared library C:\Users\PAULO ROBERTO\.vscode\extensions\redhat.java-1.55.0-win32-x64\jre\21.0.11-win32-x86_64\bin\instrument.dll
Event: 0.118 Loaded shared library C:\Users\PAULO ROBERTO\.vscode\extensions\redhat.java-1.55.0-win32-x64\jre\21.0.11-win32-x86_64\bin\net.dll
Event: 0.121 Loaded shared library C:\Users\PAULO ROBERTO\.vscode\extensions\redhat.java-1.55.0-win32-x64\jre\21.0.11-win32-x86_64\bin\nio.dll
Event: 0.125 Loaded shared library C:\Users\PAULO ROBERTO\.vscode\extensions\redhat.java-1.55.0-win32-x64\jre\21.0.11-win32-x86_64\bin\zip.dll
Event: 0.152 Loaded shared library C:\Users\PAULO ROBERTO\.vscode\extensions\redhat.java-1.55.0-win32-x64\jre\21.0.11-win32-x86_64\bin\jimage.dll
Event: 0.259 Loaded shared library c:\Users\PAULO ROBERTO\.vscode\extensions\redhat.java-1.55.0-win32-x64\jre\21.0.11-win32-x86_64\bin\verify.dll

Deoptimization events (20 events):
Event: 0.895 Thread 0x0000017517781650 DEOPT PACKING pc=0x000001751aae6c31 sp=0x0000005a05cfe040
Event: 0.895 Thread 0x0000017517781650 DEOPT UNPACKING pc=0x0000017521ef4242 sp=0x0000005a05cfd4b8 mode 0
Event: 0.895 Thread 0x0000017517781650 DEOPT PACKING pc=0x000001751aae6c31 sp=0x0000005a05cfe040
Event: 0.895 Thread 0x0000017517781650 DEOPT UNPACKING pc=0x0000017521ef4242 sp=0x0000005a05cfd4b8 mode 0
Event: 0.914 Thread 0x0000017517781650 Uncommon trap: trap_request=0xffffffde fr.pc=0x0000017522499d68 relative=0x00000000000009e8
Event: 0.914 Thread 0x0000017517781650 Uncommon trap: reason=class_check action=maybe_recompile pc=0x0000017522499d68 method=java.util.HashMap.putVal(ILjava/lang/Object;Ljava/lang/Object;ZZ)Ljava/lang/Object; @ 203 c2
Event: 0.914 Thread 0x0000017517781650 DEOPT PACKING pc=0x0000017522499d68 sp=0x0000005a05cfe3f0
Event: 0.914 Thread 0x0000017517781650 DEOPT UNPACKING pc=0x0000017521ef3aa2 sp=0x0000005a05cfe318 mode 2
Event: 0.914 Thread 0x0000017517781650 Uncommon trap: trap_request=0xffffffde fr.pc=0x0000017522499d68 relative=0x00000000000009e8
Event: 0.914 Thread 0x0000017517781650 Uncommon trap: reason=class_check action=maybe_recompile pc=0x0000017522499d68 method=java.util.HashMap.putVal(ILjava/lang/Object;Ljava/lang/Object;ZZ)Ljava/lang/Object; @ 203 c2
Event: 0.915 Thread 0x0000017517781650 DEOPT PACKING pc=0x0000017522499d68 sp=0x0000005a05cfe3f0
Event: 0.915 Thread 0x0000017517781650 DEOPT UNPACKING pc=0x0000017521ef3aa2 sp=0x0000005a05cfe318 mode 2
Event: 0.915 Thread 0x0000017517781650 Uncommon trap: trap_request=0xffffffde fr.pc=0x0000017522499d68 relative=0x00000000000009e8
Event: 0.915 Thread 0x0000017517781650 Uncommon trap: reason=class_check action=maybe_recompile pc=0x0000017522499d68 method=java.util.HashMap.putVal(ILjava/lang/Object;Ljava/lang/Object;ZZ)Ljava/lang/Object; @ 203 c2
Event: 0.915 Thread 0x0000017517781650 DEOPT PACKING pc=0x0000017522499d68 sp=0x0000005a05cfe3f0
Event: 0.915 Thread 0x0000017517781650 DEOPT UNPACKING pc=0x0000017521ef3aa2 sp=0x0000005a05cfe318 mode 2
Event: 0.915 Thread 0x0000017517781650 Uncommon trap: trap_request=0xffffffde fr.pc=0x0000017522499d68 relative=0x00000000000009e8
Event: 0.915 Thread 0x0000017517781650 Uncommon trap: reason=class_check action=maybe_recompile pc=0x0000017522499d68 method=java.util.HashMap.putVal(ILjava/lang/Object;Ljava/lang/Object;ZZ)Ljava/lang/Object; @ 203 c2
Event: 0.915 Thread 0x0000017517781650 DEOPT PACKING pc=0x0000017522499d68 sp=0x0000005a05cfe3f0
Event: 0.915 Thread 0x0000017517781650 DEOPT UNPACKING pc=0x0000017521ef3aa2 sp=0x0000005a05cfe318 mode 2

Classes loaded (20 events):
Event: 0.900 Loading class jdk/internal/logger/LazyLoggers$LazyLoggerWrapper done
Event: 0.900 Loading class jdk/internal/logger/LazyLoggers$JdkLazyLogger done
Event: 0.900 Loading class jdk/internal/logger/LazyLoggers$LazyLoggerAccessor
Event: 0.901 Loading class jdk/internal/logger/LazyLoggers$LoggerAccessor
Event: 0.901 Loading class jdk/internal/logger/LazyLoggers$LoggerAccessor done
Event: 0.901 Loading class jdk/internal/logger/LazyLoggers$LazyLoggerAccessor done
Event: 0.901 Loading class jdk/internal/logger/SurrogateLogger
Event: 0.901 Loading class jdk/internal/logger/SimpleConsoleLogger
Event: 0.901 Loading class sun/util/logging/PlatformLogger$ConfigurableBridge$LoggerConfiguration
Event: 0.901 Loading class sun/util/logging/PlatformLogger$ConfigurableBridge$LoggerConfiguration done
Event: 0.901 Loading class jdk/internal/logger/SimpleConsoleLogger done
Event: 0.901 Loading class jdk/internal/logger/SurrogateLogger done
Event: 0.902 Loading class sun/util/logging/PlatformLogger
Event: 0.902 Loading class sun/util/logging/PlatformLogger done
Event: 0.902 Loading class sun/util/logging/PlatformLogger$Level
Event: 0.902 Loading class sun/util/logging/PlatformLogger$Level done
Event: 0.911 Loading class java/io/BufferedReader
Event: 0.911 Loading class java/io/BufferedReader done
Event: 0.912 Loading class sun/nio/cs/StreamDecoder
Event: 0.912 Loading class sun/nio/cs/StreamDecoder done

Classes unloaded (0 events):
No events

Classes redefined (0 events):
No events

Internal exceptions (20 events):
Event: 0.205 Thread 0x0000017517781650 Exception <a 'java/lang/NoSuchMethodError'{0x00000000d5a08820}: 'java.lang.Object java.lang.invoke.DirectMethodHandle$Holder.invokeStatic(java.lang.Object, java.lang.Object, int)'> (0x00000000d5a08820) 
thrown [s\src\hotspot\share\interpreter\linkResolver.cpp, line 773]
Event: 0.206 Thread 0x0000017517781650 Exception <a 'java/lang/NoSuchMethodError'{0x00000000d5a0d170}: 'void java.lang.invoke.DirectMethodHandle$Holder.invokeStatic(java.lang.Object, java.lang.Object, int, java.lang.Object)'> (0x00000000d5a0d170) 
thrown [s\src\hotspot\share\interpreter\linkResolver.cpp, line 773]
Event: 0.207 Thread 0x0000017517781650 Exception <a 'java/lang/NoSuchMethodError'{0x00000000d5a10d00}: 'void java.lang.invoke.DirectMethodHandle$Holder.invokeSpecial(java.lang.Object, java.lang.Object, java.lang.Object, int, java.lang.Object)'> (0x00000000d5a10d00) 
thrown [s\src\hotspot\share\interpreter\linkResolver.cpp, line 773]
Event: 0.207 Thread 0x0000017517781650 Exception <a 'java/lang/NoSuchMethodError'{0x00000000d5a143b0}: 'void java.lang.invoke.DelegatingMethodHandle$Holder.delegate(java.lang.Object, java.lang.Object, int, java.lang.Object)'> (0x00000000d5a143b0) 
thrown [s\src\hotspot\share\interpreter\linkResolver.cpp, line 773]
Event: 0.298 Thread 0x0000017517781650 Exception <a 'java/lang/NoSuchMethodError'{0x00000000d5be0098}: 'void java.lang.invoke.DelegatingMethodHandle$Holder.reinvoke_L(java.lang.Object, java.lang.Object, java.lang.Object, int)'> (0x00000000d5be0098) 
thrown [s\src\hotspot\share\interpreter\linkResolver.cpp, line 773]
Event: 0.477 Thread 0x0000017517781650 Exception <a 'java/lang/NoSuchMethodError'{0x00000000d607cb60}: 'void java.lang.invoke.DirectMethodHandle$Holder.invokeVirtual(java.lang.Object, java.lang.Object)'> (0x00000000d607cb60) 
thrown [s\src\hotspot\share\interpreter\linkResolver.cpp, line 773]
Event: 0.648 Thread 0x0000017517781650 Exception <a 'java/lang/NoSuchMethodError'{0x00000000d645f3c8}: 'void java.lang.invoke.DirectMethodHandle$Holder.invokeStatic(java.lang.Object, java.lang.Object)'> (0x00000000d645f3c8) 
thrown [s\src\hotspot\share\interpreter\linkResolver.cpp, line 773]
Event: 0.663 Thread 0x0000017517781650 Exception <a 'java/lang/ClassNotFoundException'{0x00000000d64874d0}: sun/net/www/protocol/c/Handler> (0x00000000d64874d0) 
thrown [s\src\hotspot\share\classfile\systemDictionary.cpp, line 313]
Event: 0.684 Thread 0x0000017517781650 Exception <a 'java/io/FileNotFoundException'{0x00000000d64e4808}> (0x00000000d64e4808) 
thrown [s\src\hotspot\share\prims\jni.cpp, line 520]
Event: 0.685 Thread 0x0000017517781650 Exception <a 'java/io/FileNotFoundException'{0x00000000d64e5bb8}> (0x00000000d64e5bb8) 
thrown [s\src\hotspot\share\prims\jni.cpp, line 520]
Event: 0.686 Thread 0x0000017517781650 Exception <a 'java/io/FileNotFoundException'{0x00000000d64e68b8}> (0x00000000d64e68b8) 
thrown [s\src\hotspot\share\prims\jni.cpp, line 520]
Event: 0.686 Thread 0x0000017517781650 Exception <a 'java/io/FileNotFoundException'{0x00000000d64e7470}> (0x00000000d64e7470) 
thrown [s\src\hotspot\share\prims\jni.cpp, line 520]
Event: 0.691 Thread 0x0000017517781650 Implicit null exception at 0x00000175224727a4 to 0x0000017522472d48
Event: 0.691 Thread 0x0000017517781650 Implicit null exception at 0x0000017522473d20 to 0x00000175224742b4
Event: 0.694 Thread 0x0000017517781650 Exception <a 'java/io/FileNotFoundException'{0x00000000d651fe30}> (0x00000000d651fe30) 
thrown [s\src\hotspot\share\prims\jni.cpp, line 520]
Event: 0.707 Thread 0x0000017517781650 Exception <a 'java/lang/NoSuchMethodError'{0x00000000d6558fd0}: 'java.lang.Object java.lang.invoke.DirectMethodHandle$Holder.invokeInterface(java.lang.Object, java.lang.Object)'> (0x00000000d6558fd0) 
thrown [s\src\hotspot\share\interpreter\linkResolver.cpp, line 773]
Event: 0.712 Thread 0x0000017517781650 Exception <a 'java/lang/NoSuchMethodError'{0x00000000d656c658}: 'java.lang.Object java.lang.invoke.Invokers$Holder.invokeExact_MT(java.lang.Object, java.lang.Object, java.lang.Object, java.lang.Object, java.lang.Object, java.lang.Object)'> (0x00000000d656c658) 
thrown [s\src\hotspot\share\interpreter\linkResolver.cpp, line 773]
Event: 0.718 Thread 0x0000017517781650 Exception <a 'java/lang/NoSuchMethodError'{0x00000000d6583730}: 'int java.lang.invoke.DirectMethodHandle$Holder.invokeStatic(java.lang.Object, java.lang.Object, java.lang.Object, java.lang.Object, java.lang.Object)'> (0x00000000d6583730) 
thrown [s\src\hotspot\share\interpreter\linkResolver.cpp, line 773]
Event: 0.745 Thread 0x0000017517781650 Exception <a 'java/lang/NoSuchMethodError'{0x00000000d6618400}: 'java.lang.Object java.lang.invoke.DirectMethodHandle$Holder.invokeInterface(java.lang.Object, java.lang.Object, int)'> (0x00000000d6618400) 
thrown [s\src\hotspot\share\interpreter\linkResolver.cpp, line 773]
Event: 0.861 Thread 0x0000017517781650 Exception <a 'java/lang/NoSuchMethodError'{0x00000000d6a81568}: 'java.lang.ClassLoader java.lang.ClassLoader.getPlatformClassLoader(java.lang.Class)'> (0x00000000d6a81568) 
thrown [s\src\hotspot\share\interpreter\linkResolver.cpp, line 773]

ZGC Phase Switch (0 events):
No events

VM Operations (8 events):
Event: 0.165 Executing non-safepoint VM operation: HandshakeAllThreads (Deoptimize)
Event: 0.165 Executing non-safepoint VM operation: HandshakeAllThreads (Deoptimize) done
Event: 0.608 Executing non-safepoint VM operation: HandshakeAllThreads (Deoptimize)
Event: 0.608 Executing non-safepoint VM operation: HandshakeAllThreads (Deoptimize) done
Event: 0.642 Executing non-safepoint VM operation: HandshakeAllThreads (Deoptimize)
Event: 0.642 Executing non-safepoint VM operation: HandshakeAllThreads (Deoptimize) done
Event: 0.902 Executing safepoint VM operation: ICBufferFull
Event: 0.902 Executing safepoint VM operation: ICBufferFull done

Memory protections (0 events):
No events

Nmethod flushes (0 events):
No events

Events (14 events):
Event: 0.037 Thread 0x0000017517781650 Thread added: 0x0000017517781650
Event: 0.054 Thread 0x0000017517781650 Thread added: 0x0000017517709800
Event: 0.055 Thread 0x0000017517781650 Thread added: 0x000001751782de30
Event: 0.055 Thread 0x0000017517781650 Thread added: 0x0000017517718400
Event: 0.055 Thread 0x0000017517781650 Thread added: 0x00000175177197b0
Event: 0.055 Thread 0x0000017517781650 Thread added: 0x0000017517718a90
Event: 0.055 Thread 0x0000017517781650 Thread added: 0x0000017517719e40
Event: 0.055 Thread 0x0000017517781650 Thread added: 0x0000017570590020
Event: 0.055 Thread 0x0000017517781650 Thread added: 0x00000175705b0790
Event: 0.099 Thread 0x00000175705b0790 Thread added: 0x0000017570747640
Event: 0.114 Thread 0x0000017517781650 Thread added: 0x000001751771b1f0
Event: 0.350 Thread 0x0000017570747640 Thread exited: 0x0000017570747640
Event: 0.397 Thread 0x0000017517781650 Thread added: 0x0000017517719120
Event: 0.551 Thread 0x00000175705b0790 Thread added: 0x0000017570924300


Dynamic libraries:
0x00007ff76d1c0000 - 0x00007ff76d1ce000 	c:\Users\PAULO ROBERTO\.vscode\extensions\redhat.java-1.55.0-win32-x64\jre\21.0.11-win32-x86_64\bin\java.exe
0x00007ffb07800000 - 0x00007ffb07a67000 	C:\WINDOWS\SYSTEM32\ntdll.dll
0x00007ffb07040000 - 0x00007ffb0710a000 	C:\WINDOWS\System32\KERNEL32.DLL
0x00007ffb04e70000 - 0x00007ffb05272000 	C:\WINDOWS\System32\KERNELBASE.dll
0x00007ffafdfe0000 - 0x00007ffafe07f000 	C:\WINDOWS\SYSTEM32\apphelp.dll
0x00007ffb05310000 - 0x00007ffb0545c000 	C:\WINDOWS\System32\ucrtbase.dll
0x00007ffaf9600000 - 0x00007ffaf961e000 	c:\Users\PAULO ROBERTO\.vscode\extensions\redhat.java-1.55.0-win32-x64\jre\21.0.11-win32-x86_64\bin\VCRUNTIME140.dll
0x00007ffaf9620000 - 0x00007ffaf9638000 	c:\Users\PAULO ROBERTO\.vscode\extensions\redhat.java-1.55.0-win32-x64\jre\21.0.11-win32-x86_64\bin\jli.dll
0x00007ffb06270000 - 0x00007ffb0643f000 	C:\WINDOWS\System32\USER32.dll
0x00007ffb04d80000 - 0x00007ffb04da7000 	C:\WINDOWS\System32\win32u.dll
0x00007ffada830000 - 0x00007ffadaac0000 	C:\WINDOWS\WinSxS\amd64_microsoft.windows.common-controls_6595b64144ccf1df_6.0.26100.9278_none_3e0d1ba8e3303201\COMCTL32.dll
0x00007ffb061c0000 - 0x00007ffb06269000 	C:\WINDOWS\System32\msvcrt.dll
0x00007ffb06910000 - 0x00007ffb0693b000 	C:\WINDOWS\System32\GDI32.dll
0x00007ffb04c50000 - 0x00007ffb04d79000 	C:\WINDOWS\System32\gdi32full.dll
0x00007ffb04a10000 - 0x00007ffb04ab3000 	C:\WINDOWS\System32\msvcp_win.dll
0x00007ffb06940000 - 0x00007ffb06971000 	C:\WINDOWS\System32\IMM32.DLL
0x00007ffafce50000 - 0x00007ffafce5c000 	c:\Users\PAULO ROBERTO\.vscode\extensions\redhat.java-1.55.0-win32-x64\jre\21.0.11-win32-x86_64\bin\vcruntime140_1.dll
0x00007ffaf76c0000 - 0x00007ffaf774d000 	c:\Users\PAULO ROBERTO\.vscode\extensions\redhat.java-1.55.0-win32-x64\jre\21.0.11-win32-x86_64\bin\msvcp140.dll
0x00007ffa6a390000 - 0x00007ffa6b132000 	c:\Users\PAULO ROBERTO\.vscode\extensions\redhat.java-1.55.0-win32-x64\jre\21.0.11-win32-x86_64\bin\server\jvm.dll
0x00007ffb072d0000 - 0x00007ffb0738c000 	C:\WINDOWS\System32\ADVAPI32.dll
0x00007ffb07710000 - 0x00007ffb077b9000 	C:\WINDOWS\System32\sechost.dll
0x00007ffb06a60000 - 0x00007ffb06b78000 	C:\WINDOWS\System32\RPCRT4.dll
0x00007ffb06880000 - 0x00007ffb06900000 	C:\WINDOWS\System32\WS2_32.dll
0x00007ffb03500000 - 0x00007ffb0355e000 	C:\WINDOWS\SYSTEM32\POWRPROF.dll
0x00007ffaefa60000 - 0x00007ffaefa96000 	C:\WINDOWS\SYSTEM32\WINMM.dll
0x00007ffaf9af0000 - 0x00007ffaf9afb000 	C:\WINDOWS\SYSTEM32\VERSION.dll
0x00007ffb034e0000 - 0x00007ffb034f5000 	C:\WINDOWS\SYSTEM32\UMPDC.dll
0x00007ffb037c0000 - 0x00007ffb037db000 	C:\WINDOWS\SYSTEM32\kernel.appcore.dll
0x00007ffaf9740000 - 0x00007ffaf974a000 	c:\Users\PAULO ROBERTO\.vscode\extensions\redhat.java-1.55.0-win32-x64\jre\21.0.11-win32-x86_64\bin\jimage.dll
0x00007ffb01ed0000 - 0x00007ffb02112000 	C:\WINDOWS\SYSTEM32\DBGHELP.DLL
0x00007ffb055b0000 - 0x00007ffb05934000 	C:\WINDOWS\System32\combase.dll
0x00007ffb06980000 - 0x00007ffb06a59000 	C:\WINDOWS\System32\OLEAUT32.dll
0x00007ffad42c0000 - 0x00007ffad42fb000 	C:\WINDOWS\SYSTEM32\dbgcore.DLL
0x00007ffb04db0000 - 0x00007ffb04e5c000 	C:\WINDOWS\System32\bcryptPrimitives.dll
0x00007ffaf9560000 - 0x00007ffaf956f000 	c:\Users\PAULO ROBERTO\.vscode\extensions\redhat.java-1.55.0-win32-x64\jre\21.0.11-win32-x86_64\bin\instrument.dll
0x00007ffaf8720000 - 0x00007ffaf8740000 	c:\Users\PAULO ROBERTO\.vscode\extensions\redhat.java-1.55.0-win32-x64\jre\21.0.11-win32-x86_64\bin\java.dll
0x00007ffb059a0000 - 0x00007ffb06138000 	C:\WINDOWS\System32\SHELL32.dll
0x00007ffb02470000 - 0x00007ffb02d1e000 	C:\WINDOWS\SYSTEM32\windows.storage.dll
0x00007ffb06770000 - 0x00007ffb0686b000 	C:\WINDOWS\System32\SHCORE.dll
0x00007ffb06150000 - 0x00007ffb061b6000 	C:\WINDOWS\System32\shlwapi.dll
0x00007ffb04930000 - 0x00007ffb04959000 	C:\WINDOWS\SYSTEM32\profapi.dll
0x00007ffaf8700000 - 0x00007ffaf8718000 	c:\Users\PAULO ROBERTO\.vscode\extensions\redhat.java-1.55.0-win32-x64\jre\21.0.11-win32-x86_64\bin\zip.dll
0x00007ffaf96f0000 - 0x00007ffaf9700000 	C:\Users\PAULO ROBERTO\.vscode\extensions\redhat.java-1.55.0-win32-x64\jre\21.0.11-win32-x86_64\bin\net.dll
0x00007ffaf9980000 - 0x00007ffaf9aaa000 	C:\WINDOWS\SYSTEM32\WINHTTP.dll
0x00007ffb03d60000 - 0x00007ffb03dcc000 	C:\WINDOWS\system32\mswsock.dll
0x00007ffaf86b0000 - 0x00007ffaf86c6000 	C:\Users\PAULO ROBERTO\.vscode\extensions\redhat.java-1.55.0-win32-x64\jre\21.0.11-win32-x86_64\bin\nio.dll
0x00007ffaf8e60000 - 0x00007ffaf8e70000 	c:\Users\PAULO ROBERTO\.vscode\extensions\redhat.java-1.55.0-win32-x64\jre\21.0.11-win32-x86_64\bin\verify.dll

JVMTI agents:
c:\Users\PAULO ROBERTO\.vscode\extensions\redhat.java-1.55.0-win32-x64\lombok\lombok-1.18.39-4050.jar path:c:\Users\PAULO ROBERTO\.vscode\extensions\redhat.java-1.55.0-win32-x64\jre\21.0.11-win32-x86_64\bin\instrument.dll, loaded, initialized, instrumentlib options:none

dbghelp: loaded successfully - version: 4.0.5 - missing functions: none
symbol engine: initialized successfully - sym options: 0x614 - pdb path: .;c:\Users\PAULO ROBERTO\.vscode\extensions\redhat.java-1.55.0-win32-x64\jre\21.0.11-win32-x86_64\bin;C:\WINDOWS\SYSTEM32;C:\WINDOWS\WinSxS\amd64_microsoft.windows.common-controls_6595b64144ccf1df_6.0.26100.9278_none_3e0d1ba8e3303201;c:\Users\PAULO ROBERTO\.vscode\extensions\redhat.java-1.55.0-win32-x64\jre\21.0.11-win32-x86_64\bin\server

VM Arguments:
jvm_args: --add-modules=ALL-SYSTEM --add-opens=java.base/java.util=ALL-UNNAMED --add-opens=java.base/java.lang=ALL-UNNAMED --add-opens=java.base/sun.nio.fs=ALL-UNNAMED -Declipse.application=org.eclipse.jdt.ls.core.id1 -Dosgi.bundles.defaultStartLevel=4 -Declipse.product=org.eclipse.jdt.ls.core.product -Djava.import.generatesMetadataFilesAtProjectRoot=false -DDetectVMInstallationsJob.disabled=true -Dfile.encoding=utf8 -XX:+UseParallelGC -XX:GCTimeRatio=4 -XX:AdaptiveSizePolicyWeight=90 -Dsun.zip.disableMemoryMapping=true -Xmx2G -Xms100m -Xlog:disable -javaagent:c:\Users\PAULO ROBERTO\.vscode\extensions\redhat.java-1.55.0-win32-x64\lombok\lombok-1.18.39-4050.jar 
java_command: c:\Users\PAULO ROBERTO\.vscode\extensions\redhat.java-1.55.0-win32-x64\server\plugins\org.eclipse.equinox.launcher_1.7.200.v20260619-2039.jar -configuration c:\Users\PAULO ROBERTO\AppData\Roaming\Code\User\globalStorage\redhat.java\1.55.0\config_ss_win -data c:\Users\PAULO ROBERTO\AppData\Roaming\Code\User\workspaceStorage\af78278a2264e0da21869ec41e085d06\redhat.java\ss_ws --pipe=\\.\pipe\lsp-dd7ad3aeaa7f0f21b74729b2b73f5f71-sock
java_class_path (initial): c:\Users\PAULO ROBERTO\.vscode\extensions\redhat.java-1.55.0-win32-x64\server\plugins\org.eclipse.equinox.launcher_1.7.200.v20260619-2039.jar
Launcher Type: SUN_STANDARD

[Global flags]
    uintx AdaptiveSizePolicyWeight                 = 90                                        {product} {command line}
     intx CICompilerCount                          = 4                                         {product} {ergonomic}
    uintx GCTimeRatio                              = 4                                         {product} {command line}
   size_t InitialHeapSize                          = 104857600                                 {product} {command line}
   size_t MaxHeapSize                              = 2147483648                                {product} {command line}
   size_t MaxNewSize                               = 715653120                                 {product} {ergonomic}
   size_t MinHeapDeltaBytes                        = 524288                                    {product} {ergonomic}
   size_t MinHeapSize                              = 104857600                                 {product} {command line}
   size_t NewSize                                  = 34603008                                  {product} {ergonomic}
    uintx NonNMethodCodeHeapSize                   = 5839372                                {pd product} {ergonomic}
    uintx NonProfiledCodeHeapSize                  = 122909434                              {pd product} {ergonomic}
   size_t OldSize                                  = 70254592                                  {product} {ergonomic}
    uintx ProfiledCodeHeapSize                     = 122909434                              {pd product} {ergonomic}
    uintx ReservedCodeCacheSize                    = 251658240                              {pd product} {ergonomic}
     bool SegmentedCodeCache                       = true                                      {product} {ergonomic}
   size_t SoftMaxHeapSize                          = 2147483648                             {manageable} {ergonomic}
     bool UseCompressedOops                        = true                           {product lp64_product} {ergonomic}
     bool UseLargePagesIndividualAllocation        = false                                  {pd product} {ergonomic}
     bool UseParallelGC                            = true                                      {product} {command line}

Logging:
Log output configuration:
 #0: stdout all=off uptime,level,tags foldmultilines=false
 #1: stderr all=off uptime,level,tags foldmultilines=false

Release file:
JAVA_VERSION="21.0.11" 
MODULES="java.base java.compiler java.datatransfer java.xml java.prefs java.desktop java.instrument java.logging java.management java.security.sasl java.naming java.rmi java.management.rmi java.net.http java.scripting java.security.jgss java.transaction.xa java.sql java.sql.rowset java.xml.crypto java.se java.smartcardio jdk.accessibility jdk.internal.jvmstat jdk.attach jdk.charsets jdk.internal.opt jdk.zipfs jdk.compiler jdk.crypto.ec jdk.crypto.cryptoki jdk.crypto.mscapi jdk.dynalink jdk.internal.ed jdk.editpad jdk.hotspot.agent jdk.httpserver jdk.internal.le jdk.internal.vm.ci jdk.internal.vm.compiler jdk.internal.vm.compiler.management jdk.jartool jdk.javadoc jdk.jcmd jdk.management jdk.management.agent jdk.jconsole jdk.jdeps jdk.jdwp.agent jdk.jdi jdk.jfr jdk.jshell jdk.jsobject jdk.jstatd jdk.localedata jdk.management.jfr jdk.naming.dns jdk.naming.rmi jdk.net jdk.nio.mapmode jdk.random jdk.sctp jdk.security.auth jdk.security.jgss jdk.unsupported jdk.unsupported.desktop jdk.xml.dom" 

Environment Variables:
JAVA_HOME=C:\Program Files\Java\jdk-21
PATH=C:\Program Files\Common Files\Oracle\Java\javapath;C:\WINDOWS\system32;C:\WINDOWS;C:\WINDOWS\System32\Wbem;C:\WINDOWS\System32\WindowsPowerShell\v1.0\;C:\WINDOWS\System32\OpenSSH\;C:\Program Files\dotnet\;C:\Program Files\NVIDIA Corporation\NVIDIA App\NvDLISR;C:\Program Files (x86)\NVIDIA Corporation\PhysX\Common;C:\Program Files\GitHub CLI\;C:\Program Files\nodejs\;C:\Program Files\Git\cmd;C:\Users\PAULO ROBERTO\.local\bin;C:\Users\PAULO ROBERTO\AppData\Local\Microsoft\WindowsApps;C:\Users\PAULO ROBERTO\AppData\Roaming\npm;C:\Users\PAULO ROBERTO\AppData\Local\Programs\Microsoft VS Code\bin;C:\Users\PAULO ROBERTO\.bun\bin;C:\Users\PAULO ROBERTO\AppData\Local\Microsoft\WinGet\Packages\jqlang.jq_Microsoft.Winget.Source_8wekyb3d8bbwe;C:\Users\PAULO ROBERTO\.lmstudio\bin;C:\Users\PAULO ROBERTO\AppData\Local\PowerToys\DSCModules\
USERNAME=PAULO ROBERTO
OS=Windows_NT
PROCESSOR_IDENTIFIER=Intel64 Family 6 Model 186 Stepping 2, GenuineIntel
TMP=C:\Users\PAULOR~1\AppData\Local\Temp
TEMP=C:\Users\PAULOR~1\AppData\Local\Temp




Periodic native trim disabled

---------------  S Y S T E M  ---------------

OS:
 Windows 11 , 64 bit Build 26100 (10.0.26100.9278)
OS uptime: 6 days 23:57 hours
Hyper-V role detected

CPU: total 12 (initial active 12) (6 cores per cpu, 2 threads per core) family 6 model 186 stepping 2 microcode 0x5103, cx8, cmov, fxsr, ht, mmx, 3dnowpref, sse, sse2, sse3, ssse3, sse4.1, sse4.2, popcnt, lzcnt, tsc, tscinvbit, avx, avx2, aes, erms, clmul, bmi1, bmi2, adx, sha, fma, vzeroupper, clflush, clflushopt, clwb, hv, serialize, rdtscp, rdpid, fsrm, f16c, cet_ibt, cet_ss
Processor Information for the first 12 processors :
  Max Mhz: 2100, Current Mhz: 2100, Mhz Limit: 2100

Memory: 4k page, system-wide physical 16087M (501M free)
TotalPageFile size 32471M (AvailPageFile size 0M)
current process WorkingSet (physical memory assigned to process): 83M, peak: 83M
current process commit charge ("private bytes"): 242M, peak: 242M

vm_info: OpenJDK 64-Bit Server VM (21.0.11+10-LTS) for windows-amd64 JRE (21.0.11+10-LTS), built on 2026-04-21T00:00:00Z by "admin" with MS VC++ 17.12 (VS2022)

END.
