#
# There is insufficient memory for the Java Runtime Environment to continue.
# Native memory allocation (mmap) failed to map 65536 bytes. Error detail: Failed to commit metaspace.
# Possible reasons:
#   The system is out of physical RAM or swap space
#   This process is running with CompressedOops enabled, and the Java Heap may be blocking the growth of the native heap
# Possible solutions:
#   Reduce memory load on the system
#   Increase physical memory or swap space
#   Check if swap backing store is full
#   Decrease Java heap size (-Xmx/-Xms)
#   Decrease number of Java threads
#   Decrease Java thread stack sizes (-Xss)
#   Set larger code cache with -XX:ReservedCodeCacheSize=
#   JVM is running with Unscaled Compressed Oops mode in which the Java heap is
#     placed in the first 4GB address space. The Java Heap base address is the
#     maximum limit for the native heap growth. Please use -XX:HeapBaseMinAddress
#     to set the Java Heap base and to place the Java Heap above 4GB virtual address.
# This output file may be truncated or incomplete.
#
#  Out of Memory Error (virtualSpaceNode.cpp:113), pid=54028, tid=40120
#
# JRE version: OpenJDK Runtime Environment Temurin-21.0.11+10 (21.0.11+10) (build 21.0.11+10-LTS)
# Java VM: OpenJDK 64-Bit Server VM Temurin-21.0.11+10 (21.0.11+10-LTS, mixed mode, sharing, tiered, compressed oops, compressed class ptrs, parallel gc, windows-amd64)
# No core dump will be written. Minidumps are not enabled by default on client versions of Windows
#

---------------  S U M M A R Y ------------

Command Line: --add-modules=ALL-SYSTEM --add-opens=java.base/java.util=ALL-UNNAMED --add-opens=java.base/java.lang=ALL-UNNAMED --add-opens=java.base/sun.nio.fs=ALL-UNNAMED -Declipse.application=org.eclipse.jdt.ls.core.id1 -Dosgi.bundles.defaultStartLevel=4 -Declipse.product=org.eclipse.jdt.ls.core.product -Djava.import.generatesMetadataFilesAtProjectRoot=false -DDetectVMInstallationsJob.disabled=true -Dfile.encoding=utf8 -XX:+UseParallelGC -XX:GCTimeRatio=4 -XX:AdaptiveSizePolicyWeight=90 -Dsun.zip.disableMemoryMapping=true -Xmx2G -Xms100m -Xlog:disable -javaagent:c:\Users\PAULO ROBERTO\.vscode\extensions\redhat.java-1.55.0-win32-x64\lombok\lombok-1.18.39-4050.jar -XX:+HeapDumpOnOutOfMemoryError -XX:HeapDumpPath=c:\Users\PAULO ROBERTO\AppData\Roaming\Code\User\workspaceStorage\af78278a2264e0da21869ec41e085d06\redhat.java -Daether.dependencyCollector.impl=bf c:\Users\PAULO ROBERTO\.vscode\extensions\redhat.java-1.55.0-win32-x64\server\plugins\org.eclipse.equinox.launcher_1.7.200.v20260619-2039.jar -configuration c:\Users\PAULO ROBERTO\AppData\Roaming\Code\User\globalStorage\redhat.java\1.55.0\config_win -data c:\Users\PAULO ROBERTO\AppData\Roaming\Code\User\workspaceStorage\af78278a2264e0da21869ec41e085d06\redhat.java\jdt_ws --pipe=\\.\pipe\lsp-b6b0b772cb1503fda0eea14e4739c645-sock

Host: 13th Gen Intel(R) Core(TM) i5-13420H, 12 cores, 15G,  Windows 11 , 64 bit Build 26100 (10.0.26100.8972)
Time: Tue Aug 11 07:27:02 2026 Hora Padrão de Bogotá elapsed time: 6.071968 seconds (0d 0h 0m 6s)

---------------  T H R E A D  ---------------

Current thread (0x000002a24233bd70):  JavaThread "main"             [_thread_in_vm, id=40120, stack(0x000000f8c0500000,0x000000f8c0600000) (1024K)]

Stack: [0x000000f8c0500000,0x000000f8c0600000]
Native frames: (J=compiled Java code, j=interpreted, Vv=VM code, C=native code)
V  [jvm.dll+0x6d7e19]
V  [jvm.dll+0x8b5096]
V  [jvm.dll+0x8b764e]
V  [jvm.dll+0x8b7d33]
V  [jvm.dll+0x284596]
V  [jvm.dll+0x8b0dde]
V  [jvm.dll+0x6795e4]
V  [jvm.dll+0x1e849b]
V  [jvm.dll+0x1e825e]
V  [jvm.dll+0x67bee2]
V  [jvm.dll+0x67bd12]
V  [jvm.dll+0x679fbe]
V  [jvm.dll+0x26e440]
V  [jvm.dll+0x684225]
V  [jvm.dll+0x21973e]
V  [jvm.dll+0x219be5]
V  [jvm.dll+0x21a5d8]
V  [jvm.dll+0x20f80e]
V  [jvm.dll+0x5b658f]
V  [jvm.dll+0x82f046]
V  [jvm.dll+0x478ec8]
V  [jvm.dll+0x47ecf8]
C  [java.dll+0x17ec]

Java frames: (J=compiled Java code, j=interpreted, Vv=VM code)
j  java.lang.ClassLoader.defineClass1(Ljava/lang/ClassLoader;Ljava/lang/String;[BIILjava/security/ProtectionDomain;Ljava/lang/String;)Ljava/lang/Class;+0 java.base@21.0.11
j  java.lang.ClassLoader.defineClass(Ljava/lang/String;[BIILjava/security/ProtectionDomain;)Ljava/lang/Class;+27 java.base@21.0.11
j  java.security.SecureClassLoader.defineClass(Ljava/lang/String;[BIILjava/security/CodeSource;)Ljava/lang/Class;+12 java.base@21.0.11
j  java.net.URLClassLoader.defineClass(Ljava/lang/String;Ljdk/internal/loader/Resource;)Ljava/lang/Class;+220 java.base@21.0.11
j  java.net.URLClassLoader$1.run()Ljava/lang/Class;+43 java.base@21.0.11
j  java.net.URLClassLoader$1.run()Ljava/lang/Object;+1 java.base@21.0.11
j  java.security.AccessController.executePrivileged(Ljava/security/PrivilegedExceptionAction;Ljava/security/AccessControlContext;Ljava/lang/Class;)Ljava/lang/Object;+29 java.base@21.0.11
j  java.security.AccessController.doPrivileged(Ljava/security/PrivilegedExceptionAction;Ljava/security/AccessControlContext;)Ljava/lang/Object;+13 java.base@21.0.11
j  java.net.URLClassLoader.findClass(Ljava/lang/String;)Ljava/lang/Class;+13 java.base@21.0.11
j  java.lang.ClassLoader.loadClass(Ljava/lang/String;Z)Ljava/lang/Class;+69 java.base@21.0.11
J 1013 c1 java.lang.ClassLoader.loadClass(Ljava/lang/String;)Ljava/lang/Class; java.base@21.0.11 (7 bytes) @ 0x000002a2456d88d4 [0x000002a2456d87c0+0x0000000000000114]
v  ~StubRoutines::call_stub 0x000002a24ca7100d
j  org.eclipse.osgi.internal.log.EquinoxLogServices.<init>(Lorg/eclipse/osgi/internal/framework/EquinoxConfiguration;)V+147
j  org.eclipse.osgi.internal.framework.EquinoxContainer.<init>(Ljava/util/Map;Lorg/osgi/framework/connect/ModuleConnector;)V+97
j  org.eclipse.osgi.launch.Equinox.<init>(Ljava/util/Map;Lorg/osgi/framework/connect/ModuleConnector;)V+10
j  org.eclipse.osgi.launch.Equinox.<init>(Ljava/util/Map;)V+3
j  org.eclipse.core.runtime.adaptor.EclipseStarter.startup([Ljava/lang/String;Ljava/lang/Runnable;)Lorg/osgi/framework/BundleContext;+28
j  org.eclipse.core.runtime.adaptor.EclipseStarter.run([Ljava/lang/String;Ljava/lang/Runnable;)Ljava/lang/Object;+21
j  java.lang.invoke.DirectMethodHandle$Holder.invokeStatic(Ljava/lang/Object;Ljava/lang/Object;Ljava/lang/Object;)Ljava/lang/Object;+11 java.base@21.0.11
j  java.lang.invoke.LambdaForm$MH+0x000002a25a08a800.invoke(Ljava/lang/Object;Ljava/lang/Object;Ljava/lang/Object;Ljava/lang/Object;)Ljava/lang/Object;+54 java.base@21.0.11
j  java.lang.invoke.LambdaForm$MH+0x000002a25a002c00.invokeExact_MT(Ljava/lang/Object;Ljava/lang/Object;Ljava/lang/Object;Ljava/lang/Object;Ljava/lang/Object;)Ljava/lang/Object;+22 java.base@21.0.11
j  jdk.internal.reflect.DirectMethodHandleAccessor.invokeImpl(Ljava/lang/Object;[Ljava/lang/Object;)Ljava/lang/Object;+72 java.base@21.0.11
j  jdk.internal.reflect.DirectMethodHandleAccessor.invoke(Ljava/lang/Object;[Ljava/lang/Object;)Ljava/lang/Object;+23 java.base@21.0.11
j  java.lang.reflect.Method.invoke(Ljava/lang/Object;[Ljava/lang/Object;)Ljava/lang/Object;+102 java.base@21.0.11
j  org.eclipse.equinox.launcher.Main.invokeFramework([Ljava/lang/String;[Ljava/net/URL;)V+155
j  org.eclipse.equinox.launcher.Main.basicRun([Ljava/lang/String;)V+191
j  org.eclipse.equinox.launcher.Main.run([Ljava/lang/String;)I+4
j  org.eclipse.equinox.launcher.Main.main([Ljava/lang/String;)V+10
v  ~StubRoutines::call_stub 0x000002a24ca7100d

Compiled method (c1) 6140 1013       3       java.lang.ClassLoader::loadClass (7 bytes)
 total in heap  [0x000002a2456d8610,0x000002a2456d8a00] = 1008
 relocation     [0x000002a2456d8770,0x000002a2456d87b0] = 64
 main code      [0x000002a2456d87c0,0x000002a2456d8950] = 400
 stub code      [0x000002a2456d8950,0x000002a2456d8998] = 72
 metadata       [0x000002a2456d8998,0x000002a2456d89a0] = 8
 scopes data    [0x000002a2456d89a0,0x000002a2456d89b8] = 24
 scopes pcs     [0x000002a2456d89b8,0x000002a2456d89f8] = 64
 dependencies   [0x000002a2456d89f8,0x000002a2456d8a00] = 8

[Constant Pool (empty)]

[MachCode]
[Entry Point]
  # {method} {0x000002a2590143f0} 'loadClass' '(Ljava/lang/String;)Ljava/lang/Class;' in 'java/lang/ClassLoader'
  # this:     rdx:rdx   = 'java/lang/ClassLoader'
  # parm0:    r8:r8     = 'java/lang/String'
  #           [sp+0x40]  (sp of caller)
  0x000002a2456d87c0: 448b 5208 | 49bb 0000 | 0059 a202 | 0000 4d03 | d34c 3bd0 

  0x000002a2456d87d4: ;   {runtime_call ic_miss_stub}
  0x000002a2456d87d4: 0f85 a65c | 3e07 660f | 1f44 0000 
[Verified Entry Point]
  0x000002a2456d87e0: 8984 2400 | 80ff ff55 | 4883 ec30 | 4181 7f20 | 0100 0000 

  0x000002a2456d87f4: ;   {runtime_call StubRoutines (final stubs)}
  0x000002a2456d87f4: 7405 e8e5 

  0x000002a2456d87f8: ;   {metadata(method data for {method} {0x000002a2590143f0} 'loadClass' '(Ljava/lang/String;)Ljava/lang/Class;' in 'java/lang/ClassLoader')}
  0x000002a2456d87f8: 013d 0749 | b920 392b | 9da2 0200 | 0041 8bb1 | cc00 0000 | 83c6 0241 | 89b1 cc00 | 0000 81e6 
  0x000002a2456d8818: fe07 0000 | 85f6 0f84 | cb00 0000 

  0x000002a2456d8824: ;   {metadata(method data for {method} {0x000002a2590143f0} 'loadClass' '(Ljava/lang/String;)Ljava/lang/Class;' in 'java/lang/ClassLoader')}
  0x000002a2456d8824: 4c8b ca48 | be20 392b | 9da2 0200 | 0045 8b49 | 0849 ba00 | 0000 59a2 | 0200 004d | 03ca 4c3b 
  0x000002a2456d8844: 8e20 0100 | 0075 0d48 | 8386 2801 | 0000 01e9 | 6000 0000 | 4c3b 8e30 | 0100 0075 | 0d48 8386 
  0x000002a2456d8864: 3801 0000 | 01e9 4a00 | 0000 4883 | be20 0100 | 0000 7517 | 4c89 8e20 | 0100 0048 | c786 2801 
  0x000002a2456d8884: 0000 0100 | 0000 e929 | 0000 0048 | 83be 3001 | 0000 0075 | 174c 898e | 3001 0000 | 48c7 8638 
  0x000002a2456d88a4: 0100 0001 | 0000 00e9 | 0800 0000 | 4883 8610 | 0100 0001 | 41b9 0000 | 0000 0f1f | 8000 0000 
  0x000002a2456d88c4: 0048 b8f0 | 345d 9ca2 

  0x000002a2456d88cc: ;   {virtual_call}
  0x000002a2456d88cc: 0200 00e8 

  0x000002a2456d88d0: ; ImmutableOopMap {}
                      ;*invokevirtual loadClass {reexecute=0 rethrow=0 return_oop=0}
                      ; - java.lang.ClassLoader::loadClass@3
  0x000002a2456d88d0: 650c 3e07 

  0x000002a2456d88d4: ;   {other}
  0x000002a2456d88d4: 0f1f 8400 | c402 0000 | 4883 c430 

  0x000002a2456d88e0: ;   {poll_return}
  0x000002a2456d88e0: 5d49 3ba7 | 5004 0000 | 0f87 2200 

  0x000002a2456d88ec: ;   {metadata({method} {0x000002a2590143f0} 'loadClass' '(Ljava/lang/String;)Ljava/lang/Class;' in 'java/lang/ClassLoader')}
  0x000002a2456d88ec: 0000 c349 | bae8 4301 | 59a2 0200 | 004c 8954 | 2408 48c7 | 0424 ffff 

  0x000002a2456d8904: ;   {runtime_call counter_overflow Runtime1 stub}
  0x000002a2456d8904: ffff e8f5 

  0x000002a2456d8908: ; ImmutableOopMap {rdx=Oop r8=Oop }
                      ;*synchronization entry
                      ; - java.lang.ClassLoader::loadClass@-1
  0x000002a2456d8908: 9949 07e9 | 14ff ffff 

  0x000002a2456d8910: ;   {internal_word}
  0x000002a2456d8910: 49ba e188 | 6d45 a202 | 0000 4d89 | 9768 0400 

  0x000002a2456d8920: ;   {runtime_call SafepointBlob}
  0x000002a2456d8920: 00e9 dac1 | 3e07 498b | 8700 0500 | 0049 c787 | 0005 0000 | 0000 0000 | 49c7 8708 | 0500 0000 
  0x000002a2456d8940: 0000 0048 | 83c4 305d 

  0x000002a2456d8948: ;   {runtime_call unwind_exception Runtime1 stub}
  0x000002a2456d8948: e9b3 3949 | 07f4 f4f4 
[Stub Code]
  0x000002a2456d8950: ;   {no_reloc}
  0x000002a2456d8950: 0f1f 4400 

  0x000002a2456d8954: ;   {static_stub}
  0x000002a2456d8954: 0048 bb00 | 0000 0000 

  0x000002a2456d895c: ;   {runtime_call nmethod}
  0x000002a2456d895c: 0000 00e9 | fbff ffff 
[Exception Handler]
  0x000002a2456d8964: ;   {runtime_call handle_exception_from_callee Runtime1 stub}
  0x000002a2456d8964: e897 6649 

  0x000002a2456d8968: ;   {external_word}
  0x000002a2456d8968: 0748 b940 | 6375 90ff | 7f00 0048 

  0x000002a2456d8974: ;   {runtime_call}
  0x000002a2456d8974: 83e4 f048 | b8d0 c437 | 90ff 7f00 | 00ff d0f4 
[Deopt Handler Code]
  0x000002a2456d8984: ;   {section_word}
  0x000002a2456d8984: 49ba 8489 | 6d45 a202 | 0000 4152 

  0x000002a2456d8990: ;   {runtime_call DeoptimizationBlob}
  0x000002a2456d8990: e90b b43e | 07f4 f4f4 
[/MachCode]


---------------  P R O C E S S  ---------------

Threads class SMR info:
_java_thread_list=0x000002a29c5d4870, length=12, elements={
0x000002a24233bd70, 0x000002a2422ee930, 0x000002a2423e1620, 0x000002a2423e5910,
0x000002a2423e7e40, 0x000002a2423e9410, 0x000002a2423eade0, 0x000002a2423f84f0,
0x000002a2423fdd80, 0x000002a29b3351d0, 0x000002a29b42ceb0, 0x000002a29b3450e0
}

Java Threads: ( => current thread )
=>0x000002a24233bd70 JavaThread "main"                              [_thread_in_vm, id=40120, stack(0x000000f8c0500000,0x000000f8c0600000) (1024K)]
  0x000002a2422ee930 JavaThread "Reference Handler"          daemon [_thread_blocked, id=50040, stack(0x000000f8c0900000,0x000000f8c0a00000) (1024K)]
  0x000002a2423e1620 JavaThread "Finalizer"                  daemon [_thread_blocked, id=46176, stack(0x000000f8c0a00000,0x000000f8c0b00000) (1024K)]
  0x000002a2423e5910 JavaThread "Signal Dispatcher"          daemon [_thread_blocked, id=53380, stack(0x000000f8c0b00000,0x000000f8c0c00000) (1024K)]
  0x000002a2423e7e40 JavaThread "Attach Listener"            daemon [_thread_blocked, id=48728, stack(0x000000f8c0c00000,0x000000f8c0d00000) (1024K)]
  0x000002a2423e9410 JavaThread "Service Thread"             daemon [_thread_blocked, id=37876, stack(0x000000f8c0d00000,0x000000f8c0e00000) (1024K)]
  0x000002a2423eade0 JavaThread "Monitor Deflation Thread"   daemon [_thread_blocked, id=51644, stack(0x000000f8c0e00000,0x000000f8c0f00000) (1024K)]
  0x000002a2423f84f0 JavaThread "C2 CompilerThread0"         daemon [_thread_blocked, id=6444, stack(0x000000f8c0f00000,0x000000f8c1000000) (1024K)]
  0x000002a2423fdd80 JavaThread "C1 CompilerThread0"         daemon [_thread_in_vm, id=5276, stack(0x000000f8c1000000,0x000000f8c1100000) (1024K)]
  0x000002a29b3351d0 JavaThread "Common-Cleaner"             daemon [_thread_blocked, id=51040, stack(0x000000f8c1200000,0x000000f8c1300000) (1024K)]
  0x000002a29b42ceb0 JavaThread "Notification Thread"        daemon [_thread_blocked, id=9624, stack(0x000000f8c1300000,0x000000f8c1400000) (1024K)]
  0x000002a29b3450e0 JavaThread "C2 CompilerThread1"         daemon [_thread_blocked, id=47520, stack(0x000000f8c1100000,0x000000f8c1200000) (1024K)]
Total: 12

Other Threads:
  0x000002a2423e0a60 VMThread "VM Thread"                           [id=51612, stack(0x000000f8c0800000,0x000000f8c0900000) (1024K)] _threads_hazard_ptr=0x000002a29c5d4870
  0x000002a2421cba00 WatcherThread "VM Periodic Task Thread"        [id=54000, stack(0x000000f8c0700000,0x000000f8c0800000) (1024K)]
  0x000002a24235b460 WorkerThread "GC Thread#0"                     [id=53360, stack(0x000000f8c0600000,0x000000f8c0700000) (1024K)]
  0x000002a29c509d40 WorkerThread "GC Thread#1"                     [id=52812, stack(0x000000f8c1400000,0x000000f8c1500000) (1024K)]
  0x000002a29c250e10 WorkerThread "GC Thread#2"                     [id=50180, stack(0x000000f8c1500000,0x000000f8c1600000) (1024K)]
  0x000002a29c2511c0 WorkerThread "GC Thread#3"                     [id=54192, stack(0x000000f8c1600000,0x000000f8c1700000) (1024K)]
  0x000002a29c648c10 WorkerThread "GC Thread#4"                     [id=51600, stack(0x000000f8c1700000,0x000000f8c1800000) (1024K)]
  0x000002a29c648fc0 WorkerThread "GC Thread#5"                     [id=25816, stack(0x000000f8c1800000,0x000000f8c1900000) (1024K)]
  0x000002a29c649370 WorkerThread "GC Thread#6"                     [id=39424, stack(0x000000f8c1900000,0x000000f8c1a00000) (1024K)]
Total: 9

Threads with active compile tasks:
C2 CompilerThread0  6154 1053       4       java.util.jar.Manifest$FastInputStream::readLine (9 bytes)
C1 CompilerThread0  6154 1110   !   3       java.util.zip.Inflater::inflate (456 bytes)
C2 CompilerThread1  6154 1051   !   4       java.util.jar.Attributes::read (494 bytes)
Total: 3

VM state: synchronizing (normal execution)

VM Mutex/Monitor currently owned by a thread:  ([mutex/lock_event])
[0x00007fff90a0d4f0] Metaspace_lock - owner thread: 0x000002a24233bd70
[0x00007fff90a0f570] Threads_lock - owner thread: 0x000002a2423e0a60

Heap address: 0x0000000080000000, size: 2048 MB, Compressed Oops mode: 32-bit

CDS archive(s) mapped at: [0x000002a259000000-0x000002a259ba0000-0x000002a259ba0000), size 12189696, SharedBaseAddress: 0x000002a259000000, ArchiveRelocationMode: 1.
Compressed class space mapped at: 0x000002a25a000000-0x000002a29a000000, reserved size: 1073741824
Narrow klass base: 0x000002a259000000, Narrow klass shift: 0, Narrow klass range: 0x100000000

GC Precious Log:
 CardTable entry size: 512
 CPUs: 12 total, 12 available
 Memory: 16087M
 Large Page Support: Disabled
 NUMA Support: Disabled
 Compressed Oops: Enabled (32-bit)
 Alignments: Space 512K, Generation 512K, Heap 2M
 Heap Min Capacity: 100M
 Heap Initial Capacity: 100M
 Heap Max Capacity: 2G
 Pre-touch: Disabled
 Parallel Workers: 10

Heap:
 PSYoungGen      total 29696K, used 4253K [0x00000000d5580000, 0x00000000d7680000, 0x0000000100000000)
  eden space 25600K, 3% used [0x00000000d5580000,0x00000000d5677408,0x00000000d6e80000)
  from space 4096K, 79% used [0x00000000d6e80000,0x00000000d71b0158,0x00000000d7280000)
  to   space 4096K, 0% used [0x00000000d7280000,0x00000000d7280000,0x00000000d7680000)
 ParOldGen       total 68608K, used 16K [0x0000000080000000, 0x0000000084300000, 0x00000000d5580000)
  object space 68608K, 0% used [0x0000000080000000,0x0000000080004000,0x0000000084300000)
 Metaspace       used 4496K, committed 4736K, reserved 1114112K
  class space    used 482K, committed 640K, reserved 1048576K

Card table byte_map: [0x000002a241ce0000,0x000002a2420f0000] _byte_map_base: 0x000002a2418e0000

Marking Bits: (ParMarkBitMap*) 0x00007fff90a14460
 Begin Bits: [0x000002a2547f0000, 0x000002a2567f0000)
 End Bits:   [0x000002a2567f0000, 0x000002a2587f0000)

Polling page: 0x000002a240130000

Metaspace:

Usage:
  Non-class:      3.92 MB used.
      Class:    482.81 KB used.
       Both:      4.39 MB used.

Virtual space:
  Non-class space:       64.00 MB reserved,       4.00 MB (  6%) committed,  1 nodes.
      Class space:        1.00 GB reserved,     640.00 KB ( <1%) committed,  1 nodes.
             Both:        1.06 GB reserved,       4.62 MB ( <1%) committed. 

Chunk freelists:
   Non-Class:  11.05 MB
       Class:  15.42 MB
        Both:  26.47 MB

MaxMetaspaceSize: unlimited
CompressedClassSpaceSize: 1.00 GB
Initial GC threshold: 21.00 MB
Current GC threshold: 21.00 MB
CDS: on
 - commit_granule_bytes: 65536.
 - commit_granule_words: 8192.
 - virtual_space_node_default_size: 8388608.
 - enlarge_chunks_in_place: 1.
 - use_allocation_guard: 0.


Internal statistics:

num_allocs_failed_limit: 0.
num_arena_births: 184.
num_arena_deaths: 0.
num_vsnodes_births: 2.
num_vsnodes_deaths: 0.
num_space_committed: 74.
num_space_uncommitted: 0.
num_chunks_returned_to_freelist: 0.
num_chunks_taken_from_freelist: 255.
num_chunk_merges: 0.
num_chunk_splits: 164.
num_chunks_enlarged: 94.
num_inconsistent_stats: 0.

CodeHeap 'non-profiled nmethods': size=120000Kb used=419Kb max_used=419Kb free=119580Kb
 bounds [0x000002a24d010000, 0x000002a24d280000, 0x000002a254540000]
CodeHeap 'profiled nmethods': size=120000Kb used=1775Kb max_used=1775Kb free=118224Kb
 bounds [0x000002a245540000, 0x000002a2457b0000, 0x000002a24ca70000]
CodeHeap 'non-nmethods': size=5760Kb used=1194Kb max_used=1226Kb free=4565Kb
 bounds [0x000002a24ca70000, 0x000002a24cce0000, 0x000002a24d010000]
CodeCache: size=245760Kb, used=3388Kb, max_used=3420Kb, free=242369Kb
 total_blobs=1557, nmethods=1102, adapters=362, full_count=0
Compilation: enabled, stopped_count=0, restarted_count=0

Compilation events (20 events):
Event: 4.024 Thread 0x000002a2423fdd80 nmethod 1098 0x000002a2456f7d90 code [0x000002a2456f7fa0, 0x000002a2456f8608]
Event: 4.025 Thread 0x000002a2423f84f0 nmethod 1052 0x000002a24d078610 code [0x000002a24d0787c0, 0x000002a24d078948]
Event: 4.025 Thread 0x000002a2423f84f0 1053       4       java.util.jar.Manifest$FastInputStream::readLine (9 bytes)
Event: 4.026 Thread 0x000002a2423fdd80 1099   !   3       java.util.zip.ZipFile$ZipFileInputStream::close (59 bytes)
Event: 4.026 Thread 0x000002a2423fdd80 nmethod 1099 0x000002a2456f8890 code [0x000002a2456f8a60, 0x000002a2456f8de0]
Event: 4.026 Thread 0x000002a2423fdd80 1100       3       java.util.Collections$SetFromMap::remove (19 bytes)
Event: 4.026 Thread 0x000002a2423fdd80 nmethod 1100 0x000002a2456f9010 code [0x000002a2456f91c0, 0x000002a2456f93e8]
Event: 4.029 Thread 0x000002a2423fdd80 1103       3       java.lang.System$2::findBootstrapClassOrNull (5 bytes)
Event: 4.029 Thread 0x000002a2423fdd80 nmethod 1103 0x000002a2456f9490 code [0x000002a2456f9660, 0x000002a2456f9878]
Event: 4.029 Thread 0x000002a2423fdd80 1104       3       java.lang.ClassLoader::findBootstrapClassOrNull (14 bytes)
Event: 4.029 Thread 0x000002a2423fdd80 nmethod 1104 0x000002a2456f9990 code [0x000002a2456f9b60, 0x000002a2456f9d18]
Event: 4.029 Thread 0x000002a2423fdd80 1105       3       java.lang.Integer::formatUnsignedInt (40 bytes)
Event: 4.030 Thread 0x000002a2423fdd80 nmethod 1105 0x000002a2456f9e10 code [0x000002a2456f9fc0, 0x000002a2456fa1b8]
Event: 4.032 Thread 0x000002a2423fdd80 1106       3       sun.security.provider.DigestBase::engineUpdate (176 bytes)
Event: 4.034 Thread 0x000002a2423fdd80 nmethod 1106 0x000002a2456fa310 code [0x000002a2456fa580, 0x000002a2456fb180]
Event: 4.034 Thread 0x000002a2423fdd80 1107       3       java.util.LinkedHashMap::get (29 bytes)
Event: 4.035 Thread 0x000002a2423fdd80 nmethod 1107 0x000002a2456fb510 code [0x000002a2456fb6e0, 0x000002a2456fb928]
Event: 4.035 Thread 0x000002a2423fdd80 1108       3       java.security.Provider::checkInitialized (16 bytes)
Event: 4.036 Thread 0x000002a2423fdd80 nmethod 1108 0x000002a2456fba10 code [0x000002a2456fbbc0, 0x000002a2456fbdd8]
Event: 4.036 Thread 0x000002a2423fdd80 1110   !   3       java.util.zip.Inflater::inflate (456 bytes)

GC Heap History (2 events):
Event: 1.972 GC heap before
{Heap before GC invocations=1 (full 0):
 PSYoungGen      total 29696K, used 25600K [0x00000000d5580000, 0x00000000d7680000, 0x0000000100000000)
  eden space 25600K, 100% used [0x00000000d5580000,0x00000000d6e80000,0x00000000d6e80000)
  from space 4096K, 0% used [0x00000000d7280000,0x00000000d7280000,0x00000000d7680000)
  to   space 4096K, 0% used [0x00000000d6e80000,0x00000000d6e80000,0x00000000d7280000)
 ParOldGen       total 68608K, used 0K [0x0000000080000000, 0x0000000084300000, 0x00000000d5580000)
  object space 68608K, 0% used [0x0000000080000000,0x0000000080000000,0x0000000084300000)
 Metaspace       used 4334K, committed 4608K, reserved 1114112K
  class space    used 472K, committed 576K, reserved 1048576K
}
Event: 1.978 GC heap after
{Heap after GC invocations=1 (full 0):
 PSYoungGen      total 29696K, used 3264K [0x00000000d5580000, 0x00000000d7680000, 0x0000000100000000)
  eden space 25600K, 0% used [0x00000000d5580000,0x00000000d5580000,0x00000000d6e80000)
  from space 4096K, 79% used [0x00000000d6e80000,0x00000000d71b0158,0x00000000d7280000)
  to   space 4096K, 0% used [0x00000000d7280000,0x00000000d7280000,0x00000000d7680000)
 ParOldGen       total 68608K, used 16K [0x0000000080000000, 0x0000000084300000, 0x00000000d5580000)
  object space 68608K, 0% used [0x0000000080000000,0x0000000080004000,0x0000000084300000)
 Metaspace       used 4334K, committed 4608K, reserved 1114112K
  class space    used 472K, committed 576K, reserved 1048576K
}

Dll operation events (8 events):
Event: 0.014 Loaded shared library c:\Users\PAULO ROBERTO\.vscode\extensions\redhat.java-1.55.0-win32-x64\jre\21.0.11-win32-x86_64\bin\java.dll
Event: 0.122 Loaded shared library c:\Users\PAULO ROBERTO\.vscode\extensions\redhat.java-1.55.0-win32-x64\jre\21.0.11-win32-x86_64\bin\zip.dll
Event: 0.152 Loaded shared library C:\Users\PAULO ROBERTO\.vscode\extensions\redhat.java-1.55.0-win32-x64\jre\21.0.11-win32-x86_64\bin\instrument.dll
Event: 0.166 Loaded shared library C:\Users\PAULO ROBERTO\.vscode\extensions\redhat.java-1.55.0-win32-x64\jre\21.0.11-win32-x86_64\bin\net.dll
Event: 0.169 Loaded shared library C:\Users\PAULO ROBERTO\.vscode\extensions\redhat.java-1.55.0-win32-x64\jre\21.0.11-win32-x86_64\bin\nio.dll
Event: 0.174 Loaded shared library C:\Users\PAULO ROBERTO\.vscode\extensions\redhat.java-1.55.0-win32-x64\jre\21.0.11-win32-x86_64\bin\zip.dll
Event: 0.203 Loaded shared library C:\Users\PAULO ROBERTO\.vscode\extensions\redhat.java-1.55.0-win32-x64\jre\21.0.11-win32-x86_64\bin\jimage.dll
Event: 0.320 Loaded shared library c:\Users\PAULO ROBERTO\.vscode\extensions\redhat.java-1.55.0-win32-x64\jre\21.0.11-win32-x86_64\bin\verify.dll

Deoptimization events (20 events):
Event: 0.819 Thread 0x000002a24233bd70 DEOPT PACKING pc=0x000002a245656afb sp=0x000000f8c05fe450
Event: 0.819 Thread 0x000002a24233bd70 DEOPT UNPACKING pc=0x000002a24cac4242 sp=0x000000f8c05fd8c8 mode 0
Event: 0.822 Thread 0x000002a24233bd70 DEOPT PACKING pc=0x000002a245656afb sp=0x000000f8c05fe730
Event: 0.822 Thread 0x000002a24233bd70 DEOPT UNPACKING pc=0x000002a24cac4242 sp=0x000000f8c05fdba8 mode 0
Event: 1.870 Thread 0x000002a24233bd70 Uncommon trap: trap_request=0xffffff45 fr.pc=0x000002a24d053070 relative=0x00000000000002b0
Event: 1.871 Thread 0x000002a24233bd70 Uncommon trap: reason=unstable_if action=reinterpret pc=0x000002a24d053070 method=java.util.concurrent.ConcurrentHashMap.get(Ljava/lang/Object;)Ljava/lang/Object; @ 76 c2
Event: 1.871 Thread 0x000002a24233bd70 DEOPT PACKING pc=0x000002a24d053070 sp=0x000000f8c05fdc30
Event: 1.871 Thread 0x000002a24233bd70 DEOPT UNPACKING pc=0x000002a24cac3aa2 sp=0x000000f8c05fdba8 mode 2
Event: 4.023 Thread 0x000002a24233bd70 Uncommon trap: trap_request=0xffffffde fr.pc=0x000002a24d065c90 relative=0x0000000000000570
Event: 4.023 Thread 0x000002a24233bd70 Uncommon trap: reason=class_check action=maybe_recompile pc=0x000002a24d065c90 method=java.util.Collections$UnmodifiableCollection$1.<init>(Ljava/util/Collections$UnmodifiableCollection;)V @ 17 c2
Event: 4.023 Thread 0x000002a24233bd70 DEOPT PACKING pc=0x000002a24d065c90 sp=0x000000f8c05fea40
Event: 4.023 Thread 0x000002a24233bd70 DEOPT UNPACKING pc=0x000002a24cac3aa2 sp=0x000000f8c05fe988 mode 2
Event: 4.023 Thread 0x000002a24233bd70 Uncommon trap: trap_request=0xffffffde fr.pc=0x000002a24d04a224 relative=0x00000000000001e4
Event: 4.023 Thread 0x000002a24233bd70 Uncommon trap: reason=class_check action=maybe_recompile pc=0x000002a24d04a224 method=java.util.Collections$UnmodifiableCollection$1.next()Ljava/lang/Object; @ 4 c2
Event: 4.023 Thread 0x000002a24233bd70 DEOPT PACKING pc=0x000002a24d04a224 sp=0x000000f8c05fea50
Event: 4.023 Thread 0x000002a24233bd70 DEOPT UNPACKING pc=0x000002a24cac3aa2 sp=0x000000f8c05fea00 mode 2
Event: 4.023 Thread 0x000002a24233bd70 Uncommon trap: trap_request=0xffffffde fr.pc=0x000002a24d04a224 relative=0x00000000000001e4
Event: 4.023 Thread 0x000002a24233bd70 Uncommon trap: reason=class_check action=maybe_recompile pc=0x000002a24d04a224 method=java.util.Collections$UnmodifiableCollection$1.next()Ljava/lang/Object; @ 4 c2
Event: 4.023 Thread 0x000002a24233bd70 DEOPT PACKING pc=0x000002a24d04a224 sp=0x000000f8c05fea50
Event: 4.023 Thread 0x000002a24233bd70 DEOPT UNPACKING pc=0x000002a24cac3aa2 sp=0x000000f8c05fea00 mode 2

Classes loaded (20 events):
Event: 1.939 Loading class jdk/internal/logger/SimpleConsoleLogger done
Event: 1.939 Loading class jdk/internal/logger/SurrogateLogger done
Event: 1.940 Loading class sun/util/logging/PlatformLogger
Event: 1.940 Loading class sun/util/logging/PlatformLogger done
Event: 1.941 Loading class sun/util/logging/PlatformLogger$Level
Event: 1.941 Loading class sun/util/logging/PlatformLogger$Level done
Event: 1.955 Loading class java/io/BufferedReader
Event: 1.956 Loading class java/io/BufferedReader done
Event: 1.956 Loading class sun/nio/cs/StreamDecoder
Event: 1.956 Loading class sun/nio/cs/StreamDecoder done
Event: 1.979 Loading class java/util/UUID
Event: 1.979 Loading class java/util/UUID done
Event: 1.979 Loading class java/util/concurrent/atomic/AtomicBoolean
Event: 1.979 Loading class java/util/concurrent/atomic/AtomicBoolean done
Event: 1.979 Loading class java/lang/invoke/VarHandleInts$FieldInstanceReadWrite
Event: 1.980 Loading class java/lang/invoke/VarHandleInts$FieldInstanceReadOnly
Event: 1.980 Loading class java/lang/invoke/VarHandleInts$FieldInstanceReadOnly done
Event: 1.980 Loading class java/lang/invoke/VarHandleInts$FieldInstanceReadWrite done
Event: 4.016 Loading class java/nio/file/FileVisitor
Event: 4.016 Loading class java/nio/file/FileVisitor done

Classes unloaded (0 events):
No events

Classes redefined (0 events):
No events

Internal exceptions (20 events):
Event: 0.268 Thread 0x000002a24233bd70 Exception <a 'java/lang/NoSuchMethodError'{0x00000000d5a13fc8}: 'void java.lang.invoke.DelegatingMethodHandle$Holder.delegate(java.lang.Object, java.lang.Object, int, java.lang.Object)'> (0x00000000d5a13fc8) 
thrown [s\src\hotspot\share\interpreter\linkResolver.cpp, line 773]
Event: 0.364 Thread 0x000002a24233bd70 Exception <a 'java/lang/NoSuchMethodError'{0x00000000d5bdfde8}: 'void java.lang.invoke.DelegatingMethodHandle$Holder.reinvoke_L(java.lang.Object, java.lang.Object, java.lang.Object, int)'> (0x00000000d5bdfde8) 
thrown [s\src\hotspot\share\interpreter\linkResolver.cpp, line 773]
Event: 0.525 Thread 0x000002a24233bd70 Exception <a 'java/lang/NoSuchMethodError'{0x00000000d607e420}: 'void java.lang.invoke.DirectMethodHandle$Holder.invokeVirtual(java.lang.Object, java.lang.Object)'> (0x00000000d607e420) 
thrown [s\src\hotspot\share\interpreter\linkResolver.cpp, line 773]
Event: 0.651 Thread 0x000002a24233bd70 Exception <a 'java/lang/NoSuchMethodError'{0x00000000d6460e20}: 'void java.lang.invoke.DirectMethodHandle$Holder.invokeStatic(java.lang.Object, java.lang.Object)'> (0x00000000d6460e20) 
thrown [s\src\hotspot\share\interpreter\linkResolver.cpp, line 773]
Event: 0.658 Thread 0x000002a24233bd70 Exception <a 'java/lang/ClassNotFoundException'{0x00000000d6488f28}: sun/net/www/protocol/c/Handler> (0x00000000d6488f28) 
thrown [s\src\hotspot\share\classfile\systemDictionary.cpp, line 313]
Event: 0.693 Thread 0x000002a24233bd70 Exception <a 'java/io/FileNotFoundException'{0x00000000d64e7a20}> (0x00000000d64e7a20) 
thrown [s\src\hotspot\share\prims\jni.cpp, line 520]
Event: 0.693 Thread 0x000002a24233bd70 Exception <a 'java/io/FileNotFoundException'{0x00000000d64e8dd0}> (0x00000000d64e8dd0) 
thrown [s\src\hotspot\share\prims\jni.cpp, line 520]
Event: 0.693 Thread 0x000002a24233bd70 Exception <a 'java/io/FileNotFoundException'{0x00000000d64e9ad0}> (0x00000000d64e9ad0) 
thrown [s\src\hotspot\share\prims\jni.cpp, line 520]
Event: 0.694 Thread 0x000002a24233bd70 Exception <a 'java/io/FileNotFoundException'{0x00000000d64ea688}> (0x00000000d64ea688) 
thrown [s\src\hotspot\share\prims\jni.cpp, line 520]
Event: 0.697 Thread 0x000002a24233bd70 Implicit null exception at 0x000002a24d03fda4 to 0x000002a24d040348
Event: 0.700 Thread 0x000002a24233bd70 Exception <a 'java/io/FileNotFoundException'{0x00000000d65248a8}> (0x00000000d65248a8) 
thrown [s\src\hotspot\share\prims\jni.cpp, line 520]
Event: 0.710 Thread 0x000002a24233bd70 Exception <a 'java/lang/NoSuchMethodError'{0x00000000d6560d40}: 'java.lang.Object java.lang.invoke.DirectMethodHandle$Holder.invokeInterface(java.lang.Object, java.lang.Object)'> (0x00000000d6560d40) 
thrown [s\src\hotspot\share\interpreter\linkResolver.cpp, line 773]
Event: 0.714 Thread 0x000002a24233bd70 Exception <a 'java/lang/NoSuchMethodError'{0x00000000d65748a8}: 'java.lang.Object java.lang.invoke.Invokers$Holder.invokeExact_MT(java.lang.Object, java.lang.Object, java.lang.Object, java.lang.Object, java.lang.Object, java.lang.Object)'> (0x00000000d65748a8) 
thrown [s\src\hotspot\share\interpreter\linkResolver.cpp, line 773]
Event: 0.717 Thread 0x000002a24233bd70 Exception <a 'java/lang/NoSuchMethodError'{0x00000000d658b980}: 'int java.lang.invoke.DirectMethodHandle$Holder.invokeStatic(java.lang.Object, java.lang.Object, java.lang.Object, java.lang.Object, java.lang.Object)'> (0x00000000d658b980) 
thrown [s\src\hotspot\share\interpreter\linkResolver.cpp, line 773]
Event: 0.743 Thread 0x000002a24233bd70 Exception <a 'java/lang/NoSuchMethodError'{0x00000000d6621640}: 'java.lang.Object java.lang.invoke.DirectMethodHandle$Holder.invokeInterface(java.lang.Object, java.lang.Object, int)'> (0x00000000d6621640) 
thrown [s\src\hotspot\share\interpreter\linkResolver.cpp, line 773]
Event: 1.874 Thread 0x000002a24233bd70 Exception <a 'java/lang/NoSuchMethodError'{0x00000000d6a8fe78}: 'java.lang.ClassLoader java.lang.ClassLoader.getPlatformClassLoader(java.lang.Class)'> (0x00000000d6a8fe78) 
thrown [s\src\hotspot\share\interpreter\linkResolver.cpp, line 773]
Event: 1.987 Thread 0x000002a24233bd70 Exception <a 'java/lang/ClassNotFoundException'{0x00000000d55ab958}: sun/net/www/protocol/c/Handler> (0x00000000d55ab958) 
thrown [s\src\hotspot\share\classfile\systemDictionary.cpp, line 313]
Event: 1.987 Thread 0x000002a24233bd70 Exception <a 'java/lang/ClassNotFoundException'{0x00000000d55accf0}: sun/net/www/protocol/c/Handler> (0x00000000d55accf0) 
thrown [s\src\hotspot\share\classfile\systemDictionary.cpp, line 313]
Event: 1.987 Thread 0x000002a24233bd70 Exception <a 'java/lang/ClassNotFoundException'{0x00000000d55ade88}: sun/net/www/protocol/c/Handler> (0x00000000d55ade88) 
thrown [s\src\hotspot\share\classfile\systemDictionary.cpp, line 313]
Event: 4.023 Thread 0x000002a24233bd70 Exception <a 'java/io/FileNotFoundException'{0x00000000d55d80e0}> (0x00000000d55d80e0) 
thrown [s\src\hotspot\share\prims\jni.cpp, line 520]

ZGC Phase Switch (0 events):
No events

VM Operations (15 events):
Event: 0.120 Executing non-safepoint VM operation: HandshakeAllThreads (Deoptimize)
Event: 0.120 Executing non-safepoint VM operation: HandshakeAllThreads (Deoptimize) done
Event: 0.222 Executing non-safepoint VM operation: HandshakeAllThreads (Deoptimize)
Event: 0.222 Executing non-safepoint VM operation: HandshakeAllThreads (Deoptimize) done
Event: 0.627 Executing non-safepoint VM operation: HandshakeAllThreads (Deoptimize)
Event: 0.627 Executing non-safepoint VM operation: HandshakeAllThreads (Deoptimize) done
Event: 0.646 Executing non-safepoint VM operation: HandshakeAllThreads (Deoptimize)
Event: 0.646 Executing non-safepoint VM operation: HandshakeAllThreads (Deoptimize) done
Event: 1.651 Executing safepoint VM operation: Cleanup
Event: 1.868 Executing safepoint VM operation: Cleanup done
Event: 1.972 Executing safepoint VM operation: ParallelGCFailedAllocation (Allocation Failure)
Event: 1.978 Executing safepoint VM operation: ParallelGCFailedAllocation (Allocation Failure) done
Event: 2.984 Executing safepoint VM operation: Cleanup
Event: 2.984 Executing safepoint VM operation: Cleanup done
Event: 5.005 Executing safepoint VM operation: Cleanup

Memory protections (0 events):
No events

Nmethod flushes (0 events):
No events

Events (14 events):
Event: 0.042 Thread 0x000002a24233bd70 Thread added: 0x000002a24233bd70
Event: 0.070 Thread 0x000002a24233bd70 Thread added: 0x000002a2422ee930
Event: 0.071 Thread 0x000002a24233bd70 Thread added: 0x000002a2423e1620
Event: 0.071 Thread 0x000002a24233bd70 Thread added: 0x000002a2423e5910
Event: 0.071 Thread 0x000002a24233bd70 Thread added: 0x000002a2423e7e40
Event: 0.071 Thread 0x000002a24233bd70 Thread added: 0x000002a2423e9410
Event: 0.071 Thread 0x000002a24233bd70 Thread added: 0x000002a2423eade0
Event: 0.071 Thread 0x000002a24233bd70 Thread added: 0x000002a2423f84f0
Event: 0.072 Thread 0x000002a24233bd70 Thread added: 0x000002a2423fdd80
Event: 0.134 Thread 0x000002a2423fdd80 Thread added: 0x000002a29b31e940
Event: 0.159 Thread 0x000002a24233bd70 Thread added: 0x000002a29b3351d0
Event: 0.462 Thread 0x000002a24233bd70 Thread added: 0x000002a29b42ceb0
Event: 1.870 Thread 0x000002a29b31e940 Thread exited: 0x000002a29b31e940
Event: 1.921 Thread 0x000002a2423fdd80 Thread added: 0x000002a29b3450e0


Dynamic libraries:
0x00007ff6b9340000 - 0x00007ff6b934e000 	c:\Users\PAULO ROBERTO\.vscode\extensions\redhat.java-1.55.0-win32-x64\jre\21.0.11-win32-x86_64\bin\java.exe
0x00007ff86cac0000 - 0x00007ff86cd26000 	C:\WINDOWS\SYSTEM32\ntdll.dll
0x00007ff86b8d0000 - 0x00007ff86b999000 	C:\WINDOWS\System32\KERNEL32.DLL
0x00007ff86a0e0000 - 0x00007ff86a4df000 	C:\WINDOWS\System32\KERNELBASE.dll
0x00007ff86a5a0000 - 0x00007ff86a6ec000 	C:\WINDOWS\System32\ucrtbase.dll
0x00007ff85c1e0000 - 0x00007ff85c1fe000 	c:\Users\PAULO ROBERTO\.vscode\extensions\redhat.java-1.55.0-win32-x64\jre\21.0.11-win32-x86_64\bin\VCRUNTIME140.dll
0x00007ff85bf60000 - 0x00007ff85bf78000 	c:\Users\PAULO ROBERTO\.vscode\extensions\redhat.java-1.55.0-win32-x64\jre\21.0.11-win32-x86_64\bin\jli.dll
0x00007ff86b0d0000 - 0x00007ff86b296000 	C:\WINDOWS\System32\USER32.dll
0x00007ff86a700000 - 0x00007ff86a727000 	C:\WINDOWS\System32\win32u.dll
0x00007ff86a7f0000 - 0x00007ff86a81b000 	C:\WINDOWS\System32\GDI32.dll
0x00007ff869e20000 - 0x00007ff869f49000 	C:\WINDOWS\System32\gdi32full.dll
0x00007ff849300000 - 0x00007ff849591000 	C:\WINDOWS\WinSxS\amd64_microsoft.windows.common-controls_6595b64144ccf1df_6.0.26100.8972_none_3e0da176e32f9d4b\COMCTL32.dll
0x00007ff86a4f0000 - 0x00007ff86a593000 	C:\WINDOWS\System32\msvcp_win.dll
0x00007ff86c8b0000 - 0x00007ff86c959000 	C:\WINDOWS\System32\msvcrt.dll
0x00007ff86add0000 - 0x00007ff86ae02000 	C:\WINDOWS\System32\IMM32.DLL
0x00007ff85ed60000 - 0x00007ff85ed6c000 	c:\Users\PAULO ROBERTO\.vscode\extensions\redhat.java-1.55.0-win32-x64\jre\21.0.11-win32-x86_64\bin\vcruntime140_1.dll
0x00007ff84eb70000 - 0x00007ff84ebfd000 	c:\Users\PAULO ROBERTO\.vscode\extensions\redhat.java-1.55.0-win32-x64\jre\21.0.11-win32-x86_64\bin\msvcp140.dll
0x00007fff8fd50000 - 0x00007fff90af2000 	c:\Users\PAULO ROBERTO\.vscode\extensions\redhat.java-1.55.0-win32-x64\jre\21.0.11-win32-x86_64\bin\server\jvm.dll
0x00007ff86c7e0000 - 0x00007ff86c89c000 	C:\WINDOWS\System32\ADVAPI32.dll
0x00007ff86bd80000 - 0x00007ff86be29000 	C:\WINDOWS\System32\sechost.dll
0x00007ff86c6c0000 - 0x00007ff86c7d8000 	C:\WINDOWS\System32\RPCRT4.dll
0x00007ff86b3b0000 - 0x00007ff86b432000 	C:\WINDOWS\System32\WS2_32.dll
0x00007ff868f10000 - 0x00007ff868f6e000 	C:\WINDOWS\SYSTEM32\POWRPROF.dll
0x00007ff8558a0000 - 0x00007ff8558d6000 	C:\WINDOWS\SYSTEM32\WINMM.dll
0x00007ff859f00000 - 0x00007ff859f0b000 	C:\WINDOWS\SYSTEM32\VERSION.dll
0x00007ff868da0000 - 0x00007ff868db5000 	C:\WINDOWS\SYSTEM32\UMPDC.dll
0x00007ff868980000 - 0x00007ff86899b000 	C:\WINDOWS\SYSTEM32\kernel.appcore.dll
0x00007ff85ea30000 - 0x00007ff85ea3a000 	c:\Users\PAULO ROBERTO\.vscode\extensions\redhat.java-1.55.0-win32-x64\jre\21.0.11-win32-x86_64\bin\jimage.dll
0x00007ff8671c0000 - 0x00007ff867402000 	C:\WINDOWS\SYSTEM32\DBGHELP.DLL
0x00007ff86a820000 - 0x00007ff86aba5000 	C:\WINDOWS\System32\combase.dll
0x00007ff86c5e0000 - 0x00007ff86c6b9000 	C:\WINDOWS\System32\OLEAUT32.dll
0x00007ff856850000 - 0x00007ff85688b000 	C:\WINDOWS\SYSTEM32\dbgcore.DLL
0x00007ff86a730000 - 0x00007ff86a7dc000 	C:\WINDOWS\System32\bcryptPrimitives.dll
0x00007ff85cdd0000 - 0x00007ff85cddf000 	c:\Users\PAULO ROBERTO\.vscode\extensions\redhat.java-1.55.0-win32-x64\jre\21.0.11-win32-x86_64\bin\instrument.dll
0x00007ff85bde0000 - 0x00007ff85be00000 	c:\Users\PAULO ROBERTO\.vscode\extensions\redhat.java-1.55.0-win32-x64\jre\21.0.11-win32-x86_64\bin\java.dll
0x00007ff86be50000 - 0x00007ff86c5d8000 	C:\WINDOWS\System32\SHELL32.dll
0x00007ff867760000 - 0x00007ff867ffb000 	C:\WINDOWS\SYSTEM32\windows.storage.dll
0x00007ff86bc80000 - 0x00007ff86bd79000 	C:\WINDOWS\System32\SHCORE.dll
0x00007ff86ad60000 - 0x00007ff86adc6000 	C:\WINDOWS\System32\shlwapi.dll
0x00007ff869bf0000 - 0x00007ff869c19000 	C:\WINDOWS\SYSTEM32\profapi.dll
0x00007ff85bca0000 - 0x00007ff85bcb8000 	c:\Users\PAULO ROBERTO\.vscode\extensions\redhat.java-1.55.0-win32-x64\jre\21.0.11-win32-x86_64\bin\zip.dll
0x00007ff85e9b0000 - 0x00007ff85e9c0000 	C:\Users\PAULO ROBERTO\.vscode\extensions\redhat.java-1.55.0-win32-x64\jre\21.0.11-win32-x86_64\bin\net.dll
0x00007ff858a80000 - 0x00007ff858ba7000 	C:\WINDOWS\SYSTEM32\WINHTTP.dll
0x00007ff869030000 - 0x00007ff86909c000 	C:\WINDOWS\system32\mswsock.dll
0x00007ff85b7d0000 - 0x00007ff85b7e6000 	C:\Users\PAULO ROBERTO\.vscode\extensions\redhat.java-1.55.0-win32-x64\jre\21.0.11-win32-x86_64\bin\nio.dll
0x00007ff85c270000 - 0x00007ff85c280000 	c:\Users\PAULO ROBERTO\.vscode\extensions\redhat.java-1.55.0-win32-x64\jre\21.0.11-win32-x86_64\bin\verify.dll

JVMTI agents:
c:\Users\PAULO ROBERTO\.vscode\extensions\redhat.java-1.55.0-win32-x64\lombok\lombok-1.18.39-4050.jar path:c:\Users\PAULO ROBERTO\.vscode\extensions\redhat.java-1.55.0-win32-x64\jre\21.0.11-win32-x86_64\bin\instrument.dll, loaded, initialized, instrumentlib options:none

dbghelp: loaded successfully - version: 4.0.5 - missing functions: none
symbol engine: initialized successfully - sym options: 0x614 - pdb path: .;c:\Users\PAULO ROBERTO\.vscode\extensions\redhat.java-1.55.0-win32-x64\jre\21.0.11-win32-x86_64\bin;C:\WINDOWS\SYSTEM32;C:\WINDOWS\WinSxS\amd64_microsoft.windows.common-controls_6595b64144ccf1df_6.0.26100.8972_none_3e0da176e32f9d4b;c:\Users\PAULO ROBERTO\.vscode\extensions\redhat.java-1.55.0-win32-x64\jre\21.0.11-win32-x86_64\bin\server

VM Arguments:
jvm_args: --add-modules=ALL-SYSTEM --add-opens=java.base/java.util=ALL-UNNAMED --add-opens=java.base/java.lang=ALL-UNNAMED --add-opens=java.base/sun.nio.fs=ALL-UNNAMED -Declipse.application=org.eclipse.jdt.ls.core.id1 -Dosgi.bundles.defaultStartLevel=4 -Declipse.product=org.eclipse.jdt.ls.core.product -Djava.import.generatesMetadataFilesAtProjectRoot=false -DDetectVMInstallationsJob.disabled=true -Dfile.encoding=utf8 -XX:+UseParallelGC -XX:GCTimeRatio=4 -XX:AdaptiveSizePolicyWeight=90 -Dsun.zip.disableMemoryMapping=true -Xmx2G -Xms100m -Xlog:disable -javaagent:c:\Users\PAULO ROBERTO\.vscode\extensions\redhat.java-1.55.0-win32-x64\lombok\lombok-1.18.39-4050.jar -XX:+HeapDumpOnOutOfMemoryError -XX:HeapDumpPath=c:\Users\PAULO ROBERTO\AppData\Roaming\Code\User\workspaceStorage\af78278a2264e0da21869ec41e085d06\redhat.java -Daether.dependencyCollector.impl=bf 
java_command: c:\Users\PAULO ROBERTO\.vscode\extensions\redhat.java-1.55.0-win32-x64\server\plugins\org.eclipse.equinox.launcher_1.7.200.v20260619-2039.jar -configuration c:\Users\PAULO ROBERTO\AppData\Roaming\Code\User\globalStorage\redhat.java\1.55.0\config_win -data c:\Users\PAULO ROBERTO\AppData\Roaming\Code\User\workspaceStorage\af78278a2264e0da21869ec41e085d06\redhat.java\jdt_ws --pipe=\\.\pipe\lsp-b6b0b772cb1503fda0eea14e4739c645-sock
java_class_path (initial): c:\Users\PAULO ROBERTO\.vscode\extensions\redhat.java-1.55.0-win32-x64\server\plugins\org.eclipse.equinox.launcher_1.7.200.v20260619-2039.jar
Launcher Type: SUN_STANDARD

[Global flags]
    uintx AdaptiveSizePolicyWeight                 = 90                                        {product} {command line}
     intx CICompilerCount                          = 4                                         {product} {ergonomic}
    uintx GCTimeRatio                              = 4                                         {product} {command line}
     bool HeapDumpOnOutOfMemoryError               = true                                   {manageable} {command line}
    ccstr HeapDumpPath                             = c:\Users\PAULO ROBERTO\AppData\Roaming\Code\User\workspaceStorage\af78278a2264e0da21869ec41e085d06\redhat.java         {manageable} {command line}
   size_t InitialHeapSize                          = 104857600                                 {product} {command line}
   size_t MaxHeapSize                              = 2147483648                                {product} {command line}
   size_t MaxNewSize                               = 715653120                                 {product} {ergonomic}
   size_t MinHeapDeltaBytes                        = 524288                                    {product} {ergonomic}
   size_t MinHeapSize                              = 104857600                                 {product} {command line}
   size_t NewSize                                  = 34603008                                  {product} {ergonomic}
    uintx NonNMethodCodeHeapSize                   = 5839372                                {pd product} {ergonomic}
    uintx NonProfiledCodeHeapSize                  = 122909434                              {pd product} {ergonomic}
   size_t OldSize                                  = 70254592                                  {product} {ergonomic}
    uintx ProfiledCodeHeapSize                     = 122909434                              {pd product} {ergonomic}
    uintx ReservedCodeCacheSize                    = 251658240                              {pd product} {ergonomic}
     bool SegmentedCodeCache                       = true                                      {product} {ergonomic}
   size_t SoftMaxHeapSize                          = 2147483648                             {manageable} {ergonomic}
     bool UseCompressedOops                        = true                           {product lp64_product} {ergonomic}
     bool UseLargePagesIndividualAllocation        = false                                  {pd product} {ergonomic}
     bool UseParallelGC                            = true                                      {product} {command line}

Logging:
Log output configuration:
 #0: stdout all=off uptime,level,tags foldmultilines=false
 #1: stderr all=off uptime,level,tags foldmultilines=false

Release file:
JAVA_VERSION="21.0.11" 
MODULES="java.base java.compiler java.datatransfer java.xml java.prefs java.desktop java.instrument java.logging java.management java.security.sasl java.naming java.rmi java.management.rmi java.net.http java.scripting java.security.jgss java.transaction.xa java.sql java.sql.rowset java.xml.crypto java.se java.smartcardio jdk.accessibility jdk.internal.jvmstat jdk.attach jdk.charsets jdk.internal.opt jdk.zipfs jdk.compiler jdk.crypto.ec jdk.crypto.cryptoki jdk.crypto.mscapi jdk.dynalink jdk.internal.ed jdk.editpad jdk.hotspot.agent jdk.httpserver jdk.internal.le jdk.internal.vm.ci jdk.internal.vm.compiler jdk.internal.vm.compiler.management jdk.jartool jdk.javadoc jdk.jcmd jdk.management jdk.management.agent jdk.jconsole jdk.jdeps jdk.jdwp.agent jdk.jdi jdk.jfr jdk.jshell jdk.jsobject jdk.jstatd jdk.localedata jdk.management.jfr jdk.naming.dns jdk.naming.rmi jdk.net jdk.nio.mapmode jdk.random jdk.sctp jdk.security.auth jdk.security.jgss jdk.unsupported jdk.unsupported.desktop jdk.xml.dom" 

Environment Variables:
JAVA_HOME=C:\Program Files\Java\jdk-21
PATH=C:\Program Files\Common Files\Oracle\Java\javapath;C:\WINDOWS\system32;C:\WINDOWS;C:\WINDOWS\System32\Wbem;C:\WINDOWS\System32\WindowsPowerShell\v1.0\;C:\WINDOWS\System32\OpenSSH\;C:\Program Files\dotnet\;C:\Program Files\NVIDIA Corporation\NVIDIA App\NvDLISR;C:\Program Files (x86)\NVIDIA Corporation\PhysX\Common;C:\Program Files\GitHub CLI\;C:\Program Files\nodejs\;C:\Program Files\Git\cmd;C:\Users\PAULO ROBERTO\.local\bin;C:\Users\PAULO ROBERTO\AppData\Local\Microsoft\WindowsApps;C:\Users\PAULO ROBERTO\AppData\Roaming\npm;C:\Users\PAULO ROBERTO\AppData\Local\Programs\Microsoft VS Code\bin;C:\Users\PAULO ROBERTO\.bun\bin;C:\Users\PAULO ROBERTO\AppData\Local\Microsoft\WinGet\Packages\jqlang.jq_Microsoft.Winget.Source_8wekyb3d8bbwe;C:\Users\PAULO ROBERTO\.lmstudio\bin
USERNAME=PAULO ROBERTO
OS=Windows_NT
PROCESSOR_IDENTIFIER=Intel64 Family 6 Model 186 Stepping 2, GenuineIntel
TMP=C:\Users\PAULOR~1\AppData\Local\Temp
TEMP=C:\Users\PAULOR~1\AppData\Local\Temp




Periodic native trim disabled

---------------  S Y S T E M  ---------------

OS:
 Windows 11 , 64 bit Build 26100 (10.0.26100.8972)
OS uptime: 7 days 14:57 hours
Hyper-V role detected

CPU: total 12 (initial active 12) (6 cores per cpu, 2 threads per core) family 6 model 186 stepping 2 microcode 0x5103, cx8, cmov, fxsr, ht, mmx, 3dnowpref, sse, sse2, sse3, ssse3, sse4.1, sse4.2, popcnt, lzcnt, tsc, tscinvbit, avx, avx2, aes, erms, clmul, bmi1, bmi2, adx, sha, fma, vzeroupper, clflush, clflushopt, clwb, hv, serialize, rdtscp, rdpid, fsrm, f16c, cet_ibt, cet_ss
Processor Information for the first 12 processors :
  Max Mhz: 2100, Current Mhz: 2100, Mhz Limit: 2100

Memory: 4k page, system-wide physical 16087M (559M free)
TotalPageFile size 32471M (AvailPageFile size 24M)
current process WorkingSet (physical memory assigned to process): 81M, peak: 83M
current process commit charge ("private bytes"): 241M, peak: 243M

vm_info: OpenJDK 64-Bit Server VM (21.0.11+10-LTS) for windows-amd64 JRE (21.0.11+10-LTS), built on 2026-04-21T00:00:00Z by "admin" with MS VC++ 17.12 (VS2022)

END.
