#
# There is insufficient memory for the Java Runtime Environment to continue.
# Native memory allocation (malloc) failed to allocate 886352 bytes. Error detail: Chunk::new
# Possible reasons:
#   The system is out of physical RAM or swap space
#   This process is running with CompressedOops enabled, and the Java Heap may be blocking the growth of the native heap
# Possible solutions:
#   Reduce memory load on the system
#   Increase physical memory or swap space
#   Check if swap backing store is full
#   Decrease Java heap size (-Xmx/-Xms)
#   Decrease number of Java threads
#   Decrease Java thread stack sizes (-Xss)
#   Set larger code cache with -XX:ReservedCodeCacheSize=
#   JVM is running with Unscaled Compressed Oops mode in which the Java heap is
#     placed in the first 4GB address space. The Java Heap base address is the
#     maximum limit for the native heap growth. Please use -XX:HeapBaseMinAddress
#     to set the Java Heap base and to place the Java Heap above 4GB virtual address.
# This output file may be truncated or incomplete.
#
#  Out of Memory Error (arena.cpp:168), pid=39964, tid=53904
#
# JRE version: OpenJDK Runtime Environment Temurin-21.0.11+10 (21.0.11+10) (build 21.0.11+10-LTS)
# Java VM: OpenJDK 64-Bit Server VM Temurin-21.0.11+10 (21.0.11+10-LTS, mixed mode, sharing, tiered, compressed oops, compressed class ptrs, parallel gc, windows-amd64)
# No core dump will be written. Minidumps are not enabled by default on client versions of Windows
#

---------------  S U M M A R Y ------------

Command Line: --add-modules=ALL-SYSTEM --add-opens=java.base/java.util=ALL-UNNAMED --add-opens=java.base/java.lang=ALL-UNNAMED --add-opens=java.base/sun.nio.fs=ALL-UNNAMED -Declipse.application=org.eclipse.jdt.ls.core.id1 -Dosgi.bundles.defaultStartLevel=4 -Declipse.product=org.eclipse.jdt.ls.core.product -Djava.import.generatesMetadataFilesAtProjectRoot=false -DDetectVMInstallationsJob.disabled=true -Dfile.encoding=utf8 -XX:+UseParallelGC -XX:GCTimeRatio=4 -XX:AdaptiveSizePolicyWeight=90 -Dsun.zip.disableMemoryMapping=true -Xmx2G -Xms100m -Xlog:disable -javaagent:c:\Users\PAULO ROBERTO\.vscode\extensions\redhat.java-1.55.0-win32-x64\lombok\lombok-1.18.39-4050.jar -XX:+HeapDumpOnOutOfMemoryError -XX:HeapDumpPath=c:\Users\PAULO ROBERTO\AppData\Roaming\Code\User\workspaceStorage\af78278a2264e0da21869ec41e085d06\redhat.java -Daether.dependencyCollector.impl=bf c:\Users\PAULO ROBERTO\.vscode\extensions\redhat.java-1.55.0-win32-x64\server\plugins\org.eclipse.equinox.launcher_1.7.200.v20260619-2039.jar -configuration c:\Users\PAULO ROBERTO\AppData\Roaming\Code\User\globalStorage\redhat.java\1.55.0\config_win -data c:\Users\PAULO ROBERTO\AppData\Roaming\Code\User\workspaceStorage\af78278a2264e0da21869ec41e085d06\redhat.java\jdt_ws --pipe=\\.\pipe\lsp-1bec686056b1e6464bf18fd4edb48540-sock

Host: 13th Gen Intel(R) Core(TM) i5-13420H, 12 cores, 15G,  Windows 11 , 64 bit Build 26100 (10.0.26100.8972)
Time: Tue Aug 11 07:29:28 2026 Hora Padrão de Bogotá elapsed time: 36.953087 seconds (0d 0h 0m 36s)

---------------  T H R E A D  ---------------

Current thread (0x0000020ed4253f40):  JavaThread "C2 CompilerThread1" daemon [_thread_in_native, id=53904, stack(0x0000005e29000000,0x0000005e29100000) (1024K)]


Current CompileTask:
C2:36953 2482       4       org.eclipse.osgi.container.ModuleDatabase$Persistence::addMap (289 bytes)

Stack: [0x0000005e29000000,0x0000005e29100000]
Native frames: (J=compiled Java code, j=interpreted, Vv=VM code, C=native code)
V  [jvm.dll+0x6d7e19]
V  [jvm.dll+0x8b5096]
V  [jvm.dll+0x8b764e]
V  [jvm.dll+0x8b7d33]
V  [jvm.dll+0x284596]
V  [jvm.dll+0xc685d]
V  [jvm.dll+0xc6da1]
V  [jvm.dll+0x3bed6b]
V  [jvm.dll+0x38b2b2]
V  [jvm.dll+0x38a6fa]
V  [jvm.dll+0x24c700]
V  [jvm.dll+0x24bce0]
V  [jvm.dll+0x1cb4ae]
V  [jvm.dll+0x25baad]
V  [jvm.dll+0x25a03a]
V  [jvm.dll+0x3f868e]
V  [jvm.dll+0x85fb0d]
V  [jvm.dll+0x6d664d]
C  [ucrtbase.dll+0x2cd30]
C  [KERNEL32.DLL+0x2ccb7]
C  [ntdll.dll+0xaad6c]


---------------  P R O C E S S  ---------------

Threads class SMR info:
_java_thread_list=0x0000020ed42b5290, length=17, elements={
0x0000020ef3019090, 0x0000020ef54051e0, 0x0000020ef5406f10, 0x0000020ef540bc40,
0x0000020ef540c2d0, 0x0000020ef540d680, 0x0000020ef540af20, 0x0000020ef5418980,
0x0000020ef541d060, 0x0000020ef540b5b0, 0x0000020ef540c960, 0x0000020ef540cff0,
0x0000020ef540a200, 0x0000020ef540a890, 0x0000020eff4ccb00, 0x0000020eff4cebd0,
0x0000020ed4253f40
}

Java Threads: ( => current thread )
  0x0000020ef3019090 JavaThread "main"                              [_thread_blocked, id=51612, stack(0x0000005e29100000,0x0000005e29200000) (1024K)]
  0x0000020ef54051e0 JavaThread "Reference Handler"          daemon [_thread_blocked, id=51656, stack(0x0000005e29500000,0x0000005e29600000) (1024K)]
  0x0000020ef5406f10 JavaThread "Finalizer"                  daemon [_thread_blocked, id=40120, stack(0x0000005e29600000,0x0000005e29700000) (1024K)]
  0x0000020ef540bc40 JavaThread "Signal Dispatcher"          daemon [_thread_blocked, id=1956, stack(0x0000005e29700000,0x0000005e29800000) (1024K)]
  0x0000020ef540c2d0 JavaThread "Attach Listener"            daemon [_thread_blocked, id=21012, stack(0x0000005e29800000,0x0000005e29900000) (1024K)]
  0x0000020ef540d680 JavaThread "Service Thread"             daemon [_thread_blocked, id=47976, stack(0x0000005e29900000,0x0000005e29a00000) (1024K)]
  0x0000020ef540af20 JavaThread "Monitor Deflation Thread"   daemon [_thread_blocked, id=26356, stack(0x0000005e29a00000,0x0000005e29b00000) (1024K)]
  0x0000020ef5418980 JavaThread "C2 CompilerThread0"         daemon [_thread_blocked, id=48604, stack(0x0000005e29b00000,0x0000005e29c00000) (1024K)]
  0x0000020ef541d060 JavaThread "C1 CompilerThread0"         daemon [_thread_blocked, id=52336, stack(0x0000005e29c00000,0x0000005e29d00000) (1024K)]
  0x0000020ef540b5b0 JavaThread "Common-Cleaner"             daemon [_thread_blocked, id=53776, stack(0x0000005e29e00000,0x0000005e29f00000) (1024K)]
  0x0000020ef540c960 JavaThread "Notification Thread"        daemon [_thread_blocked, id=38068, stack(0x0000005e29f00000,0x0000005e2a000000) (1024K)]
  0x0000020ef540cff0 JavaThread "Active Thread: Equinox Container: d0f0652e-4ac5-4379-a07e-a40f6d611800"        [_thread_blocked, id=47520, stack(0x0000005e2a700000,0x0000005e2a800000) (1024K)]
  0x0000020ef540a200 JavaThread "Refresh Thread: Equinox Container: d0f0652e-4ac5-4379-a07e-a40f6d611800" daemon [_thread_blocked, id=20724, stack(0x0000005e2a000000,0x0000005e2a100000) (1024K)]
  0x0000020ef540a890 JavaThread "Framework Event Dispatcher: Equinox Container: d0f0652e-4ac5-4379-a07e-a40f6d611800" daemon [_thread_blocked, id=24428, stack(0x0000005e2a800000,0x0000005e2a900000) (1024K)]
  0x0000020eff4ccb00 JavaThread "Start Level: Equinox Container: d0f0652e-4ac5-4379-a07e-a40f6d611800" daemon [_thread_in_native, id=51076, stack(0x0000005e2a900000,0x0000005e2aa00000) (1024K)]
  0x0000020eff4cebd0 JavaThread "Bundle File Closer"         daemon [_thread_blocked, id=50972, stack(0x0000005e2aa00000,0x0000005e2ab00000) (1024K)]
=>0x0000020ed4253f40 JavaThread "C2 CompilerThread1"         daemon [_thread_in_native, id=53904, stack(0x0000005e29000000,0x0000005e29100000) (1024K)]
Total: 17

Other Threads:
  0x0000020ef52f4950 VMThread "VM Thread"                           [id=34792, stack(0x0000005e29400000,0x0000005e29500000) (1024K)]
  0x0000020ef53d1a60 WatcherThread "VM Periodic Task Thread"        [id=49012, stack(0x0000005e29300000,0x0000005e29400000) (1024K)]
  0x0000020ef537c870 WorkerThread "GC Thread#0"                     [id=47060, stack(0x0000005e29200000,0x0000005e29300000) (1024K)]
  0x0000020eff7b4d80 WorkerThread "GC Thread#1"                     [id=47216, stack(0x0000005e2a100000,0x0000005e2a200000) (1024K)]
  0x0000020eff5c4df0 WorkerThread "GC Thread#2"                     [id=44488, stack(0x0000005e2a200000,0x0000005e2a300000) (1024K)]
  0x0000020ed415b7c0 WorkerThread "GC Thread#3"                     [id=2272, stack(0x0000005e2a300000,0x0000005e2a400000) (1024K)]
  0x0000020ed415bb70 WorkerThread "GC Thread#4"                     [id=50736, stack(0x0000005e2a400000,0x0000005e2a500000) (1024K)]
  0x0000020eff47a3e0 WorkerThread "GC Thread#5"                     [id=12100, stack(0x0000005e2a500000,0x0000005e2a600000) (1024K)]
  0x0000020eff47a790 WorkerThread "GC Thread#6"                     [id=46060, stack(0x0000005e2a600000,0x0000005e2a700000) (1024K)]
  0x0000020efe25ca60 WorkerThread "GC Thread#7"                     [id=12332, stack(0x0000005e29d00000,0x0000005e29e00000) (1024K)]
  0x0000020eff5bedd0 WorkerThread "GC Thread#8"                     [id=53532, stack(0x0000005e2ab00000,0x0000005e2ac00000) (1024K)]
  0x0000020eff5bf180 WorkerThread "GC Thread#9"                     [id=45796, stack(0x0000005e2ac00000,0x0000005e2ad00000) (1024K)]
Total: 12

Threads with active compile tasks:
C2 CompilerThread1  36999 2482       4       org.eclipse.osgi.container.ModuleDatabase$Persistence::addMap (289 bytes)
Total: 1

VM state: not at safepoint (normal execution)

VM Mutex/Monitor currently owned by a thread: None

Heap address: 0x0000000080000000, size: 2048 MB, Compressed Oops mode: 32-bit

CDS archive(s) mapped at: [0x0000020e8f000000-0x0000020e8fba0000-0x0000020e8fba0000), size 12189696, SharedBaseAddress: 0x0000020e8f000000, ArchiveRelocationMode: 1.
Compressed class space mapped at: 0x0000020e90000000-0x0000020ed0000000, reserved size: 1073741824
Narrow klass base: 0x0000020e8f000000, Narrow klass shift: 0, Narrow klass range: 0x100000000

GC Precious Log:
 CardTable entry size: 512
 CPUs: 12 total, 12 available
 Memory: 16087M
 Large Page Support: Disabled
 NUMA Support: Disabled
 Compressed Oops: Enabled (32-bit)
 Alignments: Space 512K, Generation 512K, Heap 2M
 Heap Min Capacity: 100M
 Heap Initial Capacity: 100M
 Heap Max Capacity: 2G
 Pre-touch: Disabled
 Parallel Workers: 10

Heap:
 PSYoungGen      total 29696K, used 21293K [0x00000000d5580000, 0x00000000d7680000, 0x0000000100000000)
  eden space 25600K, 67% used [0x00000000d5580000,0x00000000d6652100,0x00000000d6e80000)
  from space 4096K, 99% used [0x00000000d6e80000,0x00000000d72795a8,0x00000000d7280000)
  to   space 4096K, 0% used [0x00000000d7280000,0x00000000d7280000,0x00000000d7680000)
 ParOldGen       total 68608K, used 5079K [0x0000000080000000, 0x0000000084300000, 0x00000000d5580000)
  object space 68608K, 7% used [0x0000000080000000,0x00000000804f5f10,0x0000000084300000)
 Metaspace       used 9885K, committed 10176K, reserved 1114112K
  class space    used 1024K, committed 1152K, reserved 1048576K

Card table byte_map: [0x0000020ef4d00000,0x0000020ef5110000] _byte_map_base: 0x0000020ef4900000

Marking Bits: (ParMarkBitMap*) 0x00007fff90a14460
 Begin Bits: [0x0000020ef8810000, 0x0000020efa810000)
 End Bits:   [0x0000020efa810000, 0x0000020efc810000)

Polling page: 0x0000020ef3190000

Metaspace:

Usage:
  Non-class:      8.65 MB used.
      Class:      1.00 MB used.
       Both:      9.65 MB used.

Virtual space:
  Non-class space:       64.00 MB reserved,       8.81 MB ( 14%) committed,  1 nodes.
      Class space:        1.00 GB reserved,       1.12 MB ( <1%) committed,  1 nodes.
             Both:        1.06 GB reserved,       9.94 MB ( <1%) committed. 

Chunk freelists:
   Non-Class:  6.56 MB
       Class:  14.78 MB
        Both:  21.35 MB

MaxMetaspaceSize: unlimited
CompressedClassSpaceSize: 1.00 GB
Initial GC threshold: 21.00 MB
Current GC threshold: 21.00 MB
CDS: on
 - commit_granule_bytes: 65536.
 - commit_granule_words: 8192.
 - virtual_space_node_default_size: 8388608.
 - enlarge_chunks_in_place: 1.
 - use_allocation_guard: 0.


Internal statistics:

num_allocs_failed_limit: 0.
num_arena_births: 258.
num_arena_deaths: 0.
num_vsnodes_births: 2.
num_vsnodes_deaths: 0.
num_space_committed: 159.
num_space_uncommitted: 0.
num_chunks_returned_to_freelist: 0.
num_chunks_taken_from_freelist: 522.
num_chunk_merges: 0.
num_chunk_splits: 331.
num_chunks_enlarged: 213.
num_inconsistent_stats: 0.

CodeHeap 'non-profiled nmethods': size=120000Kb used=1205Kb max_used=1205Kb free=118794Kb
 bounds [0x0000020e87ad0000, 0x0000020e87d40000, 0x0000020e8f000000]
CodeHeap 'profiled nmethods': size=120000Kb used=4863Kb max_used=4863Kb free=115136Kb
 bounds [0x0000020e80000000, 0x0000020e804c0000, 0x0000020e87530000]
CodeHeap 'non-nmethods': size=5760Kb used=1229Kb max_used=1261Kb free=4530Kb
 bounds [0x0000020e87530000, 0x0000020e877a0000, 0x0000020e87ad0000]
CodeCache: size=245760Kb, used=7297Kb, max_used=7329Kb, free=238460Kb
 total_blobs=3057, nmethods=2563, adapters=400, full_count=0
Compilation: enabled, stopped_count=0, restarted_count=0

Compilation events (20 events):
Event: 34.865 Thread 0x0000020eff134410 nmethod 2533 0x0000020e87bf9690 code [0x0000020e87bf9860, 0x0000020e87bf9ed8]
Event: 34.866 Thread 0x0000020ef541d060 2555       3       java.nio.ByteBuffer::allocate (20 bytes)
Event: 34.866 Thread 0x0000020ef541d060 nmethod 2555 0x0000020e804bbe90 code [0x0000020e804bc060, 0x0000020e804bc278]
Event: 34.869 Thread 0x0000020eff134410 2556       4       java.util.regex.Pattern$BmpCharPropertyGreedy::match (89 bytes)
Event: 34.869 Thread 0x0000020ef5418980 2557       4       java.lang.String::substring (58 bytes)
Event: 34.874 Thread 0x0000020ef541d060 2559       1       java.lang.reflect.Constructor::getSharedParameterTypes (5 bytes)
Event: 34.874 Thread 0x0000020ef541d060 nmethod 2559 0x0000020e87bfa510 code [0x0000020e87bfa6a0, 0x0000020e87bfa768]
Event: 34.874 Thread 0x0000020ef541d060 2560       3       java.lang.invoke.MemberName::hashCode (43 bytes)
Event: 34.874 Thread 0x0000020eff134410 nmethod 2556 0x0000020e87bfa810 code [0x0000020e87bfaa00, 0x0000020e87bfaf18]
Event: 34.874 Thread 0x0000020eff134410 2558       4       java.util.regex.Matcher::search (154 bytes)
Event: 34.875 Thread 0x0000020ef541d060 nmethod 2560 0x0000020e804bc390 code [0x0000020e804bc5e0, 0x0000020e804bd120]
Event: 34.875 Thread 0x0000020ef541d060 2561       3       java.util.Objects::hash (5 bytes)
Event: 34.875 Thread 0x0000020ef541d060 nmethod 2561 0x0000020e804bd490 code [0x0000020e804bd640, 0x0000020e804bd758]
Event: 34.875 Thread 0x0000020ef5418980 nmethod 2557 0x0000020e87bfb310 code [0x0000020e87bfb4e0, 0x0000020e87bfbb38]
Event: 34.878 Thread 0x0000020ef541d060 2562       3       java.security.AccessController::doPrivileged (9 bytes)
Event: 34.878 Thread 0x0000020ef541d060 nmethod 2562 0x0000020e804bd810 code [0x0000020e804bd9e0, 0x0000020e804bdd18]
Event: 34.900 Thread 0x0000020eff134410 nmethod 2558 0x0000020e87bfbe90 code [0x0000020e87bfc100, 0x0000020e87bfce00]
Event: 35.344 Thread 0x0000020ef541d060 2563       3       java.util.concurrent.locks.AbstractQueuedSynchronizer::cancelAcquire (45 bytes)
Event: 35.345 Thread 0x0000020ef541d060 nmethod 2563 0x0000020e804bde90 code [0x0000020e804be060, 0x0000020e804be3b8]
Event: 35.345 Thread 0x0000020ef541d060 2564       3       java.util.concurrent.locks.AbstractQueuedSynchronizer::cleanQueue (174 bytes)

GC Heap History (6 events):
Event: 0.766 GC heap before
{Heap before GC invocations=1 (full 0):
 PSYoungGen      total 29696K, used 25600K [0x00000000d5580000, 0x00000000d7680000, 0x0000000100000000)
  eden space 25600K, 100% used [0x00000000d5580000,0x00000000d6e80000,0x00000000d6e80000)
  from space 4096K, 0% used [0x00000000d7280000,0x00000000d7280000,0x00000000d7680000)
  to   space 4096K, 0% used [0x00000000d6e80000,0x00000000d6e80000,0x00000000d7280000)
 ParOldGen       total 68608K, used 0K [0x0000000080000000, 0x0000000084300000, 0x00000000d5580000)
  object space 68608K, 0% used [0x0000000080000000,0x0000000080000000,0x0000000084300000)
 Metaspace       used 4345K, committed 4608K, reserved 1114112K
  class space    used 473K, committed 576K, reserved 1048576K
}
Event: 0.772 GC heap after
{Heap after GC invocations=1 (full 0):
 PSYoungGen      total 29696K, used 3303K [0x00000000d5580000, 0x00000000d7680000, 0x0000000100000000)
  eden space 25600K, 0% used [0x00000000d5580000,0x00000000d5580000,0x00000000d6e80000)
  from space 4096K, 80% used [0x00000000d6e80000,0x00000000d71b9e98,0x00000000d7280000)
  to   space 4096K, 0% used [0x00000000d7280000,0x00000000d7280000,0x00000000d7680000)
 ParOldGen       total 68608K, used 16K [0x0000000080000000, 0x0000000084300000, 0x00000000d5580000)
  object space 68608K, 0% used [0x0000000080000000,0x0000000080004000,0x0000000084300000)
 Metaspace       used 4345K, committed 4608K, reserved 1114112K
  class space    used 473K, committed 576K, reserved 1048576K
}
Event: 5.036 GC heap before
{Heap before GC invocations=2 (full 0):
 PSYoungGen      total 29696K, used 28903K [0x00000000d5580000, 0x00000000d7680000, 0x0000000100000000)
  eden space 25600K, 100% used [0x00000000d5580000,0x00000000d6e80000,0x00000000d6e80000)
  from space 4096K, 80% used [0x00000000d6e80000,0x00000000d71b9e98,0x00000000d7280000)
  to   space 4096K, 0% used [0x00000000d7280000,0x00000000d7280000,0x00000000d7680000)
 ParOldGen       total 68608K, used 16K [0x0000000080000000, 0x0000000084300000, 0x00000000d5580000)
  object space 68608K, 0% used [0x0000000080000000,0x0000000080004000,0x0000000084300000)
 Metaspace       used 7999K, committed 8256K, reserved 1114112K
  class space    used 832K, committed 960K, reserved 1048576K
}
Event: 5.042 GC heap after
{Heap after GC invocations=2 (full 0):
 PSYoungGen      total 29696K, used 4070K [0x00000000d5580000, 0x00000000d7680000, 0x0000000100000000)
  eden space 25600K, 0% used [0x00000000d5580000,0x00000000d5580000,0x00000000d6e80000)
  from space 4096K, 99% used [0x00000000d7280000,0x00000000d7679800,0x00000000d7680000)
  to   space 4096K, 0% used [0x00000000d6e80000,0x00000000d6e80000,0x00000000d7280000)
 ParOldGen       total 68608K, used 1976K [0x0000000080000000, 0x0000000084300000, 0x00000000d5580000)
  object space 68608K, 2% used [0x0000000080000000,0x00000000801ee320,0x0000000084300000)
 Metaspace       used 7999K, committed 8256K, reserved 1114112K
  class space    used 832K, committed 960K, reserved 1048576K
}
Event: 8.641 GC heap before
{Heap before GC invocations=3 (full 0):
 PSYoungGen      total 29696K, used 29670K [0x00000000d5580000, 0x00000000d7680000, 0x0000000100000000)
  eden space 25600K, 100% used [0x00000000d5580000,0x00000000d6e80000,0x00000000d6e80000)
  from space 4096K, 99% used [0x00000000d7280000,0x00000000d7679800,0x00000000d7680000)
  to   space 4096K, 0% used [0x00000000d6e80000,0x00000000d6e80000,0x00000000d7280000)
 ParOldGen       total 68608K, used 1976K [0x0000000080000000, 0x0000000084300000, 0x00000000d5580000)
  object space 68608K, 2% used [0x0000000080000000,0x00000000801ee320,0x0000000084300000)
 Metaspace       used 9459K, committed 9792K, reserved 1114112K
  class space    used 1010K, committed 1152K, reserved 1048576K
}
Event: 8.647 GC heap after
{Heap after GC invocations=3 (full 0):
 PSYoungGen      total 29696K, used 4069K [0x00000000d5580000, 0x00000000d7680000, 0x0000000100000000)
  eden space 25600K, 0% used [0x00000000d5580000,0x00000000d5580000,0x00000000d6e80000)
  from space 4096K, 99% used [0x00000000d6e80000,0x00000000d72795a8,0x00000000d7280000)
  to   space 4096K, 0% used [0x00000000d7280000,0x00000000d7280000,0x00000000d7680000)
 ParOldGen       total 68608K, used 5079K [0x0000000080000000, 0x0000000084300000, 0x00000000d5580000)
  object space 68608K, 7% used [0x0000000080000000,0x00000000804f5f10,0x0000000084300000)
 Metaspace       used 9459K, committed 9792K, reserved 1114112K
  class space    used 1010K, committed 1152K, reserved 1048576K
}

Dll operation events (9 events):
Event: 0.013 Loaded shared library c:\Users\PAULO ROBERTO\.vscode\extensions\redhat.java-1.55.0-win32-x64\jre\21.0.11-win32-x86_64\bin\java.dll
Event: 0.079 Loaded shared library c:\Users\PAULO ROBERTO\.vscode\extensions\redhat.java-1.55.0-win32-x64\jre\21.0.11-win32-x86_64\bin\zip.dll
Event: 0.100 Loaded shared library C:\Users\PAULO ROBERTO\.vscode\extensions\redhat.java-1.55.0-win32-x64\jre\21.0.11-win32-x86_64\bin\instrument.dll
Event: 0.107 Loaded shared library C:\Users\PAULO ROBERTO\.vscode\extensions\redhat.java-1.55.0-win32-x64\jre\21.0.11-win32-x86_64\bin\net.dll
Event: 0.109 Loaded shared library C:\Users\PAULO ROBERTO\.vscode\extensions\redhat.java-1.55.0-win32-x64\jre\21.0.11-win32-x86_64\bin\nio.dll
Event: 0.114 Loaded shared library C:\Users\PAULO ROBERTO\.vscode\extensions\redhat.java-1.55.0-win32-x64\jre\21.0.11-win32-x86_64\bin\zip.dll
Event: 0.133 Loaded shared library C:\Users\PAULO ROBERTO\.vscode\extensions\redhat.java-1.55.0-win32-x64\jre\21.0.11-win32-x86_64\bin\jimage.dll
Event: 0.213 Loaded shared library c:\Users\PAULO ROBERTO\.vscode\extensions\redhat.java-1.55.0-win32-x64\jre\21.0.11-win32-x86_64\bin\verify.dll
Event: 5.141 Loaded shared library C:\Users\PAULO ROBERTO\AppData\Roaming\Code\User\globalStorage\redhat.java\1.55.0\config_win\org.eclipse.equinox.launcher\org.eclipse.equinox.launcher.win32.win32.x86_64_1.3.100.v20260613-0559\eclipse_11924.dll

Deoptimization events (20 events):
Event: 33.754 Thread 0x0000020ef540cff0 DEOPT PACKING pc=0x0000020e80409dc9 sp=0x0000005e2a7fea80
Event: 33.754 Thread 0x0000020ef540cff0 DEOPT UNPACKING pc=0x0000020e87584242 sp=0x0000005e2a7fdef0 mode 0
Event: 33.754 Thread 0x0000020ef540cff0 DEOPT PACKING pc=0x0000020e80409dc9 sp=0x0000005e2a7fea80
Event: 33.754 Thread 0x0000020ef540cff0 DEOPT UNPACKING pc=0x0000020e87584242 sp=0x0000005e2a7fdef0 mode 0
Event: 33.759 Thread 0x0000020ef540cff0 Uncommon trap: trap_request=0xffffff45 fr.pc=0x0000020e87b6fc34 relative=0x00000000000001d4
Event: 33.759 Thread 0x0000020ef540cff0 Uncommon trap: reason=unstable_if action=reinterpret pc=0x0000020e87b6fc34 method=java.util.HashMap.getNode(Ljava/lang/Object;)Ljava/util/HashMap$Node; @ 131 c2
Event: 33.759 Thread 0x0000020ef540cff0 DEOPT PACKING pc=0x0000020e87b6fc34 sp=0x0000005e2a7fec30
Event: 33.759 Thread 0x0000020ef540cff0 DEOPT UNPACKING pc=0x0000020e87583aa2 sp=0x0000005e2a7feb40 mode 2
Event: 33.760 Thread 0x0000020ef540cff0 Uncommon trap: trap_request=0xffffff45 fr.pc=0x0000020e87b6d734 relative=0x00000000000001d4
Event: 33.760 Thread 0x0000020ef540cff0 Uncommon trap: reason=unstable_if action=reinterpret pc=0x0000020e87b6d734 method=java.util.HashMap.getNode(Ljava/lang/Object;)Ljava/util/HashMap$Node; @ 131 c2
Event: 33.760 Thread 0x0000020ef540cff0 DEOPT PACKING pc=0x0000020e87b6d734 sp=0x0000005e2a7feb50
Event: 33.760 Thread 0x0000020ef540cff0 DEOPT UNPACKING pc=0x0000020e87583aa2 sp=0x0000005e2a7fead0 mode 2
Event: 33.760 Thread 0x0000020ef540cff0 Uncommon trap: trap_request=0xffffffc6 fr.pc=0x0000020e87bce8a8 relative=0x0000000000000b28
Event: 33.760 Thread 0x0000020ef540cff0 Uncommon trap: reason=bimorphic_or_optimized_type_check action=maybe_recompile pc=0x0000020e87bce8a8 method=java.util.HashMap.putVal(ILjava/lang/Object;Ljava/lang/Object;ZZ)Ljava/lang/Object; @ 91 c2
Event: 33.760 Thread 0x0000020ef540cff0 DEOPT PACKING pc=0x0000020e87bce8a8 sp=0x0000005e2a7feb60
Event: 33.760 Thread 0x0000020ef540cff0 DEOPT UNPACKING pc=0x0000020e87583aa2 sp=0x0000005e2a7feae0 mode 2
Event: 34.876 Thread 0x0000020ef540cff0 Uncommon trap: trap_request=0xffffff45 fr.pc=0x0000020e87bfab8c relative=0x000000000000018c
Event: 34.876 Thread 0x0000020ef540cff0 Uncommon trap: reason=unstable_if action=reinterpret pc=0x0000020e87bfab8c method=java.util.regex.Pattern$BmpCharPropertyGreedy.match(Ljava/util/regex/Matcher;ILjava/lang/CharSequence;)Z @ 12 c2
Event: 34.876 Thread 0x0000020ef540cff0 DEOPT PACKING pc=0x0000020e87bfab8c sp=0x0000005e2a7fdde0
Event: 34.876 Thread 0x0000020ef540cff0 DEOPT UNPACKING pc=0x0000020e87583aa2 sp=0x0000005e2a7fdd78 mode 2

Classes loaded (20 events):
Event: 34.868 Loading class sun/util/locale/provider/TimeZoneNameProviderImpl done
Event: 34.868 Loading class sun/util/cldr/CLDRTimeZoneNameProviderImpl done
Event: 34.874 Loading class sun/util/locale/provider/BaseLocaleDataMetaInfo
Event: 34.874 Loading class sun/util/locale/provider/BaseLocaleDataMetaInfo done
Event: 34.876 Loading class sun/util/resources/cldr/TimeZoneNames
Event: 34.876 Loading class sun/util/resources/TimeZoneNamesBundle
Event: 34.876 Loading class sun/util/resources/OpenListResourceBundle
Event: 34.877 Loading class sun/util/resources/OpenListResourceBundle done
Event: 34.877 Loading class sun/util/resources/TimeZoneNamesBundle done
Event: 34.877 Loading class sun/util/resources/cldr/TimeZoneNames done
Event: 34.877 Loading class sun/util/resources/cldr/TimeZoneNames_en
Event: 34.878 Loading class sun/util/resources/cldr/TimeZoneNames_en done
Event: 34.878 Loading class sun/util/resources/cldr/TimeZoneNames_en_US
Event: 34.878 Loading class sun/util/resources/cldr/TimeZoneNames_en_US done
Event: 34.881 Loading class sun/util/cldr/CLDRBaseLocaleDataMetaInfo$TZCanonicalIDMapHolder
Event: 34.882 Loading class sun/util/cldr/CLDRBaseLocaleDataMetaInfo$TZCanonicalIDMapHolder done
Event: 34.884 Loading class sun/util/resources/TimeZoneNames
Event: 34.884 Loading class sun/util/resources/TimeZoneNames done
Event: 34.885 Loading class sun/util/resources/TimeZoneNames_en
Event: 34.885 Loading class sun/util/resources/TimeZoneNames_en done

Classes unloaded (0 events):
No events

Classes redefined (0 events):
No events

Internal exceptions (20 events):
Event: 0.821 Thread 0x0000020ef3019090 Implicit null exception at 0x0000020e87b2ac29 to 0x0000020e87b2b49c
Event: 0.822 Thread 0x0000020ef3019090 Implicit null exception at 0x0000020e87b3171a to 0x0000020e87b31920
Event: 0.822 Thread 0x0000020ef3019090 Exception <a 'java/lang/NoSuchMethodError'{0x00000000d5742190}: 'void java.lang.invoke.DirectMethodHandle$Holder.invokeStatic(java.lang.Object, java.lang.Object, java.lang.Object, java.lang.Object)'> (0x00000000d5742190) 
thrown [s\src\hotspot\share\interpreter\linkResolver.cpp, line 773]
Event: 0.824 Thread 0x0000020ef3019090 Implicit null exception at 0x0000020e87b3411a to 0x0000020e87b34320
Event: 0.824 Thread 0x0000020ef3019090 Implicit null exception at 0x0000020e87b2c93d to 0x0000020e87b2c9c1
Event: 0.951 Thread 0x0000020ef3019090 Exception <a 'java/lang/NoSuchMethodError'{0x00000000d59ea818}: 'void java.lang.invoke.DirectMethodHandle$Holder.invokeSpecial(java.lang.Object, java.lang.Object, java.lang.Object)'> (0x00000000d59ea818) 
thrown [s\src\hotspot\share\interpreter\linkResolver.cpp, line 773]
Event: 1.217 Thread 0x0000020ef3019090 Exception <a 'java/lang/NoSuchMethodError'{0x00000000d6452ca0}: 'int java.lang.invoke.DirectMethodHandle$Holder.invokeVirtual(java.lang.Object, java.lang.Object)'> (0x00000000d6452ca0) 
thrown [s\src\hotspot\share\interpreter\linkResolver.cpp, line 773]
Event: 1.283 Thread 0x0000020ef3019090 Exception <a 'java/lang/NoSuchMethodError'{0x00000000d65cc940}: 'int java.lang.invoke.DirectMethodHandle$Holder.invokeStaticInit(java.lang.Object, java.lang.Object, java.lang.Object, java.lang.Object)'> (0x00000000d65cc940) 
thrown [s\src\hotspot\share\interpreter\linkResolver.cpp, line 773]
Event: 1.284 Thread 0x0000020ef3019090 Exception <a 'java/lang/IncompatibleClassChangeError'{0x00000000d65d5028}: Found class java.lang.Object, but interface was expected> (0x00000000d65d5028) 
thrown [s\src\hotspot\share\interpreter\linkResolver.cpp, line 840]
Event: 1.285 Thread 0x0000020ef3019090 Exception <a 'java/lang/NoSuchMethodError'{0x00000000d65db5f8}: 'void java.lang.invoke.DirectMethodHandle$Holder.invokeStaticInit(java.lang.Object, java.lang.Object)'> (0x00000000d65db5f8) 
thrown [s\src\hotspot\share\interpreter\linkResolver.cpp, line 773]
Event: 1.286 Thread 0x0000020ef3019090 Exception <a 'java/lang/NoSuchMethodError'{0x00000000d65e47b0}: 'int java.lang.invoke.DirectMethodHandle$Holder.invokeStaticInit(java.lang.Object, java.lang.Object)'> (0x00000000d65e47b0) 
thrown [s\src\hotspot\share\interpreter\linkResolver.cpp, line 773]
Event: 1.342 Thread 0x0000020ef3019090 Exception <a 'java/lang/NoSuchMethodError'{0x00000000d682e548}: 'java.lang.Object java.lang.invoke.DirectMethodHandle$Holder.newInvokeSpecial(java.lang.Object, int, java.lang.Object)'> (0x00000000d682e548) 
thrown [s\src\hotspot\share\interpreter\linkResolver.cpp, line 773]
Event: 1.391 Thread 0x0000020ef3019090 Exception <a 'java/lang/ClassNotFoundException'{0x00000000d6a50b28}: sun/net/www/protocol/plurl/Handler> (0x00000000d6a50b28) 
thrown [s\src\hotspot\share\classfile\systemDictionary.cpp, line 313]
Event: 1.391 Thread 0x0000020ef3019090 Exception <a 'java/lang/ClassNotFoundException'{0x00000000d6a519a8}: sun/net/www/protocol/plurl/Handler> (0x00000000d6a519a8) 
thrown [s\src\hotspot\share\classfile\systemDictionary.cpp, line 313]
Event: 5.059 Thread 0x0000020ef3019090 Exception <a 'java/lang/UnsatisfiedLinkError'{0x00000000d55d5f70}: 'void org.eclipse.equinox.launcher.JNIBridge._update_splash()'> (0x00000000d55d5f70) 
thrown [s\src\hotspot\share\prims\nativeLookup.cpp, line 415]
Event: 5.105 Thread 0x0000020ef540a200 Exception <a 'java/lang/NoSuchMethodError'{0x00000000d5868b70}: 'void java.lang.invoke.DirectMethodHandle$Holder.invokeInterface(java.lang.Object, java.lang.Object, java.lang.Object)'> (0x00000000d5868b70) 
thrown [s\src\hotspot\share\interpreter\linkResolver.cpp, line 773]
Event: 5.234 Thread 0x0000020eff4ccb00 Exception <a 'java/lang/NoSuchMethodError'{0x00000000d5c4e588}: 'java.lang.Object java.lang.invoke.DirectMethodHandle$Holder.newInvokeSpecial(java.lang.Object, java.lang.Object, int, java.lang.Object)'> (0x00000000d5c4e588) 
thrown [s\src\hotspot\share\interpreter\linkResolver.cpp, line 773]
Event: 5.235 Thread 0x0000020eff4ccb00 Exception <a 'java/lang/NoSuchMethodError'{0x00000000d5c523b8}: 'java.lang.Object java.lang.invoke.DirectMethodHandle$Holder.invokeSpecial(java.lang.Object, java.lang.Object, java.lang.Object, int, java.lang.Object)'> (0x00000000d5c523b8) 
thrown [s\src\hotspot\share\interpreter\linkResolver.cpp, line 773]
Event: 5.248 Thread 0x0000020eff4ccb00 Exception <a 'java/lang/NoClassDefFoundError'{0x00000000d5cf83f0}: jakarta/servlet/ServletContainerInitializer> (0x00000000d5cf83f0) 
thrown [s\src\hotspot\share\classfile\systemDictionary.cpp, line 302]
Event: 5.265 Thread 0x0000020eff4ccb00 Exception <a 'java/lang/ClassNotFoundException'{0x00000000d5e5e828}: sun/util/logging/resources/spi/loggingProvider> (0x00000000d5e5e828) 
thrown [s\src\hotspot\share\classfile\systemDictionary.cpp, line 313]

ZGC Phase Switch (0 events):
No events

VM Operations (20 events):
Event: 8.647 Executing safepoint VM operation: ParallelGCFailedAllocation (Allocation Failure) done
Event: 9.650 Executing safepoint VM operation: Cleanup
Event: 9.650 Executing safepoint VM operation: Cleanup done
Event: 15.717 Executing safepoint VM operation: Cleanup
Event: 16.061 Executing safepoint VM operation: Cleanup done
Event: 17.075 Executing safepoint VM operation: Cleanup
Event: 17.075 Executing safepoint VM operation: Cleanup done
Event: 17.174 Executing non-safepoint VM operation: HandshakeAllThreads (Deoptimize)
Event: 17.174 Executing non-safepoint VM operation: HandshakeAllThreads (Deoptimize) done
Event: 25.234 Executing safepoint VM operation: Cleanup
Event: 25.234 Executing safepoint VM operation: Cleanup done
Event: 26.240 Executing safepoint VM operation: Cleanup
Event: 26.240 Executing safepoint VM operation: Cleanup done
Event: 30.278 Executing safepoint VM operation: Cleanup
Event: 30.279 Executing safepoint VM operation: Cleanup done
Event: 32.292 Executing safepoint VM operation: Cleanup
Event: 32.292 Executing safepoint VM operation: Cleanup done
Event: 34.303 Executing safepoint VM operation: Cleanup
Event: 34.845 Executing safepoint VM operation: Cleanup done
Event: 35.857 Executing safepoint VM operation: Cleanup

Memory protections (0 events):
No events

Nmethod flushes (0 events):
No events

Events (20 events):
Event: 0.045 Thread 0x0000020ef3019090 Thread added: 0x0000020ef541d060
Event: 0.088 Thread 0x0000020ef541d060 Thread added: 0x0000020efe27dc40
Event: 0.103 Thread 0x0000020ef3019090 Thread added: 0x0000020ef540b5b0
Event: 0.326 Thread 0x0000020ef3019090 Thread added: 0x0000020ef540c960
Event: 0.484 Thread 0x0000020ef541d060 Thread added: 0x0000020efe3e10f0
Event: 1.299 Thread 0x0000020ef3019090 Thread added: 0x0000020ef540cff0
Event: 1.752 Thread 0x0000020efe27dc40 Thread exited: 0x0000020efe27dc40
Event: 1.752 Thread 0x0000020efe3e10f0 Thread exited: 0x0000020efe3e10f0
Event: 5.057 Thread 0x0000020ef3019090 Thread added: 0x0000020ef540a200
Event: 5.106 Thread 0x0000020ef540a200 Thread added: 0x0000020ef540a890
Event: 5.146 Thread 0x0000020ef3019090 Thread added: 0x0000020eff4ccb00
Event: 5.291 Thread 0x0000020ef541d060 Thread added: 0x0000020ed42915a0
Event: 5.292 Thread 0x0000020ed42915a0 Thread added: 0x0000020ed42f2030
Event: 5.782 Thread 0x0000020ed42f2030 Thread exited: 0x0000020ed42f2030
Event: 5.782 Thread 0x0000020ed42915a0 Thread exited: 0x0000020ed42915a0
Event: 8.638 Thread 0x0000020ef541d060 Thread added: 0x0000020ed42915a0
Event: 9.106 Thread 0x0000020ed42915a0 Thread exited: 0x0000020ed42915a0
Event: 9.141 Thread 0x0000020eff4ccb00 Thread added: 0x0000020eff4cebd0
Event: 33.744 Thread 0x0000020ef541d060 Thread added: 0x0000020ed4253f40
Event: 33.771 Thread 0x0000020ef541d060 Thread added: 0x0000020eff134410


Dynamic libraries:
0x00007ff6b9340000 - 0x00007ff6b934e000 	c:\Users\PAULO ROBERTO\.vscode\extensions\redhat.java-1.55.0-win32-x64\jre\21.0.11-win32-x86_64\bin\java.exe
0x00007ff86cac0000 - 0x00007ff86cd26000 	C:\WINDOWS\SYSTEM32\ntdll.dll
0x00007ff86b8d0000 - 0x00007ff86b999000 	C:\WINDOWS\System32\KERNEL32.DLL
0x00007ff86a0e0000 - 0x00007ff86a4df000 	C:\WINDOWS\System32\KERNELBASE.dll
0x00007ff86a5a0000 - 0x00007ff86a6ec000 	C:\WINDOWS\System32\ucrtbase.dll
0x00007ff85c1e0000 - 0x00007ff85c1fe000 	c:\Users\PAULO ROBERTO\.vscode\extensions\redhat.java-1.55.0-win32-x64\jre\21.0.11-win32-x86_64\bin\VCRUNTIME140.dll
0x00007ff85bf60000 - 0x00007ff85bf78000 	c:\Users\PAULO ROBERTO\.vscode\extensions\redhat.java-1.55.0-win32-x64\jre\21.0.11-win32-x86_64\bin\jli.dll
0x00007ff86b0d0000 - 0x00007ff86b296000 	C:\WINDOWS\System32\USER32.dll
0x00007ff849300000 - 0x00007ff849591000 	C:\WINDOWS\WinSxS\amd64_microsoft.windows.common-controls_6595b64144ccf1df_6.0.26100.8972_none_3e0da176e32f9d4b\COMCTL32.dll
0x00007ff86a700000 - 0x00007ff86a727000 	C:\WINDOWS\System32\win32u.dll
0x00007ff86c8b0000 - 0x00007ff86c959000 	C:\WINDOWS\System32\msvcrt.dll
0x00007ff86a7f0000 - 0x00007ff86a81b000 	C:\WINDOWS\System32\GDI32.dll
0x00007ff869e20000 - 0x00007ff869f49000 	C:\WINDOWS\System32\gdi32full.dll
0x00007ff86a4f0000 - 0x00007ff86a593000 	C:\WINDOWS\System32\msvcp_win.dll
0x00007ff86add0000 - 0x00007ff86ae02000 	C:\WINDOWS\System32\IMM32.DLL
0x00007ff85ed60000 - 0x00007ff85ed6c000 	c:\Users\PAULO ROBERTO\.vscode\extensions\redhat.java-1.55.0-win32-x64\jre\21.0.11-win32-x86_64\bin\vcruntime140_1.dll
0x00007ff84eb70000 - 0x00007ff84ebfd000 	c:\Users\PAULO ROBERTO\.vscode\extensions\redhat.java-1.55.0-win32-x64\jre\21.0.11-win32-x86_64\bin\msvcp140.dll
0x00007fff8fd50000 - 0x00007fff90af2000 	c:\Users\PAULO ROBERTO\.vscode\extensions\redhat.java-1.55.0-win32-x64\jre\21.0.11-win32-x86_64\bin\server\jvm.dll
0x00007ff86c7e0000 - 0x00007ff86c89c000 	C:\WINDOWS\System32\ADVAPI32.dll
0x00007ff86bd80000 - 0x00007ff86be29000 	C:\WINDOWS\System32\sechost.dll
0x00007ff86c6c0000 - 0x00007ff86c7d8000 	C:\WINDOWS\System32\RPCRT4.dll
0x00007ff86b3b0000 - 0x00007ff86b432000 	C:\WINDOWS\System32\WS2_32.dll
0x00007ff8558a0000 - 0x00007ff8558d6000 	C:\WINDOWS\SYSTEM32\WINMM.dll
0x00007ff868f10000 - 0x00007ff868f6e000 	C:\WINDOWS\SYSTEM32\POWRPROF.dll
0x00007ff859f00000 - 0x00007ff859f0b000 	C:\WINDOWS\SYSTEM32\VERSION.dll
0x00007ff868da0000 - 0x00007ff868db5000 	C:\WINDOWS\SYSTEM32\UMPDC.dll
0x00007ff868980000 - 0x00007ff86899b000 	C:\WINDOWS\SYSTEM32\kernel.appcore.dll
0x00007ff85ea30000 - 0x00007ff85ea3a000 	c:\Users\PAULO ROBERTO\.vscode\extensions\redhat.java-1.55.0-win32-x64\jre\21.0.11-win32-x86_64\bin\jimage.dll
0x00007ff8671c0000 - 0x00007ff867402000 	C:\WINDOWS\SYSTEM32\DBGHELP.DLL
0x00007ff86a820000 - 0x00007ff86aba5000 	C:\WINDOWS\System32\combase.dll
0x00007ff86c5e0000 - 0x00007ff86c6b9000 	C:\WINDOWS\System32\OLEAUT32.dll
0x00007ff856850000 - 0x00007ff85688b000 	C:\WINDOWS\SYSTEM32\dbgcore.DLL
0x00007ff86a730000 - 0x00007ff86a7dc000 	C:\WINDOWS\System32\bcryptPrimitives.dll
0x00007ff85cdd0000 - 0x00007ff85cddf000 	c:\Users\PAULO ROBERTO\.vscode\extensions\redhat.java-1.55.0-win32-x64\jre\21.0.11-win32-x86_64\bin\instrument.dll
0x00007ff85bde0000 - 0x00007ff85be00000 	c:\Users\PAULO ROBERTO\.vscode\extensions\redhat.java-1.55.0-win32-x64\jre\21.0.11-win32-x86_64\bin\java.dll
0x00007ff86be50000 - 0x00007ff86c5d8000 	C:\WINDOWS\System32\SHELL32.dll
0x00007ff867760000 - 0x00007ff867ffb000 	C:\WINDOWS\SYSTEM32\windows.storage.dll
0x00007ff86bc80000 - 0x00007ff86bd79000 	C:\WINDOWS\System32\SHCORE.dll
0x00007ff86ad60000 - 0x00007ff86adc6000 	C:\WINDOWS\System32\shlwapi.dll
0x00007ff869bf0000 - 0x00007ff869c19000 	C:\WINDOWS\SYSTEM32\profapi.dll
0x00007ff85bca0000 - 0x00007ff85bcb8000 	c:\Users\PAULO ROBERTO\.vscode\extensions\redhat.java-1.55.0-win32-x64\jre\21.0.11-win32-x86_64\bin\zip.dll
0x00007ff85e9b0000 - 0x00007ff85e9c0000 	C:\Users\PAULO ROBERTO\.vscode\extensions\redhat.java-1.55.0-win32-x64\jre\21.0.11-win32-x86_64\bin\net.dll
0x00007ff858a80000 - 0x00007ff858ba7000 	C:\WINDOWS\SYSTEM32\WINHTTP.dll
0x00007ff869030000 - 0x00007ff86909c000 	C:\WINDOWS\system32\mswsock.dll
0x00007ff85b7d0000 - 0x00007ff85b7e6000 	C:\Users\PAULO ROBERTO\.vscode\extensions\redhat.java-1.55.0-win32-x64\jre\21.0.11-win32-x86_64\bin\nio.dll
0x00007ff85c270000 - 0x00007ff85c280000 	c:\Users\PAULO ROBERTO\.vscode\extensions\redhat.java-1.55.0-win32-x64\jre\21.0.11-win32-x86_64\bin\verify.dll
0x00007ff84eb20000 - 0x00007ff84eb65000 	C:\Users\PAULO ROBERTO\AppData\Roaming\Code\User\globalStorage\redhat.java\1.55.0\config_win\org.eclipse.equinox.launcher\org.eclipse.equinox.launcher.win32.win32.x86_64_1.3.100.v20260613-0559\eclipse_11924.dll
0x00007ff86abc0000 - 0x00007ff86ad59000 	C:\WINDOWS\System32\ole32.dll

JVMTI agents:
c:\Users\PAULO ROBERTO\.vscode\extensions\redhat.java-1.55.0-win32-x64\lombok\lombok-1.18.39-4050.jar path:c:\Users\PAULO ROBERTO\.vscode\extensions\redhat.java-1.55.0-win32-x64\jre\21.0.11-win32-x86_64\bin\instrument.dll, loaded, initialized, instrumentlib options:none

dbghelp: loaded successfully - version: 4.0.5 - missing functions: none
symbol engine: initialized successfully - sym options: 0x614 - pdb path: .;c:\Users\PAULO ROBERTO\.vscode\extensions\redhat.java-1.55.0-win32-x64\jre\21.0.11-win32-x86_64\bin;C:\WINDOWS\SYSTEM32;C:\WINDOWS\WinSxS\amd64_microsoft.windows.common-controls_6595b64144ccf1df_6.0.26100.8972_none_3e0da176e32f9d4b;c:\Users\PAULO ROBERTO\.vscode\extensions\redhat.java-1.55.0-win32-x64\jre\21.0.11-win32-x86_64\bin\server;C:\Users\PAULO ROBERTO\AppData\Roaming\Code\User\globalStorage\redhat.java\1.55.0\config_win\org.eclipse.equinox.launcher\org.eclipse.equinox.launcher.win32.win32.x86_64_1.3.100.v20260613-0559

VM Arguments:
jvm_args: --add-modules=ALL-SYSTEM --add-opens=java.base/java.util=ALL-UNNAMED --add-opens=java.base/java.lang=ALL-UNNAMED --add-opens=java.base/sun.nio.fs=ALL-UNNAMED -Declipse.application=org.eclipse.jdt.ls.core.id1 -Dosgi.bundles.defaultStartLevel=4 -Declipse.product=org.eclipse.jdt.ls.core.product -Djava.import.generatesMetadataFilesAtProjectRoot=false -DDetectVMInstallationsJob.disabled=true -Dfile.encoding=utf8 -XX:+UseParallelGC -XX:GCTimeRatio=4 -XX:AdaptiveSizePolicyWeight=90 -Dsun.zip.disableMemoryMapping=true -Xmx2G -Xms100m -Xlog:disable -javaagent:c:\Users\PAULO ROBERTO\.vscode\extensions\redhat.java-1.55.0-win32-x64\lombok\lombok-1.18.39-4050.jar -XX:+HeapDumpOnOutOfMemoryError -XX:HeapDumpPath=c:\Users\PAULO ROBERTO\AppData\Roaming\Code\User\workspaceStorage\af78278a2264e0da21869ec41e085d06\redhat.java -Daether.dependencyCollector.impl=bf 
java_command: c:\Users\PAULO ROBERTO\.vscode\extensions\redhat.java-1.55.0-win32-x64\server\plugins\org.eclipse.equinox.launcher_1.7.200.v20260619-2039.jar -configuration c:\Users\PAULO ROBERTO\AppData\Roaming\Code\User\globalStorage\redhat.java\1.55.0\config_win -data c:\Users\PAULO ROBERTO\AppData\Roaming\Code\User\workspaceStorage\af78278a2264e0da21869ec41e085d06\redhat.java\jdt_ws --pipe=\\.\pipe\lsp-1bec686056b1e6464bf18fd4edb48540-sock
java_class_path (initial): c:\Users\PAULO ROBERTO\.vscode\extensions\redhat.java-1.55.0-win32-x64\server\plugins\org.eclipse.equinox.launcher_1.7.200.v20260619-2039.jar
Launcher Type: SUN_STANDARD

[Global flags]
    uintx AdaptiveSizePolicyWeight                 = 90                                        {product} {command line}
     intx CICompilerCount                          = 4                                         {product} {ergonomic}
    uintx GCTimeRatio                              = 4                                         {product} {command line}
     bool HeapDumpOnOutOfMemoryError               = true                                   {manageable} {command line}
    ccstr HeapDumpPath                             = c:\Users\PAULO ROBERTO\AppData\Roaming\Code\User\workspaceStorage\af78278a2264e0da21869ec41e085d06\redhat.java         {manageable} {command line}
   size_t InitialHeapSize                          = 104857600                                 {product} {command line}
   size_t MaxHeapSize                              = 2147483648                                {product} {command line}
   size_t MaxNewSize                               = 715653120                                 {product} {ergonomic}
   size_t MinHeapDeltaBytes                        = 524288                                    {product} {ergonomic}
   size_t MinHeapSize                              = 104857600                                 {product} {command line}
   size_t NewSize                                  = 34603008                                  {product} {ergonomic}
    uintx NonNMethodCodeHeapSize                   = 5839372                                {pd product} {ergonomic}
    uintx NonProfiledCodeHeapSize                  = 122909434                              {pd product} {ergonomic}
   size_t OldSize                                  = 70254592                                  {product} {ergonomic}
    uintx ProfiledCodeHeapSize                     = 122909434                              {pd product} {ergonomic}
    uintx ReservedCodeCacheSize                    = 251658240                              {pd product} {ergonomic}
     bool SegmentedCodeCache                       = true                                      {product} {ergonomic}
   size_t SoftMaxHeapSize                          = 2147483648                             {manageable} {ergonomic}
     bool UseCompressedOops                        = true                           {product lp64_product} {ergonomic}
     bool UseLargePagesIndividualAllocation        = false                                  {pd product} {ergonomic}
     bool UseParallelGC                            = true                                      {product} {command line}

Logging:
Log output configuration:
 #0: stdout all=off uptime,level,tags foldmultilines=false
 #1: stderr all=off uptime,level,tags foldmultilines=false

Release file:
JAVA_VERSION="21.0.11" 
MODULES="java.base java.compiler java.datatransfer java.xml java.prefs java.desktop java.instrument java.logging java.management java.security.sasl java.naming java.rmi java.management.rmi java.net.http java.scripting java.security.jgss java.transaction.xa java.sql java.sql.rowset java.xml.crypto java.se java.smartcardio jdk.accessibility jdk.internal.jvmstat jdk.attach jdk.charsets jdk.internal.opt jdk.zipfs jdk.compiler jdk.crypto.ec jdk.crypto.cryptoki jdk.crypto.mscapi jdk.dynalink jdk.internal.ed jdk.editpad jdk.hotspot.agent jdk.httpserver jdk.internal.le jdk.internal.vm.ci jdk.internal.vm.compiler jdk.internal.vm.compiler.management jdk.jartool jdk.javadoc jdk.jcmd jdk.management jdk.management.agent jdk.jconsole jdk.jdeps jdk.jdwp.agent jdk.jdi jdk.jfr jdk.jshell jdk.jsobject jdk.jstatd jdk.localedata jdk.management.jfr jdk.naming.dns jdk.naming.rmi jdk.net jdk.nio.mapmode jdk.random jdk.sctp jdk.security.auth jdk.security.jgss jdk.unsupported jdk.unsupported.desktop jdk.xml.dom" 

Environment Variables:
JAVA_HOME=C:\Program Files\Java\jdk-21
PATH=C:\Program Files\Common Files\Oracle\Java\javapath;C:\WINDOWS\system32;C:\WINDOWS;C:\WINDOWS\System32\Wbem;C:\WINDOWS\System32\WindowsPowerShell\v1.0\;C:\WINDOWS\System32\OpenSSH\;C:\Program Files\dotnet\;C:\Program Files\NVIDIA Corporation\NVIDIA App\NvDLISR;C:\Program Files (x86)\NVIDIA Corporation\PhysX\Common;C:\Program Files\GitHub CLI\;C:\Program Files\nodejs\;C:\Program Files\Git\cmd;C:\Users\PAULO ROBERTO\.local\bin;C:\Users\PAULO ROBERTO\AppData\Local\Microsoft\WindowsApps;C:\Users\PAULO ROBERTO\AppData\Roaming\npm;C:\Users\PAULO ROBERTO\AppData\Local\Programs\Microsoft VS Code\bin;C:\Users\PAULO ROBERTO\.bun\bin;C:\Users\PAULO ROBERTO\AppData\Local\Microsoft\WinGet\Packages\jqlang.jq_Microsoft.Winget.Source_8wekyb3d8bbwe;C:\Users\PAULO ROBERTO\.lmstudio\bin
USERNAME=PAULO ROBERTO
OS=Windows_NT
PROCESSOR_IDENTIFIER=Intel64 Family 6 Model 186 Stepping 2, GenuineIntel
TMP=C:\Users\PAULOR~1\AppData\Local\Temp
TEMP=C:\Users\PAULOR~1\AppData\Local\Temp




Periodic native trim disabled

---------------  S Y S T E M  ---------------

OS:
 Windows 11 , 64 bit Build 26100 (10.0.26100.8972)
OS uptime: 7 days 14:59 hours
Hyper-V role detected

CPU: total 12 (initial active 12) (6 cores per cpu, 2 threads per core) family 6 model 186 stepping 2 microcode 0x5103, cx8, cmov, fxsr, ht, mmx, 3dnowpref, sse, sse2, sse3, ssse3, sse4.1, sse4.2, popcnt, lzcnt, tsc, tscinvbit, avx, avx2, aes, erms, clmul, bmi1, bmi2, adx, sha, fma, vzeroupper, clflush, clflushopt, clwb, hv, serialize, rdtscp, rdpid, fsrm, f16c, cet_ibt, cet_ss
Processor Information for the first 12 processors :
  Max Mhz: 2100, Current Mhz: 2100, Mhz Limit: 2100

Memory: 4k page, system-wide physical 16087M (632M free)
TotalPageFile size 32471M (AvailPageFile size 5M)
current process WorkingSet (physical memory assigned to process): 116M, peak: 117M
current process commit charge ("private bytes"): 263M, peak: 265M

vm_info: OpenJDK 64-Bit Server VM (21.0.11+10-LTS) for windows-amd64 JRE (21.0.11+10-LTS), built on 2026-04-21T00:00:00Z by "admin" with MS VC++ 17.12 (VS2022)

END.
