#
# There is insufficient memory for the Java Runtime Environment to continue.
# Native memory allocation (malloc) failed to allocate 255136 bytes. Error detail: Chunk::new
# Possible reasons:
#   The system is out of physical RAM or swap space
#   This process is running with CompressedOops enabled, and the Java Heap may be blocking the growth of the native heap
# Possible solutions:
#   Reduce memory load on the system
#   Increase physical memory or swap space
#   Check if swap backing store is full
#   Decrease Java heap size (-Xmx/-Xms)
#   Decrease number of Java threads
#   Decrease Java thread stack sizes (-Xss)
#   Set larger code cache with -XX:ReservedCodeCacheSize=
#   JVM is running with Unscaled Compressed Oops mode in which the Java heap is
#     placed in the first 4GB address space. The Java Heap base address is the
#     maximum limit for the native heap growth. Please use -XX:HeapBaseMinAddress
#     to set the Java Heap base and to place the Java Heap above 4GB virtual address.
# This output file may be truncated or incomplete.
#
#  Out of Memory Error (arena.cpp:168), pid=6412, tid=53112
#
# JRE version: OpenJDK Runtime Environment Temurin-21.0.11+10 (21.0.11+10) (build 21.0.11+10-LTS)
# Java VM: OpenJDK 64-Bit Server VM Temurin-21.0.11+10 (21.0.11+10-LTS, mixed mode, sharing, tiered, compressed oops, compressed class ptrs, parallel gc, windows-amd64)
# No core dump will be written. Minidumps are not enabled by default on client versions of Windows
#

---------------  S U M M A R Y ------------

Command Line: --add-modules=ALL-SYSTEM --add-opens=java.base/java.util=ALL-UNNAMED --add-opens=java.base/java.lang=ALL-UNNAMED --add-opens=java.base/sun.nio.fs=ALL-UNNAMED -Declipse.application=org.eclipse.jdt.ls.core.id1 -Dosgi.bundles.defaultStartLevel=4 -Declipse.product=org.eclipse.jdt.ls.core.product -Djava.import.generatesMetadataFilesAtProjectRoot=false -DDetectVMInstallationsJob.disabled=true -Dfile.encoding=utf8 -XX:+UseParallelGC -XX:GCTimeRatio=4 -XX:AdaptiveSizePolicyWeight=90 -Dsun.zip.disableMemoryMapping=true -Xmx2G -Xms100m -Xlog:disable -javaagent:c:\Users\PAULO ROBERTO\.vscode\extensions\redhat.java-1.55.0-win32-x64\lombok\lombok-1.18.39-4050.jar -XX:+HeapDumpOnOutOfMemoryError -XX:HeapDumpPath=c:\Users\PAULO ROBERTO\AppData\Roaming\Code\User\workspaceStorage\af78278a2264e0da21869ec41e085d06\redhat.java -Daether.dependencyCollector.impl=bf c:\Users\PAULO ROBERTO\.vscode\extensions\redhat.java-1.55.0-win32-x64\server\plugins\org.eclipse.equinox.launcher_1.7.200.v20260619-2039.jar -configuration c:\Users\PAULO ROBERTO\AppData\Roaming\Code\User\globalStorage\redhat.java\1.55.0\config_win -data c:\Users\PAULO ROBERTO\AppData\Roaming\Code\User\workspaceStorage\af78278a2264e0da21869ec41e085d06\redhat.java\jdt_ws --pipe=\\.\pipe\lsp-200d718d3d360a1f56fb930b481d8bd7-sock

Host: 13th Gen Intel(R) Core(TM) i5-13420H, 12 cores, 15G,  Windows 11 , 64 bit Build 26100 (10.0.26100.9168)
Time: Mon Aug 24 15:31:34 2026 Hora Padrão de Bogotá elapsed time: 18.052387 seconds (0d 0h 0m 18s)

---------------  T H R E A D  ---------------

Current thread (0x00000248788b7d70):  JavaThread "C2 CompilerThread0" daemon [_thread_in_native, id=53112, stack(0x000000cc5ca00000,0x000000cc5cb00000) (1024K)]


Current CompileTask:
C2:18052 2075 %     4       org.eclipse.osgi.util.ManifestElement::readLine @ 0 (122 bytes)

Stack: [0x000000cc5ca00000,0x000000cc5cb00000]
Native frames: (J=compiled Java code, j=interpreted, Vv=VM code, C=native code)
V  [jvm.dll+0x6d7e19]
V  [jvm.dll+0x8b5096]
V  [jvm.dll+0x8b764e]
V  [jvm.dll+0x8b7d33]
V  [jvm.dll+0x284596]
V  [jvm.dll+0xc685d]
V  [jvm.dll+0xc6da1]
V  [jvm.dll+0x2fb4ee]
V  [jvm.dll+0x5fe9a4]
V  [jvm.dll+0x255d67]
V  [jvm.dll+0x24e2ca]
V  [jvm.dll+0x24bbe6]
V  [jvm.dll+0x1cb4ae]
V  [jvm.dll+0x25baad]
V  [jvm.dll+0x25a03a]
V  [jvm.dll+0x3f868e]
V  [jvm.dll+0x85fb0d]
V  [jvm.dll+0x6d664d]
C  [ucrtbase.dll+0x2cd30]
C  [KERNEL32.DLL+0x2ccb7]
C  [ntdll.dll+0xaad6c]


---------------  P R O C E S S  ---------------

Threads class SMR info:
_java_thread_list=0x000002487f7798c0, length=15, elements={
0x000002486e9da400, 0x00000248788a97a0, 0x00000248788ab280, 0x00000248788ad530,
0x00000248788ae340, 0x00000248788b0990, 0x00000248788b65c0, 0x00000248788b7d70,
0x00000248788bcfd0, 0x0000024879e04d90, 0x0000024879e3cde0, 0x000002487f1310f0,
0x0000024879cca220, 0x0000024879fbfbe0, 0x0000024879fc3120
}

Java Threads: ( => current thread )
  0x000002486e9da400 JavaThread "main"                              [_thread_blocked, id=18976, stack(0x000000cc5c000000,0x000000cc5c100000) (1024K)]
  0x00000248788a97a0 JavaThread "Reference Handler"          daemon [_thread_blocked, id=40316, stack(0x000000cc5c400000,0x000000cc5c500000) (1024K)]
  0x00000248788ab280 JavaThread "Finalizer"                  daemon [_thread_blocked, id=65252, stack(0x000000cc5c500000,0x000000cc5c600000) (1024K)]
  0x00000248788ad530 JavaThread "Signal Dispatcher"          daemon [_thread_blocked, id=63656, stack(0x000000cc5c600000,0x000000cc5c700000) (1024K)]
  0x00000248788ae340 JavaThread "Attach Listener"            daemon [_thread_blocked, id=59388, stack(0x000000cc5c700000,0x000000cc5c800000) (1024K)]
  0x00000248788b0990 JavaThread "Service Thread"             daemon [_thread_blocked, id=41696, stack(0x000000cc5c800000,0x000000cc5c900000) (1024K)]
  0x00000248788b65c0 JavaThread "Monitor Deflation Thread"   daemon [_thread_blocked, id=51720, stack(0x000000cc5c900000,0x000000cc5ca00000) (1024K)]
=>0x00000248788b7d70 JavaThread "C2 CompilerThread0"         daemon [_thread_in_native, id=53112, stack(0x000000cc5ca00000,0x000000cc5cb00000) (1024K)]
  0x00000248788bcfd0 JavaThread "C1 CompilerThread0"         daemon [_thread_in_vm, id=29460, stack(0x000000cc5cb00000,0x000000cc5cc00000) (1024K)]
  0x0000024879e04d90 JavaThread "Common-Cleaner"             daemon [_thread_blocked, id=64568, stack(0x000000cc5cc00000,0x000000cc5cd00000) (1024K)]
  0x0000024879e3cde0 JavaThread "Notification Thread"        daemon [_thread_blocked, id=63432, stack(0x000000cc5cd00000,0x000000cc5ce00000) (1024K)]
  0x000002487f1310f0 JavaThread "Active Thread: Equinox Container: 8e7e13de-83f7-4629-89af-b702cc46746c"        [_thread_blocked, id=52252, stack(0x000000cc5d400000,0x000000cc5d500000) (1024K)]
  0x0000024879cca220 JavaThread "Refresh Thread: Equinox Container: 8e7e13de-83f7-4629-89af-b702cc46746c" daemon [_thread_blocked, id=39480, stack(0x000000cc5d600000,0x000000cc5d700000) (1024K)]
  0x0000024879fbfbe0 JavaThread "Framework Event Dispatcher: Equinox Container: 8e7e13de-83f7-4629-89af-b702cc46746c" daemon [_thread_blocked, id=33892, stack(0x000000cc5d700000,0x000000cc5d800000) (1024K)]
  0x0000024879fc3120 JavaThread "Start Level: Equinox Container: 8e7e13de-83f7-4629-89af-b702cc46746c" daemon [_thread_in_Java, id=38004, stack(0x000000cc5d800000,0x000000cc5d900000) (1024K)]
Total: 15

Other Threads:
  0x00000248788a49c0 VMThread "VM Thread"                           [id=13208, stack(0x000000cc5c300000,0x000000cc5c400000) (1024K)]
  0x000002487879ba00 WatcherThread "VM Periodic Task Thread"        [id=67160, stack(0x000000cc5c200000,0x000000cc5c300000) (1024K)]
  0x0000024870e2ca70 WorkerThread "GC Thread#0"                     [id=46588, stack(0x000000cc5c100000,0x000000cc5c200000) (1024K)]
  0x000002487f1f3300 WorkerThread "GC Thread#1"                     [id=67372, stack(0x000000cc5ce00000,0x000000cc5cf00000) (1024K)]
  0x000002487f1cdc60 WorkerThread "GC Thread#2"                     [id=37864, stack(0x000000cc5cf00000,0x000000cc5d000000) (1024K)]
  0x000002487f390a70 WorkerThread "GC Thread#3"                     [id=51104, stack(0x000000cc5d000000,0x000000cc5d100000) (1024K)]
  0x000002487f390e20 WorkerThread "GC Thread#4"                     [id=62160, stack(0x000000cc5d100000,0x000000cc5d200000) (1024K)]
  0x000002487f3911d0 WorkerThread "GC Thread#5"                     [id=57436, stack(0x000000cc5d200000,0x000000cc5d300000) (1024K)]
  0x000002487f391990 WorkerThread "GC Thread#6"                     [id=66020, stack(0x000000cc5d300000,0x000000cc5d400000) (1024K)]
  0x000002487f143b20 WorkerThread "GC Thread#7"                     [id=26928, stack(0x000000cc5d500000,0x000000cc5d600000) (1024K)]
Total: 10

Threads with active compile tasks:
C2 CompilerThread0  18076 2075 %     4       org.eclipse.osgi.util.ManifestElement::readLine @ 0 (122 bytes)
Total: 1

VM state: not at safepoint (normal execution)

VM Mutex/Monitor currently owned by a thread: None

Heap address: 0x0000000080000000, size: 2048 MB, Compressed Oops mode: 32-bit

CDS archive(s) mapped at: [0x000002480f000000-0x000002480fba0000-0x000002480fba0000), size 12189696, SharedBaseAddress: 0x000002480f000000, ArchiveRelocationMode: 1.
Compressed class space mapped at: 0x0000024810000000-0x0000024850000000, reserved size: 1073741824
Narrow klass base: 0x000002480f000000, Narrow klass shift: 0, Narrow klass range: 0x100000000

GC Precious Log:
 CardTable entry size: 512
 CPUs: 12 total, 12 available
 Memory: 16087M
 Large Page Support: Disabled
 NUMA Support: Disabled
 Compressed Oops: Enabled (32-bit)
 Alignments: Space 512K, Generation 512K, Heap 2M
 Heap Min Capacity: 100M
 Heap Initial Capacity: 100M
 Heap Max Capacity: 2G
 Pre-touch: Disabled
 Parallel Workers: 10

Heap:
 PSYoungGen      total 29696K, used 27672K [0x00000000d5580000, 0x00000000d7680000, 0x0000000100000000)
  eden space 25600K, 92% used [0x00000000d5580000,0x00000000d6c88860,0x00000000d6e80000)
  from space 4096K, 99% used [0x00000000d7280000,0x00000000d767d810,0x00000000d7680000)
  to   space 4096K, 0% used [0x00000000d6e80000,0x00000000d6e80000,0x00000000d7280000)
 ParOldGen       total 68608K, used 1958K [0x0000000080000000, 0x0000000084300000, 0x00000000d5580000)
  object space 68608K, 2% used [0x0000000080000000,0x00000000801e9b30,0x0000000084300000)
 Metaspace       used 9423K, committed 9728K, reserved 1114112K
  class space    used 1010K, committed 1152K, reserved 1048576K

Card table byte_map: [0x00000248707b0000,0x0000024870bc0000] _byte_map_base: 0x00000248703b0000

Marking Bits: (ParMarkBitMap*) 0x00007ffb84274460
 Begin Bits: [0x00000248742c0000, 0x00000248762c0000)
 End Bits:   [0x00000248762c0000, 0x00000248782c0000)

Polling page: 0x000002486ecb0000

Metaspace:

Usage:
  Non-class:      8.22 MB used.
      Class:   1010.69 KB used.
       Both:      9.20 MB used.

Virtual space:
  Non-class space:       64.00 MB reserved,       8.38 MB ( 13%) committed,  1 nodes.
      Class space:        1.00 GB reserved,       1.12 MB ( <1%) committed,  1 nodes.
             Both:        1.06 GB reserved,       9.50 MB ( <1%) committed. 

Chunk freelists:
   Non-Class:  6.69 MB
       Class:  14.79 MB
        Both:  21.47 MB

MaxMetaspaceSize: unlimited
CompressedClassSpaceSize: 1.00 GB
Initial GC threshold: 21.00 MB
Current GC threshold: 21.00 MB
CDS: on
 - commit_granule_bytes: 65536.
 - commit_granule_words: 8192.
 - virtual_space_node_default_size: 8388608.
 - enlarge_chunks_in_place: 1.
 - use_allocation_guard: 0.


Internal statistics:

num_allocs_failed_limit: 0.
num_arena_births: 256.
num_arena_deaths: 0.
num_vsnodes_births: 2.
num_vsnodes_deaths: 0.
num_space_committed: 152.
num_space_uncommitted: 0.
num_chunks_returned_to_freelist: 0.
num_chunks_taken_from_freelist: 511.
num_chunk_merges: 0.
num_chunk_splits: 320.
num_chunks_enlarged: 210.
num_inconsistent_stats: 0.

CodeHeap 'non-profiled nmethods': size=120000Kb used=871Kb max_used=871Kb free=119128Kb
 bounds [0x0000024807ad0000, 0x0000024807d40000, 0x000002480f000000]
CodeHeap 'profiled nmethods': size=120000Kb used=3921Kb max_used=3921Kb free=116078Kb
 bounds [0x0000024800000000, 0x00000248003e0000, 0x0000024807530000]
CodeHeap 'non-nmethods': size=5760Kb used=1229Kb max_used=1242Kb free=4530Kb
 bounds [0x0000024807530000, 0x00000248077a0000, 0x0000024807ad0000]
CodeCache: size=245760Kb, used=6021Kb, max_used=6034Kb, free=239736Kb
 total_blobs=2602, nmethods=2108, adapters=400, full_count=0
Compilation: enabled, stopped_count=0, restarted_count=0

Compilation events (20 events):
Event: 16.012 Thread 0x00000248788bcfd0 2086       3       org.eclipse.osgi.storage.BundleInfo$CachedManifest::get (6 bytes)
Event: 16.012 Thread 0x00000248788bcfd0 nmethod 2086 0x00000248003c2590 code [0x00000248003c2740, 0x00000248003c2898]
Event: 16.012 Thread 0x00000248788bcfd0 2082       3       java.util.Collections$3::nextElement (10 bytes)
Event: 16.013 Thread 0x00000248788bcfd0 nmethod 2082 0x00000248003c2990 code [0x00000248003c2b40, 0x00000248003c2d18]
Event: 16.013 Thread 0x00000248788bcfd0 2084   !   3       java.io.BufferedInputStream::reset (60 bytes)
Event: 16.014 Thread 0x00000248788bcfd0 nmethod 2084 0x00000248003c2e10 code [0x00000248003c3120, 0x00000248003c4290]
Event: 16.014 Thread 0x00000248788bcfd0 2085       3       java.io.BufferedInputStream::implReset (30 bytes)
Event: 16.015 Thread 0x00000248788bcfd0 nmethod 2085 0x00000248003c4a10 code [0x00000248003c4be0, 0x00000248003c4f40]
Event: 16.015 Thread 0x00000248788bcfd0 2083       3       org.eclipse.osgi.framework.util.CaseInsensitiveDictionaryMap$KeyIterator::hasNext (10 bytes)
Event: 16.015 Thread 0x00000248788bcfd0 nmethod 2083 0x00000248003c5090 code [0x00000248003c5240, 0x00000248003c5418]
Event: 16.017 Thread 0x00000248788bcfd0 2087       3       org.eclipse.osgi.framework.util.CaseInsensitiveDictionaryMap$CaseInsentiveEntry::getValue (10 bytes)
Event: 16.017 Thread 0x00000248788bcfd0 nmethod 2087 0x00000248003c5510 code [0x00000248003c56c0, 0x00000248003c5898]
Event: 16.021 Thread 0x00000248788bcfd0 2088       3       java.util.stream.Sink$ChainedReference::cancellationRequested (10 bytes)
Event: 16.022 Thread 0x00000248788bcfd0 nmethod 2088 0x00000248003c5990 code [0x00000248003c5b40, 0x00000248003c5d18]
Event: 16.022 Thread 0x00000248788bcfd0 2089       3       sun.nio.fs.NativeBuffers::getNativeBufferFromCache (51 bytes)
Event: 16.022 Thread 0x00000248788bcfd0 nmethod 2089 0x00000248003c5e10 code [0x00000248003c6000, 0x00000248003c6708]
Event: 16.022 Thread 0x00000248788bcfd0 2090       3       sun.nio.fs.NativeBuffer::close (5 bytes)
Event: 16.022 Thread 0x00000248788bcfd0 nmethod 2090 0x00000248003c6910 code [0x00000248003c6ac0, 0x00000248003c6c68]
Event: 16.022 Thread 0x00000248788bcfd0 2091       3       sun.nio.fs.NativeBuffer::release (5 bytes)
Event: 16.022 Thread 0x00000248788bcfd0 nmethod 2091 0x00000248003c6d10 code [0x00000248003c6ec0, 0x00000248003c6ff8]

GC Heap History (4 events):
Event: 0.901 GC heap before
{Heap before GC invocations=1 (full 0):
 PSYoungGen      total 29696K, used 25600K [0x00000000d5580000, 0x00000000d7680000, 0x0000000100000000)
  eden space 25600K, 100% used [0x00000000d5580000,0x00000000d6e80000,0x00000000d6e80000)
  from space 4096K, 0% used [0x00000000d7280000,0x00000000d7280000,0x00000000d7680000)
  to   space 4096K, 0% used [0x00000000d6e80000,0x00000000d6e80000,0x00000000d7280000)
 ParOldGen       total 68608K, used 0K [0x0000000080000000, 0x0000000084300000, 0x00000000d5580000)
  object space 68608K, 0% used [0x0000000080000000,0x0000000080000000,0x0000000084300000)
 Metaspace       used 4325K, committed 4608K, reserved 1114112K
  class space    used 472K, committed 576K, reserved 1048576K
}
Event: 0.908 GC heap after
{Heap after GC invocations=1 (full 0):
 PSYoungGen      total 29696K, used 3280K [0x00000000d5580000, 0x00000000d7680000, 0x0000000100000000)
  eden space 25600K, 0% used [0x00000000d5580000,0x00000000d5580000,0x00000000d6e80000)
  from space 4096K, 80% used [0x00000000d6e80000,0x00000000d71b4148,0x00000000d7280000)
  to   space 4096K, 0% used [0x00000000d7280000,0x00000000d7280000,0x00000000d7680000)
 ParOldGen       total 68608K, used 16K [0x0000000080000000, 0x0000000084300000, 0x00000000d5580000)
  object space 68608K, 0% used [0x0000000080000000,0x0000000080004000,0x0000000084300000)
 Metaspace       used 4325K, committed 4608K, reserved 1114112K
  class space    used 472K, committed 576K, reserved 1048576K
}
Event: 9.750 GC heap before
{Heap before GC invocations=2 (full 0):
 PSYoungGen      total 29696K, used 28880K [0x00000000d5580000, 0x00000000d7680000, 0x0000000100000000)
  eden space 25600K, 100% used [0x00000000d5580000,0x00000000d6e80000,0x00000000d6e80000)
  from space 4096K, 80% used [0x00000000d6e80000,0x00000000d71b4148,0x00000000d7280000)
  to   space 4096K, 0% used [0x00000000d7280000,0x00000000d7280000,0x00000000d7680000)
 ParOldGen       total 68608K, used 16K [0x0000000080000000, 0x0000000084300000, 0x00000000d5580000)
  object space 68608K, 0% used [0x0000000080000000,0x0000000080004000,0x0000000084300000)
 Metaspace       used 7996K, committed 8256K, reserved 1114112K
  class space    used 833K, committed 960K, reserved 1048576K
}
Event: 9.757 GC heap after
{Heap after GC invocations=2 (full 0):
 PSYoungGen      total 29696K, used 4086K [0x00000000d5580000, 0x00000000d7680000, 0x0000000100000000)
  eden space 25600K, 0% used [0x00000000d5580000,0x00000000d5580000,0x00000000d6e80000)
  from space 4096K, 99% used [0x00000000d7280000,0x00000000d767d810,0x00000000d7680000)
  to   space 4096K, 0% used [0x00000000d6e80000,0x00000000d6e80000,0x00000000d7280000)
 ParOldGen       total 68608K, used 1958K [0x0000000080000000, 0x0000000084300000, 0x00000000d5580000)
  object space 68608K, 2% used [0x0000000080000000,0x00000000801e9b30,0x0000000084300000)
 Metaspace       used 7996K, committed 8256K, reserved 1114112K
  class space    used 833K, committed 960K, reserved 1048576K
}

Dll operation events (9 events):
Event: 0.012 Loaded shared library c:\Users\PAULO ROBERTO\.vscode\extensions\redhat.java-1.55.0-win32-x64\jre\21.0.11-win32-x86_64\bin\java.dll
Event: 0.088 Loaded shared library c:\Users\PAULO ROBERTO\.vscode\extensions\redhat.java-1.55.0-win32-x64\jre\21.0.11-win32-x86_64\bin\zip.dll
Event: 0.107 Loaded shared library C:\Users\PAULO ROBERTO\.vscode\extensions\redhat.java-1.55.0-win32-x64\jre\21.0.11-win32-x86_64\bin\instrument.dll
Event: 0.113 Loaded shared library C:\Users\PAULO ROBERTO\.vscode\extensions\redhat.java-1.55.0-win32-x64\jre\21.0.11-win32-x86_64\bin\net.dll
Event: 0.115 Loaded shared library C:\Users\PAULO ROBERTO\.vscode\extensions\redhat.java-1.55.0-win32-x64\jre\21.0.11-win32-x86_64\bin\nio.dll
Event: 0.119 Loaded shared library C:\Users\PAULO ROBERTO\.vscode\extensions\redhat.java-1.55.0-win32-x64\jre\21.0.11-win32-x86_64\bin\zip.dll
Event: 0.140 Loaded shared library C:\Users\PAULO ROBERTO\.vscode\extensions\redhat.java-1.55.0-win32-x64\jre\21.0.11-win32-x86_64\bin\jimage.dll
Event: 0.245 Loaded shared library c:\Users\PAULO ROBERTO\.vscode\extensions\redhat.java-1.55.0-win32-x64\jre\21.0.11-win32-x86_64\bin\verify.dll
Event: 11.612 Loaded shared library C:\Users\PAULO ROBERTO\AppData\Roaming\Code\User\globalStorage\redhat.java\1.55.0\config_win\org.eclipse.equinox.launcher\org.eclipse.equinox.launcher.win32.win32.x86_64_1.3.100.v20260613-0559\eclipse_11924.dll

Deoptimization events (20 events):
Event: 16.010 Thread 0x0000024879fc3120 Uncommon trap: trap_request=0xffffff45 fr.pc=0x0000024807b97de4 relative=0x00000000000006a4
Event: 16.010 Thread 0x0000024879fc3120 Uncommon trap: reason=unstable_if action=reinterpret pc=0x0000024807b97de4 method=java.util.regex.Matcher.search(I)Z @ 30 c2
Event: 16.010 Thread 0x0000024879fc3120 DEOPT PACKING pc=0x0000024807b97de4 sp=0x000000cc5d8fdb60
Event: 16.010 Thread 0x0000024879fc3120 DEOPT UNPACKING pc=0x0000024807583aa2 sp=0x000000cc5d8fdb30 mode 2
Event: 16.010 Thread 0x0000024879fc3120 Uncommon trap: trap_request=0xffffffde fr.pc=0x0000024807b98b64 relative=0x0000000000000304
Event: 16.010 Thread 0x0000024879fc3120 Uncommon trap: reason=class_check action=maybe_recompile pc=0x0000024807b98b64 method=java.util.regex.Pattern$BmpCharPropertyGreedy.match(Ljava/util/regex/Matcher;ILjava/lang/CharSequence;)Z @ 26 c2
Event: 16.010 Thread 0x0000024879fc3120 DEOPT PACKING pc=0x0000024807b98b64 sp=0x000000cc5d8fd830
Event: 16.010 Thread 0x0000024879fc3120 DEOPT UNPACKING pc=0x0000024807583aa2 sp=0x000000cc5d8fd7e8 mode 2
Event: 16.010 Thread 0x0000024879fc3120 Uncommon trap: trap_request=0xffffffde fr.pc=0x0000024807b98b64 relative=0x0000000000000304
Event: 16.010 Thread 0x0000024879fc3120 Uncommon trap: reason=class_check action=maybe_recompile pc=0x0000024807b98b64 method=java.util.regex.Pattern$BmpCharPropertyGreedy.match(Ljava/util/regex/Matcher;ILjava/lang/CharSequence;)Z @ 26 c2
Event: 16.010 Thread 0x0000024879fc3120 DEOPT PACKING pc=0x0000024807b98b64 sp=0x000000cc5d8fd730
Event: 16.010 Thread 0x0000024879fc3120 DEOPT UNPACKING pc=0x0000024807583aa2 sp=0x000000cc5d8fd6c8 mode 2
Event: 16.010 Thread 0x0000024879fc3120 Uncommon trap: trap_request=0xffffffde fr.pc=0x0000024807b98b64 relative=0x0000000000000304
Event: 16.010 Thread 0x0000024879fc3120 Uncommon trap: reason=class_check action=maybe_recompile pc=0x0000024807b98b64 method=java.util.regex.Pattern$BmpCharPropertyGreedy.match(Ljava/util/regex/Matcher;ILjava/lang/CharSequence;)Z @ 26 c2
Event: 16.010 Thread 0x0000024879fc3120 DEOPT PACKING pc=0x0000024807b98b64 sp=0x000000cc5d8fd830
Event: 16.010 Thread 0x0000024879fc3120 DEOPT UNPACKING pc=0x0000024807583aa2 sp=0x000000cc5d8fd7e8 mode 2
Event: 16.010 Thread 0x0000024879fc3120 Uncommon trap: trap_request=0xffffffde fr.pc=0x0000024807b98b64 relative=0x0000000000000304
Event: 16.010 Thread 0x0000024879fc3120 Uncommon trap: reason=class_check action=maybe_recompile pc=0x0000024807b98b64 method=java.util.regex.Pattern$BmpCharPropertyGreedy.match(Ljava/util/regex/Matcher;ILjava/lang/CharSequence;)Z @ 26 c2
Event: 16.010 Thread 0x0000024879fc3120 DEOPT PACKING pc=0x0000024807b98b64 sp=0x000000cc5d8fd730
Event: 16.010 Thread 0x0000024879fc3120 DEOPT UNPACKING pc=0x0000024807583aa2 sp=0x000000cc5d8fd6c8 mode 2

Classes loaded (20 events):
Event: 11.754 Loading class sun/util/logging/resources/logging_pt
Event: 11.754 Loading class sun/util/logging/resources/logging_pt done
Event: 11.755 Loading class sun/util/logging/resources/logging_pt_BR
Event: 11.755 Loading class sun/util/logging/resources/logging_pt_BR done
Event: 11.758 Loading class java/util/Formatter$DateTime
Event: 11.758 Loading class java/util/Formatter$DateTime done
Event: 11.758 Loading class java/util/Formatter$FixedString
Event: 11.758 Loading class java/util/Formatter$FixedString done
Event: 11.759 Loading class java/time/ZonedDateTime$1
Event: 11.759 Loading class java/time/ZonedDateTime$1 done
Event: 11.763 Loading class jdk/internal/module/ModulePatcher$PatchedModuleReader
Event: 11.763 Loading class jdk/internal/module/ModulePatcher$PatchedModuleReader done
Event: 11.769 Loading class sun/util/resources/LocaleData$CommonResourceBundleProvider
Event: 11.769 Loading class sun/util/resources/LocaleData$LocaleDataResourceBundleProvider
Event: 11.769 Loading class java/util/spi/ResourceBundleProvider
Event: 11.769 Loading class java/util/spi/ResourceBundleProvider done
Event: 11.769 Loading class sun/util/resources/LocaleData$LocaleDataResourceBundleProvider done
Event: 11.769 Loading class sun/util/resources/LocaleData$CommonResourceBundleProvider done
Event: 11.771 Loading class sun/util/resources/Bundles$2
Event: 11.771 Loading class sun/util/resources/Bundles$2 done

Classes unloaded (0 events):
No events

Classes redefined (0 events):
No events

Internal exceptions (20 events):
Event: 0.917 Thread 0x000002486e9da400 Exception <a 'java/lang/ClassNotFoundException'{0x00000000d55acf10}: sun/net/www/protocol/c/Handler> (0x00000000d55acf10) 
thrown [s\src\hotspot\share\classfile\systemDictionary.cpp, line 313]
Event: 0.917 Thread 0x000002486e9da400 Exception <a 'java/lang/ClassNotFoundException'{0x00000000d55ae0a8}: sun/net/www/protocol/c/Handler> (0x00000000d55ae0a8) 
thrown [s\src\hotspot\share\classfile\systemDictionary.cpp, line 313]
Event: 0.928 Thread 0x000002486e9da400 Exception <a 'java/io/FileNotFoundException'{0x00000000d55d8410}> (0x00000000d55d8410) 
thrown [s\src\hotspot\share\prims\jni.cpp, line 520]
Event: 0.964 Thread 0x000002486e9da400 Implicit null exception at 0x0000024807b35e66 to 0x0000024807b35f0a
Event: 0.965 Thread 0x000002486e9da400 Exception <a 'java/lang/NoSuchMethodError'{0x00000000d574d018}: 'void java.lang.invoke.DirectMethodHandle$Holder.invokeStatic(java.lang.Object, java.lang.Object, java.lang.Object, java.lang.Object)'> (0x00000000d574d018) 
thrown [s\src\hotspot\share\interpreter\linkResolver.cpp, line 773]
Event: 1.188 Thread 0x000002486e9da400 Exception <a 'java/lang/NoSuchMethodError'{0x00000000d59f6c70}: 'void java.lang.invoke.DirectMethodHandle$Holder.invokeSpecial(java.lang.Object, java.lang.Object, java.lang.Object)'> (0x00000000d59f6c70) 
thrown [s\src\hotspot\share\interpreter\linkResolver.cpp, line 773]
Event: 1.511 Thread 0x000002486e9da400 Exception <a 'java/lang/NoSuchMethodError'{0x00000000d645f2f0}: 'int java.lang.invoke.DirectMethodHandle$Holder.invokeVirtual(java.lang.Object, java.lang.Object)'> (0x00000000d645f2f0) 
thrown [s\src\hotspot\share\interpreter\linkResolver.cpp, line 773]
Event: 1.566 Thread 0x000002486e9da400 Exception <a 'java/lang/NoSuchMethodError'{0x00000000d65d92a0}: 'int java.lang.invoke.DirectMethodHandle$Holder.invokeStaticInit(java.lang.Object, java.lang.Object, java.lang.Object, java.lang.Object)'> (0x00000000d65d92a0) 
thrown [s\src\hotspot\share\interpreter\linkResolver.cpp, line 773]
Event: 1.567 Thread 0x000002486e9da400 Exception <a 'java/lang/IncompatibleClassChangeError'{0x00000000d65e1988}: Found class java.lang.Object, but interface was expected> (0x00000000d65e1988) 
thrown [s\src\hotspot\share\interpreter\linkResolver.cpp, line 840]
Event: 1.567 Thread 0x000002486e9da400 Exception <a 'java/lang/NoSuchMethodError'{0x00000000d65e7f78}: 'void java.lang.invoke.DirectMethodHandle$Holder.invokeStaticInit(java.lang.Object, java.lang.Object)'> (0x00000000d65e7f78) 
thrown [s\src\hotspot\share\interpreter\linkResolver.cpp, line 773]
Event: 1.568 Thread 0x000002486e9da400 Exception <a 'java/lang/NoSuchMethodError'{0x00000000d65f1150}: 'int java.lang.invoke.DirectMethodHandle$Holder.invokeStaticInit(java.lang.Object, java.lang.Object)'> (0x00000000d65f1150) 
thrown [s\src\hotspot\share\interpreter\linkResolver.cpp, line 773]
Event: 1.621 Thread 0x000002486e9da400 Exception <a 'java/lang/NoSuchMethodError'{0x00000000d683d458}: 'java.lang.Object java.lang.invoke.DirectMethodHandle$Holder.newInvokeSpecial(java.lang.Object, int, java.lang.Object)'> (0x00000000d683d458) 
thrown [s\src\hotspot\share\interpreter\linkResolver.cpp, line 773]
Event: 1.661 Thread 0x000002486e9da400 Exception <a 'java/lang/ClassNotFoundException'{0x00000000d6a5f390}: sun/net/www/protocol/plurl/Handler> (0x00000000d6a5f390) 
thrown [s\src\hotspot\share\classfile\systemDictionary.cpp, line 313]
Event: 1.661 Thread 0x000002486e9da400 Exception <a 'java/lang/ClassNotFoundException'{0x00000000d6a60210}: sun/net/www/protocol/plurl/Handler> (0x00000000d6a60210) 
thrown [s\src\hotspot\share\classfile\systemDictionary.cpp, line 313]
Event: 11.506 Thread 0x000002486e9da400 Exception <a 'java/lang/UnsatisfiedLinkError'{0x00000000d55e6100}: 'void org.eclipse.equinox.launcher.JNIBridge._update_splash()'> (0x00000000d55e6100) 
thrown [s\src\hotspot\share\prims\nativeLookup.cpp, line 415]
Event: 11.561 Thread 0x0000024879cca220 Exception <a 'java/lang/NoSuchMethodError'{0x00000000d5869538}: 'void java.lang.invoke.DirectMethodHandle$Holder.invokeInterface(java.lang.Object, java.lang.Object, java.lang.Object)'> (0x00000000d5869538) 
thrown [s\src\hotspot\share\interpreter\linkResolver.cpp, line 773]
Event: 11.705 Thread 0x0000024879fc3120 Exception <a 'java/lang/NoSuchMethodError'{0x00000000d5c2ddb0}: 'java.lang.Object java.lang.invoke.DirectMethodHandle$Holder.newInvokeSpecial(java.lang.Object, java.lang.Object, int, java.lang.Object)'> (0x00000000d5c2ddb0) 
thrown [s\src\hotspot\share\interpreter\linkResolver.cpp, line 773]
Event: 11.705 Thread 0x0000024879fc3120 Exception <a 'java/lang/NoSuchMethodError'{0x00000000d5c31be0}: 'java.lang.Object java.lang.invoke.DirectMethodHandle$Holder.invokeSpecial(java.lang.Object, java.lang.Object, java.lang.Object, int, java.lang.Object)'> (0x00000000d5c31be0) 
thrown [s\src\hotspot\share\interpreter\linkResolver.cpp, line 773]
Event: 11.724 Thread 0x0000024879fc3120 Exception <a 'java/lang/NoClassDefFoundError'{0x00000000d5cd7ed0}: jakarta/servlet/ServletContainerInitializer> (0x00000000d5cd7ed0) 
thrown [s\src\hotspot\share\classfile\systemDictionary.cpp, line 302]
Event: 11.752 Thread 0x0000024879fc3120 Exception <a 'java/lang/ClassNotFoundException'{0x00000000d5e3e510}: sun/util/logging/resources/spi/loggingProvider> (0x00000000d5e3e510) 
thrown [s\src\hotspot\share\classfile\systemDictionary.cpp, line 313]

ZGC Phase Switch (0 events):
No events

VM Operations (20 events):
Event: 1.657 Executing non-safepoint VM operation: HandshakeAllThreads (Deoptimize)
Event: 1.657 Executing non-safepoint VM operation: HandshakeAllThreads (Deoptimize) done
Event: 2.669 Executing safepoint VM operation: Cleanup
Event: 2.669 Executing safepoint VM operation: Cleanup done
Event: 9.750 Executing safepoint VM operation: ParallelGCFailedAllocation (Allocation Failure)
Event: 9.757 Executing safepoint VM operation: ParallelGCFailedAllocation (Allocation Failure) done
Event: 11.739 Executing non-safepoint VM operation: HandshakeAllThreads (Deoptimize)
Event: 11.739 Executing non-safepoint VM operation: HandshakeAllThreads (Deoptimize) done
Event: 11.739 Executing safepoint VM operation: Cleanup
Event: 11.739 Executing safepoint VM operation: Cleanup done
Event: 11.763 Executing non-safepoint VM operation: HandshakeAllThreads (Deoptimize)
Event: 11.763 Executing non-safepoint VM operation: HandshakeAllThreads (Deoptimize) done
Event: 11.778 Executing non-safepoint VM operation: HandshakeAllThreads (Deoptimize)
Event: 11.778 Executing non-safepoint VM operation: HandshakeAllThreads (Deoptimize) done
Event: 11.787 Executing non-safepoint VM operation: HandshakeAllThreads (Deoptimize)
Event: 11.787 Executing non-safepoint VM operation: HandshakeAllThreads (Deoptimize) done
Event: 12.796 Executing safepoint VM operation: Cleanup
Event: 12.797 Executing safepoint VM operation: Cleanup done
Event: 16.838 Executing safepoint VM operation: Cleanup
Event: 16.838 Executing safepoint VM operation: Cleanup done

Memory protections (0 events):
No events

Nmethod flushes (0 events):
No events

Events (17 events):
Event: 0.029 Thread 0x000002486e9da400 Thread added: 0x000002486e9da400
Event: 0.047 Thread 0x000002486e9da400 Thread added: 0x00000248788a97a0
Event: 0.047 Thread 0x000002486e9da400 Thread added: 0x00000248788ab280
Event: 0.048 Thread 0x000002486e9da400 Thread added: 0x00000248788ad530
Event: 0.048 Thread 0x000002486e9da400 Thread added: 0x00000248788ae340
Event: 0.048 Thread 0x000002486e9da400 Thread added: 0x00000248788b0990
Event: 0.048 Thread 0x000002486e9da400 Thread added: 0x00000248788b65c0
Event: 0.048 Thread 0x000002486e9da400 Thread added: 0x00000248788b7d70
Event: 0.048 Thread 0x000002486e9da400 Thread added: 0x00000248788bcfd0
Event: 0.109 Thread 0x000002486e9da400 Thread added: 0x0000024879e04d90
Event: 0.387 Thread 0x000002486e9da400 Thread added: 0x0000024879e3cde0
Event: 1.577 Thread 0x000002486e9da400 Thread added: 0x000002487f1310f0
Event: 11.505 Thread 0x000002486e9da400 Thread added: 0x0000024879cca220
Event: 11.566 Thread 0x0000024879cca220 Thread added: 0x0000024879fbfbe0
Event: 11.616 Thread 0x000002486e9da400 Thread added: 0x0000024879fc3120
Event: 11.794 Thread 0x00000248788bcfd0 Thread added: 0x00000248788ba6f0
Event: 11.945 Thread 0x00000248788ba6f0 Thread exited: 0x00000248788ba6f0


Dynamic libraries:
0x00007ff6661d0000 - 0x00007ff6661de000 	c:\Users\PAULO ROBERTO\.vscode\extensions\redhat.java-1.55.0-win32-x64\jre\21.0.11-win32-x86_64\bin\java.exe
0x00007ffc61720000 - 0x00007ffc61986000 	C:\WINDOWS\SYSTEM32\ntdll.dll
0x00007ffc602c0000 - 0x00007ffc60389000 	C:\WINDOWS\System32\KERNEL32.DLL
0x00007ffc5e960000 - 0x00007ffc5ed5f000 	C:\WINDOWS\System32\KERNELBASE.dll
0x00007ffc5ef90000 - 0x00007ffc5f0dc000 	C:\WINDOWS\System32\ucrtbase.dll
0x00007ffc42f90000 - 0x00007ffc42fa8000 	c:\Users\PAULO ROBERTO\.vscode\extensions\redhat.java-1.55.0-win32-x64\jre\21.0.11-win32-x86_64\bin\jli.dll
0x00007ffc42fb0000 - 0x00007ffc42fce000 	c:\Users\PAULO ROBERTO\.vscode\extensions\redhat.java-1.55.0-win32-x64\jre\21.0.11-win32-x86_64\bin\VCRUNTIME140.dll
0x00007ffc5ffb0000 - 0x00007ffc60176000 	C:\WINDOWS\System32\USER32.dll
0x00007ffc5e930000 - 0x00007ffc5e957000 	C:\WINDOWS\System32\win32u.dll
0x00007ffc367a0000 - 0x00007ffc36a31000 	C:\WINDOWS\WinSxS\amd64_microsoft.windows.common-controls_6595b64144ccf1df_6.0.26100.8972_none_3e0da176e32f9d4b\COMCTL32.dll
0x00007ffc60390000 - 0x00007ffc603bb000 	C:\WINDOWS\System32\GDI32.dll
0x00007ffc60180000 - 0x00007ffc60229000 	C:\WINDOWS\System32\msvcrt.dll
0x00007ffc5f320000 - 0x00007ffc5f449000 	C:\WINDOWS\System32\gdi32full.dll
0x00007ffc5f1b0000 - 0x00007ffc5f253000 	C:\WINDOWS\System32\msvcp_win.dll
0x00007ffc5ff70000 - 0x00007ffc5ffa2000 	C:\WINDOWS\System32\IMM32.DLL
0x00007ffc58490000 - 0x00007ffc5849c000 	c:\Users\PAULO ROBERTO\.vscode\extensions\redhat.java-1.55.0-win32-x64\jre\21.0.11-win32-x86_64\bin\vcruntime140_1.dll
0x00007ffbfcb30000 - 0x00007ffbfcbbd000 	c:\Users\PAULO ROBERTO\.vscode\extensions\redhat.java-1.55.0-win32-x64\jre\21.0.11-win32-x86_64\bin\msvcp140.dll
0x00007ffb835b0000 - 0x00007ffb84352000 	c:\Users\PAULO ROBERTO\.vscode\extensions\redhat.java-1.55.0-win32-x64\jre\21.0.11-win32-x86_64\bin\server\jvm.dll
0x00007ffc60cd0000 - 0x00007ffc60d8c000 	C:\WINDOWS\System32\ADVAPI32.dll
0x00007ffc5f9a0000 - 0x00007ffc5fa4a000 	C:\WINDOWS\System32\sechost.dll
0x00007ffc5f6e0000 - 0x00007ffc5f7f8000 	C:\WINDOWS\System32\RPCRT4.dll
0x00007ffc5faa0000 - 0x00007ffc5fb22000 	C:\WINDOWS\System32\WS2_32.dll
0x00007ffc4c850000 - 0x00007ffc4c85b000 	C:\WINDOWS\SYSTEM32\VERSION.dll
0x00007ffc5d440000 - 0x00007ffc5d49e000 	C:\WINDOWS\SYSTEM32\POWRPROF.dll
0x00007ffc498c0000 - 0x00007ffc498f6000 	C:\WINDOWS\SYSTEM32\WINMM.dll
0x00007ffc5d420000 - 0x00007ffc5d435000 	C:\WINDOWS\SYSTEM32\UMPDC.dll
0x00007ffc5d660000 - 0x00007ffc5d67b000 	C:\WINDOWS\SYSTEM32\kernel.appcore.dll
0x00007ffc53ab0000 - 0x00007ffc53aba000 	c:\Users\PAULO ROBERTO\.vscode\extensions\redhat.java-1.55.0-win32-x64\jre\21.0.11-win32-x86_64\bin\jimage.dll
0x00007ffc5bb30000 - 0x00007ffc5bd72000 	C:\WINDOWS\SYSTEM32\DBGHELP.DLL
0x00007ffc60450000 - 0x00007ffc607d5000 	C:\WINDOWS\System32\combase.dll
0x00007ffc5fc30000 - 0x00007ffc5fd09000 	C:\WINDOWS\System32\OLEAUT32.dll
0x00007ffc2e950000 - 0x00007ffc2e98b000 	C:\WINDOWS\SYSTEM32\dbgcore.DLL
0x00007ffc5f260000 - 0x00007ffc5f30c000 	C:\WINDOWS\System32\bcryptPrimitives.dll
0x00007ffc535b0000 - 0x00007ffc535bf000 	c:\Users\PAULO ROBERTO\.vscode\extensions\redhat.java-1.55.0-win32-x64\jre\21.0.11-win32-x86_64\bin\instrument.dll
0x00007ffc42c10000 - 0x00007ffc42c30000 	c:\Users\PAULO ROBERTO\.vscode\extensions\redhat.java-1.55.0-win32-x64\jre\21.0.11-win32-x86_64\bin\java.dll
0x00007ffc60ed0000 - 0x00007ffc61658000 	C:\WINDOWS\System32\SHELL32.dll
0x00007ffc5c3e0000 - 0x00007ffc5cc7b000 	C:\WINDOWS\SYSTEM32\windows.storage.dll
0x00007ffc5fb30000 - 0x00007ffc5fc29000 	C:\WINDOWS\System32\SHCORE.dll
0x00007ffc60da0000 - 0x00007ffc60e06000 	C:\WINDOWS\System32\shlwapi.dll
0x00007ffc5e850000 - 0x00007ffc5e879000 	C:\WINDOWS\SYSTEM32\profapi.dll
0x00007ffc429c0000 - 0x00007ffc429d8000 	c:\Users\PAULO ROBERTO\.vscode\extensions\redhat.java-1.55.0-win32-x64\jre\21.0.11-win32-x86_64\bin\zip.dll
0x00007ffc536e0000 - 0x00007ffc536f0000 	C:\Users\PAULO ROBERTO\.vscode\extensions\redhat.java-1.55.0-win32-x64\jre\21.0.11-win32-x86_64\bin\net.dll
0x00007ffc53b60000 - 0x00007ffc53c88000 	C:\WINDOWS\SYSTEM32\WINHTTP.dll
0x00007ffc5dc90000 - 0x00007ffc5dcfc000 	C:\WINDOWS\system32\mswsock.dll
0x00007ffc30710000 - 0x00007ffc30726000 	C:\Users\PAULO ROBERTO\.vscode\extensions\redhat.java-1.55.0-win32-x64\jre\21.0.11-win32-x86_64\bin\nio.dll
0x00007ffc53120000 - 0x00007ffc53130000 	c:\Users\PAULO ROBERTO\.vscode\extensions\redhat.java-1.55.0-win32-x64\jre\21.0.11-win32-x86_64\bin\verify.dll
0x00007ffc23200000 - 0x00007ffc23245000 	C:\Users\PAULO ROBERTO\AppData\Roaming\Code\User\globalStorage\redhat.java\1.55.0\config_win\org.eclipse.equinox.launcher\org.eclipse.equinox.launcher.win32.win32.x86_64_1.3.100.v20260613-0559\eclipse_11924.dll
0x00007ffc5f800000 - 0x00007ffc5f999000 	C:\WINDOWS\System32\ole32.dll

JVMTI agents:
c:\Users\PAULO ROBERTO\.vscode\extensions\redhat.java-1.55.0-win32-x64\lombok\lombok-1.18.39-4050.jar path:c:\Users\PAULO ROBERTO\.vscode\extensions\redhat.java-1.55.0-win32-x64\jre\21.0.11-win32-x86_64\bin\instrument.dll, loaded, initialized, instrumentlib options:none

dbghelp: loaded successfully - version: 4.0.5 - missing functions: none
symbol engine: initialized successfully - sym options: 0x614 - pdb path: .;c:\Users\PAULO ROBERTO\.vscode\extensions\redhat.java-1.55.0-win32-x64\jre\21.0.11-win32-x86_64\bin;C:\WINDOWS\SYSTEM32;C:\WINDOWS\WinSxS\amd64_microsoft.windows.common-controls_6595b64144ccf1df_6.0.26100.8972_none_3e0da176e32f9d4b;c:\Users\PAULO ROBERTO\.vscode\extensions\redhat.java-1.55.0-win32-x64\jre\21.0.11-win32-x86_64\bin\server;C:\Users\PAULO ROBERTO\AppData\Roaming\Code\User\globalStorage\redhat.java\1.55.0\config_win\org.eclipse.equinox.launcher\org.eclipse.equinox.launcher.win32.win32.x86_64_1.3.100.v20260613-0559

VM Arguments:
jvm_args: --add-modules=ALL-SYSTEM --add-opens=java.base/java.util=ALL-UNNAMED --add-opens=java.base/java.lang=ALL-UNNAMED --add-opens=java.base/sun.nio.fs=ALL-UNNAMED -Declipse.application=org.eclipse.jdt.ls.core.id1 -Dosgi.bundles.defaultStartLevel=4 -Declipse.product=org.eclipse.jdt.ls.core.product -Djava.import.generatesMetadataFilesAtProjectRoot=false -DDetectVMInstallationsJob.disabled=true -Dfile.encoding=utf8 -XX:+UseParallelGC -XX:GCTimeRatio=4 -XX:AdaptiveSizePolicyWeight=90 -Dsun.zip.disableMemoryMapping=true -Xmx2G -Xms100m -Xlog:disable -javaagent:c:\Users\PAULO ROBERTO\.vscode\extensions\redhat.java-1.55.0-win32-x64\lombok\lombok-1.18.39-4050.jar -XX:+HeapDumpOnOutOfMemoryError -XX:HeapDumpPath=c:\Users\PAULO ROBERTO\AppData\Roaming\Code\User\workspaceStorage\af78278a2264e0da21869ec41e085d06\redhat.java -Daether.dependencyCollector.impl=bf 
java_command: c:\Users\PAULO ROBERTO\.vscode\extensions\redhat.java-1.55.0-win32-x64\server\plugins\org.eclipse.equinox.launcher_1.7.200.v20260619-2039.jar -configuration c:\Users\PAULO ROBERTO\AppData\Roaming\Code\User\globalStorage\redhat.java\1.55.0\config_win -data c:\Users\PAULO ROBERTO\AppData\Roaming\Code\User\workspaceStorage\af78278a2264e0da21869ec41e085d06\redhat.java\jdt_ws --pipe=\\.\pipe\lsp-200d718d3d360a1f56fb930b481d8bd7-sock
java_class_path (initial): c:\Users\PAULO ROBERTO\.vscode\extensions\redhat.java-1.55.0-win32-x64\server\plugins\org.eclipse.equinox.launcher_1.7.200.v20260619-2039.jar
Launcher Type: SUN_STANDARD

[Global flags]
    uintx AdaptiveSizePolicyWeight                 = 90                                        {product} {command line}
     intx CICompilerCount                          = 4                                         {product} {ergonomic}
    uintx GCTimeRatio                              = 4                                         {product} {command line}
     bool HeapDumpOnOutOfMemoryError               = true                                   {manageable} {command line}
    ccstr HeapDumpPath                             = c:\Users\PAULO ROBERTO\AppData\Roaming\Code\User\workspaceStorage\af78278a2264e0da21869ec41e085d06\redhat.java         {manageable} {command line}
   size_t InitialHeapSize                          = 104857600                                 {product} {command line}
   size_t MaxHeapSize                              = 2147483648                                {product} {command line}
   size_t MaxNewSize                               = 715653120                                 {product} {ergonomic}
   size_t MinHeapDeltaBytes                        = 524288                                    {product} {ergonomic}
   size_t MinHeapSize                              = 104857600                                 {product} {command line}
   size_t NewSize                                  = 34603008                                  {product} {ergonomic}
    uintx NonNMethodCodeHeapSize                   = 5839372                                {pd product} {ergonomic}
    uintx NonProfiledCodeHeapSize                  = 122909434                              {pd product} {ergonomic}
   size_t OldSize                                  = 70254592                                  {product} {ergonomic}
    uintx ProfiledCodeHeapSize                     = 122909434                              {pd product} {ergonomic}
    uintx ReservedCodeCacheSize                    = 251658240                              {pd product} {ergonomic}
     bool SegmentedCodeCache                       = true                                      {product} {ergonomic}
   size_t SoftMaxHeapSize                          = 2147483648                             {manageable} {ergonomic}
     bool UseCompressedOops                        = true                           {product lp64_product} {ergonomic}
     bool UseLargePagesIndividualAllocation        = false                                  {pd product} {ergonomic}
     bool UseParallelGC                            = true                                      {product} {command line}

Logging:
Log output configuration:
 #0: stdout all=off uptime,level,tags foldmultilines=false
 #1: stderr all=off uptime,level,tags foldmultilines=false

Release file:
JAVA_VERSION="21.0.11" 
MODULES="java.base java.compiler java.datatransfer java.xml java.prefs java.desktop java.instrument java.logging java.management java.security.sasl java.naming java.rmi java.management.rmi java.net.http java.scripting java.security.jgss java.transaction.xa java.sql java.sql.rowset java.xml.crypto java.se java.smartcardio jdk.accessibility jdk.internal.jvmstat jdk.attach jdk.charsets jdk.internal.opt jdk.zipfs jdk.compiler jdk.crypto.ec jdk.crypto.cryptoki jdk.crypto.mscapi jdk.dynalink jdk.internal.ed jdk.editpad jdk.hotspot.agent jdk.httpserver jdk.internal.le jdk.internal.vm.ci jdk.internal.vm.compiler jdk.internal.vm.compiler.management jdk.jartool jdk.javadoc jdk.jcmd jdk.management jdk.management.agent jdk.jconsole jdk.jdeps jdk.jdwp.agent jdk.jdi jdk.jfr jdk.jshell jdk.jsobject jdk.jstatd jdk.localedata jdk.management.jfr jdk.naming.dns jdk.naming.rmi jdk.net jdk.nio.mapmode jdk.random jdk.sctp jdk.security.auth jdk.security.jgss jdk.unsupported jdk.unsupported.desktop jdk.xml.dom" 

Environment Variables:
JAVA_HOME=C:\Program Files\Java\jdk-21
PATH=C:\Program Files\Common Files\Oracle\Java\javapath;C:\WINDOWS\system32;C:\WINDOWS;C:\WINDOWS\System32\Wbem;C:\WINDOWS\System32\WindowsPowerShell\v1.0\;C:\WINDOWS\System32\OpenSSH\;C:\Program Files\dotnet\;C:\Program Files\NVIDIA Corporation\NVIDIA App\NvDLISR;C:\Program Files (x86)\NVIDIA Corporation\PhysX\Common;C:\Program Files\GitHub CLI\;C:\Program Files\nodejs\;C:\Program Files\Git\cmd;C:\Users\PAULO ROBERTO\.local\bin;C:\Users\PAULO ROBERTO\AppData\Local\Microsoft\WindowsApps;C:\Users\PAULO ROBERTO\AppData\Roaming\npm;C:\Users\PAULO ROBERTO\AppData\Local\Programs\Microsoft VS Code\bin;C:\Users\PAULO ROBERTO\.bun\bin;C:\Users\PAULO ROBERTO\AppData\Local\Microsoft\WinGet\Packages\jqlang.jq_Microsoft.Winget.Source_8wekyb3d8bbwe;C:\Users\PAULO ROBERTO\.lmstudio\bin
USERNAME=PAULO ROBERTO
OS=Windows_NT
PROCESSOR_IDENTIFIER=Intel64 Family 6 Model 186 Stepping 2, GenuineIntel
TMP=C:\Users\PAULOR~1\AppData\Local\Temp
TEMP=C:\Users\PAULOR~1\AppData\Local\Temp




Periodic native trim disabled

---------------  S Y S T E M  ---------------

OS:
 Windows 11 , 64 bit Build 26100 (10.0.26100.9168)
OS uptime: 4 days 7:41 hours
Hyper-V role detected

CPU: total 12 (initial active 12) (6 cores per cpu, 2 threads per core) family 6 model 186 stepping 2 microcode 0x5103, cx8, cmov, fxsr, ht, mmx, 3dnowpref, sse, sse2, sse3, ssse3, sse4.1, sse4.2, popcnt, lzcnt, tsc, tscinvbit, avx, avx2, aes, erms, clmul, bmi1, bmi2, adx, sha, fma, vzeroupper, clflush, clflushopt, clwb, hv, serialize, rdtscp, rdpid, fsrm, f16c, cet_ibt, cet_ss
Processor Information for the first 12 processors :
  Max Mhz: 2100, Current Mhz: 2100, Mhz Limit: 2100

Memory: 4k page, system-wide physical 16087M (396M free)
TotalPageFile size 32471M (AvailPageFile size 1M)
current process WorkingSet (physical memory assigned to process): 99M, peak: 99M
current process commit charge ("private bytes"): 249M, peak: 249M

vm_info: OpenJDK 64-Bit Server VM (21.0.11+10-LTS) for windows-amd64 JRE (21.0.11+10-LTS), built on 2026-04-21T00:00:00Z by "admin" with MS VC++ 17.12 (VS2022)

END.
