#
# There is insufficient memory for the Java Runtime Environment to continue.
# Native memory allocation (mmap) failed to map 1048576 bytes. Error detail: G1 virtual space
# Possible reasons:
#   The system is out of physical RAM or swap space
#   This process is running with CompressedOops enabled, and the Java Heap may be blocking the growth of the native heap
# Possible solutions:
#   Reduce memory load on the system
#   Increase physical memory or swap space
#   Check if swap backing store is full
#   Decrease Java heap size (-Xmx/-Xms)
#   Decrease number of Java threads
#   Decrease Java thread stack sizes (-Xss)
#   Set larger code cache with -XX:ReservedCodeCacheSize=
#   JVM is running with Zero Based Compressed Oops mode in which the Java heap is
#     placed in the first 32GB address space. The Java Heap base address is the
#     maximum limit for the native heap growth. Please use -XX:HeapBaseMinAddress
#     to set the Java Heap base and to place the Java Heap above 32GB virtual address.
# This output file may be truncated or incomplete.
#
#  Out of Memory Error (os_windows.cpp:3714), pid=64592, tid=80940
#
# JRE version: OpenJDK Runtime Environment Temurin-21.0.11+10 (21.0.11+10) (build 21.0.11+10-LTS)
# Java VM: OpenJDK 64-Bit Server VM Temurin-21.0.11+10 (21.0.11+10-LTS, mixed mode, emulated-client, tiered, compressed oops, compressed class ptrs, g1 gc, windows-amd64)
# No core dump will be written. Minidumps are not enabled by default on client versions of Windows
#

---------------  S U M M A R Y ------------

Command Line: --add-opens=java.base/java.lang=ALL-UNNAMED --add-opens=java.base/java.lang.invoke=ALL-UNNAMED --add-opens=java.base/java.util=ALL-UNNAMED --add-opens=java.prefs/java.util.prefs=ALL-UNNAMED --add-exports=jdk.compiler/com.sun.tools.javac.api=ALL-UNNAMED --add-exports=jdk.compiler/com.sun.tools.javac.util=ALL-UNNAMED --add-opens=java.base/java.util=ALL-UNNAMED --add-opens=java.prefs/java.util.prefs=ALL-UNNAMED --add-opens=java.base/java.nio.charset=ALL-UNNAMED --add-opens=java.base/java.net=ALL-UNNAMED --add-opens=java.base/java.util.concurrent.atomic=ALL-UNNAMED --add-opens=java.xml/javax.xml.namespace=ALL-UNNAMED -Xshare:off -XX:TieredStopAtLevel=1 -Xss512k -XX:MaxMetaspaceSize=160m -XX:HeapBaseMinAddress=0x200000000 -Xms96m -Xmx640m -Dfile.encoding=UTF-8 -Duser.country=BR -Duser.language=pt -Duser.variant -javaagent:C:\Users\PAULO ROBERTO\.gradle\wrapper\dists\gradle-8.11.1-all\2qik7nd48slq1ooc2496ixf4i\gradle-8.11.1\lib\agents\gradle-instrumentation-agent-8.11.1.jar org.gradle.launcher.daemon.bootstrap.GradleDaemon 8.11.1

Host: 13th Gen Intel(R) Core(TM) i5-13420H, 12 cores, 15G,  Windows 11 , 64 bit Build 26100 (10.0.26100.9168)
Time: Thu Aug 27 15:41:49 2026 Hora Padrão de Bogotá elapsed time: 18.759219 seconds (0d 0h 0m 18s)

---------------  T H R E A D  ---------------

Current thread (0x000001d7ff78c760):  WorkerThread "GC Thread#1"    [id=80940, stack(0x00000019a9880000,0x00000019a9980000) (1024K)]

Stack: [0x00000019a9880000,0x00000019a9980000]
Native frames: (J=compiled Java code, j=interpreted, Vv=VM code, C=native code)
V  [jvm.dll+0x6d7e19]
V  [jvm.dll+0x8b5096]
V  [jvm.dll+0x8b764e]
V  [jvm.dll+0x8b7d33]
V  [jvm.dll+0x284596]
V  [jvm.dll+0x6d4735]
V  [jvm.dll+0x6c845a]
V  [jvm.dll+0x35ef08]
V  [jvm.dll+0x366b46]
V  [jvm.dll+0x3b792f]
V  [jvm.dll+0x3b7fc4]
V  [jvm.dll+0x3b808f]
V  [jvm.dll+0x33469c]
V  [jvm.dll+0x3343f5]
V  [jvm.dll+0x323106]
V  [jvm.dll+0x323f1a]
V  [jvm.dll+0x324385]
V  [jvm.dll+0x323d7d]
V  [jvm.dll+0x360d46]
V  [jvm.dll+0x3610ba]
V  [jvm.dll+0x3621a3]
V  [jvm.dll+0x361e1b]
V  [jvm.dll+0x375f59]
V  [jvm.dll+0x37660a]
V  [jvm.dll+0x3766f7]
V  [jvm.dll+0x3775ab]
V  [jvm.dll+0x8e30b1]
V  [jvm.dll+0x85fb0d]
V  [jvm.dll+0x6d664d]
C  [ucrtbase.dll+0x2cd30]
C  [KERNEL32.DLL+0x2ccb7]
C  [ntdll.dll+0xaad6c]


---------------  P R O C E S S  ---------------

Threads class SMR info:
_java_thread_list=0x000001d78abc3df0, length=41, elements={
0x000001d7f7f39f50, 0x000001d7ff222090, 0x000001d7ff223660, 0x000001d7ff239ad0,
0x000001d7ff248500, 0x000001d7ff23d310, 0x000001d7ff23ea90, 0x000001d7ff252ee0,
0x000001d7ff128570, 0x000001d7ff467bc0, 0x000001d7ff511ae0, 0x000001d789cbbc40,
0x000001d789df3d80, 0x000001d789e1e050, 0x000001d789e72090, 0x000001d789e72f20,
0x000001d789e8e040, 0x000001d789e8f660, 0x000001d789ed3fb0, 0x000001d789edc5e0,
0x000001d789eded40, 0x000001d789edf3d0, 0x000001d789ede020, 0x000001d789edbf50,
0x000001d789ede6b0, 0x000001d789edd990, 0x000001d78a975c60, 0x000001d78a972e70,
0x000001d78a9727e0, 0x000001d78a974f40, 0x000001d78a9762f0, 0x000001d78a973b90,
0x000001d78a974220, 0x000001d78a973500, 0x000001d78a977010, 0x000001d78b22eb00,
0x000001d78b22f1b0, 0x000001d78a977d30, 0x000001d78a9748b0, 0x000001d78a9783c0,
0x000001d78a979770
}

Java Threads: ( => current thread )
  0x000001d7f7f39f50 JavaThread "main"                              [_thread_blocked, id=88800, stack(0x00000019a8900000,0x00000019a8980000) (512K)]
  0x000001d7ff222090 JavaThread "Reference Handler"          daemon [_thread_blocked, id=45400, stack(0x00000019a9080000,0x00000019a9100000) (512K)]
  0x000001d7ff223660 JavaThread "Finalizer"                  daemon [_thread_blocked, id=81184, stack(0x00000019a9100000,0x00000019a9180000) (512K)]
  0x000001d7ff239ad0 JavaThread "Signal Dispatcher"          daemon [_thread_blocked, id=59300, stack(0x00000019a9180000,0x00000019a9200000) (512K)]
  0x000001d7ff248500 JavaThread "Attach Listener"            daemon [_thread_blocked, id=84456, stack(0x00000019a9200000,0x00000019a9280000) (512K)]
  0x000001d7ff23d310 JavaThread "Service Thread"             daemon [_thread_blocked, id=89872, stack(0x00000019a9280000,0x00000019a9300000) (512K)]
  0x000001d7ff23ea90 JavaThread "Monitor Deflation Thread"   daemon [_thread_blocked, id=53596, stack(0x00000019a9300000,0x00000019a9380000) (512K)]
  0x000001d7ff252ee0 JavaThread "C1 CompilerThread0"         daemon [_thread_blocked, id=83680, stack(0x00000019a9380000,0x00000019a9480000) (1024K)]
  0x000001d7ff128570 JavaThread "C1 CompilerThread1"         daemon [_thread_blocked, id=65712, stack(0x00000019a9480000,0x00000019a9580000) (1024K)]
  0x000001d7ff467bc0 JavaThread "Common-Cleaner"             daemon [_thread_blocked, id=67604, stack(0x00000019a9780000,0x00000019a9800000) (512K)]
  0x000001d7ff511ae0 JavaThread "Notification Thread"        daemon [_thread_blocked, id=86640, stack(0x00000019a9800000,0x00000019a9880000) (512K)]
  0x000001d789cbbc40 JavaThread "Daemon health stats"               [_thread_blocked, id=77552, stack(0x00000019a9680000,0x00000019a9700000) (512K)]
  0x000001d789df3d80 JavaThread "Incoming local TCP Connector on port 59247"        [_thread_in_native, id=82812, stack(0x00000019a9700000,0x00000019a9780000) (512K)]
  0x000001d789e1e050 JavaThread "Daemon periodic checks"            [_thread_blocked, id=37072, stack(0x00000019a9d80000,0x00000019a9e00000) (512K)]
  0x000001d789e72090 JavaThread "Daemon"                            [_thread_blocked, id=17660, stack(0x00000019a9e00000,0x00000019a9e80000) (512K)]
  0x000001d789e72f20 JavaThread "Handler for socket connection from /127.0.0.1:59247 to /127.0.0.1:59250"        [_thread_in_native, id=88868, stack(0x00000019a9e80000,0x00000019a9f00000) (512K)]
  0x000001d789e8e040 JavaThread "Cancel handler"                    [_thread_blocked, id=86380, stack(0x00000019a9f00000,0x00000019a9f80000) (512K)]
  0x000001d789e8f660 JavaThread "Daemon worker"                     [_thread_blocked, id=18572, stack(0x00000019a9f80000,0x00000019aa000000) (512K)]
  0x000001d789ed3fb0 JavaThread "Asynchronous log dispatcher for DefaultDaemonConnection: socket connection from /127.0.0.1:59247 to /127.0.0.1:59250"        [_thread_blocked, id=63720, stack(0x00000019aa000000,0x00000019aa080000) (512K)]
  0x000001d789edc5e0 JavaThread "Stdin handler"                     [_thread_blocked, id=89596, stack(0x00000019aa080000,0x00000019aa100000) (512K)]
  0x000001d789eded40 JavaThread "Daemon client event forwarder"        [_thread_blocked, id=35244, stack(0x00000019aa100000,0x00000019aa180000) (512K)]
  0x000001d789edf3d0 JavaThread "Cache worker for journal cache (C:\Users\PAULO ROBERTO\.gradle\caches\journal-1)"        [_thread_blocked, id=75316, stack(0x00000019aa880000,0x00000019aa900000) (512K)]
  0x000001d789ede020 JavaThread "File lock request listener"        [_thread_in_native, id=88884, stack(0x00000019aa900000,0x00000019aa980000) (512K)]
  0x000001d789edbf50 JavaThread "Cache worker for file hash cache (C:\Users\PAULO ROBERTO\.gradle\caches\8.11.1\fileHashes)"        [_thread_blocked, id=89464, stack(0x00000019aa980000,0x00000019aaa00000) (512K)]
  0x000001d789ede6b0 JavaThread "File lock release action executor"        [_thread_blocked, id=18476, stack(0x00000019a9580000,0x00000019a9600000) (512K)]
  0x000001d789edd990 JavaThread "Cache worker for file content cache (C:\Users\PAULO ROBERTO\.gradle\caches\8.11.1\fileContent)"        [_thread_blocked, id=89500, stack(0x00000019a9600000,0x00000019a9680000) (512K)]
  0x000001d78a975c60 JavaThread "Cache worker for file hash cache (C:\Downloads\relatorio-2026\android\.gradle\8.11.1\fileHashes)"        [_thread_blocked, id=82884, stack(0x00000019aab00000,0x00000019aab80000) (512K)]
  0x000001d78a972e70 JavaThread "Cache worker for Build Output Cleanup Cache (C:\Downloads\relatorio-2026\android\.gradle\buildOutputCleanup)"        [_thread_blocked, id=55212, stack(0x00000019aab80000,0x00000019aac00000) (512K)]
  0x000001d78a9727e0 JavaThread "File watcher server"        daemon [_thread_in_native, id=57480, stack(0x00000019aac00000,0x00000019aac80000) (512K)]
  0x000001d78a974f40 JavaThread "File watcher consumer"      daemon [_thread_blocked, id=85332, stack(0x00000019aac80000,0x00000019aad00000) (512K)]
  0x000001d78a9762f0 JavaThread "Cache worker for checksums cache (C:\Downloads\relatorio-2026\android\.gradle\8.11.1\checksums)"        [_thread_blocked, id=84632, stack(0x00000019aad00000,0x00000019aad80000) (512K)]
  0x000001d78a973b90 JavaThread "Cache worker for cache directory md-rule (C:\Users\PAULO ROBERTO\.gradle\caches\8.11.1\md-rule)"        [_thread_blocked, id=73476, stack(0x00000019aad80000,0x00000019aae00000) (512K)]
  0x000001d78a974220 JavaThread "Cache worker for cache directory md-supplier (C:\Users\PAULO ROBERTO\.gradle\caches\8.11.1\md-supplier)"        [_thread_blocked, id=5000, stack(0x00000019aae00000,0x00000019aae80000) (512K)]
  0x000001d78a973500 JavaThread "jar transforms"                    [_thread_blocked, id=51748, stack(0x00000019a9c80000,0x00000019a9d00000) (512K)]
  0x000001d78a977010 JavaThread "jar transforms Thread 2"           [_thread_blocked, id=48408, stack(0x00000019a9d00000,0x00000019a9d80000) (512K)]
  0x000001d78b22eb00 JavaThread "C1 CompilerThread2"         daemon [_thread_blocked, id=76076, stack(0x00000019aaa00000,0x00000019aab00000) (1024K)]
  0x000001d78b22f1b0 JavaThread "C1 CompilerThread3"         daemon [_thread_blocked, id=63264, stack(0x00000019aae80000,0x00000019aaf80000) (1024K)]
  0x000001d78a977d30 JavaThread "jar transforms Thread 3"           [_thread_blocked, id=70296, stack(0x00000019aaf80000,0x00000019ab000000) (512K)]
  0x000001d78a9748b0 JavaThread "jar transforms Thread 4"           [_thread_blocked, id=88716, stack(0x00000019ab000000,0x00000019ab080000) (512K)]
  0x000001d78a9783c0 JavaThread "jar transforms Thread 5"           [_thread_blocked, id=84800, stack(0x00000019ab080000,0x00000019ab100000) (512K)]
  0x000001d78a979770 JavaThread "jar transforms Thread 6"           [_thread_blocked, id=76760, stack(0x00000019ab100000,0x00000019ab180000) (512K)]
Total: 41

Other Threads:
  0x000001d7ff168050 VMThread "VM Thread"                           [id=77212, stack(0x00000019a8f80000,0x00000019a9080000) (1024K)]
  0x000001d7ff127df0 WatcherThread "VM Periodic Task Thread"        [id=53620, stack(0x00000019a8e80000,0x00000019a8f80000) (1024K)]
  0x000001d7fa3bd290 WorkerThread "GC Thread#0"                     [id=76728, stack(0x00000019a8980000,0x00000019a8a80000) (1024K)]
=>0x000001d7ff78c760 WorkerThread "GC Thread#1"                     [id=80940, stack(0x00000019a9880000,0x00000019a9980000) (1024K)]
  0x000001d7ff79c1e0 WorkerThread "GC Thread#2"                     [id=80736, stack(0x00000019a9980000,0x00000019a9a80000) (1024K)]
  0x000001d789302c90 WorkerThread "GC Thread#3"                     [id=49652, stack(0x00000019a9a80000,0x00000019a9b80000) (1024K)]
  0x000001d789303040 WorkerThread "GC Thread#4"                     [id=89620, stack(0x00000019a9b80000,0x00000019a9c80000) (1024K)]
  0x000001d789fc6000 WorkerThread "GC Thread#5"                     [id=82328, stack(0x00000019aa180000,0x00000019aa280000) (1024K)]
  0x000001d789eec530 WorkerThread "GC Thread#6"                     [id=66064, stack(0x00000019aa280000,0x00000019aa380000) (1024K)]
  0x000001d789eec8e0 WorkerThread "GC Thread#7"                     [id=41980, stack(0x00000019aa380000,0x00000019aa480000) (1024K)]
  0x000001d78a52b3a0 WorkerThread "GC Thread#8"                     [id=62896, stack(0x00000019aa480000,0x00000019aa580000) (1024K)]
  0x000001d78a52b750 WorkerThread "GC Thread#9"                     [id=28148, stack(0x00000019aa580000,0x00000019aa680000) (1024K)]
  0x000001d7fa3c3190 ConcurrentGCThread "G1 Main Marker"            [id=59660, stack(0x00000019a8a80000,0x00000019a8b80000) (1024K)]
  0x000001d7fa3c7d50 WorkerThread "G1 Conc#0"                       [id=65380, stack(0x00000019a8b80000,0x00000019a8c80000) (1024K)]
  0x000001d78a52bb00 WorkerThread "G1 Conc#1"                       [id=69152, stack(0x00000019aa680000,0x00000019aa780000) (1024K)]
  0x000001d78a52c260 WorkerThread "G1 Conc#2"                       [id=88696, stack(0x00000019aa780000,0x00000019aa880000) (1024K)]
  0x000001d7ff000490 ConcurrentGCThread "G1 Refine#0"               [id=82972, stack(0x00000019a8c80000,0x00000019a8d80000) (1024K)]
  0x000001d7fa44a0e0 ConcurrentGCThread "G1 Service"                [id=87760, stack(0x00000019a8d80000,0x00000019a8e80000) (1024K)]
Total: 18

Threads with active compile tasks:
Total: 0

VM state: at safepoint (normal execution)

VM Mutex/Monitor currently owned by a thread:  ([mutex/lock_event])
[0x00007ffb6e90cff0] FreeList_lock - owner thread: 0x000001d7ff78c760
[0x00007ffb6e90f570] Threads_lock - owner thread: 0x000001d7ff168050
[0x00007ffb6e90f670] Heap_lock - owner thread: 0x000001d789e8f660

Heap address: 0x0000000200000000, size: 640 MB, Compressed Oops mode: Zero based, Oop shift amount: 3

CDS archive(s) not mapped
Compressed class space mapped at: 0x0000000228000000-0x0000000230000000, reserved size: 134217728
Narrow klass base: 0x0000000000000000, Narrow klass shift: 3, Narrow klass range: 0x230000000

GC Precious Log:
 CardTable entry size: 512
 Card Set container configuration: InlinePtr #cards 5 size 8 Array Of Cards #cards 12 size 40 Howl #buckets 4 coarsen threshold 1843 Howl Bitmap #cards 512 size 80 coarsen threshold 460 Card regions per heap region 1 cards per card region 2048
 CPUs: 12 total, 12 available
 Memory: 16087M
 Large Page Support: Disabled
 NUMA Support: Disabled
 Compressed Oops: Enabled (Zero based)
 Heap Region Size: 1M
 Heap Min Capacity: 96M
 Heap Initial Capacity: 96M
 Heap Max Capacity: 640M
 Pre-touch: Disabled
 Parallel Workers: 10
 Concurrent Workers: 3
 Concurrent Refinement Workers: 10
 Periodic GC: Disabled

Heap:
 garbage-first heap   total 101376K, used 87512K [0x0000000200000000, 0x0000000228000000)
  region size 1024K, 53 young (54272K), 5 survivors (5120K)
 Metaspace       used 46743K, committed 48128K, reserved 196608K
  class space    used 6744K, committed 7424K, reserved 131072K

Heap Regions: E=young(eden), S=young(survivor), O=old, HS=humongous(starts), HC=humongous(continues), CS=collection set, F=free, TAMS=top-at-mark-start, PB=parsable bottom
|   0|0x0000000200000000, 0x0000000200100000, 0x0000000200100000|100%|HS|  |TAMS 0x0000000200000000| PB 0x0000000200000000| Complete 
|   1|0x0000000200100000, 0x0000000200200000, 0x0000000200200000|100%|HC|  |TAMS 0x0000000200100000| PB 0x0000000200100000| Complete 
|   2|0x0000000200200000, 0x0000000200300000, 0x0000000200300000|100%|HC|  |TAMS 0x0000000200200000| PB 0x0000000200200000| Complete 
|   3|0x0000000200300000, 0x0000000200400000, 0x0000000200400000|100%| O|  |TAMS 0x0000000200300000| PB 0x0000000200300000| Untracked 
|   4|0x0000000200400000, 0x0000000200500000, 0x0000000200500000|100%| O|  |TAMS 0x0000000200400000| PB 0x0000000200400000| Untracked 
|   5|0x0000000200500000, 0x0000000200600000, 0x0000000200600000|100%|HS|  |TAMS 0x0000000200500000| PB 0x0000000200500000| Complete 
|   6|0x0000000200600000, 0x0000000200700000, 0x0000000200700000|100%| O|  |TAMS 0x0000000200600000| PB 0x0000000200600000| Untracked 
|   7|0x0000000200700000, 0x0000000200800000, 0x0000000200800000|100%| O|  |TAMS 0x0000000200700000| PB 0x0000000200700000| Untracked 
|   8|0x0000000200800000, 0x0000000200900000, 0x0000000200900000|100%| O|  |TAMS 0x0000000200800000| PB 0x0000000200800000| Untracked 
|   9|0x0000000200900000, 0x0000000200a00000, 0x0000000200a00000|100%| O|  |TAMS 0x0000000200900000| PB 0x0000000200900000| Untracked 
|  10|0x0000000200a00000, 0x0000000200b00000, 0x0000000200b00000|100%| O|  |TAMS 0x0000000200a00000| PB 0x0000000200a00000| Untracked 
|  11|0x0000000200b00000, 0x0000000200c00000, 0x0000000200c00000|100%| O|  |TAMS 0x0000000200b00000| PB 0x0000000200b00000| Untracked 
|  12|0x0000000200c00000, 0x0000000200d00000, 0x0000000200d00000|100%| O|  |TAMS 0x0000000200c00000| PB 0x0000000200c00000| Untracked 
|  13|0x0000000200d00000, 0x0000000200e00000, 0x0000000200e00000|100%| O|  |TAMS 0x0000000200d00000| PB 0x0000000200d00000| Untracked 
|  14|0x0000000200e00000, 0x0000000200f00000, 0x0000000200f00000|100%| O|  |TAMS 0x0000000200e00000| PB 0x0000000200e00000| Untracked 
|  15|0x0000000200f00000, 0x0000000201000000, 0x0000000201000000|100%| O|  |TAMS 0x0000000200f00000| PB 0x0000000200f00000| Untracked 
|  16|0x0000000201000000, 0x0000000201100000, 0x0000000201100000|100%| O|  |TAMS 0x0000000201000000| PB 0x0000000201000000| Untracked 
|  17|0x0000000201100000, 0x0000000201200000, 0x0000000201200000|100%| O|  |TAMS 0x0000000201100000| PB 0x0000000201100000| Untracked 
|  18|0x0000000201200000, 0x0000000201300000, 0x0000000201300000|100%| O|  |TAMS 0x0000000201200000| PB 0x0000000201200000| Untracked 
|  19|0x0000000201300000, 0x0000000201400000, 0x0000000201400000|100%| O|CS|TAMS 0x0000000201300000| PB 0x0000000201300000| Complete 
|  20|0x0000000201400000, 0x0000000201500000, 0x0000000201500000|100%| O|  |TAMS 0x0000000201400000| PB 0x0000000201400000| Untracked 
|  21|0x0000000201500000, 0x0000000201600000, 0x0000000201600000|100%| O|  |TAMS 0x0000000201500000| PB 0x0000000201500000| Untracked 
|  22|0x0000000201600000, 0x0000000201700000, 0x0000000201700000|100%| O|  |TAMS 0x0000000201600000| PB 0x0000000201600000| Untracked 
|  23|0x0000000201700000, 0x0000000201800000, 0x0000000201800000|100%| O|  |TAMS 0x0000000201700000| PB 0x0000000201700000| Untracked 
|  24|0x0000000201800000, 0x0000000201900000, 0x0000000201900000|100%| O|  |TAMS 0x0000000201800000| PB 0x0000000201800000| Untracked 
|  25|0x0000000201900000, 0x0000000201a00000, 0x0000000201a00000|100%|HS|  |TAMS 0x0000000201900000| PB 0x0000000201900000| Complete 
|  26|0x0000000201a00000, 0x0000000201b00000, 0x0000000201b00000|100%|HS|  |TAMS 0x0000000201a00000| PB 0x0000000201a00000| Complete 
|  27|0x0000000201b00000, 0x0000000201c00000, 0x0000000201c00000|100%|HC|  |TAMS 0x0000000201b00000| PB 0x0000000201b00000| Complete 
|  28|0x0000000201c00000, 0x0000000201d00000, 0x0000000201d00000|100%|HS|  |TAMS 0x0000000201c00000| PB 0x0000000201c00000| Complete 
|  29|0x0000000201d00000, 0x0000000201e00000, 0x0000000201e00000|100%|HC|  |TAMS 0x0000000201d00000| PB 0x0000000201d00000| Complete 
|  30|0x0000000201e00000, 0x0000000201f00000, 0x0000000201f00000|100%| O|  |TAMS 0x0000000201e00000| PB 0x0000000201e00000| Untracked 
|  31|0x0000000201f00000, 0x0000000202000000, 0x0000000202000000|100%| E|CS|TAMS 0x0000000201f00000| PB 0x0000000201f00000| Complete 
|  32|0x0000000202000000, 0x0000000202100000, 0x0000000202100000|100%| E|CS|TAMS 0x0000000202000000| PB 0x0000000202000000| Complete 
|  33|0x0000000202100000, 0x0000000202200000, 0x0000000202200000|100%| E|CS|TAMS 0x0000000202100000| PB 0x0000000202100000| Complete 
|  34|0x0000000202200000, 0x0000000202300000, 0x0000000202300000|100%| E|CS|TAMS 0x0000000202200000| PB 0x0000000202200000| Complete 
|  35|0x0000000202300000, 0x0000000202400000, 0x0000000202400000|100%| E|CS|TAMS 0x0000000202300000| PB 0x0000000202300000| Complete 
|  36|0x0000000202400000, 0x0000000202500000, 0x0000000202500000|100%| E|CS|TAMS 0x0000000202400000| PB 0x0000000202400000| Complete 
|  37|0x0000000202500000, 0x0000000202600000, 0x0000000202600000|100%| E|CS|TAMS 0x0000000202500000| PB 0x0000000202500000| Complete 
|  38|0x0000000202600000, 0x0000000202700000, 0x0000000202700000|100%| E|CS|TAMS 0x0000000202600000| PB 0x0000000202600000| Complete 
|  39|0x0000000202700000, 0x0000000202800000, 0x0000000202800000|100%| O|  |TAMS 0x0000000202700000| PB 0x0000000202700000| Untracked 
|  40|0x0000000202800000, 0x0000000202900000, 0x0000000202900000|100%| O|  |TAMS 0x0000000202800000| PB 0x0000000202800000| Untracked 
|  41|0x0000000202900000, 0x0000000202a00000, 0x0000000202a00000|100%| O|  |TAMS 0x0000000202900000| PB 0x0000000202900000| Untracked 
|  42|0x0000000202a00000, 0x0000000202b00000, 0x0000000202b00000|100%| O|  |TAMS 0x0000000202a00000| PB 0x0000000202a00000| Untracked 
|  43|0x0000000202b00000, 0x0000000202c00000, 0x0000000202c00000|100%| O|  |TAMS 0x0000000202b00000| PB 0x0000000202b00000| Untracked 
|  44|0x0000000202c00000, 0x0000000202d00000, 0x0000000202d00000|100%| S|  |TAMS 0x0000000202c00000| PB 0x0000000202c00000| Complete 
|  45|0x0000000202d00000, 0x0000000202e00000, 0x0000000202e00000|100%| S|  |TAMS 0x0000000202d00000| PB 0x0000000202d00000| Complete 
|  46|0x0000000202e00000, 0x0000000202f00000, 0x0000000202f00000|100%| S|  |TAMS 0x0000000202e00000| PB 0x0000000202e00000| Complete 
|  47|0x0000000202f00000, 0x0000000203000000, 0x0000000203000000|100%| S|  |TAMS 0x0000000202f00000| PB 0x0000000202f00000| Complete 
|  48|0x0000000203000000, 0x0000000203100000, 0x0000000203100000|100%| E|CS|TAMS 0x0000000203000000| PB 0x0000000203000000| Complete 
|  49|0x0000000203100000, 0x0000000203200000, 0x0000000203200000|100%| E|CS|TAMS 0x0000000203100000| PB 0x0000000203100000| Complete 
|  50|0x0000000203200000, 0x0000000203300000, 0x0000000203300000|100%| E|CS|TAMS 0x0000000203200000| PB 0x0000000203200000| Complete 
|  51|0x0000000203300000, 0x0000000203400000, 0x0000000203400000|100%| E|CS|TAMS 0x0000000203300000| PB 0x0000000203300000| Complete 
|  52|0x0000000203400000, 0x0000000203500000, 0x0000000203500000|100%| E|CS|TAMS 0x0000000203400000| PB 0x0000000203400000| Complete 
|  53|0x0000000203500000, 0x0000000203600000, 0x0000000203600000|100%| E|CS|TAMS 0x0000000203500000| PB 0x0000000203500000| Complete 
|  54|0x0000000203600000, 0x0000000203700000, 0x0000000203700000|100%| E|CS|TAMS 0x0000000203600000| PB 0x0000000203600000| Complete 
|  55|0x0000000203700000, 0x0000000203800000, 0x0000000203800000|100%| E|CS|TAMS 0x0000000203700000| PB 0x0000000203700000| Complete 
|  56|0x0000000203800000, 0x0000000203900000, 0x0000000203900000|100%| E|CS|TAMS 0x0000000203800000| PB 0x0000000203800000| Complete 
|  57|0x0000000203900000, 0x0000000203a00000, 0x0000000203a00000|100%| E|CS|TAMS 0x0000000203900000| PB 0x0000000203900000| Complete 
|  58|0x0000000203a00000, 0x0000000203b00000, 0x0000000203b00000|100%| E|CS|TAMS 0x0000000203a00000| PB 0x0000000203a00000| Complete 
|  59|0x0000000203b00000, 0x0000000203c00000, 0x0000000203c00000|100%| E|CS|TAMS 0x0000000203b00000| PB 0x0000000203b00000| Complete 
|  60|0x0000000203c00000, 0x0000000203d00000, 0x0000000203d00000|100%| E|CS|TAMS 0x0000000203c00000| PB 0x0000000203c00000| Complete 
|  61|0x0000000203d00000, 0x0000000203e00000, 0x0000000203e00000|100%| E|CS|TAMS 0x0000000203d00000| PB 0x0000000203d00000| Complete 
|  62|0x0000000203e00000, 0x0000000203f00000, 0x0000000203f00000|100%| E|CS|TAMS 0x0000000203e00000| PB 0x0000000203e00000| Complete 
|  63|0x0000000203f00000, 0x0000000204000000, 0x0000000204000000|100%| E|CS|TAMS 0x0000000203f00000| PB 0x0000000203f00000| Complete 
|  64|0x0000000204000000, 0x0000000204100000, 0x0000000204100000|100%| E|CS|TAMS 0x0000000204000000| PB 0x0000000204000000| Complete 
|  65|0x0000000204100000, 0x0000000204200000, 0x0000000204200000|100%| E|CS|TAMS 0x0000000204100000| PB 0x0000000204100000| Complete 
|  66|0x0000000204200000, 0x0000000204300000, 0x0000000204300000|100%| E|CS|TAMS 0x0000000204200000| PB 0x0000000204200000| Complete 
|  67|0x0000000204300000, 0x0000000204400000, 0x0000000204400000|100%| E|CS|TAMS 0x0000000204300000| PB 0x0000000204300000| Complete 
|  68|0x0000000204400000, 0x0000000204500000, 0x0000000204500000|100%| E|CS|TAMS 0x0000000204400000| PB 0x0000000204400000| Complete 
|  69|0x0000000204500000, 0x0000000204600000, 0x0000000204600000|100%| E|CS|TAMS 0x0000000204500000| PB 0x0000000204500000| Complete 
|  70|0x0000000204600000, 0x0000000204700000, 0x0000000204700000|100%| E|CS|TAMS 0x0000000204600000| PB 0x0000000204600000| Complete 
|  71|0x0000000204700000, 0x0000000204800000, 0x0000000204800000|100%| E|CS|TAMS 0x0000000204700000| PB 0x0000000204700000| Complete 
|  72|0x0000000204800000, 0x0000000204900000, 0x0000000204900000|100%| E|CS|TAMS 0x0000000204800000| PB 0x0000000204800000| Complete 
|  73|0x0000000204900000, 0x0000000204a00000, 0x0000000204a00000|100%| E|CS|TAMS 0x0000000204900000| PB 0x0000000204900000| Complete 
|  74|0x0000000204a00000, 0x0000000204b00000, 0x0000000204b00000|100%| E|CS|TAMS 0x0000000204a00000| PB 0x0000000204a00000| Complete 
|  75|0x0000000204b00000, 0x0000000204c00000, 0x0000000204c00000|100%| E|CS|TAMS 0x0000000204b00000| PB 0x0000000204b00000| Complete 
|  76|0x0000000204c00000, 0x0000000204d00000, 0x0000000204d00000|100%| E|CS|TAMS 0x0000000204c00000| PB 0x0000000204c00000| Complete 
|  77|0x0000000204d00000, 0x0000000204e00000, 0x0000000204e00000|100%| E|CS|TAMS 0x0000000204d00000| PB 0x0000000204d00000| Complete 
|  78|0x0000000204e00000, 0x0000000204f00000, 0x0000000204f00000|100%| E|CS|TAMS 0x0000000204e00000| PB 0x0000000204e00000| Complete 
|  79|0x0000000204f00000, 0x0000000205000000, 0x0000000205000000|100%| E|CS|TAMS 0x0000000204f00000| PB 0x0000000204f00000| Complete 
|  80|0x0000000205000000, 0x0000000205100000, 0x0000000205100000|100%| E|CS|TAMS 0x0000000205000000| PB 0x0000000205000000| Complete 
|  81|0x0000000205100000, 0x0000000205200000, 0x0000000205200000|100%| E|CS|TAMS 0x0000000205100000| PB 0x0000000205100000| Complete 
|  82|0x0000000205200000, 0x0000000205300000, 0x0000000205300000|100%| E|CS|TAMS 0x0000000205200000| PB 0x0000000205200000| Complete 
|  83|0x0000000205300000, 0x0000000205400000, 0x0000000205400000|100%| E|CS|TAMS 0x0000000205300000| PB 0x0000000205300000| Complete 
|  84|0x0000000205400000, 0x0000000205500000, 0x0000000205500000|100%| E|CS|TAMS 0x0000000205400000| PB 0x0000000205400000| Complete 
|  85|0x0000000205500000, 0x0000000205600000, 0x0000000205600000|100%| E|CS|TAMS 0x0000000205500000| PB 0x0000000205500000| Complete 
|  86|0x0000000205600000, 0x0000000205700000, 0x0000000205700000|100%| E|CS|TAMS 0x0000000205600000| PB 0x0000000205600000| Complete 
|  87|0x0000000205700000, 0x0000000205800000, 0x0000000205800000|100%| E|CS|TAMS 0x0000000205700000| PB 0x0000000205700000| Complete 
|  88|0x0000000205800000, 0x0000000205900000, 0x0000000205900000|100%| E|CS|TAMS 0x0000000205800000| PB 0x0000000205800000| Complete 
|  89|0x0000000205900000, 0x0000000205a00000, 0x0000000205a00000|100%| E|CS|TAMS 0x0000000205900000| PB 0x0000000205900000| Complete 
|  90|0x0000000205a00000, 0x0000000205b00000, 0x0000000205b00000|100%| E|CS|TAMS 0x0000000205a00000| PB 0x0000000205a00000| Complete 
|  91|0x0000000205b00000, 0x0000000205c00000, 0x0000000205c00000|100%| E|CS|TAMS 0x0000000205b00000| PB 0x0000000205b00000| Complete 
|  92|0x0000000205c00000, 0x0000000205d00000, 0x0000000205d00000|100%| E|CS|TAMS 0x0000000205c00000| PB 0x0000000205c00000| Complete 
|  93|0x0000000205d00000, 0x0000000205e00000, 0x0000000205e00000|100%| E|CS|TAMS 0x0000000205d00000| PB 0x0000000205d00000| Complete 
|  94|0x0000000205e00000, 0x0000000205f00000, 0x0000000205f00000|100%| E|CS|TAMS 0x0000000205e00000| PB 0x0000000205e00000| Complete 
|  95|0x0000000205f00000, 0x0000000206000000, 0x0000000206000000|100%| E|CS|TAMS 0x0000000205f00000| PB 0x0000000205f00000| Complete 
|  96|0x0000000206000000, 0x0000000206100000, 0x0000000206100000|100%| S|  |TAMS 0x0000000206000000| PB 0x0000000206000000| Complete 
| 638|0x0000000227e00000, 0x0000000227f00000, 0x0000000227f00000|100%| O|  |TAMS 0x0000000227e00000| PB 0x0000000227e00000| Untracked 
| 639|0x0000000227f00000, 0x0000000228000000, 0x0000000228000000|100%| O|  |TAMS 0x0000000227f00000| PB 0x0000000227f00000| Untracked 

Card table byte_map: [0x000001d7fda00000,0x000001d7fdb40000] _byte_map_base: 0x000001d7fca00000

Marking Bits: (CMBitMap*) 0x000001d7fa3bd8b0
 Bits: [0x000001d7fdb40000, 0x000001d7fe540000)

Polling page: 0x000001d7f85e0000

Metaspace:

Usage:
  Non-class:     39.06 MB used.
      Class:      6.59 MB used.
       Both:     45.65 MB used.

Virtual space:
  Non-class space:       64.00 MB reserved,      39.75 MB ( 62%) committed,  1 nodes.
      Class space:      128.00 MB reserved,       7.25 MB (  6%) committed,  1 nodes.
             Both:      192.00 MB reserved,      47.00 MB ( 24%) committed. 

Chunk freelists:
   Non-Class:  8.00 MB
       Class:  8.78 MB
        Both:  16.79 MB

MaxMetaspaceSize: 160.00 MB
CompressedClassSpaceSize: 128.00 MB
Initial GC threshold: 21.00 MB
Current GC threshold: 58.75 MB
CDS: off
 - commit_granule_bytes: 65536.
 - commit_granule_words: 8192.
 - virtual_space_node_default_size: 8388608.
 - enlarge_chunks_in_place: 1.
 - use_allocation_guard: 0.


Internal statistics:

num_allocs_failed_limit: 6.
num_arena_births: 2394.
num_arena_deaths: 0.
num_vsnodes_births: 2.
num_vsnodes_deaths: 0.
num_space_committed: 752.
num_space_uncommitted: 0.
num_chunks_returned_to_freelist: 6.
num_chunks_taken_from_freelist: 4204.
num_chunk_merges: 6.
num_chunk_splits: 2721.
num_chunks_enlarged: 1712.
num_inconsistent_stats: 0.

CodeCache: size=49152Kb used=10784Kb max_used=10784Kb free=38367Kb
 bounds [0x000001d780000000, 0x000001d780a90000, 0x000001d783000000]
 total_blobs=5166, nmethods=4351, adapters=736, full_count=0
Compilation: enabled, stopped_count=0, restarted_count=0

Compilation events (20 events):
Event: 15.627 Thread 0x000001d7ff128570 4423       1       org.codehaus.groovy.util.ComplexKeyHashMap::getEntrySetIterator (9 bytes)
Event: 15.627 Thread 0x000001d78b22eb00 4424       1       org.codehaus.groovy.util.ComplexKeyHashMap$1::<init> (64 bytes)
Event: 15.627 Thread 0x000001d7ff128570 nmethod 4423 0x000001d780a84590 code [0x000001d780a84740, 0x000001d780a84880]
Event: 15.627 Thread 0x000001d78b22eb00 nmethod 4424 0x000001d780a84910 code [0x000001d780a84ac0, 0x000001d780a84ca0]
Event: 15.631 Thread 0x000001d78b22eb00 4425       1       java.net.URLClassLoader$3::next (66 bytes)
Event: 15.632 Thread 0x000001d78b22eb00 nmethod 4425 0x000001d780a84d90 code [0x000001d780a84f80, 0x000001d780a85330]
Event: 15.634 Thread 0x000001d78b22eb00 4426       1       org.gradle.internal.reflect.ReflectionCache$CacheEntry::access$200 (5 bytes)
Event: 15.634 Thread 0x000001d78b22eb00 nmethod 4426 0x000001d780a85510 code [0x000001d780a856a0, 0x000001d780a85750]
Event: 15.639 Thread 0x000001d78b22eb00 4427       1       sun.reflect.generics.reflectiveObjects.LazyReflectiveObjectGenerator::reifyBounds (51 bytes)
Event: 15.640 Thread 0x000001d78b22eb00 nmethod 4427 0x000001d780a85810 code [0x000001d780a859e0, 0x000001d780a85da0]
Event: 15.650 Thread 0x000001d78b22eb00 4428       1       java.lang.Long::bitCount (61 bytes)
Event: 15.650 Thread 0x000001d78b22eb00 nmethod 4428 0x000001d780a85f90 code [0x000001d780a86120, 0x000001d780a86250]
Event: 15.660 Thread 0x000001d7ff252ee0 4429   !   1       sun.reflect.generics.factory.CoreReflectionFactory::makeNamedType (21 bytes)
Event: 15.660 Thread 0x000001d7ff252ee0 nmethod 4429 0x000001d780a86290 code [0x000001d780a86460, 0x000001d780a86660]
Event: 15.674 Thread 0x000001d7ff252ee0 4430       1       sun.nio.fs.WindowsPath::getNameCount (10 bytes)
Event: 15.674 Thread 0x000001d7ff252ee0 nmethod 4430 0x000001d780a86790 code [0x000001d780a86940, 0x000001d780a86a38]
Event: 15.689 Thread 0x000001d7ff252ee0 4431       1       com.google.common.base.Suppliers$SupplierOfInstance::get (5 bytes)
Event: 15.690 Thread 0x000001d7ff252ee0 nmethod 4431 0x000001d780a86b10 code [0x000001d780a86ca0, 0x000001d780a86d70]
Event: 15.703 Thread 0x000001d7ff128570 4432       1       java.util.concurrent.atomic.AtomicReferenceArray::<init> (13 bytes)
Event: 15.703 Thread 0x000001d7ff128570 nmethod 4432 0x000001d780a86e10 code [0x000001d780a86fa0, 0x000001d780a87148]

GC Heap History (17 events):
Event: 0.427 GC heap before
{Heap before GC invocations=0 (full 0):
 garbage-first heap   total 98304K, used 22528K [0x0000000200000000, 0x0000000228000000)
  region size 1024K, 23 young (23552K), 0 survivors (0K)
 Metaspace       used 7256K, committed 7424K, reserved 196608K
  class space    used 696K, committed 768K, reserved 131072K
}
Event: 0.430 GC heap after
{Heap after GC invocations=1 (full 0):
 garbage-first heap   total 98304K, used 2048K [0x0000000200000000, 0x0000000228000000)
  region size 1024K, 2 young (2048K), 2 survivors (2048K)
 Metaspace       used 7256K, committed 7424K, reserved 196608K
  class space    used 696K, committed 768K, reserved 131072K
}
Event: 1.099 GC heap before
{Heap before GC invocations=1 (full 0):
 garbage-first heap   total 98304K, used 39936K [0x0000000200000000, 0x0000000228000000)
  region size 1024K, 37 young (37888K), 2 survivors (2048K)
 Metaspace       used 10723K, committed 10944K, reserved 196608K
  class space    used 1242K, committed 1344K, reserved 131072K
}
Event: 1.105 GC heap after
{Heap after GC invocations=2 (full 0):
 garbage-first heap   total 98304K, used 10240K [0x0000000200000000, 0x0000000228000000)
  region size 1024K, 5 young (5120K), 5 survivors (5120K)
 Metaspace       used 10723K, committed 10944K, reserved 196608K
  class space    used 1242K, committed 1344K, reserved 131072K
}
Event: 1.907 GC heap before
{Heap before GC invocations=2 (full 0):
 garbage-first heap   total 98304K, used 56320K [0x0000000200000000, 0x0000000228000000)
  region size 1024K, 48 young (49152K), 5 survivors (5120K)
 Metaspace       used 10726K, committed 10944K, reserved 196608K
  class space    used 1243K, committed 1344K, reserved 131072K
}
Event: 1.914 GC heap after
{Heap after GC invocations=3 (full 0):
 garbage-first heap   total 98304K, used 15535K [0x0000000200000000, 0x0000000228000000)
  region size 1024K, 4 young (4096K), 4 survivors (4096K)
 Metaspace       used 10726K, committed 10944K, reserved 196608K
  class space    used 1243K, committed 1344K, reserved 131072K
}
Event: 5.137 GC heap before
{Heap before GC invocations=3 (full 0):
 garbage-first heap   total 98304K, used 63663K [0x0000000200000000, 0x0000000228000000)
  region size 1024K, 52 young (53248K), 4 survivors (4096K)
 Metaspace       used 21086K, committed 21504K, reserved 196608K
  class space    used 2733K, committed 2944K, reserved 131072K
}
Event: 5.143 GC heap after
{Heap after GC invocations=4 (full 0):
 garbage-first heap   total 98304K, used 20329K [0x0000000200000000, 0x0000000228000000)
  region size 1024K, 8 young (8192K), 8 survivors (8192K)
 Metaspace       used 21086K, committed 21504K, reserved 196608K
  class space    used 2733K, committed 2944K, reserved 131072K
}
Event: 8.928 GC heap before
{Heap before GC invocations=5 (full 0):
 garbage-first heap   total 98304K, used 69481K [0x0000000200000000, 0x0000000228000000)
  region size 1024K, 57 young (58368K), 8 survivors (8192K)
 Metaspace       used 26970K, committed 27584K, reserved 196608K
  class space    used 3764K, committed 4032K, reserved 131072K
}
Event: 8.932 GC heap after
{Heap after GC invocations=6 (full 0):
 garbage-first heap   total 98304K, used 23810K [0x0000000200000000, 0x0000000228000000)
  region size 1024K, 8 young (8192K), 8 survivors (8192K)
 Metaspace       used 26970K, committed 27584K, reserved 196608K
  class space    used 3764K, committed 4032K, reserved 131072K
}
Event: 9.772 GC heap before
{Heap before GC invocations=6 (full 0):
 garbage-first heap   total 98304K, used 73986K [0x0000000200000000, 0x0000000228000000)
  region size 1024K, 57 young (58368K), 8 survivors (8192K)
 Metaspace       used 32677K, committed 33600K, reserved 196608K
  class space    used 4751K, committed 5184K, reserved 131072K
}
Event: 9.778 GC heap after
{Heap after GC invocations=7 (full 0):
 garbage-first heap   total 98304K, used 26336K [0x0000000200000000, 0x0000000228000000)
  region size 1024K, 6 young (6144K), 6 survivors (6144K)
 Metaspace       used 32677K, committed 33600K, reserved 196608K
  class space    used 4751K, committed 5184K, reserved 131072K
}
Event: 12.105 GC heap before
{Heap before GC invocations=7 (full 0):
 garbage-first heap   total 98304K, used 44768K [0x0000000200000000, 0x0000000228000000)
  region size 1024K, 25 young (25600K), 6 survivors (6144K)
 Metaspace       used 34804K, committed 35968K, reserved 196608K
  class space    used 5122K, committed 5696K, reserved 131072K
}
Event: 12.111 GC heap after
{Heap after GC invocations=8 (full 0):
 garbage-first heap   total 98304K, used 27711K [0x0000000200000000, 0x0000000228000000)
  region size 1024K, 4 young (4096K), 4 survivors (4096K)
 Metaspace       used 34804K, committed 35968K, reserved 196608K
  class space    used 5122K, committed 5696K, reserved 131072K
}
Event: 15.078 GC heap before
{Heap before GC invocations=9 (full 0):
 garbage-first heap   total 98304K, used 80959K [0x0000000200000000, 0x0000000228000000)
  region size 1024K, 57 young (58368K), 4 survivors (4096K)
 Metaspace       used 42427K, committed 43712K, reserved 196608K
  class space    used 6145K, committed 6784K, reserved 131072K
}
Event: 15.085 GC heap after
{Heap after GC invocations=10 (full 0):
 garbage-first heap   total 98304K, used 33240K [0x0000000200000000, 0x0000000228000000)
  region size 1024K, 8 young (8192K), 8 survivors (8192K)
 Metaspace       used 42427K, committed 43712K, reserved 196608K
  class space    used 6145K, committed 6784K, reserved 131072K
}
Event: 15.712 GC heap before
{Heap before GC invocations=10 (full 0):
 garbage-first heap   total 98304K, used 87512K [0x0000000200000000, 0x0000000228000000)
  region size 1024K, 56 young (57344K), 8 survivors (8192K)
 Metaspace       used 46743K, committed 48128K, reserved 196608K
  class space    used 6744K, committed 7424K, reserved 131072K
}

Dll operation events (14 events):
Event: 0.011 Loaded shared library C:\Users\PAULO ROBERTO\.vscode\extensions\redhat.java-1.55.0-win32-x64\jre\21.0.11-win32-x86_64\bin\java.dll
Event: 0.016 Loaded shared library C:\Users\PAULO ROBERTO\.vscode\extensions\redhat.java-1.55.0-win32-x64\jre\21.0.11-win32-x86_64\bin\zip.dll
Event: 0.129 Loaded shared library C:\Users\PAULO ROBERTO\.vscode\extensions\redhat.java-1.55.0-win32-x64\jre\21.0.11-win32-x86_64\bin\instrument.dll
Event: 0.143 Loaded shared library C:\Users\PAULO ROBERTO\.vscode\extensions\redhat.java-1.55.0-win32-x64\jre\21.0.11-win32-x86_64\bin\net.dll
Event: 0.146 Loaded shared library C:\Users\PAULO ROBERTO\.vscode\extensions\redhat.java-1.55.0-win32-x64\jre\21.0.11-win32-x86_64\bin\nio.dll
Event: 0.152 Loaded shared library C:\Users\PAULO ROBERTO\.vscode\extensions\redhat.java-1.55.0-win32-x64\jre\21.0.11-win32-x86_64\bin\zip.dll
Event: 0.395 Loaded shared library C:\Users\PAULO ROBERTO\.vscode\extensions\redhat.java-1.55.0-win32-x64\jre\21.0.11-win32-x86_64\bin\jimage.dll
Event: 0.500 Loaded shared library C:\Users\PAULO ROBERTO\.vscode\extensions\redhat.java-1.55.0-win32-x64\jre\21.0.11-win32-x86_64\bin\verify.dll
Event: 0.665 Loaded shared library C:\Users\PAULO ROBERTO\.gradle\native\c067742578af261105cb4f569cf0c3c89f3d7b1fecec35dd04571415982c5e48\windows-amd64\native-platform.dll
Event: 0.670 Loaded shared library C:\Users\PAULO ROBERTO\.gradle\native\100fb08df4bc3b14c8652ba06237920a3bd2aa13389f12d3474272988ae205f9\windows-amd64\native-platform-file-events.dll
Event: 4.282 Loaded shared library C:\Users\PAULO ROBERTO\.vscode\extensions\redhat.java-1.55.0-win32-x64\jre\21.0.11-win32-x86_64\bin\management.dll
Event: 4.285 Loaded shared library C:\Users\PAULO ROBERTO\.vscode\extensions\redhat.java-1.55.0-win32-x64\jre\21.0.11-win32-x86_64\bin\management_ext.dll
Event: 4.452 Loaded shared library C:\Users\PAULO ROBERTO\.vscode\extensions\redhat.java-1.55.0-win32-x64\jre\21.0.11-win32-x86_64\bin\extnet.dll
Event: 4.702 Loaded shared library C:\Users\PAULO ROBERTO\.vscode\extensions\redhat.java-1.55.0-win32-x64\jre\21.0.11-win32-x86_64\bin\sunmscapi.dll

Deoptimization events (2 events):
Event: 12.489 Thread 0x000001d789e8f660 DEOPT PACKING pc=0x000001d7803fce3c sp=0x00000019a9ffa550
Event: 12.489 Thread 0x000001d789e8f660 DEOPT UNPACKING pc=0x000001d780054b42 sp=0x00000019a9ff9ac8 mode 0

Classes loaded (20 events):
Event: 15.402 Loading class java/security/cert/CertificateParsingException
Event: 15.402 Loading class java/security/cert/CertificateException
Event: 15.402 Loading class java/security/cert/CertificateException done
Event: 15.402 Loading class java/security/cert/CertificateParsingException done
Event: 15.529 Loading class java/nio/file/AtomicMoveNotSupportedException
Event: 15.529 Loading class java/nio/file/AtomicMoveNotSupportedException done
Event: 15.541 Loading class java/io/FileWriter
Event: 15.541 Loading class java/io/FileWriter done
Event: 15.592 Loading class java/util/function/IntBinaryOperator
Event: 15.592 Loading class java/util/function/IntBinaryOperator done
Event: 15.615 Loading class sun/reflect/generics/tree/BooleanSignature
Event: 15.615 Loading class sun/reflect/generics/tree/BooleanSignature done
Event: 15.620 Loading class org/xml/sax/SAXParseException
Event: 15.620 Loading class org/xml/sax/SAXParseException done
Event: 15.621 Loading class org/xml/sax/Attributes
Event: 15.622 Loading class org/xml/sax/Attributes done
Event: 15.622 Loading class org/xml/sax/Locator
Event: 15.622 Loading class org/xml/sax/Locator done
Event: 15.711 Loading class java/util/DualPivotQuicksort
Event: 15.712 Loading class java/util/DualPivotQuicksort done

Classes unloaded (0 events):
No events

Classes redefined (0 events):
No events

Internal exceptions (20 events):
Event: 15.352 Thread 0x000001d789e8f660 Exception <a 'java/lang/ClassNotFoundException'{0x00000002049db888}: java/io/FileBeanInfo> (0x00000002049db888) 
thrown [s\src\hotspot\share\classfile\systemDictionary.cpp, line 313]
Event: 15.353 Thread 0x000001d789e8f660 Exception <a 'java/lang/ClassNotFoundException'{0x00000002049dfc68}: java/io/FileCustomizer> (0x00000002049dfc68) 
thrown [s\src\hotspot\share\classfile\systemDictionary.cpp, line 313]
Event: 15.359 Thread 0x000001d789e8f660 Exception <a 'java/lang/ClassNotFoundException'{0x0000000204864780}: org/gradle/initialization/DefaultProjectDescriptorBeanInfo> (0x0000000204864780) 
thrown [s\src\hotspot\share\classfile\systemDictionary.cpp, line 313]
Event: 15.359 Thread 0x000001d789e8f660 Exception <a 'java/lang/ClassNotFoundException'{0x0000000204874dd0}: org/gradle/initialization/DefaultProjectDescriptorCustomizer> (0x0000000204874dd0) 
thrown [s\src\hotspot\share\classfile\systemDictionary.cpp, line 313]
Event: 15.390 Thread 0x000001d789e8f660 Exception <a 'java/lang/ClassNotFoundException'{0x000000020464bb20}: org/gradle/api/internal/plugins/DefaultObjectConfigurationActionBeanInfo> (0x000000020464bb20) 
thrown [s\src\hotspot\share\classfile\systemDictionary.cpp, line 313]
Event: 15.390 Thread 0x000001d789e8f660 Exception <a 'java/lang/ClassNotFoundException'{0x000000020465c908}: org/gradle/api/internal/plugins/DefaultObjectConfigurationActionCustomizer> (0x000000020465c908) 
thrown [s\src\hotspot\share\classfile\systemDictionary.cpp, line 313]
Event: 15.392 Thread 0x000001d789e8f660 Exception <a 'java/lang/NoSuchMethodError'{0x000000020466a4f8}: 'int java.lang.invoke.DirectMethodHandle$Holder.invokeSpecial(java.lang.Object, java.lang.Object, java.lang.Object, int)'> (0x000000020466a4f8) 
thrown [s\src\hotspot\share\interpreter\linkResolver.cpp, line 773]
Event: 15.392 Thread 0x000001d789e8f660 Exception <a 'java/lang/NoSuchMethodError'{0x000000020467b9c8}: 'java.lang.Object java.lang.invoke.DirectMethodHandle$Holder.invokeStatic(java.lang.Object, java.lang.Object, java.lang.Object, java.lang.Object, int)'> (0x000000020467b9c8) 
thrown [s\src\hotspot\share\interpreter\linkResolver.cpp, line 773]
Event: 15.393 Thread 0x000001d789e8f660 Exception <a 'java/lang/NoSuchMethodError'{0x0000000204683fe8}: 'java.lang.Object java.lang.invoke.DirectMethodHandle$Holder.invokeSpecial(java.lang.Object, java.lang.Object, java.lang.Object, java.lang.Object, int)'> (0x0000000204683fe8) 
thrown [s\src\hotspot\share\interpreter\linkResolver.cpp, line 773]
Event: 15.445 Thread 0x000001d789e8f660 Exception <a 'java/lang/ClassNotFoundException'{0x00000002043b9220}: capacitor_settings_8r0cjcpxrk4rsrzsyqw2s1hesBeanInfo> (0x00000002043b9220) 
thrown [s\src\hotspot\share\classfile\systemDictionary.cpp, line 313]
Event: 15.445 Thread 0x000001d789e8f660 Exception <a 'java/lang/ClassNotFoundException'{0x00000002043bf920}: capacitor_settings_8r0cjcpxrk4rsrzsyqw2s1hesCustomizer> (0x00000002043bf920) 
thrown [s\src\hotspot\share\classfile\systemDictionary.cpp, line 313]
Event: 15.585 Thread 0x000001d789e8f660 Exception <a 'java/lang/ClassNotFoundException'{0x00000002038373b8}: org/gradle/internal/metaobject/ConfigureDelegateBeanInfo> (0x00000002038373b8) 
thrown [s\src\hotspot\share\classfile\systemDictionary.cpp, line 313]
Event: 15.585 Thread 0x000001d789e8f660 Exception <a 'java/lang/ClassNotFoundException'{0x0000000203843808}: org/gradle/internal/metaobject/ConfigureDelegateCustomizer> (0x0000000203843808) 
thrown [s\src\hotspot\share\classfile\systemDictionary.cpp, line 313]
Event: 15.613 Thread 0x000001d789e8f660 Exception <a 'java/lang/ClassNotFoundException'{0x00000002037deeb0}: org/gradle/api/internal/project/DefaultProject_DecoratedBeanInfo> (0x00000002037deeb0) 
thrown [s\src\hotspot\share\classfile\systemDictionary.cpp, line 313]
Event: 15.613 Thread 0x000001d789e8f660 Exception <a 'java/lang/ClassNotFoundException'{0x00000002037ec1b0}: org/gradle/api/internal/project/DefaultProjectBeanInfo> (0x00000002037ec1b0) 
thrown [s\src\hotspot\share\classfile\systemDictionary.cpp, line 313]
Event: 15.613 Thread 0x000001d789e8f660 Exception <a 'java/lang/ClassNotFoundException'{0x00000002037f9888}: org/gradle/api/internal/project/DefaultProjectCustomizer> (0x00000002037f9888) 
thrown [s\src\hotspot\share\classfile\systemDictionary.cpp, line 313]
Event: 15.618 Thread 0x000001d789e8f660 Exception <a 'java/lang/ClassNotFoundException'{0x00000002036b8980}: org/gradle/api/internal/project/DefaultProject_DecoratedCustomizer> (0x00000002036b8980) 
thrown [s\src\hotspot\share\classfile\systemDictionary.cpp, line 313]
Event: 15.626 Thread 0x000001d789e8f660 Exception <a 'java/lang/ClassNotFoundException'{0x000000020356aac8}: org/gradle/configuration/internal/DefaultListenerBuildOperationDecorator$BuildOperationEmittingClosureBeanInfo> (0x000000020356aac8) 
thrown [s\src\hotspot\share\classfile\systemDictionary.cpp, line 313]
Event: 15.626 Thread 0x000001d789e8f660 Exception <a 'java/lang/ClassNotFoundException'{0x00000002035790c8}: org/gradle/configuration/internal/DefaultListenerBuildOperationDecorator$BuildOperationEmittingClosureCustomizer> (0x00000002035790c8) 
thrown [s\src\hotspot\share\classfile\systemDictionary.cpp, line 313]
Event: 15.704 Thread 0x000001d789e8f660 Exception <a 'java/lang/NoSuchMethodError'{0x000000020307e188}: 'java.lang.Object java.lang.invoke.DirectMethodHandle$Holder.invokeVirtual(java.lang.Object, java.lang.Object, java.lang.Object, java.lang.Object, java.lang.Object, java.lang.Object, java.lang.Object, java.lang.Object, java.lang.Object, java.lang.Object, java.lang.Object, java.lang.Object, java.lang.Object, java.lang.Object, java.lang.Object)'> (0x000000020307e188) 
thrown [s\src\hotspot\share\interpreter\linkResolver.cpp, line 773]

ZGC Phase Switch (0 events):
No events

VM Operations (20 events):
Event: 12.741 Executing non-safepoint VM operation: HandshakeAllThreads (Deoptimize) done
Event: 13.742 Executing safepoint VM operation: Cleanup
Event: 13.773 Executing safepoint VM operation: Cleanup done
Event: 14.787 Executing safepoint VM operation: Cleanup
Event: 14.850 Executing safepoint VM operation: Cleanup done
Event: 14.877 Executing non-safepoint VM operation: HandshakeAllThreads (Deoptimize)
Event: 14.877 Executing non-safepoint VM operation: HandshakeAllThreads (Deoptimize) done
Event: 14.985 Executing non-safepoint VM operation: HandshakeAllThreads (Deoptimize)
Event: 14.985 Executing non-safepoint VM operation: HandshakeAllThreads (Deoptimize) done
Event: 15.022 Executing non-safepoint VM operation: HandshakeAllThreads (Deoptimize)
Event: 15.022 Executing non-safepoint VM operation: HandshakeAllThreads (Deoptimize) done
Event: 15.078 Executing safepoint VM operation: G1CollectForAllocation (G1 Evacuation Pause)
Event: 15.085 Executing safepoint VM operation: G1CollectForAllocation (G1 Evacuation Pause) done
Event: 15.299 Executing non-safepoint VM operation: HandshakeAllThreads (Deoptimize)
Event: 15.299 Executing non-safepoint VM operation: HandshakeAllThreads (Deoptimize) done
Event: 15.542 Executing non-safepoint VM operation: HandshakeAllThreads (Deoptimize)
Event: 15.542 Executing non-safepoint VM operation: HandshakeAllThreads (Deoptimize) done
Event: 15.617 Executing safepoint VM operation: ICBufferFull
Event: 15.617 Executing safepoint VM operation: ICBufferFull done
Event: 15.712 Executing safepoint VM operation: G1CollectForAllocation (G1 Evacuation Pause)

Memory protections (0 events):
No events

Nmethod flushes (20 events):
Event: 12.126 Thread 0x000001d7ff168050 flushing  nmethod 0x000001d78039d590
Event: 12.126 Thread 0x000001d7ff168050 flushing  nmethod 0x000001d7803e0d90
Event: 12.126 Thread 0x000001d7ff168050 flushing  nmethod 0x000001d780496610
Event: 12.126 Thread 0x000001d7ff168050 flushing  nmethod 0x000001d780498710
Event: 12.126 Thread 0x000001d7ff168050 flushing  nmethod 0x000001d780499210
Event: 12.126 Thread 0x000001d7ff168050 flushing  nmethod 0x000001d78049a190
Event: 12.126 Thread 0x000001d7ff168050 flushing  nmethod 0x000001d78049b490
Event: 12.126 Thread 0x000001d7ff168050 flushing  nmethod 0x000001d780262d10
Event: 12.126 Thread 0x000001d7ff168050 flushing  nmethod 0x000001d780264210
Event: 12.126 Thread 0x000001d7ff168050 flushing  nmethod 0x000001d780265190
Event: 12.126 Thread 0x000001d7ff168050 flushing  nmethod 0x000001d7802dd090
Event: 12.126 Thread 0x000001d7ff168050 flushing  nmethod 0x000001d780381790
Event: 12.126 Thread 0x000001d7ff168050 flushing  nmethod 0x000001d7803de890
Event: 12.126 Thread 0x000001d7ff168050 flushing  nmethod 0x000001d7803f5d10
Event: 12.126 Thread 0x000001d7ff168050 flushing  nmethod 0x000001d7803f6690
Event: 12.126 Thread 0x000001d7ff168050 flushing  nmethod 0x000001d7804ed410
Event: 12.126 Thread 0x000001d7ff168050 flushing  nmethod 0x000001d7804c0690
Event: 12.126 Thread 0x000001d7ff168050 flushing  nmethod 0x000001d78053f690
Event: 12.126 Thread 0x000001d7ff168050 flushing  nmethod 0x000001d780642d10
Event: 12.126 Thread 0x000001d7ff168050 flushing  nmethod 0x000001d780514410

Events (20 events):
Event: 8.827 Thread 0x000001d789e8f660 Thread added: 0x000001d789edd990
Event: 9.002 Thread 0x000001d7ff252ee0 Thread added: 0x000001d78a9075a0
Event: 9.002 Thread 0x000001d7ff252ee0 Thread added: 0x000001d78a95df90
Event: 9.029 Thread 0x000001d789e8f660 Thread added: 0x000001d78a975c60
Event: 9.051 Thread 0x000001d789e8f660 Thread added: 0x000001d78a972e70
Event: 9.346 Thread 0x000001d789e8f660 Thread added: 0x000001d78a9727e0
Event: 9.351 Thread 0x000001d789e8f660 Thread added: 0x000001d78a974f40
Event: 9.664 Thread 0x000001d789e8f660 Thread added: 0x000001d78a9762f0
Event: 9.856 Thread 0x000001d789e8f660 Thread added: 0x000001d78a973b90
Event: 9.962 Thread 0x000001d789e8f660 Thread added: 0x000001d78a974220
Event: 11.321 Thread 0x000001d78a95df90 Thread exited: 0x000001d78a95df90
Event: 11.321 Thread 0x000001d78a9075a0 Thread exited: 0x000001d78a9075a0
Event: 12.376 Thread 0x000001d789e8f660 Thread added: 0x000001d78a973500
Event: 12.465 Thread 0x000001d789e8f660 Thread added: 0x000001d78a977010
Event: 15.012 Thread 0x000001d7ff128570 Thread added: 0x000001d78b22eb00
Event: 15.012 Thread 0x000001d7ff128570 Thread added: 0x000001d78b22f1b0
Event: 15.310 Thread 0x000001d789e8f660 Thread added: 0x000001d78a977d30
Event: 15.321 Thread 0x000001d789e8f660 Thread added: 0x000001d78a9748b0
Event: 15.431 Thread 0x000001d789e8f660 Thread added: 0x000001d78a9783c0
Event: 15.438 Thread 0x000001d789e8f660 Thread added: 0x000001d78a979770


Dynamic libraries:
0x00007ff6e8890000 - 0x00007ff6e889e000 	C:\Users\PAULO ROBERTO\.vscode\extensions\redhat.java-1.55.0-win32-x64\jre\21.0.11-win32-x86_64\bin\java.exe
0x00007ffc61720000 - 0x00007ffc61986000 	C:\WINDOWS\SYSTEM32\ntdll.dll
0x00007ffc602c0000 - 0x00007ffc60389000 	C:\WINDOWS\System32\KERNEL32.DLL
0x00007ffc5e960000 - 0x00007ffc5ed5f000 	C:\WINDOWS\System32\KERNELBASE.dll
0x00007ffc5ef90000 - 0x00007ffc5f0dc000 	C:\WINDOWS\System32\ucrtbase.dll
0x00007ffc523e0000 - 0x00007ffc523f8000 	C:\Users\PAULO ROBERTO\.vscode\extensions\redhat.java-1.55.0-win32-x64\jre\21.0.11-win32-x86_64\bin\jli.dll
0x00007ffc4e180000 - 0x00007ffc4e19e000 	C:\Users\PAULO ROBERTO\.vscode\extensions\redhat.java-1.55.0-win32-x64\jre\21.0.11-win32-x86_64\bin\VCRUNTIME140.dll
0x00007ffc5ffb0000 - 0x00007ffc60176000 	C:\WINDOWS\System32\USER32.dll
0x00007ffc367a0000 - 0x00007ffc36a31000 	C:\WINDOWS\WinSxS\amd64_microsoft.windows.common-controls_6595b64144ccf1df_6.0.26100.8972_none_3e0da176e32f9d4b\COMCTL32.dll
0x00007ffc5e930000 - 0x00007ffc5e957000 	C:\WINDOWS\System32\win32u.dll
0x00007ffc60180000 - 0x00007ffc60229000 	C:\WINDOWS\System32\msvcrt.dll
0x00007ffc60390000 - 0x00007ffc603bb000 	C:\WINDOWS\System32\GDI32.dll
0x00007ffc5f320000 - 0x00007ffc5f449000 	C:\WINDOWS\System32\gdi32full.dll
0x00007ffc5f1b0000 - 0x00007ffc5f253000 	C:\WINDOWS\System32\msvcp_win.dll
0x00007ffc5ff70000 - 0x00007ffc5ffa2000 	C:\WINDOWS\System32\IMM32.DLL
0x00007ffc584b0000 - 0x00007ffc584bc000 	C:\Users\PAULO ROBERTO\.vscode\extensions\redhat.java-1.55.0-win32-x64\jre\21.0.11-win32-x86_64\bin\vcruntime140_1.dll
0x00007ffc42640000 - 0x00007ffc426cd000 	C:\Users\PAULO ROBERTO\.vscode\extensions\redhat.java-1.55.0-win32-x64\jre\21.0.11-win32-x86_64\bin\msvcp140.dll
0x00007ffb6dc50000 - 0x00007ffb6e9f2000 	C:\Users\PAULO ROBERTO\.vscode\extensions\redhat.java-1.55.0-win32-x64\jre\21.0.11-win32-x86_64\bin\server\jvm.dll
0x00007ffc60cd0000 - 0x00007ffc60d8c000 	C:\WINDOWS\System32\ADVAPI32.dll
0x00007ffc5f9a0000 - 0x00007ffc5fa4a000 	C:\WINDOWS\System32\sechost.dll
0x00007ffc5f6e0000 - 0x00007ffc5f7f8000 	C:\WINDOWS\System32\RPCRT4.dll
0x00007ffc5faa0000 - 0x00007ffc5fb22000 	C:\WINDOWS\System32\WS2_32.dll
0x00007ffc5d440000 - 0x00007ffc5d49e000 	C:\WINDOWS\SYSTEM32\POWRPROF.dll
0x00007ffc498c0000 - 0x00007ffc498f6000 	C:\WINDOWS\SYSTEM32\WINMM.dll
0x00007ffc4c850000 - 0x00007ffc4c85b000 	C:\WINDOWS\SYSTEM32\VERSION.dll
0x00007ffc5d420000 - 0x00007ffc5d435000 	C:\WINDOWS\SYSTEM32\UMPDC.dll
0x00007ffc5d660000 - 0x00007ffc5d67b000 	C:\WINDOWS\SYSTEM32\kernel.appcore.dll
0x00007ffc53710000 - 0x00007ffc5371a000 	C:\Users\PAULO ROBERTO\.vscode\extensions\redhat.java-1.55.0-win32-x64\jre\21.0.11-win32-x86_64\bin\jimage.dll
0x00007ffc5bb30000 - 0x00007ffc5bd72000 	C:\WINDOWS\SYSTEM32\DBGHELP.DLL
0x00007ffc60450000 - 0x00007ffc607d5000 	C:\WINDOWS\System32\combase.dll
0x00007ffc5fc30000 - 0x00007ffc5fd09000 	C:\WINDOWS\System32\OLEAUT32.dll
0x00007ffc2e950000 - 0x00007ffc2e98b000 	C:\WINDOWS\SYSTEM32\dbgcore.DLL
0x00007ffc5f260000 - 0x00007ffc5f30c000 	C:\WINDOWS\System32\bcryptPrimitives.dll
0x00007ffc4e640000 - 0x00007ffc4e64f000 	C:\Users\PAULO ROBERTO\.vscode\extensions\redhat.java-1.55.0-win32-x64\jre\21.0.11-win32-x86_64\bin\instrument.dll
0x00007ffc4e090000 - 0x00007ffc4e0b0000 	C:\Users\PAULO ROBERTO\.vscode\extensions\redhat.java-1.55.0-win32-x64\jre\21.0.11-win32-x86_64\bin\java.dll
0x00007ffc4dfa0000 - 0x00007ffc4dfb8000 	C:\Users\PAULO ROBERTO\.vscode\extensions\redhat.java-1.55.0-win32-x64\jre\21.0.11-win32-x86_64\bin\zip.dll
0x00007ffc60ed0000 - 0x00007ffc61658000 	C:\WINDOWS\System32\SHELL32.dll
0x00007ffc5c3e0000 - 0x00007ffc5cc7b000 	C:\WINDOWS\SYSTEM32\windows.storage.dll
0x00007ffc5fb30000 - 0x00007ffc5fc29000 	C:\WINDOWS\System32\SHCORE.dll
0x00007ffc60da0000 - 0x00007ffc60e06000 	C:\WINDOWS\System32\shlwapi.dll
0x00007ffc5e850000 - 0x00007ffc5e879000 	C:\WINDOWS\SYSTEM32\profapi.dll
0x00007ffc535b0000 - 0x00007ffc535c0000 	C:\Users\PAULO ROBERTO\.vscode\extensions\redhat.java-1.55.0-win32-x64\jre\21.0.11-win32-x86_64\bin\net.dll
0x00007ffc53b60000 - 0x00007ffc53c88000 	C:\WINDOWS\SYSTEM32\WINHTTP.dll
0x00007ffc5dc90000 - 0x00007ffc5dcfc000 	C:\WINDOWS\system32\mswsock.dll
0x00007ffc4df30000 - 0x00007ffc4df46000 	C:\Users\PAULO ROBERTO\.vscode\extensions\redhat.java-1.55.0-win32-x64\jre\21.0.11-win32-x86_64\bin\nio.dll
0x00007ffc52d10000 - 0x00007ffc52d20000 	C:\Users\PAULO ROBERTO\.vscode\extensions\redhat.java-1.55.0-win32-x64\jre\21.0.11-win32-x86_64\bin\verify.dll
0x00007ffc42b90000 - 0x00007ffc42bb7000 	C:\Users\PAULO ROBERTO\.gradle\native\c067742578af261105cb4f569cf0c3c89f3d7b1fecec35dd04571415982c5e48\windows-amd64\native-platform.dll
0x00007ffbb0cb0000 - 0x00007ffbb0df4000 	C:\Users\PAULO ROBERTO\.gradle\native\100fb08df4bc3b14c8652ba06237920a3bd2aa13389f12d3474272988ae205f9\windows-amd64\native-platform-file-events.dll
0x00007ffc52a60000 - 0x00007ffc52a6a000 	C:\Users\PAULO ROBERTO\.vscode\extensions\redhat.java-1.55.0-win32-x64\jre\21.0.11-win32-x86_64\bin\management.dll
0x00007ffc523d0000 - 0x00007ffc523dc000 	C:\Users\PAULO ROBERTO\.vscode\extensions\redhat.java-1.55.0-win32-x64\jre\21.0.11-win32-x86_64\bin\management_ext.dll
0x00007ffc60cc0000 - 0x00007ffc60cc8000 	C:\WINDOWS\System32\PSAPI.DLL
0x00007ffc5e0b0000 - 0x00007ffc5e0cb000 	C:\WINDOWS\SYSTEM32\CRYPTSP.dll
0x00007ffc5d680000 - 0x00007ffc5d6b9000 	C:\WINDOWS\system32\rsaenh.dll
0x00007ffc5dd40000 - 0x00007ffc5dd72000 	C:\WINDOWS\SYSTEM32\USERENV.dll
0x00007ffc5e820000 - 0x00007ffc5e84a000 	C:\WINDOWS\SYSTEM32\bcrypt.dll
0x00007ffc5def0000 - 0x00007ffc5defc000 	C:\WINDOWS\SYSTEM32\CRYPTBASE.dll
0x00007ffc5d070000 - 0x00007ffc5d0a3000 	C:\WINDOWS\SYSTEM32\IPHLPAPI.DLL
0x00007ffc60cb0000 - 0x00007ffc60cba000 	C:\WINDOWS\System32\NSI.dll
0x00007ffc4f020000 - 0x00007ffc4f029000 	C:\Users\PAULO ROBERTO\.vscode\extensions\redhat.java-1.55.0-win32-x64\jre\21.0.11-win32-x86_64\bin\extnet.dll
0x00007ffc4e0d0000 - 0x00007ffc4e0de000 	C:\Users\PAULO ROBERTO\.vscode\extensions\redhat.java-1.55.0-win32-x64\jre\21.0.11-win32-x86_64\bin\sunmscapi.dll
0x00007ffc5ed70000 - 0x00007ffc5eeee000 	C:\WINDOWS\System32\CRYPT32.dll
0x00007ffc5e220000 - 0x00007ffc5e250000 	C:\WINDOWS\SYSTEM32\ncrypt.dll
0x00007ffc5e1d0000 - 0x00007ffc5e20f000 	C:\WINDOWS\SYSTEM32\NTASN1.dll
0x00007ffc4beb0000 - 0x00007ffc4beb8000 	C:\WINDOWS\system32\wshunix.dll

JVMTI agents:
C:\Users\PAULO ROBERTO\.gradle\wrapper\dists\gradle-8.11.1-all\2qik7nd48slq1ooc2496ixf4i\gradle-8.11.1\lib\agents\gradle-instrumentation-agent-8.11.1.jar path:C:\Users\PAULO ROBERTO\.vscode\extensions\redhat.java-1.55.0-win32-x64\jre\21.0.11-win32-x86_64\bin\instrument.dll, loaded, initialized, instrumentlib options:none

dbghelp: loaded successfully - version: 4.0.5 - missing functions: none
symbol engine: initialized successfully - sym options: 0x614 - pdb path: .;C:\Users\PAULO ROBERTO\.vscode\extensions\redhat.java-1.55.0-win32-x64\jre\21.0.11-win32-x86_64\bin;C:\WINDOWS\SYSTEM32;C:\WINDOWS\WinSxS\amd64_microsoft.windows.common-controls_6595b64144ccf1df_6.0.26100.8972_none_3e0da176e32f9d4b;C:\Users\PAULO ROBERTO\.vscode\extensions\redhat.java-1.55.0-win32-x64\jre\21.0.11-win32-x86_64\bin\server;C:\Users\PAULO ROBERTO\.gradle\native\c067742578af261105cb4f569cf0c3c89f3d7b1fecec35dd04571415982c5e48\windows-amd64;C:\Users\PAULO ROBERTO\.gradle\native\100fb08df4bc3b14c8652ba06237920a3bd2aa13389f12d3474272988ae205f9\windows-amd64

VM Arguments:
jvm_args: --add-opens=java.base/java.lang=ALL-UNNAMED --add-opens=java.base/java.lang.invoke=ALL-UNNAMED --add-opens=java.base/java.util=ALL-UNNAMED --add-opens=java.prefs/java.util.prefs=ALL-UNNAMED --add-exports=jdk.compiler/com.sun.tools.javac.api=ALL-UNNAMED --add-exports=jdk.compiler/com.sun.tools.javac.util=ALL-UNNAMED --add-opens=java.base/java.util=ALL-UNNAMED --add-opens=java.prefs/java.util.prefs=ALL-UNNAMED --add-opens=java.base/java.nio.charset=ALL-UNNAMED --add-opens=java.base/java.net=ALL-UNNAMED --add-opens=java.base/java.util.concurrent.atomic=ALL-UNNAMED --add-opens=java.xml/javax.xml.namespace=ALL-UNNAMED -Xshare:off -XX:TieredStopAtLevel=1 -Xss512k -XX:MaxMetaspaceSize=160m -XX:HeapBaseMinAddress=0x200000000 -Xms96m -Xmx640m -Dfile.encoding=UTF-8 -Duser.country=BR -Duser.language=pt -Duser.variant -javaagent:C:\Users\PAULO ROBERTO\.gradle\wrapper\dists\gradle-8.11.1-all\2qik7nd48slq1ooc2496ixf4i\gradle-8.11.1\lib\agents\gradle-instrumentation-agent-8.11.1.jar 
java_command: org.gradle.launcher.daemon.bootstrap.GradleDaemon 8.11.1
java_class_path (initial): C:\Users\PAULO ROBERTO\.gradle\wrapper\dists\gradle-8.11.1-all\2qik7nd48slq1ooc2496ixf4i\gradle-8.11.1\lib\gradle-daemon-main-8.11.1.jar
Launcher Type: SUN_STANDARD

[Global flags]
     intx CICompilerCount                          = 4                                         {product} {ergonomic}
   size_t CompressedClassSpaceSize                 = 134217728                                 {product} {ergonomic}
     uint ConcGCThreads                            = 3                                         {product} {ergonomic}
     uint G1ConcRefinementThreads                  = 10                                        {product} {ergonomic}
   size_t G1HeapRegionSize                         = 1048576                                   {product} {ergonomic}
    uintx GCDrainStackTargetSize                   = 64                                        {product} {ergonomic}
   size_t HeapBaseMinAddress                       = 8589934592                             {pd product} {command line}
   size_t InitialHeapSize                          = 100663296                                 {product} {command line}
   size_t MarkStackSize                            = 4194304                                   {product} {ergonomic}
   size_t MaxHeapSize                              = 671088640                                 {product} {command line}
   size_t MaxMetaspaceSize                         = 167772160                                 {product} {command line}
   size_t MaxNewSize                               = 402653184                                 {product} {ergonomic}
   size_t MinHeapDeltaBytes                        = 1048576                                   {product} {ergonomic}
   size_t MinHeapSize                              = 100663296                                 {product} {command line}
    uintx NonNMethodCodeHeapSize                   = 4096                                   {pd product} {ergonomic}
    uintx NonProfiledCodeHeapSize                  = 0                                      {pd product} {ergonomic}
     bool ProfileInterpreter                       = false                                  {pd product} {command line}
    uintx ProfiledCodeHeapSize                     = 0                                      {pd product} {ergonomic}
   size_t SoftMaxHeapSize                          = 671088640                              {manageable} {ergonomic}
     intx ThreadStackSize                          = 512                                    {pd product} {command line}
     intx TieredStopAtLevel                        = 1                                         {product} {command line}
     bool UseCompressedOops                        = true                           {product lp64_product} {ergonomic}
     bool UseG1GC                                  = true                                      {product} {ergonomic}
     bool UseLargePagesIndividualAllocation        = false                                  {pd product} {ergonomic}

Logging:
Log output configuration:
 #0: stdout all=warning uptime,level,tags foldmultilines=false
 #1: stderr all=off uptime,level,tags foldmultilines=false

Release file:
JAVA_VERSION="21.0.11" 
MODULES="java.base java.compiler java.datatransfer java.xml java.prefs java.desktop java.instrument java.logging java.management java.security.sasl java.naming java.rmi java.management.rmi java.net.http java.scripting java.security.jgss java.transaction.xa java.sql java.sql.rowset java.xml.crypto java.se java.smartcardio jdk.accessibility jdk.internal.jvmstat jdk.attach jdk.charsets jdk.internal.opt jdk.zipfs jdk.compiler jdk.crypto.ec jdk.crypto.cryptoki jdk.crypto.mscapi jdk.dynalink jdk.internal.ed jdk.editpad jdk.hotspot.agent jdk.httpserver jdk.internal.le jdk.internal.vm.ci jdk.internal.vm.compiler jdk.internal.vm.compiler.management jdk.jartool jdk.javadoc jdk.jcmd jdk.management jdk.management.agent jdk.jconsole jdk.jdeps jdk.jdwp.agent jdk.jdi jdk.jfr jdk.jshell jdk.jsobject jdk.jstatd jdk.localedata jdk.management.jfr jdk.naming.dns jdk.naming.rmi jdk.net jdk.nio.mapmode jdk.random jdk.sctp jdk.security.auth jdk.security.jgss jdk.unsupported jdk.unsupported.desktop jdk.xml.dom" 

Environment Variables:
JAVA_HOME=C:\Program Files\Java\jdk-21
PATH=C:\Program Files\Common Files\Oracle\Java\javapath;C:\WINDOWS\system32;C:\WINDOWS;C:\WINDOWS\System32\Wbem;C:\WINDOWS\System32\WindowsPowerShell\v1.0\;C:\WINDOWS\System32\OpenSSH\;C:\Program Files\dotnet\;C:\Program Files\NVIDIA Corporation\NVIDIA App\NvDLISR;C:\Program Files (x86)\NVIDIA Corporation\PhysX\Common;C:\Program Files\GitHub CLI\;C:\Program Files\nodejs\;C:\Program Files\Git\cmd;C:\Users\PAULO ROBERTO\.local\bin;C:\Users\PAULO ROBERTO\AppData\Local\Microsoft\WindowsApps;C:\Users\PAULO ROBERTO\AppData\Roaming\npm;C:\Users\PAULO ROBERTO\AppData\Local\Programs\Microsoft VS Code\bin;C:\Users\PAULO ROBERTO\.bun\bin;C:\Users\PAULO ROBERTO\AppData\Local\Microsoft\WinGet\Packages\jqlang.jq_Microsoft.Winget.Source_8wekyb3d8bbwe;C:\Users\PAULO ROBERTO\.lmstudio\bin
USERNAME=PAULO ROBERTO
OS=Windows_NT
PROCESSOR_IDENTIFIER=Intel64 Family 6 Model 186 Stepping 2, GenuineIntel
TMP=C:\Users\PAULOR~1\AppData\Local\Temp
TEMP=C:\Users\PAULOR~1\AppData\Local\Temp




Periodic native trim disabled

---------------  S Y S T E M  ---------------

OS:
 Windows 11 , 64 bit Build 26100 (10.0.26100.9168)
OS uptime: 7 days 7:51 hours
Hyper-V role detected

CPU: total 12 (initial active 12) (6 cores per cpu, 2 threads per core) family 6 model 186 stepping 2 microcode 0x5103, cx8, cmov, fxsr, ht, mmx, 3dnowpref, sse, sse2, sse3, ssse3, sse4.1, sse4.2, popcnt, lzcnt, tsc, tscinvbit, avx, avx2, aes, erms, clmul, bmi1, bmi2, adx, sha, fma, vzeroupper, clflush, clflushopt, clwb, hv, serialize, rdtscp, rdpid, fsrm, f16c, cet_ibt, cet_ss
Processor Information for the first 12 processors :
  Max Mhz: 2100, Current Mhz: 2100, Mhz Limit: 2100

Memory: 4k page, system-wide physical 16087M (455M free)
TotalPageFile size 32471M (AvailPageFile size 0M)
current process WorkingSet (physical memory assigned to process): 222M, peak: 222M
current process commit charge ("private bytes"): 268M, peak: 269M

vm_info: OpenJDK 64-Bit Server VM (21.0.11+10-LTS) for windows-amd64 JRE (21.0.11+10-LTS), built on 2026-04-21T00:00:00Z by "admin" with MS VC++ 17.12 (VS2022)

END.
