#
# There is insufficient memory for the Java Runtime Environment to continue.
# Native memory allocation (malloc) failed to allocate 1833056 bytes. Error detail: Chunk::new
# Possible reasons:
#   The system is out of physical RAM or swap space
#   This process is running with CompressedOops enabled, and the Java Heap may be blocking the growth of the native heap
# Possible solutions:
#   Reduce memory load on the system
#   Increase physical memory or swap space
#   Check if swap backing store is full
#   Decrease Java heap size (-Xmx/-Xms)
#   Decrease number of Java threads
#   Decrease Java thread stack sizes (-Xss)
#   Set larger code cache with -XX:ReservedCodeCacheSize=
#   JVM is running with Unscaled Compressed Oops mode in which the Java heap is
#     placed in the first 4GB address space. The Java Heap base address is the
#     maximum limit for the native heap growth. Please use -XX:HeapBaseMinAddress
#     to set the Java Heap base and to place the Java Heap above 4GB virtual address.
# This output file may be truncated or incomplete.
#
#  Out of Memory Error (arena.cpp:168), pid=14352, tid=36636
#
# JRE version: OpenJDK Runtime Environment Temurin-21.0.11+10 (21.0.11+10) (build 21.0.11+10-LTS)
# Java VM: OpenJDK 64-Bit Server VM Temurin-21.0.11+10 (21.0.11+10-LTS, mixed mode, sharing, tiered, compressed oops, compressed class ptrs, parallel gc, windows-amd64)
# No core dump will be written. Minidumps are not enabled by default on client versions of Windows
#

---------------  S U M M A R Y ------------

Command Line: --add-modules=ALL-SYSTEM --add-opens=java.base/java.util=ALL-UNNAMED --add-opens=java.base/java.lang=ALL-UNNAMED --add-opens=java.base/sun.nio.fs=ALL-UNNAMED -Declipse.application=org.eclipse.jdt.ls.core.id1 -Dosgi.bundles.defaultStartLevel=4 -Declipse.product=org.eclipse.jdt.ls.core.product -Djava.import.generatesMetadataFilesAtProjectRoot=false -DDetectVMInstallationsJob.disabled=true -Dfile.encoding=utf8 -XX:+UseParallelGC -XX:GCTimeRatio=4 -XX:AdaptiveSizePolicyWeight=90 -Dsun.zip.disableMemoryMapping=true -Xmx2G -Xms100m -Xlog:disable -javaagent:c:\Users\PAULO ROBERTO\.vscode\extensions\redhat.java-1.55.0-win32-x64\lombok\lombok-1.18.39-4050.jar c:\Users\PAULO ROBERTO\.vscode\extensions\redhat.java-1.55.0-win32-x64\server\plugins\org.eclipse.equinox.launcher_1.7.200.v20260619-2039.jar -configuration c:\Users\PAULO ROBERTO\AppData\Roaming\Code\User\globalStorage\redhat.java\1.55.0\config_ss_win -data c:\Users\PAULO ROBERTO\AppData\Roaming\Code\User\workspaceStorage\af78278a2264e0da21869ec41e085d06\redhat.java\ss_ws --pipe=\\.\pipe\lsp-3f4d47e9d89b191666470169bb1b444a-sock

Host: 13th Gen Intel(R) Core(TM) i5-13420H, 12 cores, 15G,  Windows 11 , 64 bit Build 26100 (10.0.26100.8972)
Time: Tue Aug 11 07:27:36 2026 Hora Padrão de Bogotá elapsed time: 41.732693 seconds (0d 0h 0m 41s)

---------------  T H R E A D  ---------------

Current thread (0x00000262540b9260):  JavaThread "C2 CompilerThread1" daemon [_thread_in_native, id=36636, stack(0x000000ae61300000,0x000000ae61400000) (1024K)]


Current CompileTask:
C2:41732 2587       4       org.lombokweb.asm.ClassReader::readMethod (1070 bytes)

Stack: [0x000000ae61300000,0x000000ae61400000]
Native frames: (J=compiled Java code, j=interpreted, Vv=VM code, C=native code)
V  [jvm.dll+0x6d7e19]
V  [jvm.dll+0x8b5096]
V  [jvm.dll+0x8b764e]
V  [jvm.dll+0x8b7d33]
V  [jvm.dll+0x284596]
V  [jvm.dll+0xc685d]
V  [jvm.dll+0xc6da1]
V  [jvm.dll+0x3bed6b]
V  [jvm.dll+0x1e4149]
V  [jvm.dll+0x24c853]
V  [jvm.dll+0x24bce0]
V  [jvm.dll+0x1cb4ae]
V  [jvm.dll+0x25baad]
V  [jvm.dll+0x25a03a]
V  [jvm.dll+0x3f868e]
V  [jvm.dll+0x85fb0d]
V  [jvm.dll+0x6d664d]
C  [ucrtbase.dll+0x2cd30]
C  [KERNEL32.DLL+0x2ccb7]
C  [ntdll.dll+0xaad6c]


---------------  P R O C E S S  ---------------

Threads class SMR info:
_java_thread_list=0x0000026254534470, length=19, elements={
0x0000026274c5c010, 0x0000026274cfef70, 0x0000026274d04870, 0x0000026274d090b0,
0x0000026274d09740, 0x0000026274d0bea0, 0x0000026274d09dd0, 0x000002627da59fa0,
0x0000026274d19e30, 0x0000026274d0a460, 0x0000026274d08a20, 0x0000026274d0aaf0,
0x0000026274d0b810, 0x0000026274d0b180, 0x0000026254055bc0, 0x00000262540b9260,
0x00000262540568e0, 0x0000026254054810, 0x0000026254056f70
}

Java Threads: ( => current thread )
  0x0000026274c5c010 JavaThread "main"                              [_thread_blocked, id=49620, stack(0x000000ae5fa00000,0x000000ae5fb00000) (1024K)]
  0x0000026274cfef70 JavaThread "Reference Handler"          daemon [_thread_blocked, id=36652, stack(0x000000ae5fe00000,0x000000ae5ff00000) (1024K)]
  0x0000026274d04870 JavaThread "Finalizer"                  daemon [_thread_blocked, id=32648, stack(0x000000ae5ff00000,0x000000ae60000000) (1024K)]
  0x0000026274d090b0 JavaThread "Signal Dispatcher"          daemon [_thread_blocked, id=54144, stack(0x000000ae60000000,0x000000ae60100000) (1024K)]
  0x0000026274d09740 JavaThread "Attach Listener"            daemon [_thread_blocked, id=52156, stack(0x000000ae60100000,0x000000ae60200000) (1024K)]
  0x0000026274d0bea0 JavaThread "Service Thread"             daemon [_thread_blocked, id=44348, stack(0x000000ae60200000,0x000000ae60300000) (1024K)]
  0x0000026274d09dd0 JavaThread "Monitor Deflation Thread"   daemon [_thread_blocked, id=49608, stack(0x000000ae60300000,0x000000ae60400000) (1024K)]
  0x000002627da59fa0 JavaThread "C2 CompilerThread0"         daemon [_thread_in_native, id=52300, stack(0x000000ae60400000,0x000000ae60500000) (1024K)]
  0x0000026274d19e30 JavaThread "C1 CompilerThread0"         daemon [_thread_blocked, id=41880, stack(0x000000ae60500000,0x000000ae60600000) (1024K)]
  0x0000026274d0a460 JavaThread "Common-Cleaner"             daemon [_thread_blocked, id=53316, stack(0x000000ae60700000,0x000000ae60800000) (1024K)]
  0x0000026274d08a20 JavaThread "Notification Thread"        daemon [_thread_blocked, id=18632, stack(0x000000ae60800000,0x000000ae60900000) (1024K)]
  0x0000026274d0aaf0 JavaThread "Active Thread: Equinox Container: d10afa92-43b4-46b0-a9fe-e11afa1e16cc"        [_thread_blocked, id=49564, stack(0x000000ae61000000,0x000000ae61100000) (1024K)]
  0x0000026274d0b810 JavaThread "Framework Event Dispatcher: Equinox Container: d10afa92-43b4-46b0-a9fe-e11afa1e16cc" daemon [_thread_blocked, id=484, stack(0x000000ae60600000,0x000000ae60700000) (1024K)]
  0x0000026274d0b180 JavaThread "Start Level: Equinox Container: d10afa92-43b4-46b0-a9fe-e11afa1e16cc" daemon [_thread_in_vm, id=21484, stack(0x000000ae60f00000,0x000000ae61000000) (1024K)]
  0x0000026254055bc0 JavaThread "SCR Component Actor"        daemon [_thread_blocked, id=49004, stack(0x000000ae61200000,0x000000ae61300000) (1024K)]
=>0x00000262540b9260 JavaThread "C2 CompilerThread1"         daemon [_thread_in_native, id=36636, stack(0x000000ae61300000,0x000000ae61400000) (1024K)]
  0x00000262540568e0 JavaThread "Worker-JM"                         [_thread_blocked, id=47160, stack(0x000000ae61500000,0x000000ae61600000) (1024K)]
  0x0000026254054810 JavaThread "Worker-0"                          [_thread_blocked, id=54168, stack(0x000000ae61800000,0x000000ae61900000) (1024K)]
  0x0000026254056f70 JavaThread "Worker-1"                          [_thread_blocked, id=26604, stack(0x000000ae61400000,0x000000ae61500000) (1024K)]
Total: 19

Other Threads:
  0x0000026274cfe800 VMThread "VM Thread"                           [id=44748, stack(0x000000ae5fd00000,0x000000ae5fe00000) (1024K)]
  0x000002627c5eba00 WatcherThread "VM Periodic Task Thread"        [id=52412, stack(0x000000ae5fc00000,0x000000ae5fd00000) (1024K)]
  0x0000026274c7a460 WorkerThread "GC Thread#0"                     [id=50256, stack(0x000000ae5fb00000,0x000000ae5fc00000) (1024K)]
  0x000002627ec0c640 WorkerThread "GC Thread#1"                     [id=50308, stack(0x000000ae60900000,0x000000ae60a00000) (1024K)]
  0x0000026254102410 WorkerThread "GC Thread#2"                     [id=38232, stack(0x000000ae60a00000,0x000000ae60b00000) (1024K)]
  0x0000026254104a20 WorkerThread "GC Thread#3"                     [id=48672, stack(0x000000ae60b00000,0x000000ae60c00000) (1024K)]
  0x0000026254104dd0 WorkerThread "GC Thread#4"                     [id=50644, stack(0x000000ae60c00000,0x000000ae60d00000) (1024K)]
  0x0000026254105180 WorkerThread "GC Thread#5"                     [id=53832, stack(0x000000ae60d00000,0x000000ae60e00000) (1024K)]
  0x0000026254105530 WorkerThread "GC Thread#6"                     [id=53844, stack(0x000000ae60e00000,0x000000ae60f00000) (1024K)]
  0x000002627f132750 WorkerThread "GC Thread#7"                     [id=52108, stack(0x000000ae61100000,0x000000ae61200000) (1024K)]
  0x0000026254234000 WorkerThread "GC Thread#8"                     [id=48788, stack(0x000000ae61600000,0x000000ae61700000) (1024K)]
  0x00000262542343b0 WorkerThread "GC Thread#9"                     [id=48232, stack(0x000000ae61700000,0x000000ae61800000) (1024K)]
Total: 12

Threads with active compile tasks:
C2 CompilerThread0  41774 2807       4       java.lang.invoke.MethodType::makeImpl (109 bytes)
C2 CompilerThread1  41774 2587       4       org.lombokweb.asm.ClassReader::readMethod (1070 bytes)
Total: 2

VM state: not at safepoint (normal execution)

VM Mutex/Monitor currently owned by a thread: None

Heap address: 0x0000000080000000, size: 2048 MB, Compressed Oops mode: 32-bit

CDS archive(s) mapped at: [0x000002620f000000-0x000002620fba0000-0x000002620fba0000), size 12189696, SharedBaseAddress: 0x000002620f000000, ArchiveRelocationMode: 1.
Compressed class space mapped at: 0x0000026210000000-0x0000026250000000, reserved size: 1073741824
Narrow klass base: 0x000002620f000000, Narrow klass shift: 0, Narrow klass range: 0x100000000

GC Precious Log:
 CardTable entry size: 512
 CPUs: 12 total, 12 available
 Memory: 16087M
 Large Page Support: Disabled
 NUMA Support: Disabled
 Compressed Oops: Enabled (32-bit)
 Alignments: Space 512K, Generation 512K, Heap 2M
 Heap Min Capacity: 100M
 Heap Initial Capacity: 100M
 Heap Max Capacity: 2G
 Pre-touch: Disabled
 Parallel Workers: 10

Heap:
 PSYoungGen      total 30720K, used 8518K [0x00000000d5580000, 0x00000000d7900000, 0x0000000100000000)
  eden space 25088K, 33% used [0x00000000d5580000,0x00000000d5dd1818,0x00000000d6e00000)
  from space 5632K, 0% used [0x00000000d7380000,0x00000000d7380000,0x00000000d7900000)
  to   space 5632K, 0% used [0x00000000d6e00000,0x00000000d6e00000,0x00000000d7380000)
 ParOldGen       total 68608K, used 10037K [0x0000000080000000, 0x0000000084300000, 0x00000000d5580000)
  object space 68608K, 14% used [0x0000000080000000,0x00000000809cd540,0x0000000084300000)
 Metaspace       used 21792K, committed 22400K, reserved 1114112K
  class space    used 2092K, committed 2368K, reserved 1048576K

Card table byte_map: [0x0000026274610000,0x0000026274a20000] _byte_map_base: 0x0000026274210000

Marking Bits: (ParMarkBitMap*) 0x00007fff90a14460
 Begin Bits: [0x0000026278110000, 0x000002627a110000)
 End Bits:   [0x000002627a110000, 0x000002627c110000)

Polling page: 0x0000026272e50000

Metaspace:

Usage:
  Non-class:     19.24 MB used.
      Class:      2.04 MB used.
       Both:     21.28 MB used.

Virtual space:
  Non-class space:       64.00 MB reserved,      19.56 MB ( 31%) committed,  1 nodes.
      Class space:        1.00 GB reserved,       2.31 MB ( <1%) committed,  1 nodes.
             Both:        1.06 GB reserved,      21.88 MB (  2%) committed. 

Chunk freelists:
   Non-Class:  12.08 MB
       Class:  13.51 MB
        Both:  25.59 MB

MaxMetaspaceSize: unlimited
CompressedClassSpaceSize: 1.00 GB
Initial GC threshold: 21.00 MB
Current GC threshold: 35.00 MB
CDS: on
 - commit_granule_bytes: 65536.
 - commit_granule_words: 8192.
 - virtual_space_node_default_size: 8388608.
 - enlarge_chunks_in_place: 1.
 - use_allocation_guard: 0.


Internal statistics:

num_allocs_failed_limit: 3.
num_arena_births: 494.
num_arena_deaths: 14.
num_vsnodes_births: 2.
num_vsnodes_deaths: 0.
num_space_committed: 350.
num_space_uncommitted: 0.
num_chunks_returned_to_freelist: 17.
num_chunks_taken_from_freelist: 1317.
num_chunk_merges: 9.
num_chunk_splits: 855.
num_chunks_enlarged: 547.
num_inconsistent_stats: 0.

CodeHeap 'non-profiled nmethods': size=120000Kb used=1227Kb max_used=1227Kb free=118773Kb
 bounds [0x0000026207ad0000, 0x0000026207d40000, 0x000002620f000000]
CodeHeap 'profiled nmethods': size=120000Kb used=5642Kb max_used=5642Kb free=114357Kb
 bounds [0x0000026200000000, 0x0000026200590000, 0x0000026207530000]
CodeHeap 'non-nmethods': size=5760Kb used=1310Kb max_used=1332Kb free=4449Kb
 bounds [0x0000026207530000, 0x00000262077a0000, 0x0000026207ad0000]
CodeCache: size=245760Kb, used=8179Kb, max_used=8201Kb, free=237579Kb
 total_blobs=3409, nmethods=2818, adapters=497, full_count=0
Compilation: enabled, stopped_count=0, restarted_count=0

Compilation events (20 events):
Event: 34.646 Thread 0x000002627da59fa0 2807       4       java.lang.invoke.MethodType::makeImpl (109 bytes)
Event: 34.653 Thread 0x0000026274d19e30 2813       2       java.util.HashSet::contains (9 bytes)
Event: 34.653 Thread 0x0000026274d19e30 nmethod 2813 0x0000026200576d10 code [0x0000026200576ec0, 0x0000026200576ff8]
Event: 34.660 Thread 0x0000026274d19e30 2814       3       java.util.HashSet::isEmpty (8 bytes)
Event: 34.661 Thread 0x0000026274d19e30 nmethod 2814 0x0000026200577090 code [0x0000026200577240, 0x0000026200577488]
Event: 34.661 Thread 0x0000026274d19e30 2816       3       java.lang.Boolean::valueOf (14 bytes)
Event: 34.661 Thread 0x0000026274d19e30 nmethod 2816 0x0000026200577590 code [0x0000026200577740, 0x00000262005778a8]
Event: 34.661 Thread 0x0000026274d19e30 2815       1       java.util.concurrent.atomic.AtomicReference::set (6 bytes)
Event: 34.661 Thread 0x0000026274d19e30 nmethod 2815 0x0000026207c01710 code [0x0000026207c018a0, 0x0000026207c01988]
Event: 35.673 Thread 0x0000026274d19e30 2817       1       java.util.zip.ZipEntry::getName (5 bytes)
Event: 36.682 Thread 0x0000026274d19e30 nmethod 2817 0x0000026207c02210 code [0x0000026207c023a0, 0x0000026207c02468]
Event: 36.682 Thread 0x0000026274d19e30 2818       3       org.eclipse.osgi.storage.bundlefile.ZipBundleFile$1::hasNext (10 bytes)
Event: 36.683 Thread 0x0000026274d19e30 nmethod 2818 0x0000026200577910 code [0x0000026200577ac0, 0x0000026200577c98]
Event: 36.683 Thread 0x0000026274d19e30 2819       3       org.eclipse.osgi.storage.bundlefile.ZipBundleFile$1::next (5 bytes)
Event: 36.684 Thread 0x0000026274d19e30 nmethod 2819 0x0000026200577d90 code [0x0000026200577f60, 0x0000026200578350]
Event: 36.684 Thread 0x0000026274d19e30 2820       3       org.eclipse.osgi.storage.bundlefile.ZipBundleFile$1::next (18 bytes)
Event: 36.684 Thread 0x0000026274d19e30 nmethod 2820 0x0000026200578490 code [0x0000026200578660, 0x00000262005789e8]
Event: 36.900 Thread 0x0000026274d19e30 2827       3       java.util.concurrent.locks.AbstractQueuedSynchronizer::casTail (13 bytes)
Event: 38.706 Thread 0x0000026274d19e30 nmethod 2827 0x0000026200578b10 code [0x0000026200578ca0, 0x0000026200578de0]
Event: 38.706 Thread 0x0000026274d19e30 2828       3       jdk.internal.org.objectweb.asm.Frame::execute (2305 bytes)

GC Heap History (14 events):
Event: 2.229 GC heap before
{Heap before GC invocations=1 (full 0):
 PSYoungGen      total 29696K, used 25600K [0x00000000d5580000, 0x00000000d7680000, 0x0000000100000000)
  eden space 25600K, 100% used [0x00000000d5580000,0x00000000d6e80000,0x00000000d6e80000)
  from space 4096K, 0% used [0x00000000d7280000,0x00000000d7280000,0x00000000d7680000)
  to   space 4096K, 0% used [0x00000000d6e80000,0x00000000d6e80000,0x00000000d7280000)
 ParOldGen       total 68608K, used 0K [0x0000000080000000, 0x0000000084300000, 0x00000000d5580000)
  object space 68608K, 0% used [0x0000000080000000,0x0000000080000000,0x0000000084300000)
 Metaspace       used 4375K, committed 4608K, reserved 1114112K
  class space    used 474K, committed 576K, reserved 1048576K
}
Event: 2.236 GC heap after
{Heap after GC invocations=1 (full 0):
 PSYoungGen      total 29696K, used 3319K [0x00000000d5580000, 0x00000000d7680000, 0x0000000100000000)
  eden space 25600K, 0% used [0x00000000d5580000,0x00000000d5580000,0x00000000d6e80000)
  from space 4096K, 81% used [0x00000000d6e80000,0x00000000d71bdea8,0x00000000d7280000)
  to   space 4096K, 0% used [0x00000000d7280000,0x00000000d7280000,0x00000000d7680000)
 ParOldGen       total 68608K, used 16K [0x0000000080000000, 0x0000000084300000, 0x00000000d5580000)
  object space 68608K, 0% used [0x0000000080000000,0x0000000080004000,0x0000000084300000)
 Metaspace       used 4375K, committed 4608K, reserved 1114112K
  class space    used 474K, committed 576K, reserved 1048576K
}
Event: 22.471 GC heap before
{Heap before GC invocations=2 (full 0):
 PSYoungGen      total 29696K, used 28919K [0x00000000d5580000, 0x00000000d7680000, 0x0000000100000000)
  eden space 25600K, 100% used [0x00000000d5580000,0x00000000d6e80000,0x00000000d6e80000)
  from space 4096K, 81% used [0x00000000d6e80000,0x00000000d71bdea8,0x00000000d7280000)
  to   space 4096K, 0% used [0x00000000d7280000,0x00000000d7280000,0x00000000d7680000)
 ParOldGen       total 68608K, used 16K [0x0000000080000000, 0x0000000084300000, 0x00000000d5580000)
  object space 68608K, 0% used [0x0000000080000000,0x0000000080004000,0x0000000084300000)
 Metaspace       used 8155K, committed 8384K, reserved 1114112K
  class space    used 861K, committed 960K, reserved 1048576K
}
Event: 22.479 GC heap after
{Heap after GC invocations=2 (full 0):
 PSYoungGen      total 29696K, used 4092K [0x00000000d5580000, 0x00000000d7680000, 0x0000000100000000)
  eden space 25600K, 0% used [0x00000000d5580000,0x00000000d5580000,0x00000000d6e80000)
  from space 4096K, 99% used [0x00000000d7280000,0x00000000d767f000,0x00000000d7680000)
  to   space 4096K, 0% used [0x00000000d6e80000,0x00000000d6e80000,0x00000000d7280000)
 ParOldGen       total 68608K, used 1049K [0x0000000080000000, 0x0000000084300000, 0x00000000d5580000)
  object space 68608K, 1% used [0x0000000080000000,0x00000000801066a8,0x0000000084300000)
 Metaspace       used 8155K, committed 8384K, reserved 1114112K
  class space    used 861K, committed 960K, reserved 1048576K
}
Event: 27.382 GC heap before
{Heap before GC invocations=3 (full 0):
 PSYoungGen      total 29696K, used 29692K [0x00000000d5580000, 0x00000000d7680000, 0x0000000100000000)
  eden space 25600K, 100% used [0x00000000d5580000,0x00000000d6e80000,0x00000000d6e80000)
  from space 4096K, 99% used [0x00000000d7280000,0x00000000d767f000,0x00000000d7680000)
  to   space 4096K, 0% used [0x00000000d6e80000,0x00000000d6e80000,0x00000000d7280000)
 ParOldGen       total 68608K, used 1049K [0x0000000080000000, 0x0000000084300000, 0x00000000d5580000)
  object space 68608K, 1% used [0x0000000080000000,0x00000000801066a8,0x0000000084300000)
 Metaspace       used 12958K, committed 13440K, reserved 1114112K
  class space    used 1372K, committed 1600K, reserved 1048576K
}
Event: 27.385 GC heap after
{Heap after GC invocations=3 (full 0):
 PSYoungGen      total 29696K, used 4092K [0x00000000d5580000, 0x00000000d7680000, 0x0000000100000000)
  eden space 25600K, 0% used [0x00000000d5580000,0x00000000d5580000,0x00000000d6e80000)
  from space 4096K, 99% used [0x00000000d6e80000,0x00000000d727f3d8,0x00000000d7280000)
  to   space 4096K, 0% used [0x00000000d7280000,0x00000000d7280000,0x00000000d7680000)
 ParOldGen       total 68608K, used 2759K [0x0000000080000000, 0x0000000084300000, 0x00000000d5580000)
  object space 68608K, 4% used [0x0000000080000000,0x00000000802b1f00,0x0000000084300000)
 Metaspace       used 12958K, committed 13440K, reserved 1114112K
  class space    used 1372K, committed 1600K, reserved 1048576K
}
Event: 27.795 GC heap before
{Heap before GC invocations=4 (full 0):
 PSYoungGen      total 29696K, used 29692K [0x00000000d5580000, 0x00000000d7680000, 0x0000000100000000)
  eden space 25600K, 100% used [0x00000000d5580000,0x00000000d6e80000,0x00000000d6e80000)
  from space 4096K, 99% used [0x00000000d6e80000,0x00000000d727f3d8,0x00000000d7280000)
  to   space 4096K, 0% used [0x00000000d7280000,0x00000000d7280000,0x00000000d7680000)
 ParOldGen       total 68608K, used 2759K [0x0000000080000000, 0x0000000084300000, 0x00000000d5580000)
  object space 68608K, 4% used [0x0000000080000000,0x00000000802b1f00,0x0000000084300000)
 Metaspace       used 16066K, committed 16704K, reserved 1114112K
  class space    used 1669K, committed 1920K, reserved 1048576K
}
Event: 27.799 GC heap after
{Heap after GC invocations=4 (full 0):
 PSYoungGen      total 29696K, used 4075K [0x00000000d5580000, 0x00000000d7680000, 0x0000000100000000)
  eden space 25600K, 0% used [0x00000000d5580000,0x00000000d5580000,0x00000000d6e80000)
  from space 4096K, 99% used [0x00000000d7280000,0x00000000d767aee8,0x00000000d7680000)
  to   space 4096K, 0% used [0x00000000d6e80000,0x00000000d6e80000,0x00000000d7280000)
 ParOldGen       total 68608K, used 5814K [0x0000000080000000, 0x0000000084300000, 0x00000000d5580000)
  object space 68608K, 8% used [0x0000000080000000,0x00000000805ada70,0x0000000084300000)
 Metaspace       used 16066K, committed 16704K, reserved 1114112K
  class space    used 1669K, committed 1920K, reserved 1048576K
}
Event: 31.132 GC heap before
{Heap before GC invocations=5 (full 0):
 PSYoungGen      total 29696K, used 29675K [0x00000000d5580000, 0x00000000d7680000, 0x0000000100000000)
  eden space 25600K, 100% used [0x00000000d5580000,0x00000000d6e80000,0x00000000d6e80000)
  from space 4096K, 99% used [0x00000000d7280000,0x00000000d767aee8,0x00000000d7680000)
  to   space 4096K, 0% used [0x00000000d6e80000,0x00000000d6e80000,0x00000000d7280000)
 ParOldGen       total 68608K, used 5814K [0x0000000080000000, 0x0000000084300000, 0x00000000d5580000)
  object space 68608K, 8% used [0x0000000080000000,0x00000000805ada70,0x0000000084300000)
 Metaspace       used 20095K, committed 20736K, reserved 1114112K
  class space    used 1964K, committed 2240K, reserved 1048576K
}
Event: 31.138 GC heap after
{Heap after GC invocations=5 (full 0):
 PSYoungGen      total 29184K, used 4077K [0x00000000d5580000, 0x00000000d7900000, 0x0000000100000000)
  eden space 25088K, 0% used [0x00000000d5580000,0x00000000d5580000,0x00000000d6e00000)
  from space 4096K, 99% used [0x00000000d6e80000,0x00000000d727b6c8,0x00000000d7280000)
  to   space 5632K, 0% used [0x00000000d7380000,0x00000000d7380000,0x00000000d7900000)
 ParOldGen       total 68608K, used 6091K [0x0000000080000000, 0x0000000084300000, 0x00000000d5580000)
  object space 68608K, 8% used [0x0000000080000000,0x00000000805f2ce0,0x0000000084300000)
 Metaspace       used 20095K, committed 20736K, reserved 1114112K
  class space    used 1964K, committed 2240K, reserved 1048576K
}
Event: 33.442 GC heap before
{Heap before GC invocations=6 (full 0):
 PSYoungGen      total 29184K, used 22753K [0x00000000d5580000, 0x00000000d7900000, 0x0000000100000000)
  eden space 25088K, 74% used [0x00000000d5580000,0x00000000d67bcd48,0x00000000d6e00000)
  from space 4096K, 99% used [0x00000000d6e80000,0x00000000d727b6c8,0x00000000d7280000)
  to   space 5632K, 0% used [0x00000000d7380000,0x00000000d7380000,0x00000000d7900000)
 ParOldGen       total 68608K, used 6091K [0x0000000080000000, 0x0000000084300000, 0x00000000d5580000)
  object space 68608K, 8% used [0x0000000080000000,0x00000000805f2ce0,0x0000000084300000)
 Metaspace       used 20951K, committed 21504K, reserved 1114112K
  class space    used 2009K, committed 2240K, reserved 1048576K
}
Event: 33.452 GC heap after
{Heap after GC invocations=6 (full 0):
 PSYoungGen      total 30720K, used 5156K [0x00000000d5580000, 0x00000000d7900000, 0x0000000100000000)
  eden space 25088K, 0% used [0x00000000d5580000,0x00000000d5580000,0x00000000d6e00000)
  from space 5632K, 91% used [0x00000000d7380000,0x00000000d78893d0,0x00000000d7900000)
  to   space 5632K, 0% used [0x00000000d6e00000,0x00000000d6e00000,0x00000000d7380000)
 ParOldGen       total 68608K, used 6880K [0x0000000080000000, 0x0000000084300000, 0x00000000d5580000)
  object space 68608K, 10% used [0x0000000080000000,0x00000000806b81f0,0x0000000084300000)
 Metaspace       used 20951K, committed 21504K, reserved 1114112K
  class space    used 2009K, committed 2240K, reserved 1048576K
}
Event: 33.452 GC heap before
{Heap before GC invocations=7 (full 1):
 PSYoungGen      total 30720K, used 5156K [0x00000000d5580000, 0x00000000d7900000, 0x0000000100000000)
  eden space 25088K, 0% used [0x00000000d5580000,0x00000000d5580000,0x00000000d6e00000)
  from space 5632K, 91% used [0x00000000d7380000,0x00000000d78893d0,0x00000000d7900000)
  to   space 5632K, 0% used [0x00000000d6e00000,0x00000000d6e00000,0x00000000d7380000)
 ParOldGen       total 68608K, used 6880K [0x0000000080000000, 0x0000000084300000, 0x00000000d5580000)
  object space 68608K, 10% used [0x0000000080000000,0x00000000806b81f0,0x0000000084300000)
 Metaspace       used 20951K, committed 21504K, reserved 1114112K
  class space    used 2009K, committed 2240K, reserved 1048576K
}
Event: 34.486 GC heap after
{Heap after GC invocations=7 (full 1):
 PSYoungGen      total 30720K, used 0K [0x00000000d5580000, 0x00000000d7900000, 0x0000000100000000)
  eden space 25088K, 0% used [0x00000000d5580000,0x00000000d5580000,0x00000000d6e00000)
  from space 5632K, 0% used [0x00000000d7380000,0x00000000d7380000,0x00000000d7900000)
  to   space 5632K, 0% used [0x00000000d6e00000,0x00000000d6e00000,0x00000000d7380000)
 ParOldGen       total 68608K, used 10037K [0x0000000080000000, 0x0000000084300000, 0x00000000d5580000)
  object space 68608K, 14% used [0x0000000080000000,0x00000000809cd540,0x0000000084300000)
 Metaspace       used 20938K, committed 21504K, reserved 1114112K
  class space    used 2006K, committed 2240K, reserved 1048576K
}

Dll operation events (9 events):
Event: 0.110 Loaded shared library c:\Users\PAULO ROBERTO\.vscode\extensions\redhat.java-1.55.0-win32-x64\jre\21.0.11-win32-x86_64\bin\java.dll
Event: 0.219 Loaded shared library c:\Users\PAULO ROBERTO\.vscode\extensions\redhat.java-1.55.0-win32-x64\jre\21.0.11-win32-x86_64\bin\zip.dll
Event: 0.248 Loaded shared library C:\Users\PAULO ROBERTO\.vscode\extensions\redhat.java-1.55.0-win32-x64\jre\21.0.11-win32-x86_64\bin\instrument.dll
Event: 0.257 Loaded shared library C:\Users\PAULO ROBERTO\.vscode\extensions\redhat.java-1.55.0-win32-x64\jre\21.0.11-win32-x86_64\bin\net.dll
Event: 0.260 Loaded shared library C:\Users\PAULO ROBERTO\.vscode\extensions\redhat.java-1.55.0-win32-x64\jre\21.0.11-win32-x86_64\bin\nio.dll
Event: 0.262 Loaded shared library C:\Users\PAULO ROBERTO\.vscode\extensions\redhat.java-1.55.0-win32-x64\jre\21.0.11-win32-x86_64\bin\zip.dll
Event: 0.286 Loaded shared library C:\Users\PAULO ROBERTO\.vscode\extensions\redhat.java-1.55.0-win32-x64\jre\21.0.11-win32-x86_64\bin\jimage.dll
Event: 0.483 Loaded shared library c:\Users\PAULO ROBERTO\.vscode\extensions\redhat.java-1.55.0-win32-x64\jre\21.0.11-win32-x86_64\bin\verify.dll
Event: 26.663 Loaded shared library C:\Users\PAULO ROBERTO\AppData\Roaming\Code\User\globalStorage\redhat.java\1.55.0\config_ss_win\org.eclipse.equinox.launcher\org.eclipse.equinox.launcher.win32.win32.x86_64_1.3.100.v20260613-0559\eclipse_11924.dll

Deoptimization events (20 events):
Event: 34.618 Thread 0x0000026274d0b180 Uncommon trap: trap_request=0xffffffc6 fr.pc=0x0000026207b829e0 relative=0x0000000000000a60
Event: 34.618 Thread 0x0000026274d0b180 Uncommon trap: reason=bimorphic_or_optimized_type_check action=maybe_recompile pc=0x0000026207b829e0 method=java.util.HashMap.putVal(ILjava/lang/Object;Ljava/lang/Object;ZZ)Ljava/lang/Object; @ 56 c2
Event: 34.618 Thread 0x0000026274d0b180 DEOPT PACKING pc=0x0000026207b829e0 sp=0x000000ae60ffda00
Event: 34.618 Thread 0x0000026274d0b180 DEOPT UNPACKING pc=0x0000026207583aa2 sp=0x000000ae60ffd900 mode 2
Event: 34.618 Thread 0x0000026274d0b180 Uncommon trap: trap_request=0xffffffc6 fr.pc=0x0000026207b829e0 relative=0x0000000000000a60
Event: 34.618 Thread 0x0000026274d0b180 Uncommon trap: reason=bimorphic_or_optimized_type_check action=maybe_recompile pc=0x0000026207b829e0 method=java.util.HashMap.putVal(ILjava/lang/Object;Ljava/lang/Object;ZZ)Ljava/lang/Object; @ 56 c2
Event: 34.618 Thread 0x0000026274d0b180 DEOPT PACKING pc=0x0000026207b829e0 sp=0x000000ae60ffda00
Event: 34.618 Thread 0x0000026274d0b180 DEOPT UNPACKING pc=0x0000026207583aa2 sp=0x000000ae60ffd900 mode 2
Event: 34.618 Thread 0x0000026274d0b180 Uncommon trap: trap_request=0xffffffc6 fr.pc=0x0000026207b829e0 relative=0x0000000000000a60
Event: 34.618 Thread 0x0000026274d0b180 Uncommon trap: reason=bimorphic_or_optimized_type_check action=maybe_recompile pc=0x0000026207b829e0 method=java.util.HashMap.putVal(ILjava/lang/Object;Ljava/lang/Object;ZZ)Ljava/lang/Object; @ 56 c2
Event: 34.618 Thread 0x0000026274d0b180 DEOPT PACKING pc=0x0000026207b829e0 sp=0x000000ae60ffda00
Event: 34.618 Thread 0x0000026274d0b180 DEOPT UNPACKING pc=0x0000026207583aa2 sp=0x000000ae60ffd900 mode 2
Event: 34.618 Thread 0x0000026274d0b180 Uncommon trap: trap_request=0xffffffc6 fr.pc=0x0000026207b829e0 relative=0x0000000000000a60
Event: 34.618 Thread 0x0000026274d0b180 Uncommon trap: reason=bimorphic_or_optimized_type_check action=maybe_recompile pc=0x0000026207b829e0 method=java.util.HashMap.putVal(ILjava/lang/Object;Ljava/lang/Object;ZZ)Ljava/lang/Object; @ 56 c2
Event: 34.618 Thread 0x0000026274d0b180 DEOPT PACKING pc=0x0000026207b829e0 sp=0x000000ae60ffda00
Event: 34.618 Thread 0x0000026274d0b180 DEOPT UNPACKING pc=0x0000026207583aa2 sp=0x000000ae60ffd900 mode 2
Event: 34.634 Thread 0x0000026274d0b180 Uncommon trap: trap_request=0xffffff45 fr.pc=0x0000026207bfdcb8 relative=0x00000000000009b8
Event: 34.634 Thread 0x0000026274d0b180 Uncommon trap: reason=unstable_if action=reinterpret pc=0x0000026207bfdcb8 method=java.util.regex.Pattern$BmpCharPropertyGreedy.match(Ljava/util/regex/Matcher;ILjava/lang/CharSequence;)Z @ 12 c2
Event: 34.634 Thread 0x0000026274d0b180 DEOPT PACKING pc=0x0000026207bfdcb8 sp=0x000000ae60ffd560
Event: 34.634 Thread 0x0000026274d0b180 DEOPT UNPACKING pc=0x0000026207583aa2 sp=0x000000ae60ffd428 mode 2

Classes loaded (20 events):
Event: 34.646 Loading class sun/nio/ch/ChannelOutputStream done
Event: 34.646 Loading class sun/nio/ch/Util
Event: 34.646 Loading class sun/nio/ch/Util done
Event: 34.646 Loading class sun/nio/ch/Util$1
Event: 34.646 Loading class sun/nio/ch/Util$1 done
Event: 34.646 Loading class sun/nio/ch/Util$BufferCache
Event: 34.646 Loading class sun/nio/ch/Util$BufferCache done
Event: 34.646 Loading class java/nio/DirectByteBuffer$Deallocator
Event: 34.647 Loading class java/nio/DirectByteBuffer$Deallocator done
Event: 34.647 Loading class sun/nio/ch/IOStatus
Event: 34.647 Loading class sun/nio/ch/IOStatus done
Event: 34.647 Loading class java/nio/file/StandardCopyOption
Event: 34.647 Loading class java/nio/file/StandardCopyOption done
Event: 34.647 Loading class sun/nio/fs/WindowsFileCopy
Event: 34.647 Loading class sun/nio/fs/WindowsFileCopy done
Event: 40.726 Loading class java/util/UUID$Holder
Event: 40.726 Loading class java/util/UUID$Holder done
Event: 40.726 Loading class java/security/SecureRandom
Event: 40.726 Loading class java/security/SecureRandom done
Event: 40.727 Loading class sun/security/provider/DRBG

Classes unloaded (7 events):
Event: 34.445 Thread 0x0000026274cfe800 Unloading class 0x0000026210190c00 'java/lang/invoke/LambdaForm$MH+0x0000026210190c00'
Event: 34.445 Thread 0x0000026274cfe800 Unloading class 0x0000026210190800 'java/lang/invoke/LambdaForm$MH+0x0000026210190800'
Event: 34.445 Thread 0x0000026274cfe800 Unloading class 0x0000026210190400 'java/lang/invoke/LambdaForm$MH+0x0000026210190400'
Event: 34.445 Thread 0x0000026274cfe800 Unloading class 0x0000026210190000 'java/lang/invoke/LambdaForm$MH+0x0000026210190000'
Event: 34.445 Thread 0x0000026274cfe800 Unloading class 0x000002621018fc00 'java/lang/invoke/LambdaForm$BMH+0x000002621018fc00'
Event: 34.445 Thread 0x0000026274cfe800 Unloading class 0x000002621018f800 'java/lang/invoke/LambdaForm$DMH+0x000002621018f800'
Event: 34.445 Thread 0x0000026274cfe800 Unloading class 0x000002621018e400 'java/lang/invoke/LambdaForm$DMH+0x000002621018e400'

Classes redefined (0 events):
No events

Internal exceptions (20 events):
Event: 27.589 Thread 0x0000026274d0b180 Exception <a 'java/lang/NoSuchMethodError'{0x00000000d5e187f8}: 'java.lang.Object java.lang.invoke.DirectMethodHandle$Holder.newInvokeSpecial(java.lang.Object, java.lang.Object, java.lang.Object, long)'> (0x00000000d5e187f8) 
thrown [s\src\hotspot\share\interpreter\linkResolver.cpp, line 773]
Event: 27.590 Thread 0x0000026274d0b180 Exception <a 'java/lang/NoSuchMethodError'{0x00000000d5e1cba8}: 'java.lang.Object java.lang.invoke.DirectMethodHandle$Holder.invokeSpecial(java.lang.Object, java.lang.Object, java.lang.Object, java.lang.Object, long)'> (0x00000000d5e1cba8) 
thrown [s\src\hotspot\share\interpreter\linkResolver.cpp, line 773]
Event: 27.590 Thread 0x0000026274d0b180 Exception <a 'java/lang/NoSuchMethodError'{0x00000000d5e207c8}: 'java.lang.Object java.lang.invoke.Invokers$Holder.linkToTargetMethod(java.lang.Object, java.lang.Object, long, java.lang.Object)'> (0x00000000d5e207c8) 
thrown [s\src\hotspot\share\interpreter\linkResolver.cpp, line 773]
Event: 27.601 Thread 0x0000026274d0b180 Exception <a 'java/lang/NoSuchMethodError'{0x00000000d5e92778}: 'int java.lang.invoke.DirectMethodHandle$Holder.invokeStaticInit(java.lang.Object, java.lang.Object, java.lang.Object)'> (0x00000000d5e92778) 
thrown [s\src\hotspot\share\interpreter\linkResolver.cpp, line 773]
Event: 27.616 Thread 0x0000026274d0b180 Exception <a 'java/lang/IncompatibleClassChangeError'{0x00000000d5f2d9d8}: Found class java.lang.Object, but interface was expected> (0x00000000d5f2d9d8) 
thrown [s\src\hotspot\share\interpreter\linkResolver.cpp, line 840]
Event: 27.617 Thread 0x0000026274d0b180 Exception <a 'java/lang/NoSuchMethodError'{0x00000000d5f31588}: 'java.lang.Object java.lang.invoke.DirectMethodHandle$Holder.invokeSpecial(java.lang.Object, java.lang.Object, java.lang.Object, int, java.lang.Object, java.lang.Object)'> (0x00000000d5f31588) 
thrown [s\src\hotspot\share\interpreter\linkResolver.cpp, line 773]
Event: 27.618 Thread 0x0000026274d0b180 Exception <a 'java/lang/NoSuchMethodError'{0x00000000d5f39060}: 'java.lang.Object java.lang.invoke.DirectMethodHandle$Holder.newInvokeSpecial(java.lang.Object, java.lang.Object, java.lang.Object, int, java.lang.Object)'> (0x00000000d5f39060) 
thrown [s\src\hotspot\share\interpreter\linkResolver.cpp, line 773]
Event: 27.619 Thread 0x0000026274d0b180 Exception <a 'java/lang/NoSuchMethodError'{0x00000000d5f3cfe0}: 'java.lang.Object java.lang.invoke.DirectMethodHandle$Holder.invokeSpecial(java.lang.Object, java.lang.Object, java.lang.Object, java.lang.Object, int, java.lang.Object)'> (0x00000000d5f3cfe0) 
thrown [s\src\hotspot\share\interpreter\linkResolver.cpp, line 773]
Event: 27.619 Thread 0x0000026274d0b180 Exception <a 'java/lang/NoSuchMethodError'{0x00000000d5f40b20}: 'java.lang.Object java.lang.invoke.Invokers$Holder.linkToTargetMethod(java.lang.Object, java.lang.Object, int, java.lang.Object, java.lang.Object)'> (0x00000000d5f40b20) 
thrown [s\src\hotspot\share\interpreter\linkResolver.cpp, line 773]
Event: 27.619 Thread 0x0000026254054810 Exception <a 'java/lang/NoSuchMethodError'{0x00000000d5e5e888}: 'java.lang.Object java.lang.invoke.DirectMethodHandle$Holder.invokeSpecial(java.lang.Object, java.lang.Object, int, java.lang.Object, java.lang.Object)'> (0x00000000d5e5e888) 
thrown [s\src\hotspot\share\interpreter\linkResolver.cpp, line 773]
Event: 27.620 Thread 0x0000026254054810 Exception <a 'java/lang/NoSuchMethodError'{0x00000000d5e655c0}: 'java.lang.Object java.lang.invoke.DirectMethodHandle$Holder.newInvokeSpecial(java.lang.Object, java.lang.Object, int, java.lang.Object)'> (0x00000000d5e655c0) 
thrown [s\src\hotspot\share\interpreter\linkResolver.cpp, line 773]
Event: 27.620 Thread 0x0000026254054810 Exception <a 'java/lang/NoSuchMethodError'{0x00000000d5e68ea0}: 'java.lang.Object java.lang.invoke.DirectMethodHandle$Holder.invokeSpecial(java.lang.Object, java.lang.Object, java.lang.Object, int, java.lang.Object)'> (0x00000000d5e68ea0) 
thrown [s\src\hotspot\share\interpreter\linkResolver.cpp, line 773]
Event: 27.644 Thread 0x0000026274d0b180 Exception <a 'java/lang/NoSuchMethodError'{0x00000000d6091b08}: 'void java.lang.invoke.DirectMethodHandle$Holder.invokeSpecial(java.lang.Object, java.lang.Object, java.lang.Object, java.lang.Object, java.lang.Object)'> (0x00000000d6091b08) 
thrown [s\src\hotspot\share\interpreter\linkResolver.cpp, line 773]
Event: 27.698 Thread 0x0000026274d0b180 Exception <a 'java/lang/NoSuchMethodError'{0x00000000d63620d0}: 'double java.lang.invoke.DirectMethodHandle$Holder.invokeStatic(java.lang.Object, java.lang.Object)'> (0x00000000d63620d0) 
thrown [s\src\hotspot\share\interpreter\linkResolver.cpp, line 773]
Event: 27.698 Thread 0x0000026274d0b180 Exception <a 'java/lang/NoSuchMethodError'{0x00000000d6365790}: 'double java.lang.invoke.DirectMethodHandle$Holder.invokeStaticInit(java.lang.Object, java.lang.Object)'> (0x00000000d6365790) 
thrown [s\src\hotspot\share\interpreter\linkResolver.cpp, line 773]
Event: 27.980 Thread 0x0000026274d0b180 Implicit null exception at 0x0000026207be2ef5 to 0x0000026207be2fd0
Event: 31.232 Thread 0x0000026274d0b180 Exception <a 'java/io/FileNotFoundException'{0x00000000d625ba38}> (0x00000000d625ba38) 
thrown [s\src\hotspot\share\prims\jni.cpp, line 520]
Event: 31.232 Thread 0x0000026274d0b180 Exception <a 'java/io/FileNotFoundException'{0x00000000d625cab0}> (0x00000000d625cab0) 
thrown [s\src\hotspot\share\prims\jni.cpp, line 520]
Event: 34.585 Thread 0x0000026274d0b180 Exception <a 'java/lang/NoSuchMethodError'{0x00000000d581fc80}: 'java.lang.Object java.lang.invoke.DirectMethodHandle$Holder.newInvokeSpecial(java.lang.Object, int, java.lang.Object, java.lang.Object)'> (0x00000000d581fc80) 
thrown [s\src\hotspot\share\interpreter\linkResolver.cpp, line 773]
Event: 34.628 Thread 0x0000026274d0b180 Exception <a 'sun/nio/fs/WindowsException'{0x00000000d5a032e0}> (0x00000000d5a032e0) 
thrown [s\src\hotspot\share\prims\jni.cpp, line 520]

ZGC Phase Switch (0 events):
No events

VM Operations (20 events):
Event: 27.481 Executing non-safepoint VM operation: HandshakeAllThreads (Deoptimize)
Event: 27.482 Executing non-safepoint VM operation: HandshakeAllThreads (Deoptimize) done
Event: 27.795 Executing safepoint VM operation: ParallelGCFailedAllocation (Allocation Failure)
Event: 27.799 Executing safepoint VM operation: ParallelGCFailedAllocation (Allocation Failure) done
Event: 28.813 Executing safepoint VM operation: Cleanup
Event: 30.061 Executing safepoint VM operation: Cleanup done
Event: 31.132 Executing safepoint VM operation: ParallelGCFailedAllocation (Allocation Failure)
Event: 31.138 Executing safepoint VM operation: ParallelGCFailedAllocation (Allocation Failure) done
Event: 32.141 Executing safepoint VM operation: Cleanup
Event: 32.310 Executing safepoint VM operation: Cleanup done
Event: 33.315 Executing safepoint VM operation: Cleanup
Event: 33.315 Executing safepoint VM operation: Cleanup done
Event: 33.442 Executing safepoint VM operation: CollectForMetadataAllocation (Metadata GC Threshold)
Event: 34.486 Executing safepoint VM operation: CollectForMetadataAllocation (Metadata GC Threshold) done
Event: 34.617 Executing non-safepoint VM operation: HandshakeAllThreads (Deoptimize)
Event: 34.617 Executing non-safepoint VM operation: HandshakeAllThreads (Deoptimize) done
Event: 35.626 Executing safepoint VM operation: Cleanup
Event: 35.626 Executing safepoint VM operation: Cleanup done
Event: 35.679 Executing non-safepoint VM operation: HandshakeAllThreads (Deoptimize)
Event: 36.698 Executing non-safepoint VM operation: HandshakeAllThreads (Deoptimize) done

Memory protections (0 events):
No events

Nmethod flushes (0 events):
No events

Events (20 events):
Event: 1.707 Thread 0x0000026274d19e30 Thread added: 0x000002627dc2c4e0
Event: 1.772 Thread 0x0000026274d19e30 Thread added: 0x000002627eb44fe0
Event: 2.009 Thread 0x000002627eb44fe0 Thread exited: 0x000002627eb44fe0
Event: 2.047 Thread 0x000002627dc2c4e0 Thread exited: 0x000002627dc2c4e0
Event: 2.060 Thread 0x0000026274d19e30 Thread added: 0x000002627dd99040
Event: 2.518 Thread 0x0000026274d19e30 Thread added: 0x000002627f04eb30
Event: 2.820 Thread 0x0000026274c5c010 Thread added: 0x0000026274d0aaf0
Event: 8.054 Thread 0x000002627f04eb30 Thread exited: 0x000002627f04eb30
Event: 8.055 Thread 0x000002627dd99040 Thread exited: 0x000002627dd99040
Event: 22.432 Thread 0x0000026274c5c010 Thread added: 0x0000026274d0b810
Event: 22.440 Thread 0x0000026274c5c010 Thread added: 0x0000026274d0b180
Event: 22.491 Thread 0x0000026274d0b180 Thread added: 0x0000026254055bc0
Event: 27.039 Thread 0x0000026274d19e30 Thread added: 0x00000262540b9260
Event: 27.040 Thread 0x0000026274d19e30 Thread added: 0x00000262540fde50
Event: 27.284 Thread 0x0000026274d0b180 Thread added: 0x00000262540568e0
Event: 27.594 Thread 0x0000026274d0b180 Thread added: 0x0000026254054810
Event: 27.620 Thread 0x00000262540fde50 Thread exited: 0x00000262540fde50
Event: 27.620 Thread 0x0000026274d0b180 Thread added: 0x0000026254056f70
Event: 34.547 Thread 0x0000026274d0b180 Thread added: 0x0000026254053af0
Event: 34.651 Thread 0x0000026254053af0 Thread exited: 0x0000026254053af0


Dynamic libraries:
0x00007ff6b9340000 - 0x00007ff6b934e000 	c:\Users\PAULO ROBERTO\.vscode\extensions\redhat.java-1.55.0-win32-x64\jre\21.0.11-win32-x86_64\bin\java.exe
0x00007ff86cac0000 - 0x00007ff86cd26000 	C:\WINDOWS\SYSTEM32\ntdll.dll
0x00007ff86b8d0000 - 0x00007ff86b999000 	C:\WINDOWS\System32\KERNEL32.DLL
0x00007ff86a0e0000 - 0x00007ff86a4df000 	C:\WINDOWS\System32\KERNELBASE.dll
0x00007ff86a5a0000 - 0x00007ff86a6ec000 	C:\WINDOWS\System32\ucrtbase.dll
0x00007ff85c1e0000 - 0x00007ff85c1fe000 	c:\Users\PAULO ROBERTO\.vscode\extensions\redhat.java-1.55.0-win32-x64\jre\21.0.11-win32-x86_64\bin\VCRUNTIME140.dll
0x00007ff85bf60000 - 0x00007ff85bf78000 	c:\Users\PAULO ROBERTO\.vscode\extensions\redhat.java-1.55.0-win32-x64\jre\21.0.11-win32-x86_64\bin\jli.dll
0x00007ff86b0d0000 - 0x00007ff86b296000 	C:\WINDOWS\System32\USER32.dll
0x00007ff86a700000 - 0x00007ff86a727000 	C:\WINDOWS\System32\win32u.dll
0x00007ff849300000 - 0x00007ff849591000 	C:\WINDOWS\WinSxS\amd64_microsoft.windows.common-controls_6595b64144ccf1df_6.0.26100.8972_none_3e0da176e32f9d4b\COMCTL32.dll
0x00007ff86a7f0000 - 0x00007ff86a81b000 	C:\WINDOWS\System32\GDI32.dll
0x00007ff869e20000 - 0x00007ff869f49000 	C:\WINDOWS\System32\gdi32full.dll
0x00007ff86a4f0000 - 0x00007ff86a593000 	C:\WINDOWS\System32\msvcp_win.dll
0x00007ff86c8b0000 - 0x00007ff86c959000 	C:\WINDOWS\System32\msvcrt.dll
0x00007ff86add0000 - 0x00007ff86ae02000 	C:\WINDOWS\System32\IMM32.DLL
0x00007ff85ed60000 - 0x00007ff85ed6c000 	c:\Users\PAULO ROBERTO\.vscode\extensions\redhat.java-1.55.0-win32-x64\jre\21.0.11-win32-x86_64\bin\vcruntime140_1.dll
0x00007ff84eb70000 - 0x00007ff84ebfd000 	c:\Users\PAULO ROBERTO\.vscode\extensions\redhat.java-1.55.0-win32-x64\jre\21.0.11-win32-x86_64\bin\msvcp140.dll
0x00007fff8fd50000 - 0x00007fff90af2000 	c:\Users\PAULO ROBERTO\.vscode\extensions\redhat.java-1.55.0-win32-x64\jre\21.0.11-win32-x86_64\bin\server\jvm.dll
0x00007ff86c7e0000 - 0x00007ff86c89c000 	C:\WINDOWS\System32\ADVAPI32.dll
0x00007ff86bd80000 - 0x00007ff86be29000 	C:\WINDOWS\System32\sechost.dll
0x00007ff86c6c0000 - 0x00007ff86c7d8000 	C:\WINDOWS\System32\RPCRT4.dll
0x00007ff86b3b0000 - 0x00007ff86b432000 	C:\WINDOWS\System32\WS2_32.dll
0x00007ff868f10000 - 0x00007ff868f6e000 	C:\WINDOWS\SYSTEM32\POWRPROF.dll
0x00007ff8558a0000 - 0x00007ff8558d6000 	C:\WINDOWS\SYSTEM32\WINMM.dll
0x00007ff859f00000 - 0x00007ff859f0b000 	C:\WINDOWS\SYSTEM32\VERSION.dll
0x00007ff868da0000 - 0x00007ff868db5000 	C:\WINDOWS\SYSTEM32\UMPDC.dll
0x00007ff868980000 - 0x00007ff86899b000 	C:\WINDOWS\SYSTEM32\kernel.appcore.dll
0x00007ff85ea30000 - 0x00007ff85ea3a000 	c:\Users\PAULO ROBERTO\.vscode\extensions\redhat.java-1.55.0-win32-x64\jre\21.0.11-win32-x86_64\bin\jimage.dll
0x00007ff8671c0000 - 0x00007ff867402000 	C:\WINDOWS\SYSTEM32\DBGHELP.DLL
0x00007ff86a820000 - 0x00007ff86aba5000 	C:\WINDOWS\System32\combase.dll
0x00007ff86c5e0000 - 0x00007ff86c6b9000 	C:\WINDOWS\System32\OLEAUT32.dll
0x00007ff856850000 - 0x00007ff85688b000 	C:\WINDOWS\SYSTEM32\dbgcore.DLL
0x00007ff86a730000 - 0x00007ff86a7dc000 	C:\WINDOWS\System32\bcryptPrimitives.dll
0x00007ff85cdd0000 - 0x00007ff85cddf000 	c:\Users\PAULO ROBERTO\.vscode\extensions\redhat.java-1.55.0-win32-x64\jre\21.0.11-win32-x86_64\bin\instrument.dll
0x00007ff85bde0000 - 0x00007ff85be00000 	c:\Users\PAULO ROBERTO\.vscode\extensions\redhat.java-1.55.0-win32-x64\jre\21.0.11-win32-x86_64\bin\java.dll
0x00007ff86be50000 - 0x00007ff86c5d8000 	C:\WINDOWS\System32\SHELL32.dll
0x00007ff867760000 - 0x00007ff867ffb000 	C:\WINDOWS\SYSTEM32\windows.storage.dll
0x00007ff86bc80000 - 0x00007ff86bd79000 	C:\WINDOWS\System32\SHCORE.dll
0x00007ff86ad60000 - 0x00007ff86adc6000 	C:\WINDOWS\System32\shlwapi.dll
0x00007ff869bf0000 - 0x00007ff869c19000 	C:\WINDOWS\SYSTEM32\profapi.dll
0x00007ff85bca0000 - 0x00007ff85bcb8000 	c:\Users\PAULO ROBERTO\.vscode\extensions\redhat.java-1.55.0-win32-x64\jre\21.0.11-win32-x86_64\bin\zip.dll
0x00007ff85e9b0000 - 0x00007ff85e9c0000 	C:\Users\PAULO ROBERTO\.vscode\extensions\redhat.java-1.55.0-win32-x64\jre\21.0.11-win32-x86_64\bin\net.dll
0x00007ff858a80000 - 0x00007ff858ba7000 	C:\WINDOWS\SYSTEM32\WINHTTP.dll
0x00007ff869030000 - 0x00007ff86909c000 	C:\WINDOWS\system32\mswsock.dll
0x00007ff85b7d0000 - 0x00007ff85b7e6000 	C:\Users\PAULO ROBERTO\.vscode\extensions\redhat.java-1.55.0-win32-x64\jre\21.0.11-win32-x86_64\bin\nio.dll
0x00007ff85c270000 - 0x00007ff85c280000 	c:\Users\PAULO ROBERTO\.vscode\extensions\redhat.java-1.55.0-win32-x64\jre\21.0.11-win32-x86_64\bin\verify.dll
0x00007ff84b720000 - 0x00007ff84b765000 	C:\Users\PAULO ROBERTO\AppData\Roaming\Code\User\globalStorage\redhat.java\1.55.0\config_ss_win\org.eclipse.equinox.launcher\org.eclipse.equinox.launcher.win32.win32.x86_64_1.3.100.v20260613-0559\eclipse_11924.dll
0x00007ff86abc0000 - 0x00007ff86ad59000 	C:\WINDOWS\System32\ole32.dll
0x00007ff869450000 - 0x00007ff86946b000 	C:\WINDOWS\SYSTEM32\CRYPTSP.dll
0x00007ff8688e0000 - 0x00007ff868919000 	C:\WINDOWS\system32\rsaenh.dll
0x00007ff8690e0000 - 0x00007ff869112000 	C:\WINDOWS\SYSTEM32\USERENV.dll
0x00007ff869bc0000 - 0x00007ff869bea000 	C:\WINDOWS\SYSTEM32\bcrypt.dll
0x00007ff869290000 - 0x00007ff86929c000 	C:\WINDOWS\SYSTEM32\CRYPTBASE.dll

JVMTI agents:
c:\Users\PAULO ROBERTO\.vscode\extensions\redhat.java-1.55.0-win32-x64\lombok\lombok-1.18.39-4050.jar path:c:\Users\PAULO ROBERTO\.vscode\extensions\redhat.java-1.55.0-win32-x64\jre\21.0.11-win32-x86_64\bin\instrument.dll, loaded, initialized, instrumentlib options:none

dbghelp: loaded successfully - version: 4.0.5 - missing functions: none
symbol engine: initialized successfully - sym options: 0x614 - pdb path: .;c:\Users\PAULO ROBERTO\.vscode\extensions\redhat.java-1.55.0-win32-x64\jre\21.0.11-win32-x86_64\bin;C:\WINDOWS\SYSTEM32;C:\WINDOWS\WinSxS\amd64_microsoft.windows.common-controls_6595b64144ccf1df_6.0.26100.8972_none_3e0da176e32f9d4b;c:\Users\PAULO ROBERTO\.vscode\extensions\redhat.java-1.55.0-win32-x64\jre\21.0.11-win32-x86_64\bin\server;C:\Users\PAULO ROBERTO\AppData\Roaming\Code\User\globalStorage\redhat.java\1.55.0\config_ss_win\org.eclipse.equinox.launcher\org.eclipse.equinox.launcher.win32.win32.x86_64_1.3.100.v20260613-0559

VM Arguments:
jvm_args: --add-modules=ALL-SYSTEM --add-opens=java.base/java.util=ALL-UNNAMED --add-opens=java.base/java.lang=ALL-UNNAMED --add-opens=java.base/sun.nio.fs=ALL-UNNAMED -Declipse.application=org.eclipse.jdt.ls.core.id1 -Dosgi.bundles.defaultStartLevel=4 -Declipse.product=org.eclipse.jdt.ls.core.product -Djava.import.generatesMetadataFilesAtProjectRoot=false -DDetectVMInstallationsJob.disabled=true -Dfile.encoding=utf8 -XX:+UseParallelGC -XX:GCTimeRatio=4 -XX:AdaptiveSizePolicyWeight=90 -Dsun.zip.disableMemoryMapping=true -Xmx2G -Xms100m -Xlog:disable -javaagent:c:\Users\PAULO ROBERTO\.vscode\extensions\redhat.java-1.55.0-win32-x64\lombok\lombok-1.18.39-4050.jar 
java_command: c:\Users\PAULO ROBERTO\.vscode\extensions\redhat.java-1.55.0-win32-x64\server\plugins\org.eclipse.equinox.launcher_1.7.200.v20260619-2039.jar -configuration c:\Users\PAULO ROBERTO\AppData\Roaming\Code\User\globalStorage\redhat.java\1.55.0\config_ss_win -data c:\Users\PAULO ROBERTO\AppData\Roaming\Code\User\workspaceStorage\af78278a2264e0da21869ec41e085d06\redhat.java\ss_ws --pipe=\\.\pipe\lsp-3f4d47e9d89b191666470169bb1b444a-sock
java_class_path (initial): c:\Users\PAULO ROBERTO\.vscode\extensions\redhat.java-1.55.0-win32-x64\server\plugins\org.eclipse.equinox.launcher_1.7.200.v20260619-2039.jar
Launcher Type: SUN_STANDARD

[Global flags]
    uintx AdaptiveSizePolicyWeight                 = 90                                        {product} {command line}
     intx CICompilerCount                          = 4                                         {product} {ergonomic}
    uintx GCTimeRatio                              = 4                                         {product} {command line}
   size_t InitialHeapSize                          = 104857600                                 {product} {command line}
   size_t MaxHeapSize                              = 2147483648                                {product} {command line}
   size_t MaxNewSize                               = 715653120                                 {product} {ergonomic}
   size_t MinHeapDeltaBytes                        = 524288                                    {product} {ergonomic}
   size_t MinHeapSize                              = 104857600                                 {product} {command line}
   size_t NewSize                                  = 34603008                                  {product} {ergonomic}
    uintx NonNMethodCodeHeapSize                   = 5839372                                {pd product} {ergonomic}
    uintx NonProfiledCodeHeapSize                  = 122909434                              {pd product} {ergonomic}
   size_t OldSize                                  = 70254592                                  {product} {ergonomic}
    uintx ProfiledCodeHeapSize                     = 122909434                              {pd product} {ergonomic}
    uintx ReservedCodeCacheSize                    = 251658240                              {pd product} {ergonomic}
     bool SegmentedCodeCache                       = true                                      {product} {ergonomic}
   size_t SoftMaxHeapSize                          = 2147483648                             {manageable} {ergonomic}
     bool UseCompressedOops                        = true                           {product lp64_product} {ergonomic}
     bool UseLargePagesIndividualAllocation        = false                                  {pd product} {ergonomic}
     bool UseParallelGC                            = true                                      {product} {command line}

Logging:
Log output configuration:
 #0: stdout all=off uptime,level,tags foldmultilines=false
 #1: stderr all=off uptime,level,tags foldmultilines=false

Release file:
JAVA_VERSION="21.0.11" 
MODULES="java.base java.compiler java.datatransfer java.xml java.prefs java.desktop java.instrument java.logging java.management java.security.sasl java.naming java.rmi java.management.rmi java.net.http java.scripting java.security.jgss java.transaction.xa java.sql java.sql.rowset java.xml.crypto java.se java.smartcardio jdk.accessibility jdk.internal.jvmstat jdk.attach jdk.charsets jdk.internal.opt jdk.zipfs jdk.compiler jdk.crypto.ec jdk.crypto.cryptoki jdk.crypto.mscapi jdk.dynalink jdk.internal.ed jdk.editpad jdk.hotspot.agent jdk.httpserver jdk.internal.le jdk.internal.vm.ci jdk.internal.vm.compiler jdk.internal.vm.compiler.management jdk.jartool jdk.javadoc jdk.jcmd jdk.management jdk.management.agent jdk.jconsole jdk.jdeps jdk.jdwp.agent jdk.jdi jdk.jfr jdk.jshell jdk.jsobject jdk.jstatd jdk.localedata jdk.management.jfr jdk.naming.dns jdk.naming.rmi jdk.net jdk.nio.mapmode jdk.random jdk.sctp jdk.security.auth jdk.security.jgss jdk.unsupported jdk.unsupported.desktop jdk.xml.dom" 

Environment Variables:
JAVA_HOME=C:\Program Files\Java\jdk-21
PATH=C:\Program Files\Common Files\Oracle\Java\javapath;C:\WINDOWS\system32;C:\WINDOWS;C:\WINDOWS\System32\Wbem;C:\WINDOWS\System32\WindowsPowerShell\v1.0\;C:\WINDOWS\System32\OpenSSH\;C:\Program Files\dotnet\;C:\Program Files\NVIDIA Corporation\NVIDIA App\NvDLISR;C:\Program Files (x86)\NVIDIA Corporation\PhysX\Common;C:\Program Files\GitHub CLI\;C:\Program Files\nodejs\;C:\Program Files\Git\cmd;C:\Users\PAULO ROBERTO\.local\bin;C:\Users\PAULO ROBERTO\AppData\Local\Microsoft\WindowsApps;C:\Users\PAULO ROBERTO\AppData\Roaming\npm;C:\Users\PAULO ROBERTO\AppData\Local\Programs\Microsoft VS Code\bin;C:\Users\PAULO ROBERTO\.bun\bin;C:\Users\PAULO ROBERTO\AppData\Local\Microsoft\WinGet\Packages\jqlang.jq_Microsoft.Winget.Source_8wekyb3d8bbwe;C:\Users\PAULO ROBERTO\.lmstudio\bin
USERNAME=PAULO ROBERTO
OS=Windows_NT
PROCESSOR_IDENTIFIER=Intel64 Family 6 Model 186 Stepping 2, GenuineIntel
TMP=C:\Users\PAULOR~1\AppData\Local\Temp
TEMP=C:\Users\PAULOR~1\AppData\Local\Temp




Periodic native trim disabled

---------------  S Y S T E M  ---------------

OS:
 Windows 11 , 64 bit Build 26100 (10.0.26100.8972)
OS uptime: 7 days 14:57 hours
Hyper-V role detected

CPU: total 12 (initial active 12) (6 cores per cpu, 2 threads per core) family 6 model 186 stepping 2 microcode 0x5103, cx8, cmov, fxsr, ht, mmx, 3dnowpref, sse, sse2, sse3, ssse3, sse4.1, sse4.2, popcnt, lzcnt, tsc, tscinvbit, avx, avx2, aes, erms, clmul, bmi1, bmi2, adx, sha, fma, vzeroupper, clflush, clflushopt, clwb, hv, serialize, rdtscp, rdpid, fsrm, f16c, cet_ibt, cet_ss
Processor Information for the first 12 processors :
  Max Mhz: 2100, Current Mhz: 2100, Mhz Limit: 2100

Memory: 4k page, system-wide physical 16087M (499M free)
TotalPageFile size 32471M (AvailPageFile size 10M)
current process WorkingSet (physical memory assigned to process): 152M, peak: 154M
current process commit charge ("private bytes"): 293M, peak: 295M

vm_info: OpenJDK 64-Bit Server VM (21.0.11+10-LTS) for windows-amd64 JRE (21.0.11+10-LTS), built on 2026-04-21T00:00:00Z by "admin" with MS VC++ 17.12 (VS2022)

END.
