#
# There is insufficient memory for the Java Runtime Environment to continue.
# Native memory allocation (malloc) failed to allocate 572544 bytes. Error detail: Chunk::new
# Possible reasons:
#   The system is out of physical RAM or swap space
#   This process is running with CompressedOops enabled, and the Java Heap may be blocking the growth of the native heap
# Possible solutions:
#   Reduce memory load on the system
#   Increase physical memory or swap space
#   Check if swap backing store is full
#   Decrease Java heap size (-Xmx/-Xms)
#   Decrease number of Java threads
#   Decrease Java thread stack sizes (-Xss)
#   Set larger code cache with -XX:ReservedCodeCacheSize=
#   JVM is running with Unscaled Compressed Oops mode in which the Java heap is
#     placed in the first 4GB address space. The Java Heap base address is the
#     maximum limit for the native heap growth. Please use -XX:HeapBaseMinAddress
#     to set the Java Heap base and to place the Java Heap above 4GB virtual address.
# This output file may be truncated or incomplete.
#
#  Out of Memory Error (arena.cpp:168), pid=85576, tid=70124
#
# JRE version: OpenJDK Runtime Environment Temurin-21.0.11+10 (21.0.11+10) (build 21.0.11+10-LTS)
# Java VM: OpenJDK 64-Bit Server VM Temurin-21.0.11+10 (21.0.11+10-LTS, mixed mode, sharing, tiered, compressed oops, compressed class ptrs, parallel gc, windows-amd64)
# No core dump will be written. Minidumps are not enabled by default on client versions of Windows
#

---------------  S U M M A R Y ------------

Command Line: --add-modules=ALL-SYSTEM --add-opens=java.base/java.util=ALL-UNNAMED --add-opens=java.base/java.lang=ALL-UNNAMED --add-opens=java.base/sun.nio.fs=ALL-UNNAMED -Declipse.application=org.eclipse.jdt.ls.core.id1 -Dosgi.bundles.defaultStartLevel=4 -Declipse.product=org.eclipse.jdt.ls.core.product -Djava.import.generatesMetadataFilesAtProjectRoot=false -DDetectVMInstallationsJob.disabled=true -Dfile.encoding=utf8 -XX:+UseParallelGC -XX:GCTimeRatio=4 -XX:AdaptiveSizePolicyWeight=90 -Dsun.zip.disableMemoryMapping=true -Xmx2G -Xms100m -Xlog:disable -javaagent:c:\Users\PAULO ROBERTO\.vscode\extensions\redhat.java-1.55.0-win32-x64\lombok\lombok-1.18.39-4050.jar -XX:+HeapDumpOnOutOfMemoryError -XX:HeapDumpPath=c:\Users\PAULO ROBERTO\AppData\Roaming\Code\User\workspaceStorage\af78278a2264e0da21869ec41e085d06\redhat.java -Daether.dependencyCollector.impl=bf c:\Users\PAULO ROBERTO\.vscode\extensions\redhat.java-1.55.0-win32-x64\server\plugins\org.eclipse.equinox.launcher_1.7.200.v20260619-2039.jar -configuration c:\Users\PAULO ROBERTO\AppData\Roaming\Code\User\globalStorage\redhat.java\1.55.0\config_win -data c:\Users\PAULO ROBERTO\AppData\Roaming\Code\User\workspaceStorage\af78278a2264e0da21869ec41e085d06\redhat.java\jdt_ws --pipe=\\.\pipe\lsp-0b5db47e67690c2119af62ebf82302bd-sock

Host: 13th Gen Intel(R) Core(TM) i5-13420H, 12 cores, 15G,  Windows 11 , 64 bit Build 26100 (10.0.26100.9168)
Time: Thu Aug 27 15:43:28 2026 Hora Padrão de Bogotá elapsed time: 8.186190 seconds (0d 0h 0m 8s)

---------------  T H R E A D  ---------------

Current thread (0x00000275f6c066f0):  JavaThread "C2 CompilerThread1" daemon [_thread_in_native, id=70124, stack(0x000000998f800000,0x000000998f900000) (1024K)]


Current CompileTask:
C2:8186 2521       4       java.io.DataInputStream::readUTF (501 bytes)

Stack: [0x000000998f800000,0x000000998f900000]
Native frames: (J=compiled Java code, j=interpreted, Vv=VM code, C=native code)
V  [jvm.dll+0x6d7e19]
V  [jvm.dll+0x8b5096]
V  [jvm.dll+0x8b764e]
V  [jvm.dll+0x8b7d33]
V  [jvm.dll+0x284596]
V  [jvm.dll+0xc685d]
V  [jvm.dll+0xc6da1]
V  [jvm.dll+0x3bed6b]
V  [jvm.dll+0x1e3f42]
V  [jvm.dll+0x24c853]
V  [jvm.dll+0x24bce0]
V  [jvm.dll+0x1cb4ae]
V  [jvm.dll+0x25baad]
V  [jvm.dll+0x25a03a]
V  [jvm.dll+0x3f868e]
V  [jvm.dll+0x85fb0d]
V  [jvm.dll+0x6d664d]
C  [ucrtbase.dll+0x2cd30]
C  [KERNEL32.DLL+0x2ccb7]
C  [ntdll.dll+0xaad6c]


---------------  P R O C E S S  ---------------

Threads class SMR info:
_java_thread_list=0x00000275f685c000, length=19, elements={
0x0000027597d7d2f0, 0x0000027597e23380, 0x0000027597e240a0, 0x0000027597e283e0,
0x0000027597e28cd0, 0x0000027597e300a0, 0x0000027597e338d0, 0x0000027597e38a70,
0x00000275f0aca4d0, 0x00000275f0d74a20, 0x00000275f0e2fc60, 0x00000275f66d40e0,
0x00000275f67d3650, 0x00000275f67cf5c0, 0x00000275f67cfc30, 0x00000275f7192010,
0x00000275f71d11a0, 0x00000275f6c066f0, 0x00000275f7026000
}

Java Threads: ( => current thread )
  0x0000027597d7d2f0 JavaThread "main"                              [_thread_blocked, id=85548, stack(0x000000998e900000,0x000000998ea00000) (1024K)]
  0x0000027597e23380 JavaThread "Reference Handler"          daemon [_thread_blocked, id=62412, stack(0x000000998ed00000,0x000000998ee00000) (1024K)]
  0x0000027597e240a0 JavaThread "Finalizer"                  daemon [_thread_blocked, id=75000, stack(0x000000998ee00000,0x000000998ef00000) (1024K)]
  0x0000027597e283e0 JavaThread "Signal Dispatcher"          daemon [_thread_blocked, id=80952, stack(0x000000998ef00000,0x000000998f000000) (1024K)]
  0x0000027597e28cd0 JavaThread "Attach Listener"            daemon [_thread_blocked, id=85216, stack(0x000000998f000000,0x000000998f100000) (1024K)]
  0x0000027597e300a0 JavaThread "Service Thread"             daemon [_thread_blocked, id=83376, stack(0x000000998f100000,0x000000998f200000) (1024K)]
  0x0000027597e338d0 JavaThread "Monitor Deflation Thread"   daemon [_thread_blocked, id=81908, stack(0x000000998f200000,0x000000998f300000) (1024K)]
  0x0000027597e38a70 JavaThread "C2 CompilerThread0"         daemon [_thread_blocked, id=61916, stack(0x000000998f300000,0x000000998f400000) (1024K)]
  0x00000275f0aca4d0 JavaThread "C1 CompilerThread0"         daemon [_thread_in_vm, id=70396, stack(0x000000998f400000,0x000000998f500000) (1024K)]
  0x00000275f0d74a20 JavaThread "Common-Cleaner"             daemon [_thread_blocked, id=80672, stack(0x000000998f600000,0x000000998f700000) (1024K)]
  0x00000275f0e2fc60 JavaThread "Notification Thread"        daemon [_thread_blocked, id=87264, stack(0x000000998f700000,0x000000998f800000) (1024K)]
  0x00000275f66d40e0 JavaThread "Active Thread: Equinox Container: 37b385f5-0455-490f-b34e-a9e8700adf09"        [_thread_blocked, id=88532, stack(0x000000998ff00000,0x0000009990000000) (1024K)]
  0x00000275f67d3650 JavaThread "Refresh Thread: Equinox Container: 37b385f5-0455-490f-b34e-a9e8700adf09" daemon [_thread_blocked, id=87720, stack(0x0000009990100000,0x0000009990200000) (1024K)]
  0x00000275f67cf5c0 JavaThread "Framework Event Dispatcher: Equinox Container: 37b385f5-0455-490f-b34e-a9e8700adf09" daemon [_thread_blocked, id=87696, stack(0x0000009990200000,0x0000009990300000) (1024K)]
  0x00000275f67cfc30 JavaThread "Start Level: Equinox Container: 37b385f5-0455-490f-b34e-a9e8700adf09" daemon [_thread_in_vm, id=40532, stack(0x0000009990300000,0x0000009990400000) (1024K)]
  0x00000275f7192010 JavaThread "Bundle File Closer"         daemon [_thread_blocked, id=84804, stack(0x0000009990600000,0x0000009990700000) (1024K)]
  0x00000275f71d11a0 JavaThread "SCR Component Actor"        daemon [_thread_blocked, id=66272, stack(0x000000998f500000,0x000000998f600000) (1024K)]
=>0x00000275f6c066f0 JavaThread "C2 CompilerThread1"         daemon [_thread_in_native, id=70124, stack(0x000000998f800000,0x000000998f900000) (1024K)]
  0x00000275f7026000 JavaThread "C2 CompilerThread2"         daemon [_thread_in_native, id=82064, stack(0x0000009990700000,0x0000009990800000) (1024K)]
Total: 19

Other Threads:
  0x0000027597d145c0 VMThread "VM Thread"                           [id=85708, stack(0x000000998ec00000,0x000000998ed00000) (1024K)]
  0x0000027597c0ca10 WatcherThread "VM Periodic Task Thread"        [id=81344, stack(0x000000998eb00000,0x000000998ec00000) (1024K)]
  0x0000027597d9c5c0 WorkerThread "GC Thread#0"                     [id=4060, stack(0x000000998ea00000,0x000000998eb00000) (1024K)]
  0x00000275f61524d0 WorkerThread "GC Thread#1"                     [id=76844, stack(0x000000998f900000,0x000000998fa00000) (1024K)]
  0x00000275f696ad80 WorkerThread "GC Thread#2"                     [id=25836, stack(0x000000998fa00000,0x000000998fb00000) (1024K)]
  0x00000275f696b130 WorkerThread "GC Thread#3"                     [id=80184, stack(0x000000998fb00000,0x000000998fc00000) (1024K)]
  0x00000275f696b4e0 WorkerThread "GC Thread#4"                     [id=88392, stack(0x000000998fc00000,0x000000998fd00000) (1024K)]
  0x00000275f696b890 WorkerThread "GC Thread#5"                     [id=85988, stack(0x000000998fd00000,0x000000998fe00000) (1024K)]
  0x00000275f696bc40 WorkerThread "GC Thread#6"                     [id=68460, stack(0x000000998fe00000,0x000000998ff00000) (1024K)]
  0x00000275f6a312a0 WorkerThread "GC Thread#7"                     [id=83516, stack(0x0000009990000000,0x0000009990100000) (1024K)]
  0x00000275f6a2f8d0 WorkerThread "GC Thread#8"                     [id=4028, stack(0x0000009990400000,0x0000009990500000) (1024K)]
  0x00000275f6a30ef0 WorkerThread "GC Thread#9"                     [id=83036, stack(0x0000009990500000,0x0000009990600000) (1024K)]
Total: 12

Threads with active compile tasks:
C1 CompilerThread0  9237 2601       3       com.sun.org.apache.xerces.internal.impl.XMLEntityScanner::checkBeforeLoad (140 bytes)
C2 CompilerThread1  9237 2521       4       java.io.DataInputStream::readUTF (501 bytes)
C2 CompilerThread2  9237 2596       4       java.lang.String::endsWith (15 bytes)
Total: 3

VM state: not at safepoint (normal execution)

VM Mutex/Monitor currently owned by a thread: None

Heap address: 0x0000000080000000, size: 2048 MB, Compressed Oops mode: 32-bit

CDS archive(s) mapped at: [0x00000275af000000-0x00000275afba0000-0x00000275afba0000), size 12189696, SharedBaseAddress: 0x00000275af000000, ArchiveRelocationMode: 1.
Compressed class space mapped at: 0x00000275b0000000-0x00000275f0000000, reserved size: 1073741824
Narrow klass base: 0x00000275af000000, Narrow klass shift: 0, Narrow klass range: 0x100000000

GC Precious Log:
 CardTable entry size: 512
 CPUs: 12 total, 12 available
 Memory: 16087M
 Large Page Support: Disabled
 NUMA Support: Disabled
 Compressed Oops: Enabled (32-bit)
 Alignments: Space 512K, Generation 512K, Heap 2M
 Heap Min Capacity: 100M
 Heap Initial Capacity: 100M
 Heap Max Capacity: 2G
 Pre-touch: Disabled
 Parallel Workers: 10

Heap:
 PSYoungGen      total 29696K, used 10249K [0x00000000d5580000, 0x00000000d7680000, 0x0000000100000000)
  eden space 25600K, 24% used [0x00000000d5580000,0x00000000d5b88410,0x00000000d6e80000)
  from space 4096K, 99% used [0x00000000d7280000,0x00000000d767a330,0x00000000d7680000)
  to   space 4096K, 0% used [0x00000000d6e80000,0x00000000d6e80000,0x00000000d7280000)
 ParOldGen       total 68608K, used 6626K [0x0000000080000000, 0x0000000084300000, 0x00000000d5580000)
  object space 68608K, 9% used [0x0000000080000000,0x0000000080678b00,0x0000000084300000)
 Metaspace       used 12561K, committed 12992K, reserved 1114112K
  class space    used 1350K, committed 1536K, reserved 1048576K

Card table byte_map: [0x0000027597720000,0x0000027597b30000] _byte_map_base: 0x0000027597320000

Marking Bits: (ParMarkBitMap*) 0x00007ffb6e914460
 Begin Bits: [0x00000275aa230000, 0x00000275ac230000)
 End Bits:   [0x00000275ac230000, 0x00000275ae230000)

Polling page: 0x0000027595ba0000

Metaspace:

Usage:
  Non-class:     10.95 MB used.
      Class:      1.32 MB used.
       Both:     12.27 MB used.

Virtual space:
  Non-class space:       64.00 MB reserved,      11.19 MB ( 17%) committed,  1 nodes.
      Class space:        1.00 GB reserved,       1.50 MB ( <1%) committed,  1 nodes.
             Both:        1.06 GB reserved,      12.69 MB (  1%) committed. 

Chunk freelists:
   Non-Class:  3.92 MB
       Class:  14.53 MB
        Both:  18.45 MB

MaxMetaspaceSize: unlimited
CompressedClassSpaceSize: 1.00 GB
Initial GC threshold: 21.00 MB
Current GC threshold: 21.00 MB
CDS: on
 - commit_granule_bytes: 65536.
 - commit_granule_words: 8192.
 - virtual_space_node_default_size: 8388608.
 - enlarge_chunks_in_place: 1.
 - use_allocation_guard: 0.


Internal statistics:

num_allocs_failed_limit: 0.
num_arena_births: 302.
num_arena_deaths: 0.
num_vsnodes_births: 2.
num_vsnodes_deaths: 0.
num_space_committed: 203.
num_space_uncommitted: 0.
num_chunks_returned_to_freelist: 0.
num_chunks_taken_from_freelist: 682.
num_chunk_merges: 0.
num_chunk_splits: 436.
num_chunks_enlarged: 292.
num_inconsistent_stats: 0.

CodeHeap 'non-profiled nmethods': size=120000Kb used=1180Kb max_used=1180Kb free=118819Kb
 bounds [0x00000275a2a50000, 0x00000275a2cc0000, 0x00000275a9f80000]
CodeHeap 'profiled nmethods': size=120000Kb used=4954Kb max_used=4954Kb free=115045Kb
 bounds [0x000002759af80000, 0x000002759b460000, 0x00000275a24b0000]
CodeHeap 'non-nmethods': size=5760Kb used=1244Kb max_used=1275Kb free=4515Kb
 bounds [0x00000275a24b0000, 0x00000275a2720000, 0x00000275a2a50000]
CodeCache: size=245760Kb, used=7378Kb, max_used=7409Kb, free=238379Kb
 total_blobs=3106, nmethods=2596, adapters=416, full_count=0
Compilation: enabled, stopped_count=0, restarted_count=0

Compilation events (20 events):
Event: 4.123 Thread 0x00000275f0aca4d0 2540       3       java.lang.invoke.BoundMethodHandle::editor (8 bytes)
Event: 4.123 Thread 0x00000275f0aca4d0 nmethod 2540 0x000002759b443c90 code [0x000002759b443e60, 0x000002759b4441b8]
Event: 4.126 Thread 0x0000027597e38a70 2546       4       jdk.internal.util.StrongReferenceKey::hashCode (8 bytes)
Event: 4.126 Thread 0x00000275f7026000 2547       4       java.lang.String::substring (58 bytes)
Event: 4.128 Thread 0x00000275f0aca4d0 2554       3       java.util.TreeMap::setColor (10 bytes)
Event: 4.129 Thread 0x00000275f0aca4d0 nmethod 2554 0x000002759b444390 code [0x000002759b444520, 0x000002759b444648]
Event: 4.129 Thread 0x00000275f0aca4d0 2556       3       java.util.TreeMap::put (221 bytes)
Event: 4.130 Thread 0x00000275f0aca4d0 nmethod 2556 0x000002759b444710 code [0x000002759b444980, 0x000002759b445468]
Event: 4.130 Thread 0x00000275f0aca4d0 2555       3       java.util.TreeMap::leftOf (13 bytes)
Event: 4.131 Thread 0x00000275f0aca4d0 nmethod 2555 0x000002759b445790 code [0x000002759b445940, 0x000002759b445aa8]
Event: 4.131 Thread 0x00000275f0aca4d0 2557       3       java.lang.Integer::compare (20 bytes)
Event: 4.131 Thread 0x00000275f0aca4d0 nmethod 2557 0x000002759b445b90 code [0x000002759b445d40, 0x000002759b445f10]
Event: 4.133 Thread 0x0000027597e38a70 nmethod 2546 0x00000275a2b71a90 code [0x00000275a2b71ca0, 0x00000275a2b720b0]
Event: 4.134 Thread 0x00000275f7026000 nmethod 2547 0x00000275a2b72410 code [0x00000275a2b725e0, 0x00000275a2b72c38]
Event: 4.134 Thread 0x0000027597e38a70 2558       4       java.io.DataInputStream::readFully (59 bytes)
Event: 4.134 Thread 0x00000275f7026000 2559       4       java.io.DataInputStream::readByte (6 bytes)
Event: 4.135 Thread 0x00000275f0aca4d0 2560       3       org.eclipse.core.internal.registry.BufferedRandomInputStream::read (92 bytes)
Event: 4.135 Thread 0x00000275f0aca4d0 nmethod 2560 0x000002759b445f90 code [0x000002759b446180, 0x000002759b446600]
Event: 4.137 Thread 0x0000027597e38a70 nmethod 2558 0x00000275a2b72f90 code [0x00000275a2b73140, 0x00000275a2b73340]
Event: 7.526 Thread 0x00000275f0aca4d0 2562       3       jdk.internal.misc.Unsafe::putReferenceOpaque (9 bytes)

GC Heap History (8 events):
Event: 0.681 GC heap before
{Heap before GC invocations=1 (full 0):
 PSYoungGen      total 29696K, used 25600K [0x00000000d5580000, 0x00000000d7680000, 0x0000000100000000)
  eden space 25600K, 100% used [0x00000000d5580000,0x00000000d6e80000,0x00000000d6e80000)
  from space 4096K, 0% used [0x00000000d7280000,0x00000000d7280000,0x00000000d7680000)
  to   space 4096K, 0% used [0x00000000d6e80000,0x00000000d6e80000,0x00000000d7280000)
 ParOldGen       total 68608K, used 0K [0x0000000080000000, 0x0000000084300000, 0x00000000d5580000)
  object space 68608K, 0% used [0x0000000080000000,0x0000000080000000,0x0000000084300000)
 Metaspace       used 4322K, committed 4608K, reserved 1114112K
  class space    used 472K, committed 576K, reserved 1048576K
}
Event: 0.687 GC heap after
{Heap after GC invocations=1 (full 0):
 PSYoungGen      total 29696K, used 3287K [0x00000000d5580000, 0x00000000d7680000, 0x0000000100000000)
  eden space 25600K, 0% used [0x00000000d5580000,0x00000000d5580000,0x00000000d6e80000)
  from space 4096K, 80% used [0x00000000d6e80000,0x00000000d71b5ea8,0x00000000d7280000)
  to   space 4096K, 0% used [0x00000000d7280000,0x00000000d7280000,0x00000000d7680000)
 ParOldGen       total 68608K, used 16K [0x0000000080000000, 0x0000000084300000, 0x00000000d5580000)
  object space 68608K, 0% used [0x0000000080000000,0x0000000080004000,0x0000000084300000)
 Metaspace       used 4322K, committed 4608K, reserved 1114112K
  class space    used 472K, committed 576K, reserved 1048576K
}
Event: 1.309 GC heap before
{Heap before GC invocations=2 (full 0):
 PSYoungGen      total 29696K, used 28887K [0x00000000d5580000, 0x00000000d7680000, 0x0000000100000000)
  eden space 25600K, 100% used [0x00000000d5580000,0x00000000d6e80000,0x00000000d6e80000)
  from space 4096K, 80% used [0x00000000d6e80000,0x00000000d71b5ea8,0x00000000d7280000)
  to   space 4096K, 0% used [0x00000000d7280000,0x00000000d7280000,0x00000000d7680000)
 ParOldGen       total 68608K, used 16K [0x0000000080000000, 0x0000000084300000, 0x00000000d5580000)
  object space 68608K, 0% used [0x0000000080000000,0x0000000080004000,0x0000000084300000)
 Metaspace       used 7973K, committed 8256K, reserved 1114112K
  class space    used 832K, committed 960K, reserved 1048576K
}
Event: 1.315 GC heap after
{Heap after GC invocations=2 (full 0):
 PSYoungGen      total 29696K, used 4070K [0x00000000d5580000, 0x00000000d7680000, 0x0000000100000000)
  eden space 25600K, 0% used [0x00000000d5580000,0x00000000d5580000,0x00000000d6e80000)
  from space 4096K, 99% used [0x00000000d7280000,0x00000000d7679820,0x00000000d7680000)
  to   space 4096K, 0% used [0x00000000d6e80000,0x00000000d6e80000,0x00000000d7280000)
 ParOldGen       total 68608K, used 1976K [0x0000000080000000, 0x0000000084300000, 0x00000000d5580000)
  object space 68608K, 2% used [0x0000000080000000,0x00000000801ee340,0x0000000084300000)
 Metaspace       used 7973K, committed 8256K, reserved 1114112K
  class space    used 832K, committed 960K, reserved 1048576K
}
Event: 1.794 GC heap before
{Heap before GC invocations=3 (full 0):
 PSYoungGen      total 29696K, used 29603K [0x00000000d5580000, 0x00000000d7680000, 0x0000000100000000)
  eden space 25600K, 99% used [0x00000000d5580000,0x00000000d6e6f4a0,0x00000000d6e80000)
  from space 4096K, 99% used [0x00000000d7280000,0x00000000d7679820,0x00000000d7680000)
  to   space 4096K, 0% used [0x00000000d6e80000,0x00000000d6e80000,0x00000000d7280000)
 ParOldGen       total 68608K, used 1976K [0x0000000080000000, 0x0000000084300000, 0x00000000d5580000)
  object space 68608K, 2% used [0x0000000080000000,0x00000000801ee340,0x0000000084300000)
 Metaspace       used 9438K, committed 9728K, reserved 1114112K
  class space    used 1010K, committed 1152K, reserved 1048576K
}
Event: 1.800 GC heap after
{Heap after GC invocations=3 (full 0):
 PSYoungGen      total 29696K, used 4077K [0x00000000d5580000, 0x00000000d7680000, 0x0000000100000000)
  eden space 25600K, 0% used [0x00000000d5580000,0x00000000d5580000,0x00000000d6e80000)
  from space 4096K, 99% used [0x00000000d6e80000,0x00000000d727b6d8,0x00000000d7280000)
  to   space 4096K, 0% used [0x00000000d7280000,0x00000000d7280000,0x00000000d7680000)
 ParOldGen       total 68608K, used 5034K [0x0000000080000000, 0x0000000084300000, 0x00000000d5580000)
  object space 68608K, 7% used [0x0000000080000000,0x00000000804ea850,0x0000000084300000)
 Metaspace       used 9438K, committed 9728K, reserved 1114112K
  class space    used 1010K, committed 1152K, reserved 1048576K
}
Event: 4.033 GC heap before
{Heap before GC invocations=4 (full 0):
 PSYoungGen      total 29696K, used 29677K [0x00000000d5580000, 0x00000000d7680000, 0x0000000100000000)
  eden space 25600K, 100% used [0x00000000d5580000,0x00000000d6e80000,0x00000000d6e80000)
  from space 4096K, 99% used [0x00000000d6e80000,0x00000000d727b6d8,0x00000000d7280000)
  to   space 4096K, 0% used [0x00000000d7280000,0x00000000d7280000,0x00000000d7680000)
 ParOldGen       total 68608K, used 5034K [0x0000000080000000, 0x0000000084300000, 0x00000000d5580000)
  object space 68608K, 7% used [0x0000000080000000,0x00000000804ea850,0x0000000084300000)
 Metaspace       used 11652K, committed 12096K, reserved 1114112K
  class space    used 1240K, committed 1408K, reserved 1048576K
}
Event: 4.040 GC heap after
{Heap after GC invocations=4 (full 0):
 PSYoungGen      total 29696K, used 4072K [0x00000000d5580000, 0x00000000d7680000, 0x0000000100000000)
  eden space 25600K, 0% used [0x00000000d5580000,0x00000000d5580000,0x00000000d6e80000)
  from space 4096K, 99% used [0x00000000d7280000,0x00000000d767a330,0x00000000d7680000)
  to   space 4096K, 0% used [0x00000000d6e80000,0x00000000d6e80000,0x00000000d7280000)
 ParOldGen       total 68608K, used 6626K [0x0000000080000000, 0x0000000084300000, 0x00000000d5580000)
  object space 68608K, 9% used [0x0000000080000000,0x0000000080678b00,0x0000000084300000)
 Metaspace       used 11652K, committed 12096K, reserved 1114112K
  class space    used 1240K, committed 1408K, reserved 1048576K
}

Dll operation events (9 events):
Event: 0.016 Loaded shared library c:\Users\PAULO ROBERTO\.vscode\extensions\redhat.java-1.55.0-win32-x64\jre\21.0.11-win32-x86_64\bin\java.dll
Event: 0.109 Loaded shared library c:\Users\PAULO ROBERTO\.vscode\extensions\redhat.java-1.55.0-win32-x64\jre\21.0.11-win32-x86_64\bin\zip.dll
Event: 0.127 Loaded shared library C:\Users\PAULO ROBERTO\.vscode\extensions\redhat.java-1.55.0-win32-x64\jre\21.0.11-win32-x86_64\bin\instrument.dll
Event: 0.133 Loaded shared library C:\Users\PAULO ROBERTO\.vscode\extensions\redhat.java-1.55.0-win32-x64\jre\21.0.11-win32-x86_64\bin\net.dll
Event: 0.136 Loaded shared library C:\Users\PAULO ROBERTO\.vscode\extensions\redhat.java-1.55.0-win32-x64\jre\21.0.11-win32-x86_64\bin\nio.dll
Event: 0.141 Loaded shared library C:\Users\PAULO ROBERTO\.vscode\extensions\redhat.java-1.55.0-win32-x64\jre\21.0.11-win32-x86_64\bin\zip.dll
Event: 0.162 Loaded shared library C:\Users\PAULO ROBERTO\.vscode\extensions\redhat.java-1.55.0-win32-x64\jre\21.0.11-win32-x86_64\bin\jimage.dll
Event: 0.254 Loaded shared library c:\Users\PAULO ROBERTO\.vscode\extensions\redhat.java-1.55.0-win32-x64\jre\21.0.11-win32-x86_64\bin\verify.dll
Event: 1.329 Loaded shared library C:\Users\PAULO ROBERTO\AppData\Roaming\Code\User\globalStorage\redhat.java\1.55.0\config_win\org.eclipse.equinox.launcher\org.eclipse.equinox.launcher.win32.win32.x86_64_1.3.100.v20260613-0559\eclipse_11924.dll

Deoptimization events (20 events):
Event: 4.133 Thread 0x00000275f67cfc30 Uncommon trap: trap_request=0xffffffc6 fr.pc=0x00000275a2b6a5e0 relative=0x0000000000001280
Event: 4.133 Thread 0x00000275f67cfc30 Uncommon trap: reason=bimorphic_or_optimized_type_check action=maybe_recompile pc=0x00000275a2b6a5e0 method=java.io.DataInputStream.readFully([BII)V @ 30 c2
Event: 4.133 Thread 0x00000275f67cfc30 DEOPT PACKING pc=0x00000275a2b6a5e0 sp=0x00000099903fb660
Event: 4.133 Thread 0x00000275f67cfc30 DEOPT UNPACKING pc=0x00000275a2503aa2 sp=0x00000099903fb648 mode 2
Event: 4.133 Thread 0x00000275f67cfc30 Uncommon trap: trap_request=0xffffffc6 fr.pc=0x00000275a2b6eebc relative=0x00000000000005fc
Event: 4.133 Thread 0x00000275f67cfc30 Uncommon trap: reason=bimorphic_or_optimized_type_check action=maybe_recompile pc=0x00000275a2b6eebc method=java.io.DataInputStream.readUnsignedByte()I @ 4 c2
Event: 4.133 Thread 0x00000275f67cfc30 DEOPT PACKING pc=0x00000275a2b6eebc sp=0x00000099903fb770
Event: 4.133 Thread 0x00000275f67cfc30 DEOPT UNPACKING pc=0x00000275a2503aa2 sp=0x00000099903fb6d8 mode 2
Event: 4.133 Thread 0x00000275f67cfc30 Uncommon trap: trap_request=0xffffffc6 fr.pc=0x00000275a2b6eebc relative=0x00000000000005fc
Event: 4.133 Thread 0x00000275f67cfc30 Uncommon trap: reason=bimorphic_or_optimized_type_check action=maybe_recompile pc=0x00000275a2b6eebc method=java.io.DataInputStream.readUnsignedByte()I @ 4 c2
Event: 4.133 Thread 0x00000275f67cfc30 DEOPT PACKING pc=0x00000275a2b6eebc sp=0x00000099903fb770
Event: 4.133 Thread 0x00000275f67cfc30 DEOPT UNPACKING pc=0x00000275a2503aa2 sp=0x00000099903fb6d8 mode 2
Event: 4.134 Thread 0x00000275f67cfc30 Uncommon trap: trap_request=0xffffffc6 fr.pc=0x00000275a2b6eebc relative=0x00000000000005fc
Event: 4.134 Thread 0x00000275f67cfc30 Uncommon trap: reason=bimorphic_or_optimized_type_check action=maybe_recompile pc=0x00000275a2b6eebc method=java.io.DataInputStream.readUnsignedByte()I @ 4 c2
Event: 4.134 Thread 0x00000275f67cfc30 DEOPT PACKING pc=0x00000275a2b6eebc sp=0x00000099903fb770
Event: 4.134 Thread 0x00000275f67cfc30 DEOPT UNPACKING pc=0x00000275a2503aa2 sp=0x00000099903fb6d8 mode 2
Event: 4.134 Thread 0x00000275f67cfc30 Uncommon trap: trap_request=0xffffffc6 fr.pc=0x00000275a2b6eebc relative=0x00000000000005fc
Event: 4.134 Thread 0x00000275f67cfc30 Uncommon trap: reason=bimorphic_or_optimized_type_check action=maybe_recompile pc=0x00000275a2b6eebc method=java.io.DataInputStream.readUnsignedByte()I @ 4 c2
Event: 4.134 Thread 0x00000275f67cfc30 DEOPT PACKING pc=0x00000275a2b6eebc sp=0x00000099903fb770
Event: 4.134 Thread 0x00000275f67cfc30 DEOPT UNPACKING pc=0x00000275a2503aa2 sp=0x00000099903fb6d8 mode 2

Classes loaded (20 events):
Event: 4.073 Loading class java/util/stream/LongPipeline
Event: 4.073 Loading class java/util/stream/LongStream
Event: 4.073 Loading class java/util/stream/LongStream done
Event: 4.073 Loading class java/util/stream/LongPipeline done
Event: 4.073 Loading class java/util/stream/LongPipeline$StatelessOp done
Event: 4.073 Loading class java/util/stream/ReferencePipeline$5 done
Event: 4.073 Loading class java/util/function/LongBinaryOperator
Event: 4.073 Loading class java/util/function/LongBinaryOperator done
Event: 4.074 Loading class java/util/stream/ReduceOps$10
Event: 4.074 Loading class java/util/stream/ReduceOps$10 done
Event: 4.074 Loading class java/util/stream/ReduceOps$8ReducingSink
Event: 4.074 Loading class java/util/stream/Sink$OfLong
Event: 4.074 Loading class java/util/stream/Sink$OfLong done
Event: 4.074 Loading class java/util/stream/ReduceOps$8ReducingSink done
Event: 4.074 Loading class java/util/stream/ReferencePipeline$5$1
Event: 4.074 Loading class java/util/stream/ReferencePipeline$5$1 done
Event: 4.115 Loading class java/nio/file/NoSuchFileException
Event: 4.115 Loading class java/nio/file/FileSystemException
Event: 4.115 Loading class java/nio/file/FileSystemException done
Event: 4.115 Loading class java/nio/file/NoSuchFileException done

Classes unloaded (0 events):
No events

Classes redefined (0 events):
No events

Internal exceptions (20 events):
Event: 0.734 Thread 0x0000027597d7d2f0 Implicit null exception at 0x00000275a2aac9bd to 0x00000275a2aaca41
Event: 0.799 Thread 0x0000027597d7d2f0 Exception <a 'java/lang/NoSuchMethodError'{0x00000000d59f54c8}: 'void java.lang.invoke.DirectMethodHandle$Holder.invokeSpecial(java.lang.Object, java.lang.Object, java.lang.Object)'> (0x00000000d59f54c8) 
thrown [s\src\hotspot\share\interpreter\linkResolver.cpp, line 773]
Event: 1.071 Thread 0x0000027597d7d2f0 Exception <a 'java/lang/NoSuchMethodError'{0x00000000d645fd50}: 'int java.lang.invoke.DirectMethodHandle$Holder.invokeVirtual(java.lang.Object, java.lang.Object)'> (0x00000000d645fd50) 
thrown [s\src\hotspot\share\interpreter\linkResolver.cpp, line 773]
Event: 1.109 Thread 0x0000027597d7d2f0 Exception <a 'java/lang/NoSuchMethodError'{0x00000000d65d96b8}: 'int java.lang.invoke.DirectMethodHandle$Holder.invokeStaticInit(java.lang.Object, java.lang.Object, java.lang.Object, java.lang.Object)'> (0x00000000d65d96b8) 
thrown [s\src\hotspot\share\interpreter\linkResolver.cpp, line 773]
Event: 1.109 Thread 0x0000027597d7d2f0 Exception <a 'java/lang/IncompatibleClassChangeError'{0x00000000d65e1da0}: Found class java.lang.Object, but interface was expected> (0x00000000d65e1da0) 
thrown [s\src\hotspot\share\interpreter\linkResolver.cpp, line 840]
Event: 1.110 Thread 0x0000027597d7d2f0 Exception <a 'java/lang/NoSuchMethodError'{0x00000000d65e8370}: 'void java.lang.invoke.DirectMethodHandle$Holder.invokeStaticInit(java.lang.Object, java.lang.Object)'> (0x00000000d65e8370) 
thrown [s\src\hotspot\share\interpreter\linkResolver.cpp, line 773]
Event: 1.111 Thread 0x0000027597d7d2f0 Exception <a 'java/lang/NoSuchMethodError'{0x00000000d65f1548}: 'int java.lang.invoke.DirectMethodHandle$Holder.invokeStaticInit(java.lang.Object, java.lang.Object)'> (0x00000000d65f1548) 
thrown [s\src\hotspot\share\interpreter\linkResolver.cpp, line 773]
Event: 1.151 Thread 0x0000027597d7d2f0 Exception <a 'java/lang/NoSuchMethodError'{0x00000000d683b0b0}: 'java.lang.Object java.lang.invoke.DirectMethodHandle$Holder.newInvokeSpecial(java.lang.Object, int, java.lang.Object)'> (0x00000000d683b0b0) 
thrown [s\src\hotspot\share\interpreter\linkResolver.cpp, line 773]
Event: 1.191 Thread 0x0000027597d7d2f0 Exception <a 'java/lang/ClassNotFoundException'{0x00000000d6a5d570}: sun/net/www/protocol/plurl/Handler> (0x00000000d6a5d570) 
thrown [s\src\hotspot\share\classfile\systemDictionary.cpp, line 313]
Event: 1.191 Thread 0x0000027597d7d2f0 Exception <a 'java/lang/ClassNotFoundException'{0x00000000d6a5e3f0}: sun/net/www/protocol/plurl/Handler> (0x00000000d6a5e3f0) 
thrown [s\src\hotspot\share\classfile\systemDictionary.cpp, line 313]
Event: 1.327 Thread 0x0000027597d7d2f0 Exception <a 'java/lang/UnsatisfiedLinkError'{0x00000000d55e25b8}: 'void org.eclipse.equinox.launcher.JNIBridge._update_splash()'> (0x00000000d55e25b8) 
thrown [s\src\hotspot\share\prims\nativeLookup.cpp, line 415]
Event: 1.360 Thread 0x00000275f67d3650 Exception <a 'java/lang/NoSuchMethodError'{0x00000000d5868de0}: 'void java.lang.invoke.DirectMethodHandle$Holder.invokeInterface(java.lang.Object, java.lang.Object, java.lang.Object)'> (0x00000000d5868de0) 
thrown [s\src\hotspot\share\interpreter\linkResolver.cpp, line 773]
Event: 1.461 Thread 0x00000275f67cfc30 Exception <a 'java/lang/NoSuchMethodError'{0x00000000d5c2bff8}: 'java.lang.Object java.lang.invoke.DirectMethodHandle$Holder.newInvokeSpecial(java.lang.Object, java.lang.Object, int, java.lang.Object)'> (0x00000000d5c2bff8) 
thrown [s\src\hotspot\share\interpreter\linkResolver.cpp, line 773]
Event: 1.461 Thread 0x00000275f67cfc30 Exception <a 'java/lang/NoSuchMethodError'{0x00000000d5c2fe28}: 'java.lang.Object java.lang.invoke.DirectMethodHandle$Holder.invokeSpecial(java.lang.Object, java.lang.Object, java.lang.Object, int, java.lang.Object)'> (0x00000000d5c2fe28) 
thrown [s\src\hotspot\share\interpreter\linkResolver.cpp, line 773]
Event: 1.481 Thread 0x00000275f67cfc30 Exception <a 'java/lang/NoClassDefFoundError'{0x00000000d5cd61a0}: jakarta/servlet/ServletContainerInitializer> (0x00000000d5cd61a0) 
thrown [s\src\hotspot\share\classfile\systemDictionary.cpp, line 302]
Event: 1.513 Thread 0x00000275f67cfc30 Exception <a 'java/lang/ClassNotFoundException'{0x00000000d5e3c698}: sun/util/logging/resources/spi/loggingProvider> (0x00000000d5e3c698) 
thrown [s\src\hotspot\share\classfile\systemDictionary.cpp, line 313]
Event: 3.951 Thread 0x00000275f67cfc30 Exception <a 'java/lang/NullPointerException'{0x00000000d670bdb0}> (0x00000000d670bdb0) 
thrown [s\src\hotspot\share\interpreter\linkResolver.cpp, line 1372]
Event: 3.951 Thread 0x00000275f67cfc30 Exception <a 'java/lang/NullPointerException'{0x00000000d670c090}> (0x00000000d670c090) 
thrown [s\src\hotspot\share\interpreter\linkResolver.cpp, line 1372]
Event: 4.072 Thread 0x00000275f67cfc30 Exception <a 'java/lang/NoSuchMethodError'{0x00000000d57916f0}: 'long java.lang.invoke.DirectMethodHandle$Holder.invokeSpecial(java.lang.Object, java.lang.Object)'> (0x00000000d57916f0) 
thrown [s\src\hotspot\share\interpreter\linkResolver.cpp, line 773]
Event: 4.123 Thread 0x00000275f67cfc30 Exception <a 'java/io/FileNotFoundException'{0x00000000d5a07b30}> (0x00000000d5a07b30) 
thrown [s\src\hotspot\share\prims\jni.cpp, line 520]

ZGC Phase Switch (0 events):
No events

VM Operations (20 events):
Event: 1.525 Executing non-safepoint VM operation: HandshakeAllThreads (Deoptimize)
Event: 1.525 Executing non-safepoint VM operation: HandshakeAllThreads (Deoptimize) done
Event: 1.545 Executing non-safepoint VM operation: HandshakeAllThreads (Deoptimize)
Event: 1.545 Executing non-safepoint VM operation: HandshakeAllThreads (Deoptimize) done
Event: 1.558 Executing non-safepoint VM operation: HandshakeAllThreads (Deoptimize)
Event: 1.558 Executing non-safepoint VM operation: HandshakeAllThreads (Deoptimize) done
Event: 1.793 Executing safepoint VM operation: ParallelGCFailedAllocation (Allocation Failure)
Event: 1.800 Executing safepoint VM operation: ParallelGCFailedAllocation (Allocation Failure) done
Event: 1.989 Executing non-safepoint VM operation: HandshakeAllThreads (Deoptimize)
Event: 1.989 Executing non-safepoint VM operation: HandshakeAllThreads (Deoptimize) done
Event: 2.990 Executing safepoint VM operation: Cleanup
Event: 2.990 Executing safepoint VM operation: Cleanup done
Event: 4.002 Executing safepoint VM operation: Cleanup
Event: 4.002 Executing safepoint VM operation: Cleanup done
Event: 4.014 Executing non-safepoint VM operation: HandshakeAllThreads (Deoptimize)
Event: 4.014 Executing non-safepoint VM operation: HandshakeAllThreads (Deoptimize) done
Event: 4.033 Executing safepoint VM operation: ParallelGCFailedAllocation (Allocation Failure)
Event: 4.040 Executing safepoint VM operation: ParallelGCFailedAllocation (Allocation Failure) done
Event: 5.046 Executing safepoint VM operation: Cleanup
Event: 5.046 Executing safepoint VM operation: Cleanup done

Memory protections (0 events):
No events

Nmethod flushes (0 events):
No events

Events (20 events):
Event: 0.064 Thread 0x0000027597d7d2f0 Thread added: 0x0000027597e300a0
Event: 0.064 Thread 0x0000027597d7d2f0 Thread added: 0x0000027597e338d0
Event: 0.064 Thread 0x0000027597d7d2f0 Thread added: 0x0000027597e38a70
Event: 0.064 Thread 0x0000027597d7d2f0 Thread added: 0x00000275f0aca4d0
Event: 0.116 Thread 0x0000027597e38a70 Thread added: 0x00000275f0bcaf40
Event: 0.129 Thread 0x0000027597d7d2f0 Thread added: 0x00000275f0d74a20
Event: 0.340 Thread 0x0000027597d7d2f0 Thread added: 0x00000275f0e2fc60
Event: 0.440 Thread 0x00000275f0aca4d0 Thread added: 0x00000275f6047f20
Event: 0.777 Thread 0x00000275f6047f20 Thread exited: 0x00000275f6047f20
Event: 0.853 Thread 0x00000275f0aca4d0 Thread added: 0x00000275f66dcc50
Event: 1.120 Thread 0x0000027597d7d2f0 Thread added: 0x00000275f66d40e0
Event: 1.325 Thread 0x0000027597d7d2f0 Thread added: 0x00000275f67d3650
Event: 1.363 Thread 0x00000275f67d3650 Thread added: 0x00000275f67cf5c0
Event: 1.368 Thread 0x0000027597d7d2f0 Thread added: 0x00000275f67cfc30
Event: 1.852 Thread 0x00000275f67cfc30 Thread added: 0x00000275f7192010
Event: 1.928 Thread 0x00000275f66dcc50 Thread exited: 0x00000275f66dcc50
Event: 2.250 Thread 0x00000275f0bcaf40 Thread exited: 0x00000275f0bcaf40
Event: 3.925 Thread 0x00000275f67cfc30 Thread added: 0x00000275f71d11a0
Event: 4.077 Thread 0x00000275f0aca4d0 Thread added: 0x00000275f6c066f0
Event: 4.077 Thread 0x00000275f0aca4d0 Thread added: 0x00000275f7026000


Dynamic libraries:
0x00007ff6e8890000 - 0x00007ff6e889e000 	c:\Users\PAULO ROBERTO\.vscode\extensions\redhat.java-1.55.0-win32-x64\jre\21.0.11-win32-x86_64\bin\java.exe
0x00007ffc61720000 - 0x00007ffc61986000 	C:\WINDOWS\SYSTEM32\ntdll.dll
0x00007ffc602c0000 - 0x00007ffc60389000 	C:\WINDOWS\System32\KERNEL32.DLL
0x00007ffc5e960000 - 0x00007ffc5ed5f000 	C:\WINDOWS\System32\KERNELBASE.dll
0x00007ffc5ef90000 - 0x00007ffc5f0dc000 	C:\WINDOWS\System32\ucrtbase.dll
0x00007ffc523e0000 - 0x00007ffc523f8000 	c:\Users\PAULO ROBERTO\.vscode\extensions\redhat.java-1.55.0-win32-x64\jre\21.0.11-win32-x86_64\bin\jli.dll
0x00007ffc4e180000 - 0x00007ffc4e19e000 	c:\Users\PAULO ROBERTO\.vscode\extensions\redhat.java-1.55.0-win32-x64\jre\21.0.11-win32-x86_64\bin\VCRUNTIME140.dll
0x00007ffc5ffb0000 - 0x00007ffc60176000 	C:\WINDOWS\System32\USER32.dll
0x00007ffc5e930000 - 0x00007ffc5e957000 	C:\WINDOWS\System32\win32u.dll
0x00007ffc367a0000 - 0x00007ffc36a31000 	C:\WINDOWS\WinSxS\amd64_microsoft.windows.common-controls_6595b64144ccf1df_6.0.26100.8972_none_3e0da176e32f9d4b\COMCTL32.dll
0x00007ffc60390000 - 0x00007ffc603bb000 	C:\WINDOWS\System32\GDI32.dll
0x00007ffc5f320000 - 0x00007ffc5f449000 	C:\WINDOWS\System32\gdi32full.dll
0x00007ffc60180000 - 0x00007ffc60229000 	C:\WINDOWS\System32\msvcrt.dll
0x00007ffc5f1b0000 - 0x00007ffc5f253000 	C:\WINDOWS\System32\msvcp_win.dll
0x00007ffc5ff70000 - 0x00007ffc5ffa2000 	C:\WINDOWS\System32\IMM32.DLL
0x00007ffc584b0000 - 0x00007ffc584bc000 	c:\Users\PAULO ROBERTO\.vscode\extensions\redhat.java-1.55.0-win32-x64\jre\21.0.11-win32-x86_64\bin\vcruntime140_1.dll
0x00007ffc42640000 - 0x00007ffc426cd000 	c:\Users\PAULO ROBERTO\.vscode\extensions\redhat.java-1.55.0-win32-x64\jre\21.0.11-win32-x86_64\bin\msvcp140.dll
0x00007ffb6dc50000 - 0x00007ffb6e9f2000 	c:\Users\PAULO ROBERTO\.vscode\extensions\redhat.java-1.55.0-win32-x64\jre\21.0.11-win32-x86_64\bin\server\jvm.dll
0x00007ffc60cd0000 - 0x00007ffc60d8c000 	C:\WINDOWS\System32\ADVAPI32.dll
0x00007ffc5f9a0000 - 0x00007ffc5fa4a000 	C:\WINDOWS\System32\sechost.dll
0x00007ffc5f6e0000 - 0x00007ffc5f7f8000 	C:\WINDOWS\System32\RPCRT4.dll
0x00007ffc5faa0000 - 0x00007ffc5fb22000 	C:\WINDOWS\System32\WS2_32.dll
0x00007ffc5d440000 - 0x00007ffc5d49e000 	C:\WINDOWS\SYSTEM32\POWRPROF.dll
0x00007ffc498c0000 - 0x00007ffc498f6000 	C:\WINDOWS\SYSTEM32\WINMM.dll
0x00007ffc4c850000 - 0x00007ffc4c85b000 	C:\WINDOWS\SYSTEM32\VERSION.dll
0x00007ffc5d420000 - 0x00007ffc5d435000 	C:\WINDOWS\SYSTEM32\UMPDC.dll
0x00007ffc5d660000 - 0x00007ffc5d67b000 	C:\WINDOWS\SYSTEM32\kernel.appcore.dll
0x00007ffc53710000 - 0x00007ffc5371a000 	c:\Users\PAULO ROBERTO\.vscode\extensions\redhat.java-1.55.0-win32-x64\jre\21.0.11-win32-x86_64\bin\jimage.dll
0x00007ffc5bb30000 - 0x00007ffc5bd72000 	C:\WINDOWS\SYSTEM32\DBGHELP.DLL
0x00007ffc60450000 - 0x00007ffc607d5000 	C:\WINDOWS\System32\combase.dll
0x00007ffc5fc30000 - 0x00007ffc5fd09000 	C:\WINDOWS\System32\OLEAUT32.dll
0x00007ffc2e950000 - 0x00007ffc2e98b000 	C:\WINDOWS\SYSTEM32\dbgcore.DLL
0x00007ffc5f260000 - 0x00007ffc5f30c000 	C:\WINDOWS\System32\bcryptPrimitives.dll
0x00007ffc4e640000 - 0x00007ffc4e64f000 	c:\Users\PAULO ROBERTO\.vscode\extensions\redhat.java-1.55.0-win32-x64\jre\21.0.11-win32-x86_64\bin\instrument.dll
0x00007ffc4e090000 - 0x00007ffc4e0b0000 	c:\Users\PAULO ROBERTO\.vscode\extensions\redhat.java-1.55.0-win32-x64\jre\21.0.11-win32-x86_64\bin\java.dll
0x00007ffc60ed0000 - 0x00007ffc61658000 	C:\WINDOWS\System32\SHELL32.dll
0x00007ffc5c3e0000 - 0x00007ffc5cc7b000 	C:\WINDOWS\SYSTEM32\windows.storage.dll
0x00007ffc5fb30000 - 0x00007ffc5fc29000 	C:\WINDOWS\System32\SHCORE.dll
0x00007ffc60da0000 - 0x00007ffc60e06000 	C:\WINDOWS\System32\shlwapi.dll
0x00007ffc5e850000 - 0x00007ffc5e879000 	C:\WINDOWS\SYSTEM32\profapi.dll
0x00007ffc4dfa0000 - 0x00007ffc4dfb8000 	c:\Users\PAULO ROBERTO\.vscode\extensions\redhat.java-1.55.0-win32-x64\jre\21.0.11-win32-x86_64\bin\zip.dll
0x00007ffc535b0000 - 0x00007ffc535c0000 	C:\Users\PAULO ROBERTO\.vscode\extensions\redhat.java-1.55.0-win32-x64\jre\21.0.11-win32-x86_64\bin\net.dll
0x00007ffc53b60000 - 0x00007ffc53c88000 	C:\WINDOWS\SYSTEM32\WINHTTP.dll
0x00007ffc5dc90000 - 0x00007ffc5dcfc000 	C:\WINDOWS\system32\mswsock.dll
0x00007ffc4df30000 - 0x00007ffc4df46000 	C:\Users\PAULO ROBERTO\.vscode\extensions\redhat.java-1.55.0-win32-x64\jre\21.0.11-win32-x86_64\bin\nio.dll
0x00007ffc52d10000 - 0x00007ffc52d20000 	c:\Users\PAULO ROBERTO\.vscode\extensions\redhat.java-1.55.0-win32-x64\jre\21.0.11-win32-x86_64\bin\verify.dll
0x00007ffc42aa0000 - 0x00007ffc42ae5000 	C:\Users\PAULO ROBERTO\AppData\Roaming\Code\User\globalStorage\redhat.java\1.55.0\config_win\org.eclipse.equinox.launcher\org.eclipse.equinox.launcher.win32.win32.x86_64_1.3.100.v20260613-0559\eclipse_11924.dll
0x00007ffc5f800000 - 0x00007ffc5f999000 	C:\WINDOWS\System32\ole32.dll

JVMTI agents:
c:\Users\PAULO ROBERTO\.vscode\extensions\redhat.java-1.55.0-win32-x64\lombok\lombok-1.18.39-4050.jar path:c:\Users\PAULO ROBERTO\.vscode\extensions\redhat.java-1.55.0-win32-x64\jre\21.0.11-win32-x86_64\bin\instrument.dll, loaded, initialized, instrumentlib options:none

dbghelp: loaded successfully - version: 4.0.5 - missing functions: none
symbol engine: initialized successfully - sym options: 0x614 - pdb path: .;c:\Users\PAULO ROBERTO\.vscode\extensions\redhat.java-1.55.0-win32-x64\jre\21.0.11-win32-x86_64\bin;C:\WINDOWS\SYSTEM32;C:\WINDOWS\WinSxS\amd64_microsoft.windows.common-controls_6595b64144ccf1df_6.0.26100.8972_none_3e0da176e32f9d4b;c:\Users\PAULO ROBERTO\.vscode\extensions\redhat.java-1.55.0-win32-x64\jre\21.0.11-win32-x86_64\bin\server;C:\Users\PAULO ROBERTO\AppData\Roaming\Code\User\globalStorage\redhat.java\1.55.0\config_win\org.eclipse.equinox.launcher\org.eclipse.equinox.launcher.win32.win32.x86_64_1.3.100.v20260613-0559

VM Arguments:
jvm_args: --add-modules=ALL-SYSTEM --add-opens=java.base/java.util=ALL-UNNAMED --add-opens=java.base/java.lang=ALL-UNNAMED --add-opens=java.base/sun.nio.fs=ALL-UNNAMED -Declipse.application=org.eclipse.jdt.ls.core.id1 -Dosgi.bundles.defaultStartLevel=4 -Declipse.product=org.eclipse.jdt.ls.core.product -Djava.import.generatesMetadataFilesAtProjectRoot=false -DDetectVMInstallationsJob.disabled=true -Dfile.encoding=utf8 -XX:+UseParallelGC -XX:GCTimeRatio=4 -XX:AdaptiveSizePolicyWeight=90 -Dsun.zip.disableMemoryMapping=true -Xmx2G -Xms100m -Xlog:disable -javaagent:c:\Users\PAULO ROBERTO\.vscode\extensions\redhat.java-1.55.0-win32-x64\lombok\lombok-1.18.39-4050.jar -XX:+HeapDumpOnOutOfMemoryError -XX:HeapDumpPath=c:\Users\PAULO ROBERTO\AppData\Roaming\Code\User\workspaceStorage\af78278a2264e0da21869ec41e085d06\redhat.java -Daether.dependencyCollector.impl=bf 
java_command: c:\Users\PAULO ROBERTO\.vscode\extensions\redhat.java-1.55.0-win32-x64\server\plugins\org.eclipse.equinox.launcher_1.7.200.v20260619-2039.jar -configuration c:\Users\PAULO ROBERTO\AppData\Roaming\Code\User\globalStorage\redhat.java\1.55.0\config_win -data c:\Users\PAULO ROBERTO\AppData\Roaming\Code\User\workspaceStorage\af78278a2264e0da21869ec41e085d06\redhat.java\jdt_ws --pipe=\\.\pipe\lsp-0b5db47e67690c2119af62ebf82302bd-sock
java_class_path (initial): c:\Users\PAULO ROBERTO\.vscode\extensions\redhat.java-1.55.0-win32-x64\server\plugins\org.eclipse.equinox.launcher_1.7.200.v20260619-2039.jar
Launcher Type: SUN_STANDARD

[Global flags]
    uintx AdaptiveSizePolicyWeight                 = 90                                        {product} {command line}
     intx CICompilerCount                          = 4                                         {product} {ergonomic}
    uintx GCTimeRatio                              = 4                                         {product} {command line}
     bool HeapDumpOnOutOfMemoryError               = true                                   {manageable} {command line}
    ccstr HeapDumpPath                             = c:\Users\PAULO ROBERTO\AppData\Roaming\Code\User\workspaceStorage\af78278a2264e0da21869ec41e085d06\redhat.java         {manageable} {command line}
   size_t InitialHeapSize                          = 104857600                                 {product} {command line}
   size_t MaxHeapSize                              = 2147483648                                {product} {command line}
   size_t MaxNewSize                               = 715653120                                 {product} {ergonomic}
   size_t MinHeapDeltaBytes                        = 524288                                    {product} {ergonomic}
   size_t MinHeapSize                              = 104857600                                 {product} {command line}
   size_t NewSize                                  = 34603008                                  {product} {ergonomic}
    uintx NonNMethodCodeHeapSize                   = 5839372                                {pd product} {ergonomic}
    uintx NonProfiledCodeHeapSize                  = 122909434                              {pd product} {ergonomic}
   size_t OldSize                                  = 70254592                                  {product} {ergonomic}
    uintx ProfiledCodeHeapSize                     = 122909434                              {pd product} {ergonomic}
    uintx ReservedCodeCacheSize                    = 251658240                              {pd product} {ergonomic}
     bool SegmentedCodeCache                       = true                                      {product} {ergonomic}
   size_t SoftMaxHeapSize                          = 2147483648                             {manageable} {ergonomic}
     bool UseCompressedOops                        = true                           {product lp64_product} {ergonomic}
     bool UseLargePagesIndividualAllocation        = false                                  {pd product} {ergonomic}
     bool UseParallelGC                            = true                                      {product} {command line}

Logging:
Log output configuration:
 #0: stdout all=off uptime,level,tags foldmultilines=false
 #1: stderr all=off uptime,level,tags foldmultilines=false

Release file:
JAVA_VERSION="21.0.11" 
MODULES="java.base java.compiler java.datatransfer java.xml java.prefs java.desktop java.instrument java.logging java.management java.security.sasl java.naming java.rmi java.management.rmi java.net.http java.scripting java.security.jgss java.transaction.xa java.sql java.sql.rowset java.xml.crypto java.se java.smartcardio jdk.accessibility jdk.internal.jvmstat jdk.attach jdk.charsets jdk.internal.opt jdk.zipfs jdk.compiler jdk.crypto.ec jdk.crypto.cryptoki jdk.crypto.mscapi jdk.dynalink jdk.internal.ed jdk.editpad jdk.hotspot.agent jdk.httpserver jdk.internal.le jdk.internal.vm.ci jdk.internal.vm.compiler jdk.internal.vm.compiler.management jdk.jartool jdk.javadoc jdk.jcmd jdk.management jdk.management.agent jdk.jconsole jdk.jdeps jdk.jdwp.agent jdk.jdi jdk.jfr jdk.jshell jdk.jsobject jdk.jstatd jdk.localedata jdk.management.jfr jdk.naming.dns jdk.naming.rmi jdk.net jdk.nio.mapmode jdk.random jdk.sctp jdk.security.auth jdk.security.jgss jdk.unsupported jdk.unsupported.desktop jdk.xml.dom" 

Environment Variables:
JAVA_HOME=C:\Program Files\Java\jdk-21
PATH=C:\Program Files\Common Files\Oracle\Java\javapath;C:\WINDOWS\system32;C:\WINDOWS;C:\WINDOWS\System32\Wbem;C:\WINDOWS\System32\WindowsPowerShell\v1.0\;C:\WINDOWS\System32\OpenSSH\;C:\Program Files\dotnet\;C:\Program Files\NVIDIA Corporation\NVIDIA App\NvDLISR;C:\Program Files (x86)\NVIDIA Corporation\PhysX\Common;C:\Program Files\GitHub CLI\;C:\Program Files\nodejs\;C:\Program Files\Git\cmd;C:\Users\PAULO ROBERTO\.local\bin;C:\Users\PAULO ROBERTO\AppData\Local\Microsoft\WindowsApps;C:\Users\PAULO ROBERTO\AppData\Roaming\npm;C:\Users\PAULO ROBERTO\AppData\Local\Programs\Microsoft VS Code\bin;C:\Users\PAULO ROBERTO\.bun\bin;C:\Users\PAULO ROBERTO\AppData\Local\Microsoft\WinGet\Packages\jqlang.jq_Microsoft.Winget.Source_8wekyb3d8bbwe;C:\Users\PAULO ROBERTO\.lmstudio\bin
USERNAME=PAULO ROBERTO
OS=Windows_NT
PROCESSOR_IDENTIFIER=Intel64 Family 6 Model 186 Stepping 2, GenuineIntel
TMP=C:\Users\PAULOR~1\AppData\Local\Temp
TEMP=C:\Users\PAULOR~1\AppData\Local\Temp




Periodic native trim disabled

---------------  S Y S T E M  ---------------

OS:
 Windows 11 , 64 bit Build 26100 (10.0.26100.9168)
OS uptime: 7 days 7:52 hours
Hyper-V role detected

CPU: total 12 (initial active 12) (6 cores per cpu, 2 threads per core) family 6 model 186 stepping 2 microcode 0x5103, cx8, cmov, fxsr, ht, mmx, 3dnowpref, sse, sse2, sse3, ssse3, sse4.1, sse4.2, popcnt, lzcnt, tsc, tscinvbit, avx, avx2, aes, erms, clmul, bmi1, bmi2, adx, sha, fma, vzeroupper, clflush, clflushopt, clwb, hv, serialize, rdtscp, rdpid, fsrm, f16c, cet_ibt, cet_ss
Processor Information for the first 12 processors :
  Max Mhz: 2100, Current Mhz: 2100, Mhz Limit: 2100

Memory: 4k page, system-wide physical 16087M (768M free)
TotalPageFile size 32471M (AvailPageFile size 162M)
current process WorkingSet (physical memory assigned to process): 117M, peak: 120M
current process commit charge ("private bytes"): 262M, peak: 265M

vm_info: OpenJDK 64-Bit Server VM (21.0.11+10-LTS) for windows-amd64 JRE (21.0.11+10-LTS), built on 2026-04-21T00:00:00Z by "admin" with MS VC++ 17.12 (VS2022)

END.
