#
# There is insufficient memory for the Java Runtime Environment to continue.
# Native memory allocation (malloc) failed to allocate 1156016 bytes. Error detail: Chunk::new
# Possible reasons:
#   The system is out of physical RAM or swap space
#   This process is running with CompressedOops enabled, and the Java Heap may be blocking the growth of the native heap
# Possible solutions:
#   Reduce memory load on the system
#   Increase physical memory or swap space
#   Check if swap backing store is full
#   Decrease Java heap size (-Xmx/-Xms)
#   Decrease number of Java threads
#   Decrease Java thread stack sizes (-Xss)
#   Set larger code cache with -XX:ReservedCodeCacheSize=
#   JVM is running with Unscaled Compressed Oops mode in which the Java heap is
#     placed in the first 4GB address space. The Java Heap base address is the
#     maximum limit for the native heap growth. Please use -XX:HeapBaseMinAddress
#     to set the Java Heap base and to place the Java Heap above 4GB virtual address.
# This output file may be truncated or incomplete.
#
#  Out of Memory Error (arena.cpp:168), pid=7676, tid=38100
#
# JRE version: OpenJDK Runtime Environment Temurin-21.0.11+10 (21.0.11+10) (build 21.0.11+10-LTS)
# Java VM: OpenJDK 64-Bit Server VM Temurin-21.0.11+10 (21.0.11+10-LTS, mixed mode, sharing, tiered, compressed oops, compressed class ptrs, parallel gc, windows-amd64)
# No core dump will be written. Minidumps are not enabled by default on client versions of Windows
#

---------------  S U M M A R Y ------------

Command Line: --add-modules=ALL-SYSTEM --add-opens=java.base/java.util=ALL-UNNAMED --add-opens=java.base/java.lang=ALL-UNNAMED --add-opens=java.base/sun.nio.fs=ALL-UNNAMED -Declipse.application=org.eclipse.jdt.ls.core.id1 -Dosgi.bundles.defaultStartLevel=4 -Declipse.product=org.eclipse.jdt.ls.core.product -Djava.import.generatesMetadataFilesAtProjectRoot=false -DDetectVMInstallationsJob.disabled=true -Dfile.encoding=utf8 -XX:+UseParallelGC -XX:GCTimeRatio=4 -XX:AdaptiveSizePolicyWeight=90 -Dsun.zip.disableMemoryMapping=true -Xmx2G -Xms100m -Xlog:disable -javaagent:c:\Users\PAULO ROBERTO\.vscode\extensions\redhat.java-1.55.0-win32-x64\lombok\lombok-1.18.39-4050.jar -XX:+HeapDumpOnOutOfMemoryError -XX:HeapDumpPath=c:\Users\PAULO ROBERTO\AppData\Roaming\Code\User\workspaceStorage\af78278a2264e0da21869ec41e085d06\redhat.java -Daether.dependencyCollector.impl=bf c:\Users\PAULO ROBERTO\.vscode\extensions\redhat.java-1.55.0-win32-x64\server\plugins\org.eclipse.equinox.launcher_1.7.200.v20260619-2039.jar -configuration c:\Users\PAULO ROBERTO\AppData\Roaming\Code\User\globalStorage\redhat.java\1.55.0\config_win -data c:\Users\PAULO ROBERTO\AppData\Roaming\Code\User\workspaceStorage\af78278a2264e0da21869ec41e085d06\redhat.java\jdt_ws --pipe=\\.\pipe\lsp-76236a0641443dbe1ce544ef9ec3c28e-sock

Host: 13th Gen Intel(R) Core(TM) i5-13420H, 12 cores, 15G,  Windows 11 , 64 bit Build 26100 (10.0.26100.8972)
Time: Thu Aug  6 08:33:45 2026 Hora Padrão de Bogotá elapsed time: 42.373367 seconds (0d 0h 0m 42s)

---------------  T H R E A D  ---------------

Current thread (0x00000194a73cb750):  JavaThread "C2 CompilerThread0" daemon [_thread_in_native, id=38100, stack(0x0000002386500000,0x0000002386600000) (1024K)]


Current CompileTask:
C2:42373 8748       4       org.eclipse.jdt.internal.compiler.parser.Parser::consumeRule (7843 bytes)

Stack: [0x0000002386500000,0x0000002386600000]
Native frames: (J=compiled Java code, j=interpreted, Vv=VM code, C=native code)
V  [jvm.dll+0x6d7e19]
V  [jvm.dll+0x8b5096]
V  [jvm.dll+0x8b764e]
V  [jvm.dll+0x8b7d33]
V  [jvm.dll+0x284596]
V  [jvm.dll+0xc685d]
V  [jvm.dll+0xc6da1]
V  [jvm.dll+0x3bed31]
V  [jvm.dll+0x38b2b2]
V  [jvm.dll+0x38a6fa]
V  [jvm.dll+0x24c700]
V  [jvm.dll+0x24bce0]
V  [jvm.dll+0x1cb4ae]
V  [jvm.dll+0x25baad]
V  [jvm.dll+0x25a03a]
V  [jvm.dll+0x3f868e]
V  [jvm.dll+0x85fb0d]
V  [jvm.dll+0x6d664d]
C  [ucrtbase.dll+0x2cd30]
C  [KERNEL32.DLL+0x2ccb7]
C  [ntdll.dll+0xaad6c]


---------------  P R O C E S S  ---------------

Threads class SMR info:
_java_thread_list=0x0000019487882970, length=79, elements={
0x00000194a7312d60, 0x00000194a72be890, 0x00000194a73b6670, 0x00000194a73bd480,
0x00000194a73bcdf0, 0x00000194a73ba000, 0x00000194a73bba40, 0x00000194a73cb750,
0x00000194a73cd2b0, 0x00000194a73bb3b0, 0x00000194a73bc0d0, 0x00000194a73ba690,
0x00000194a73bc760, 0x0000019485907bf0, 0x0000019485907560, 0x0000019485905b20,
0x00000194859061b0, 0x0000019485905490, 0x0000019485908280, 0x0000019485904e00,
0x00000194853541f0, 0x00000194853555a0, 0x0000019485357d00, 0x0000019485356950,
0x0000019485354880, 0x0000019485354f10, 0x0000019485355c30, 0x0000019485358a20,
0x000001948535a460, 0x0000019485359740, 0x0000019485359dd0, 0x00000194853590b0,
0x000001948535aaf0, 0x000001948535b180, 0x000001948535b810, 0x000001948712f0d0,
0x000001948712c970, 0x000001948712d690, 0x000001948712f760, 0x000001948712c2e0,
0x000001948712fdf0, 0x0000019487130480, 0x0000019487130b10, 0x000001948712dd20,
0x00000194871311a0, 0x0000019487131ec0, 0x0000019487131830, 0x0000019486c255d0,
0x0000019486c27010, 0x0000019486c25c60, 0x0000019486c248b0, 0x0000019486c24f40,
0x0000019486c276a0, 0x0000019486c26980, 0x0000019486c24220, 0x0000019486c2ab20,
0x0000019486c29e00, 0x0000019486c2b1b0, 0x0000019486c27d30, 0x0000019486c2b840,
0x0000019486c283c0, 0x0000019486c28a50, 0x0000019486c290e0, 0x0000019486c29770,
0x0000019486c2a490, 0x0000019485356fe0, 0x000001948901f6b0, 0x000001948901fd40,
0x0000019489021780, 0x00000194890210f0, 0x00000194890203d0, 0x0000019489021e10,
0x000001948901f020, 0x0000019489024c00, 0x0000019489023ee0, 0x00000194890231c0,
0x00000194890224a0, 0x0000019489023850, 0x0000019489022b30
}

Java Threads: ( => current thread )
  0x00000194a7312d60 JavaThread "main"                              [_thread_blocked, id=34644, stack(0x0000002385b00000,0x0000002385c00000) (1024K)]
  0x00000194a72be890 JavaThread "Reference Handler"          daemon [_thread_blocked, id=35784, stack(0x0000002385f00000,0x0000002386000000) (1024K)]
  0x00000194a73b6670 JavaThread "Finalizer"                  daemon [_thread_blocked, id=22076, stack(0x0000002386000000,0x0000002386100000) (1024K)]
  0x00000194a73bd480 JavaThread "Signal Dispatcher"          daemon [_thread_blocked, id=29664, stack(0x0000002386100000,0x0000002386200000) (1024K)]
  0x00000194a73bcdf0 JavaThread "Attach Listener"            daemon [_thread_blocked, id=27544, stack(0x0000002386200000,0x0000002386300000) (1024K)]
  0x00000194a73ba000 JavaThread "Service Thread"             daemon [_thread_blocked, id=28704, stack(0x0000002386300000,0x0000002386400000) (1024K)]
  0x00000194a73bba40 JavaThread "Monitor Deflation Thread"   daemon [_thread_blocked, id=24036, stack(0x0000002386400000,0x0000002386500000) (1024K)]
=>0x00000194a73cb750 JavaThread "C2 CompilerThread0"         daemon [_thread_in_native, id=38100, stack(0x0000002386500000,0x0000002386600000) (1024K)]
  0x00000194a73cd2b0 JavaThread "C1 CompilerThread0"         daemon [_thread_blocked, id=9192, stack(0x0000002386600000,0x0000002386700000) (1024K)]
  0x00000194a73bb3b0 JavaThread "Common-Cleaner"             daemon [_thread_blocked, id=16912, stack(0x0000002386700000,0x0000002386800000) (1024K)]
  0x00000194a73bc0d0 JavaThread "Notification Thread"        daemon [_thread_blocked, id=40168, stack(0x0000002386900000,0x0000002386a00000) (1024K)]
  0x00000194a73ba690 JavaThread "Active Thread: Equinox Container: eb746ca7-9c5c-4754-a975-4005f4463a5a"        [_thread_blocked, id=1592, stack(0x0000002387100000,0x0000002387200000) (1024K)]
  0x00000194a73bc760 JavaThread "Refresh Thread: Equinox Container: eb746ca7-9c5c-4754-a975-4005f4463a5a" daemon [_thread_blocked, id=14524, stack(0x0000002387300000,0x0000002387400000) (1024K)]
  0x0000019485907bf0 JavaThread "Framework Event Dispatcher: Equinox Container: eb746ca7-9c5c-4754-a975-4005f4463a5a" daemon [_thread_blocked, id=37812, stack(0x0000002387400000,0x0000002387500000) (1024K)]
  0x0000019485907560 JavaThread "Start Level: Equinox Container: eb746ca7-9c5c-4754-a975-4005f4463a5a" daemon [_thread_blocked, id=35420, stack(0x0000002387500000,0x0000002387600000) (1024K)]
  0x0000019485905b20 JavaThread "Bundle File Closer"         daemon [_thread_blocked, id=39200, stack(0x0000002387800000,0x0000002387900000) (1024K)]
  0x00000194859061b0 JavaThread "SCR Component Actor"        daemon [_thread_blocked, id=2576, stack(0x0000002386800000,0x0000002386900000) (1024K)]
  0x0000019485905490 JavaThread "Worker-JM"                         [_thread_blocked, id=34804, stack(0x0000002387900000,0x0000002387a00000) (1024K)]
  0x0000019485908280 JavaThread "JNA Cleaner"                daemon [_thread_blocked, id=24852, stack(0x0000002386a00000,0x0000002386b00000) (1024K)]
  0x0000019485904e00 JavaThread "Worker-0"                          [_thread_blocked, id=40468, stack(0x0000002387a00000,0x0000002387b00000) (1024K)]
  0x00000194853541f0 JavaThread "Worker-1: Building"                [_thread_in_vm, id=32004, stack(0x0000002387c00000,0x0000002387d00000) (1024K)]
  0x00000194853555a0 JavaThread "Worker-2: Initialize workspace"        [_thread_blocked, id=19008, stack(0x0000002387b00000,0x0000002387c00000) (1024K)]
  0x0000019485357d00 JavaThread "Worker-3: Java indexing... "        [_thread_blocked, id=38576, stack(0x0000002387d00000,0x0000002387e00000) (1024K)]
  0x0000019485356950 JavaThread "Java indexing"              daemon [_thread_in_Java, id=19908, stack(0x0000002387f00000,0x0000002388000000) (1024K)]
  0x0000019485354880 JavaThread "Worker-4"                          [_thread_blocked, id=16340, stack(0x0000002388300000,0x0000002388400000) (1024K)]
  0x0000019485354f10 JavaThread "Worker-5"                          [_thread_blocked, id=14508, stack(0x0000002388400000,0x0000002388500000) (1024K)]
  0x0000019485355c30 JavaThread "Thread-1"                   daemon [_thread_in_native, id=38536, stack(0x0000002388500000,0x0000002388600000) (1024K)]
  0x0000019485358a20 JavaThread "Thread-2"                   daemon [_thread_in_native, id=7280, stack(0x0000002388600000,0x0000002388700000) (1024K)]
  0x000001948535a460 JavaThread "Thread-3"                   daemon [_thread_in_native, id=40868, stack(0x0000002388700000,0x0000002388800000) (1024K)]
  0x0000019485359740 JavaThread "Thread-4"                   daemon [_thread_in_native, id=9872, stack(0x0000002388800000,0x0000002388900000) (1024K)]
  0x0000019485359dd0 JavaThread "Thread-5"                   daemon [_thread_in_native, id=37688, stack(0x0000002388900000,0x0000002388a00000) (1024K)]
  0x00000194853590b0 JavaThread "Thread-6"                   daemon [_thread_in_native, id=15452, stack(0x0000002388a00000,0x0000002388b00000) (1024K)]
  0x000001948535aaf0 JavaThread "Thread-7"                   daemon [_thread_in_native, id=4940, stack(0x0000002388b00000,0x0000002388c00000) (1024K)]
  0x000001948535b180 JavaThread "Thread-8"                   daemon [_thread_in_native, id=38772, stack(0x0000002388c00000,0x0000002388d00000) (1024K)]
  0x000001948535b810 JavaThread "Thread-9"                   daemon [_thread_in_native, id=15552, stack(0x0000002388d00000,0x0000002388e00000) (1024K)]
  0x000001948712f0d0 JavaThread "Thread-10"                  daemon [_thread_in_native, id=40420, stack(0x0000002388e00000,0x0000002388f00000) (1024K)]
  0x000001948712c970 JavaThread "Thread-11"                  daemon [_thread_in_native, id=7952, stack(0x0000002388f00000,0x0000002389000000) (1024K)]
  0x000001948712d690 JavaThread "Thread-12"                  daemon [_thread_in_native, id=22984, stack(0x0000002389000000,0x0000002389100000) (1024K)]
  0x000001948712f760 JavaThread "Thread-13"                  daemon [_thread_in_native, id=9732, stack(0x0000002389100000,0x0000002389200000) (1024K)]
  0x000001948712c2e0 JavaThread "pool-2-thread-1"                   [_thread_blocked, id=39168, stack(0x0000002389200000,0x0000002389300000) (1024K)]
  0x000001948712fdf0 JavaThread "WorkspaceEventsHandler"            [_thread_blocked, id=19948, stack(0x0000002388000000,0x0000002388100000) (1024K)]
  0x0000019487130480 JavaThread "pool-1-thread-1"                   [_thread_blocked, id=31484, stack(0x0000002389300000,0x0000002389400000) (1024K)]
  0x0000019487130b10 JavaThread "PatternSearchJob-worker-1"  daemon [_thread_blocked, id=26664, stack(0x0000002389400000,0x0000002389500000) (1024K)]
  0x000001948712dd20 JavaThread "PatternSearchJob-worker-2"  daemon [_thread_blocked, id=18496, stack(0x0000002389500000,0x0000002389600000) (1024K)]
  0x00000194871311a0 JavaThread "PatternSearchJob-worker-3"  daemon [_thread_blocked, id=10976, stack(0x0000002389600000,0x0000002389700000) (1024K)]
  0x0000019487131ec0 JavaThread "Timer-0"                           [_thread_blocked, id=39040, stack(0x0000002387e00000,0x0000002387f00000) (1024K)]
  0x0000019487131830 JavaThread "ForkJoinPool.commonPool-worker-1" daemon [_thread_blocked, id=23480, stack(0x0000002385800000,0x0000002385900000) (1024K)]
  0x0000019486c255d0 JavaThread "ForkJoinPool.commonPool-worker-2" daemon [_thread_blocked, id=19836, stack(0x0000002389700000,0x0000002389800000) (1024K)]
  0x0000019486c27010 JavaThread "ForkJoinPool.commonPool-worker-3" daemon [_thread_blocked, id=9980, stack(0x0000002389800000,0x0000002389900000) (1024K)]
  0x0000019486c25c60 JavaThread "ForkJoinPool.commonPool-worker-4" daemon [_thread_blocked, id=17004, stack(0x0000002389900000,0x0000002389a00000) (1024K)]
  0x0000019486c248b0 JavaThread "ForkJoinPool.commonPool-worker-5" daemon [_thread_blocked, id=39836, stack(0x0000002389a00000,0x0000002389b00000) (1024K)]
  0x0000019486c24f40 JavaThread "ForkJoinPool.commonPool-worker-6" daemon [_thread_blocked, id=10508, stack(0x0000002389b00000,0x0000002389c00000) (1024K)]
  0x0000019486c276a0 JavaThread "ForkJoinPool.commonPool-worker-7" daemon [_thread_blocked, id=6796, stack(0x0000002389c00000,0x0000002389d00000) (1024K)]
  0x0000019486c26980 JavaThread "Connection worker"                 [_thread_blocked, id=31440, stack(0x0000002389e00000,0x0000002389f00000) (1024K)]
  0x0000019486c24220 JavaThread "pool-3-thread-1"                   [_thread_blocked, id=19436, stack(0x0000002389f00000,0x000000238a000000) (1024K)]
  0x0000019486c2ab20 JavaThread "Exec process"                      [_thread_in_native, id=29648, stack(0x0000002389d00000,0x0000002389e00000) (1024K)]
  0x0000019486c29e00 JavaThread "Exec process Thread 2"             [_thread_blocked, id=39904, stack(0x000000238a000000,0x000000238a100000) (1024K)]
  0x0000019486c2b1b0 JavaThread "LocalFile Deleter"          daemon [_thread_blocked, id=28952, stack(0x000000238a100000,0x000000238a200000) (1024K)]
  0x0000019486c27d30 JavaThread "LocalFile Deleter"          daemon [_thread_blocked, id=37344, stack(0x000000238a200000,0x000000238a300000) (1024K)]
  0x0000019486c2b840 JavaThread "LocalFile Deleter"          daemon [_thread_blocked, id=8312, stack(0x000000238a300000,0x000000238a400000) (1024K)]
  0x0000019486c283c0 JavaThread "LocalFile Deleter"          daemon [_thread_blocked, id=39056, stack(0x000000238a400000,0x000000238a500000) (1024K)]
  0x0000019486c28a50 JavaThread "LocalFile Deleter"          daemon [_thread_blocked, id=36180, stack(0x000000238a500000,0x000000238a600000) (1024K)]
  0x0000019486c290e0 JavaThread "LocalFile Deleter"          daemon [_thread_blocked, id=13204, stack(0x000000238a600000,0x000000238a700000) (1024K)]
  0x0000019486c29770 JavaThread "LocalFile Deleter"          daemon [_thread_blocked, id=23536, stack(0x000000238a700000,0x000000238a800000) (1024K)]
  0x0000019486c2a490 JavaThread "LocalFile Deleter"          daemon [_thread_blocked, id=38672, stack(0x000000238a800000,0x000000238a900000) (1024K)]
  0x0000019485356fe0 JavaThread "LocalFile Deleter"          daemon [_thread_blocked, id=25660, stack(0x000000238a900000,0x000000238aa00000) (1024K)]
  0x000001948901f6b0 JavaThread "LocalFile Deleter"          daemon [_thread_blocked, id=30424, stack(0x000000238aa00000,0x000000238ab00000) (1024K)]
  0x000001948901fd40 JavaThread "LocalFile Deleter"          daemon [_thread_blocked, id=7624, stack(0x000000238ab00000,0x000000238ac00000) (1024K)]
  0x0000019489021780 JavaThread "LocalFile Deleter"          daemon [_thread_blocked, id=35852, stack(0x000000238ac00000,0x000000238ad00000) (1024K)]
  0x00000194890210f0 JavaThread "Compiler Source File Reader" daemon [_thread_blocked, id=29044, stack(0x000000238ad00000,0x000000238ae00000) (1024K)]
  0x00000194890203d0 JavaThread "Compiler Source File Reader" daemon [_thread_blocked, id=40172, stack(0x000000238ae00000,0x000000238af00000) (1024K)]
  0x0000019489021e10 JavaThread "Compiler Source File Reader" daemon [_thread_blocked, id=13908, stack(0x000000238af00000,0x000000238b000000) (1024K)]
  0x000001948901f020 JavaThread "Compiler Source File Reader" daemon [_thread_blocked, id=10108, stack(0x000000238b000000,0x000000238b100000) (1024K)]
  0x0000019489024c00 JavaThread "Compiler Source File Reader" daemon [_thread_blocked, id=35136, stack(0x000000238b100000,0x000000238b200000) (1024K)]
  0x0000019489023ee0 JavaThread "Compiler Source File Reader" daemon [_thread_blocked, id=39112, stack(0x000000238b200000,0x000000238b300000) (1024K)]
  0x00000194890231c0 JavaThread "Compiler Source File Reader" daemon [_thread_blocked, id=10152, stack(0x000000238b300000,0x000000238b400000) (1024K)]
  0x00000194890224a0 JavaThread "Compiler Source File Reader" daemon [_thread_blocked, id=38476, stack(0x000000238b400000,0x000000238b500000) (1024K)]
  0x0000019489023850 JavaThread "Compiler Source File Reader" daemon [_thread_blocked, id=3352, stack(0x000000238b500000,0x000000238b600000) (1024K)]
  0x0000019489022b30 JavaThread "Compiler Source File Reader" daemon [_thread_blocked, id=7408, stack(0x000000238b600000,0x000000238b700000) (1024K)]
Total: 79

Other Threads:
  0x00000194a72a45c0 VMThread "VM Thread"                           [id=38652, stack(0x0000002385e00000,0x0000002385f00000) (1024K)]
  0x00000194a719c610 WatcherThread "VM Periodic Task Thread"        [id=8136, stack(0x0000002385d00000,0x0000002385e00000) (1024K)]
  0x00000194a7332770 WorkerThread "GC Thread#0"                     [id=37892, stack(0x0000002385c00000,0x0000002385d00000) (1024K)]
  0x000001948591ede0 WorkerThread "GC Thread#1"                     [id=39440, stack(0x0000002386b00000,0x0000002386c00000) (1024K)]
  0x00000194856e7eb0 WorkerThread "GC Thread#2"                     [id=16880, stack(0x0000002386c00000,0x0000002386d00000) (1024K)]
  0x000001948591c060 WorkerThread "GC Thread#3"                     [id=39764, stack(0x0000002386d00000,0x0000002386e00000) (1024K)]
  0x000001948559c720 WorkerThread "GC Thread#4"                     [id=5624, stack(0x0000002386e00000,0x0000002386f00000) (1024K)]
  0x000001948559cad0 WorkerThread "GC Thread#5"                     [id=40036, stack(0x0000002386f00000,0x0000002387000000) (1024K)]
  0x000001948559ce80 WorkerThread "GC Thread#6"                     [id=19476, stack(0x0000002387000000,0x0000002387100000) (1024K)]
  0x00000194858c36d0 WorkerThread "GC Thread#7"                     [id=16064, stack(0x0000002387200000,0x0000002387300000) (1024K)]
  0x0000019485d24880 WorkerThread "GC Thread#8"                     [id=21260, stack(0x0000002387600000,0x0000002387700000) (1024K)]
  0x0000019485d2e740 WorkerThread "GC Thread#9"                     [id=29164, stack(0x0000002387700000,0x0000002387800000) (1024K)]
Total: 12

Threads with active compile tasks:
C2 CompilerThread0  42432 8748       4       org.eclipse.jdt.internal.compiler.parser.Parser::consumeRule (7843 bytes)
Total: 1

VM state: not at safepoint (normal execution)

VM Mutex/Monitor currently owned by a thread: None

Heap address: 0x0000000080000000, size: 2048 MB, Compressed Oops mode: 32-bit

CDS archive(s) mapped at: [0x00000194be000000-0x00000194beba0000-0x00000194beba0000), size 12189696, SharedBaseAddress: 0x00000194be000000, ArchiveRelocationMode: 1.
Compressed class space mapped at: 0x00000194bf000000-0x00000194ff000000, reserved size: 1073741824
Narrow klass base: 0x00000194be000000, Narrow klass shift: 0, Narrow klass range: 0x100000000

GC Precious Log:
 CardTable entry size: 512
 CPUs: 12 total, 12 available
 Memory: 16087M
 Large Page Support: Disabled
 NUMA Support: Disabled
 Compressed Oops: Enabled (32-bit)
 Alignments: Space 512K, Generation 512K, Heap 2M
 Heap Min Capacity: 100M
 Heap Initial Capacity: 100M
 Heap Max Capacity: 2G
 Pre-touch: Disabled
 Parallel Workers: 10

Heap:
 PSYoungGen      total 15872K, used 7841K [0x00000000d5580000, 0x00000000d6600000, 0x0000000100000000)
  eden space 14848K, 47% used [0x00000000d5580000,0x00000000d5c70790,0x00000000d6400000)
  from space 1024K, 71% used [0x00000000d6480000,0x00000000d6537e90,0x00000000d6580000)
  to   space 512K, 0% used [0x00000000d6580000,0x00000000d6580000,0x00000000d6600000)
 ParOldGen       total 68608K, used 57548K [0x0000000080000000, 0x0000000084300000, 0x00000000d5580000)
  object space 68608K, 83% used [0x0000000080000000,0x00000000838332a0,0x0000000084300000)
 Metaspace       used 65655K, committed 67072K, reserved 1114112K
  class space    used 7653K, committed 8256K, reserved 1048576K

Card table byte_map: [0x00000194a6cb0000,0x00000194a70c0000] _byte_map_base: 0x00000194a68b0000

Marking Bits: (ParMarkBitMap*) 0x00007fff299c4460
 Begin Bits: [0x00000194b97c0000, 0x00000194bb7c0000)
 End Bits:   [0x00000194bb7c0000, 0x00000194bd7c0000)

Polling page: 0x00000194a50c0000

Metaspace:

Usage:
  Non-class:     56.64 MB used.
      Class:      7.47 MB used.
       Both:     64.12 MB used.

Virtual space:
  Non-class space:       64.00 MB reserved,      57.44 MB ( 90%) committed,  1 nodes.
      Class space:        1.00 GB reserved,       8.06 MB ( <1%) committed,  1 nodes.
             Both:        1.06 GB reserved,      65.50 MB (  6%) committed. 

Chunk freelists:
   Non-Class:  5.88 MB
       Class:  7.97 MB
        Both:  13.85 MB

MaxMetaspaceSize: unlimited
CompressedClassSpaceSize: 1.00 GB
Initial GC threshold: 21.00 MB
Current GC threshold: 97.31 MB
CDS: on
 - commit_granule_bytes: 65536.
 - commit_granule_words: 8192.
 - virtual_space_node_default_size: 8388608.
 - enlarge_chunks_in_place: 1.
 - use_allocation_guard: 0.


Internal statistics:

num_allocs_failed_limit: 9.
num_arena_births: 1198.
num_arena_deaths: 70.
num_vsnodes_births: 2.
num_vsnodes_deaths: 0.
num_space_committed: 1048.
num_space_uncommitted: 0.
num_chunks_returned_to_freelist: 101.
num_chunks_taken_from_freelist: 4202.
num_chunk_merges: 41.
num_chunk_splits: 2632.
num_chunks_enlarged: 1571.
num_inconsistent_stats: 0.

CodeHeap 'non-profiled nmethods': size=120000Kb used=5776Kb max_used=5776Kb free=114224Kb
 bounds [0x00000194b1fe0000, 0x00000194b2590000, 0x00000194b9510000]
CodeHeap 'profiled nmethods': size=120000Kb used=17489Kb max_used=17489Kb free=102510Kb
 bounds [0x00000194aa510000, 0x00000194ab630000, 0x00000194b1a40000]
CodeHeap 'non-nmethods': size=5760Kb used=1424Kb max_used=1458Kb free=4335Kb
 bounds [0x00000194b1a40000, 0x00000194b1cb0000, 0x00000194b1fe0000]
CodeCache: size=245760Kb, used=24689Kb, max_used=24723Kb, free=221069Kb
 total_blobs=8749, nmethods=8013, adapters=642, full_count=0
Compilation: enabled, stopped_count=0, restarted_count=0

Compilation events (20 events):
Event: 41.366 Thread 0x00000194a73cd2b0 8778       3       org.eclipse.jdt.core.compiler.CharOperation::splitOn (150 bytes)
Event: 41.366 Thread 0x00000194a73cd2b0 nmethod 8778 0x00000194ab603910 code [0x00000194ab603b20, 0x00000194ab604578]
Event: 41.366 Thread 0x00000194a73cd2b0 8777       3       org.eclipse.jdt.internal.compiler.util.CharDelegateMap::get (25 bytes)
Event: 41.367 Thread 0x00000194a73cd2b0 nmethod 8777 0x00000194ab604910 code [0x00000194ab604b00, 0x00000194ab604f80]
Event: 41.367 Thread 0x00000194a73cd2b0 8779       3       org.eclipse.jdt.internal.compiler.lookup.ModuleBinding::getOrCreateDeclaredPackage (136 bytes)
Event: 41.368 Thread 0x00000194a73cd2b0 nmethod 8779 0x00000194ab605190 code [0x00000194ab6054a0, 0x00000194ab606740]
Event: 41.368 Thread 0x00000194a73cd2b0 8780       3       org.eclipse.jdt.internal.compiler.util.CharArrayMap::<init> (38 bytes)
Event: 41.369 Thread 0x00000194a73cd2b0 nmethod 8780 0x00000194ab606e90 code [0x00000194ab607040, 0x00000194ab607358]
Event: 41.369 Thread 0x00000194a73cd2b0 8775       3       org.eclipse.jdt.internal.compiler.lookup.PlainPackageBinding::<init> (10 bytes)
Event: 41.369 Thread 0x00000194a73cd2b0 nmethod 8775 0x00000194ab607490 code [0x00000194ab607640, 0x00000194ab607778]
Event: 41.369 Thread 0x00000194a73cd2b0 8776       3       org.eclipse.jdt.internal.compiler.lookup.PackageBinding::<init> (96 bytes)
Event: 41.370 Thread 0x00000194a73cd2b0 nmethod 8776 0x00000194ab607810 code [0x00000194ab607a20, 0x00000194ab608068]
Event: 41.370 Thread 0x00000194a73cd2b0 8781       3       org.eclipse.jdt.internal.compiler.lookup.PackageBinding::checkIfNullAnnotationPackage (70 bytes)
Event: 41.371 Thread 0x00000194a73cd2b0 nmethod 8781 0x00000194ab608290 code [0x00000194ab6084a0, 0x00000194ab608db0]
Event: 41.374 Thread 0x00000194a73cd2b0 8782   !   3       org.eclipse.jdt.internal.compiler.parser.Scanner::pushLineSeparator (300 bytes)
Event: 41.375 Thread 0x00000194a73cd2b0 nmethod 8782 0x00000194ab609090 code [0x00000194ab6092c0, 0x00000194ab609b58]
Event: 41.384 Thread 0x00000194a73cd2b0 8784       3       org.eclipse.jdt.internal.compiler.parser.Parser::resetModifiers (24 bytes)
Event: 41.384 Thread 0x00000194a73cd2b0 nmethod 8784 0x00000194ab609f10 code [0x00000194ab60a0a0, 0x00000194ab60a1d0]
Event: 41.995 Thread 0x00000194a73cd2b0 8785       3       java.util.concurrent.ThreadPoolExecutor::workerCountOf (5 bytes)
Event: 41.996 Thread 0x00000194a73cd2b0 nmethod 8785 0x00000194aadc1810 code [0x00000194aadc19a0, 0x00000194aadc1a98]

GC Heap History (20 events):
Event: 33.688 GC heap before
{Heap before GC invocations=41 (full 2):
 PSYoungGen      total 17408K, used 17092K [0x00000000d5580000, 0x00000000d6900000, 0x0000000100000000)
  eden space 15360K, 100% used [0x00000000d5580000,0x00000000d6480000,0x00000000d6480000)
  from space 2048K, 84% used [0x00000000d6700000,0x00000000d68b1000,0x00000000d6900000)
  to   space 2048K, 0% used [0x00000000d6500000,0x00000000d6500000,0x00000000d6700000)
 ParOldGen       total 68608K, used 55436K [0x0000000080000000, 0x0000000084300000, 0x00000000d5580000)
  object space 68608K, 80% used [0x0000000080000000,0x00000000836230d8,0x0000000084300000)
 Metaspace       used 58251K, committed 59648K, reserved 1114112K
  class space    used 6856K, committed 7552K, reserved 1048576K
}
Event: 33.695 GC heap after
{Heap after GC invocations=41 (full 2):
 PSYoungGen      total 17408K, used 1728K [0x00000000d5580000, 0x00000000d6880000, 0x0000000100000000)
  eden space 15360K, 0% used [0x00000000d5580000,0x00000000d5580000,0x00000000d6480000)
  from space 2048K, 84% used [0x00000000d6500000,0x00000000d66b0010,0x00000000d6700000)
  to   space 1536K, 0% used [0x00000000d6700000,0x00000000d6700000,0x00000000d6880000)
 ParOldGen       total 68608K, used 57073K [0x0000000080000000, 0x0000000084300000, 0x00000000d5580000)
  object space 68608K, 83% used [0x0000000080000000,0x00000000837bc700,0x0000000084300000)
 Metaspace       used 58251K, committed 59648K, reserved 1114112K
  class space    used 6856K, committed 7552K, reserved 1048576K
}
Event: 34.011 GC heap before
{Heap before GC invocations=42 (full 2):
 PSYoungGen      total 17408K, used 17088K [0x00000000d5580000, 0x00000000d6880000, 0x0000000100000000)
  eden space 15360K, 100% used [0x00000000d5580000,0x00000000d6480000,0x00000000d6480000)
  from space 2048K, 84% used [0x00000000d6500000,0x00000000d66b0010,0x00000000d6700000)
  to   space 1536K, 0% used [0x00000000d6700000,0x00000000d6700000,0x00000000d6880000)
 ParOldGen       total 68608K, used 57073K [0x0000000080000000, 0x0000000084300000, 0x00000000d5580000)
  object space 68608K, 83% used [0x0000000080000000,0x00000000837bc700,0x0000000084300000)
 Metaspace       used 58351K, committed 59776K, reserved 1114112K
  class space    used 6858K, committed 7552K, reserved 1048576K
}
Event: 34.017 GC heap after
{Heap after GC invocations=42 (full 2):
 PSYoungGen      total 16896K, used 1504K [0x00000000d5580000, 0x00000000d6880000, 0x0000000100000000)
  eden space 15360K, 0% used [0x00000000d5580000,0x00000000d5580000,0x00000000d6480000)
  from space 1536K, 97% used [0x00000000d6700000,0x00000000d6878000,0x00000000d6880000)
  to   space 2048K, 0% used [0x00000000d6480000,0x00000000d6480000,0x00000000d6680000)
 ParOldGen       total 68608K, used 58665K [0x0000000080000000, 0x0000000084300000, 0x00000000d5580000)
  object space 68608K, 85% used [0x0000000080000000,0x000000008394a710,0x0000000084300000)
 Metaspace       used 58351K, committed 59776K, reserved 1114112K
  class space    used 6858K, committed 7552K, reserved 1048576K
}
Event: 34.156 GC heap before
{Heap before GC invocations=43 (full 2):
 PSYoungGen      total 16896K, used 9754K [0x00000000d5580000, 0x00000000d6880000, 0x0000000100000000)
  eden space 15360K, 53% used [0x00000000d5580000,0x00000000d5d8e8d0,0x00000000d6480000)
  from space 1536K, 97% used [0x00000000d6700000,0x00000000d6878000,0x00000000d6880000)
  to   space 2048K, 0% used [0x00000000d6480000,0x00000000d6480000,0x00000000d6680000)
 ParOldGen       total 68608K, used 58665K [0x0000000080000000, 0x0000000084300000, 0x00000000d5580000)
  object space 68608K, 85% used [0x0000000080000000,0x000000008394a710,0x0000000084300000)
 Metaspace       used 58380K, committed 59776K, reserved 1114112K
  class space    used 6858K, committed 7552K, reserved 1048576K
}
Event: 34.161 GC heap after
{Heap after GC invocations=43 (full 2):
 PSYoungGen      total 16384K, used 952K [0x00000000d5580000, 0x00000000d6780000, 0x0000000100000000)
  eden space 15360K, 0% used [0x00000000d5580000,0x00000000d5580000,0x00000000d6480000)
  from space 1024K, 93% used [0x00000000d6480000,0x00000000d656e200,0x00000000d6580000)
  to   space 1536K, 0% used [0x00000000d6600000,0x00000000d6600000,0x00000000d6780000)
 ParOldGen       total 68608K, used 60009K [0x0000000080000000, 0x0000000084300000, 0x00000000d5580000)
  object space 68608K, 87% used [0x0000000080000000,0x0000000083a9a710,0x0000000084300000)
 Metaspace       used 58380K, committed 59776K, reserved 1114112K
  class space    used 6858K, committed 7552K, reserved 1048576K
}
Event: 34.161 GC heap before
{Heap before GC invocations=44 (full 3):
 PSYoungGen      total 16384K, used 952K [0x00000000d5580000, 0x00000000d6780000, 0x0000000100000000)
  eden space 15360K, 0% used [0x00000000d5580000,0x00000000d5580000,0x00000000d6480000)
  from space 1024K, 93% used [0x00000000d6480000,0x00000000d656e200,0x00000000d6580000)
  to   space 1536K, 0% used [0x00000000d6600000,0x00000000d6600000,0x00000000d6780000)
 ParOldGen       total 68608K, used 60009K [0x0000000080000000, 0x0000000084300000, 0x00000000d5580000)
  object space 68608K, 87% used [0x0000000080000000,0x0000000083a9a710,0x0000000084300000)
 Metaspace       used 58380K, committed 59776K, reserved 1114112K
  class space    used 6858K, committed 7552K, reserved 1048576K
}
Event: 34.348 GC heap after
{Heap after GC invocations=44 (full 3):
 PSYoungGen      total 16384K, used 0K [0x00000000d5580000, 0x00000000d6780000, 0x0000000100000000)
  eden space 15360K, 0% used [0x00000000d5580000,0x00000000d5580000,0x00000000d6480000)
  from space 1024K, 0% used [0x00000000d6480000,0x00000000d6480000,0x00000000d6580000)
  to   space 1536K, 0% used [0x00000000d6600000,0x00000000d6600000,0x00000000d6780000)
 ParOldGen       total 68608K, used 54060K [0x0000000080000000, 0x0000000084300000, 0x00000000d5580000)
  object space 68608K, 78% used [0x0000000080000000,0x00000000834cb138,0x0000000084300000)
 Metaspace       used 58339K, committed 59776K, reserved 1114112K
  class space    used 6847K, committed 7552K, reserved 1048576K
}
Event: 34.490 GC heap before
{Heap before GC invocations=45 (full 3):
 PSYoungGen      total 16384K, used 15360K [0x00000000d5580000, 0x00000000d6780000, 0x0000000100000000)
  eden space 15360K, 100% used [0x00000000d5580000,0x00000000d6480000,0x00000000d6480000)
  from space 1024K, 0% used [0x00000000d6480000,0x00000000d6480000,0x00000000d6580000)
  to   space 1536K, 0% used [0x00000000d6600000,0x00000000d6600000,0x00000000d6780000)
 ParOldGen       total 68608K, used 54060K [0x0000000080000000, 0x0000000084300000, 0x00000000d5580000)
  object space 68608K, 78% used [0x0000000080000000,0x00000000834cb138,0x0000000084300000)
 Metaspace       used 58353K, committed 59776K, reserved 1114112K
  class space    used 6848K, committed 7552K, reserved 1048576K
}
Event: 34.493 GC heap after
{Heap after GC invocations=45 (full 3):
 PSYoungGen      total 16384K, used 1536K [0x00000000d5580000, 0x00000000d6880000, 0x0000000100000000)
  eden space 14848K, 0% used [0x00000000d5580000,0x00000000d5580000,0x00000000d6400000)
  from space 1536K, 100% used [0x00000000d6600000,0x00000000d6780000,0x00000000d6780000)
  to   space 2048K, 0% used [0x00000000d6400000,0x00000000d6400000,0x00000000d6600000)
 ParOldGen       total 68608K, used 54108K [0x0000000080000000, 0x0000000084300000, 0x00000000d5580000)
  object space 68608K, 78% used [0x0000000080000000,0x00000000834d7138,0x0000000084300000)
 Metaspace       used 58353K, committed 59776K, reserved 1114112K
  class space    used 6848K, committed 7552K, reserved 1048576K
}
Event: 35.776 GC heap before
{Heap before GC invocations=46 (full 3):
 PSYoungGen      total 16384K, used 16381K [0x00000000d5580000, 0x00000000d6880000, 0x0000000100000000)
  eden space 14848K, 99% used [0x00000000d5580000,0x00000000d63ff7f0,0x00000000d6400000)
  from space 1536K, 100% used [0x00000000d6600000,0x00000000d6780000,0x00000000d6780000)
  to   space 2048K, 0% used [0x00000000d6400000,0x00000000d6400000,0x00000000d6600000)
 ParOldGen       total 68608K, used 54108K [0x0000000080000000, 0x0000000084300000, 0x00000000d5580000)
  object space 68608K, 78% used [0x0000000080000000,0x00000000834d7138,0x0000000084300000)
 Metaspace       used 59357K, committed 60800K, reserved 1114112K
  class space    used 6981K, committed 7616K, reserved 1048576K
}
Event: 35.781 GC heap after
{Heap after GC invocations=46 (full 3):
 PSYoungGen      total 15872K, used 713K [0x00000000d5580000, 0x00000000d6700000, 0x0000000100000000)
  eden space 14848K, 0% used [0x00000000d5580000,0x00000000d5580000,0x00000000d6400000)
  from space 1024K, 69% used [0x00000000d6400000,0x00000000d64b24a0,0x00000000d6500000)
  to   space 1536K, 0% used [0x00000000d6580000,0x00000000d6580000,0x00000000d6700000)
 ParOldGen       total 68608K, used 55297K [0x0000000080000000, 0x0000000084300000, 0x00000000d5580000)
  object space 68608K, 80% used [0x0000000080000000,0x0000000083600490,0x0000000084300000)
 Metaspace       used 59357K, committed 60800K, reserved 1114112K
  class space    used 6981K, committed 7616K, reserved 1048576K
}
Event: 36.471 GC heap before
{Heap before GC invocations=47 (full 3):
 PSYoungGen      total 15872K, used 15535K [0x00000000d5580000, 0x00000000d6700000, 0x0000000100000000)
  eden space 14848K, 99% used [0x00000000d5580000,0x00000000d63f97c0,0x00000000d6400000)
  from space 1024K, 69% used [0x00000000d6400000,0x00000000d64b24a0,0x00000000d6500000)
  to   space 1536K, 0% used [0x00000000d6580000,0x00000000d6580000,0x00000000d6700000)
 ParOldGen       total 68608K, used 55297K [0x0000000080000000, 0x0000000084300000, 0x00000000d5580000)
  object space 68608K, 80% used [0x0000000080000000,0x0000000083600490,0x0000000084300000)
 Metaspace       used 61290K, committed 62720K, reserved 1114112K
  class space    used 7175K, committed 7808K, reserved 1048576K
}
Event: 36.474 GC heap after
{Heap after GC invocations=47 (full 3):
 PSYoungGen      total 16384K, used 976K [0x00000000d5580000, 0x00000000d6700000, 0x0000000100000000)
  eden space 14848K, 0% used [0x00000000d5580000,0x00000000d5580000,0x00000000d6400000)
  from space 1536K, 63% used [0x00000000d6580000,0x00000000d6674040,0x00000000d6700000)
  to   space 1536K, 0% used [0x00000000d6400000,0x00000000d6400000,0x00000000d6580000)
 ParOldGen       total 68608K, used 55868K [0x0000000080000000, 0x0000000084300000, 0x00000000d5580000)
  object space 68608K, 81% used [0x0000000080000000,0x000000008368f250,0x0000000084300000)
 Metaspace       used 61290K, committed 62720K, reserved 1114112K
  class space    used 7175K, committed 7808K, reserved 1048576K
}
Event: 37.683 GC heap before
{Heap before GC invocations=48 (full 3):
 PSYoungGen      total 16384K, used 15783K [0x00000000d5580000, 0x00000000d6700000, 0x0000000100000000)
  eden space 14848K, 99% used [0x00000000d5580000,0x00000000d63f5e50,0x00000000d6400000)
  from space 1536K, 63% used [0x00000000d6580000,0x00000000d6674040,0x00000000d6700000)
  to   space 1536K, 0% used [0x00000000d6400000,0x00000000d6400000,0x00000000d6580000)
 ParOldGen       total 68608K, used 55868K [0x0000000080000000, 0x0000000084300000, 0x00000000d5580000)
  object space 68608K, 81% used [0x0000000080000000,0x000000008368f250,0x0000000084300000)
 Metaspace       used 62812K, committed 64128K, reserved 1114112K
  class space    used 7363K, committed 7936K, reserved 1048576K
}
Event: 37.686 GC heap after
{Heap after GC invocations=48 (full 3):
 PSYoungGen      total 16384K, used 1035K [0x00000000d5580000, 0x00000000d6700000, 0x0000000100000000)
  eden space 14848K, 0% used [0x00000000d5580000,0x00000000d5580000,0x00000000d6400000)
  from space 1536K, 67% used [0x00000000d6400000,0x00000000d6502e88,0x00000000d6580000)
  to   space 1536K, 0% used [0x00000000d6580000,0x00000000d6580000,0x00000000d6700000)
 ParOldGen       total 68608K, used 56431K [0x0000000080000000, 0x0000000084300000, 0x00000000d5580000)
  object space 68608K, 82% used [0x0000000080000000,0x000000008371bf50,0x0000000084300000)
 Metaspace       used 62812K, committed 64128K, reserved 1114112K
  class space    used 7363K, committed 7936K, reserved 1048576K
}
Event: 38.528 GC heap before
{Heap before GC invocations=49 (full 3):
 PSYoungGen      total 16384K, used 15883K [0x00000000d5580000, 0x00000000d6700000, 0x0000000100000000)
  eden space 14848K, 100% used [0x00000000d5580000,0x00000000d6400000,0x00000000d6400000)
  from space 1536K, 67% used [0x00000000d6400000,0x00000000d6502e88,0x00000000d6580000)
  to   space 1536K, 0% used [0x00000000d6580000,0x00000000d6580000,0x00000000d6700000)
 ParOldGen       total 68608K, used 56431K [0x0000000080000000, 0x0000000084300000, 0x00000000d5580000)
  object space 68608K, 82% used [0x0000000080000000,0x000000008371bf50,0x0000000084300000)
 Metaspace       used 63705K, committed 65152K, reserved 1114112K
  class space    used 7460K, committed 8064K, reserved 1048576K
}
Event: 38.531 GC heap after
{Heap after GC invocations=49 (full 3):
 PSYoungGen      total 15872K, used 552K [0x00000000d5580000, 0x00000000d6680000, 0x0000000100000000)
  eden space 14848K, 0% used [0x00000000d5580000,0x00000000d5580000,0x00000000d6400000)
  from space 1024K, 53% used [0x00000000d6580000,0x00000000d660a2b0,0x00000000d6680000)
  to   space 1024K, 0% used [0x00000000d6480000,0x00000000d6480000,0x00000000d6580000)
 ParOldGen       total 68608K, used 57316K [0x0000000080000000, 0x0000000084300000, 0x00000000d5580000)
  object space 68608K, 83% used [0x0000000080000000,0x00000000837f91c0,0x0000000084300000)
 Metaspace       used 63705K, committed 65152K, reserved 1114112K
  class space    used 7460K, committed 8064K, reserved 1048576K
}
Event: 40.094 GC heap before
{Heap before GC invocations=50 (full 3):
 PSYoungGen      total 15872K, used 15400K [0x00000000d5580000, 0x00000000d6680000, 0x0000000100000000)
  eden space 14848K, 100% used [0x00000000d5580000,0x00000000d6400000,0x00000000d6400000)
  from space 1024K, 53% used [0x00000000d6580000,0x00000000d660a2b0,0x00000000d6680000)
  to   space 1024K, 0% used [0x00000000d6480000,0x00000000d6480000,0x00000000d6580000)
 ParOldGen       total 68608K, used 57316K [0x0000000080000000, 0x0000000084300000, 0x00000000d5580000)
  object space 68608K, 83% used [0x0000000080000000,0x00000000837f92a0,0x0000000084300000)
 Metaspace       used 64788K, committed 66240K, reserved 1114112K
  class space    used 7565K, committed 8192K, reserved 1048576K
}
Event: 40.096 GC heap after
{Heap after GC invocations=50 (full 3):
 PSYoungGen      total 15872K, used 735K [0x00000000d5580000, 0x00000000d6600000, 0x0000000100000000)
  eden space 14848K, 0% used [0x00000000d5580000,0x00000000d5580000,0x00000000d6400000)
  from space 1024K, 71% used [0x00000000d6480000,0x00000000d6537e90,0x00000000d6580000)
  to   space 512K, 0% used [0x00000000d6580000,0x00000000d6580000,0x00000000d6600000)
 ParOldGen       total 68608K, used 57548K [0x0000000080000000, 0x0000000084300000, 0x00000000d5580000)
  object space 68608K, 83% used [0x0000000080000000,0x00000000838332a0,0x0000000084300000)
 Metaspace       used 64788K, committed 66240K, reserved 1114112K
  class space    used 7565K, committed 8192K, reserved 1048576K
}

Dll operation events (14 events):
Event: 0.019 Loaded shared library c:\Users\PAULO ROBERTO\.vscode\extensions\redhat.java-1.55.0-win32-x64\jre\21.0.11-win32-x86_64\bin\java.dll
Event: 0.102 Loaded shared library c:\Users\PAULO ROBERTO\.vscode\extensions\redhat.java-1.55.0-win32-x64\jre\21.0.11-win32-x86_64\bin\zip.dll
Event: 0.123 Loaded shared library C:\Users\PAULO ROBERTO\.vscode\extensions\redhat.java-1.55.0-win32-x64\jre\21.0.11-win32-x86_64\bin\instrument.dll
Event: 0.133 Loaded shared library C:\Users\PAULO ROBERTO\.vscode\extensions\redhat.java-1.55.0-win32-x64\jre\21.0.11-win32-x86_64\bin\net.dll
Event: 0.137 Loaded shared library C:\Users\PAULO ROBERTO\.vscode\extensions\redhat.java-1.55.0-win32-x64\jre\21.0.11-win32-x86_64\bin\nio.dll
Event: 0.141 Loaded shared library C:\Users\PAULO ROBERTO\.vscode\extensions\redhat.java-1.55.0-win32-x64\jre\21.0.11-win32-x86_64\bin\zip.dll
Event: 0.159 Loaded shared library C:\Users\PAULO ROBERTO\.vscode\extensions\redhat.java-1.55.0-win32-x64\jre\21.0.11-win32-x86_64\bin\jimage.dll
Event: 0.256 Loaded shared library c:\Users\PAULO ROBERTO\.vscode\extensions\redhat.java-1.55.0-win32-x64\jre\21.0.11-win32-x86_64\bin\verify.dll
Event: 1.448 Loaded shared library C:\Users\PAULO ROBERTO\AppData\Roaming\Code\User\globalStorage\redhat.java\1.55.0\config_win\org.eclipse.equinox.launcher\org.eclipse.equinox.launcher.win32.win32.x86_64_1.3.100.v20260613-0559\eclipse_11924.dll
Event: 6.393 Loaded shared library C:\Users\PAULO ROBERTO\AppData\Local\Temp\jna--1403105036\jna8712840090433686832.dll
Event: 23.863 Loaded shared library C:\Users\PAULO ROBERTO\.gradle\native\c067742578af261105cb4f569cf0c3c89f3d7b1fecec35dd04571415982c5e48\windows-amd64\native-platform.dll
Event: 27.604 Loaded shared library C:\Users\PAULO ROBERTO\.vscode\extensions\redhat.java-1.55.0-win32-x64\jre\21.0.11-win32-x86_64\bin\management.dll
Event: 27.612 Loaded shared library C:\Users\PAULO ROBERTO\.vscode\extensions\redhat.java-1.55.0-win32-x64\jre\21.0.11-win32-x86_64\bin\management_ext.dll
Event: 35.838 Loaded shared library C:\Users\PAULO ROBERTO\.vscode\extensions\redhat.java-1.55.0-win32-x64\jre\21.0.11-win32-x86_64\bin\extnet.dll

Deoptimization events (20 events):
Event: 38.691 Thread 0x0000019485904e00 Uncommon trap: trap_request=0xffffffde fr.pc=0x00000194b2242c48 relative=0x00000000000000a8
Event: 38.691 Thread 0x0000019485904e00 Uncommon trap: reason=class_check action=maybe_recompile pc=0x00000194b2242c48 method=org.eclipse.jdt.internal.core.Openable.getPackageFragmentRoot()Lorg/eclipse/jdt/internal/core/PackageFragmentRoot; @ 5 c2
Event: 38.691 Thread 0x0000019485904e00 DEOPT PACKING pc=0x00000194b2242c48 sp=0x0000002387afe320
Event: 38.691 Thread 0x0000019485904e00 DEOPT UNPACKING pc=0x00000194b1a93aa2 sp=0x0000002387afe2b0 mode 2
Event: 38.692 Thread 0x0000019485904e00 Uncommon trap: trap_request=0xffffffde fr.pc=0x00000194b2242c48 relative=0x00000000000000a8
Event: 38.692 Thread 0x0000019485904e00 Uncommon trap: reason=class_check action=maybe_recompile pc=0x00000194b2242c48 method=org.eclipse.jdt.internal.core.Openable.getPackageFragmentRoot()Lorg/eclipse/jdt/internal/core/PackageFragmentRoot; @ 5 c2
Event: 38.692 Thread 0x0000019485904e00 DEOPT PACKING pc=0x00000194b2242c48 sp=0x0000002387afe320
Event: 38.692 Thread 0x0000019485904e00 DEOPT UNPACKING pc=0x00000194b1a93aa2 sp=0x0000002387afe2b0 mode 2
Event: 39.810 Thread 0x00000194853541f0 DEOPT PACKING pc=0x00000194ab4d873b sp=0x0000002387cfc5e0
Event: 39.810 Thread 0x00000194853541f0 DEOPT UNPACKING pc=0x00000194b1a94242 sp=0x0000002387cfbb18 mode 0
Event: 40.077 Thread 0x0000019485356950 DEOPT PACKING pc=0x00000194ab4d873b sp=0x0000002387ffd2f0
Event: 40.077 Thread 0x0000019485356950 DEOPT UNPACKING pc=0x00000194b1a94242 sp=0x0000002387ffc828 mode 0
Event: 41.192 Thread 0x0000019485356950 Uncommon trap: trap_request=0xffffff45 fr.pc=0x00000194b231feec relative=0x000000000000022c
Event: 41.192 Thread 0x0000019485356950 Uncommon trap: reason=unstable_if action=reinterpret pc=0x00000194b231feec method=java.util.Arrays.hashCode([C)I @ 8 c2
Event: 41.192 Thread 0x0000019485356950 DEOPT PACKING pc=0x00000194b231feec sp=0x0000002387ffe670
Event: 41.192 Thread 0x0000019485356950 DEOPT UNPACKING pc=0x00000194b1a93aa2 sp=0x0000002387ffe608 mode 2
Event: 41.347 Thread 0x00000194853541f0 Uncommon trap: trap_request=0xffffff45 fr.pc=0x00000194b22314f4 relative=0x0000000000000234
Event: 41.347 Thread 0x00000194853541f0 Uncommon trap: reason=unstable_if action=reinterpret pc=0x00000194b22314f4 method=java.util.Arrays.hashCode([C)I @ 8 c2
Event: 41.347 Thread 0x00000194853541f0 DEOPT PACKING pc=0x00000194b22314f4 sp=0x0000002387cfe400
Event: 41.347 Thread 0x00000194853541f0 DEOPT UNPACKING pc=0x00000194b1a93aa2 sp=0x0000002387cfe338 mode 2

Classes loaded (20 events):
Event: 37.455 Loading class java/util/TreeMap$AscendingSubMap
Event: 37.456 Loading class java/util/TreeMap$NavigableSubMap
Event: 37.457 Loading class java/util/TreeMap$NavigableSubMap done
Event: 37.457 Loading class java/util/TreeMap$AscendingSubMap done
Event: 37.458 Loading class java/util/TreeMap$NavigableSubMap$SubMapKeyIterator
Event: 37.463 Loading class java/util/TreeMap$NavigableSubMap$SubMapIterator
Event: 37.463 Loading class java/util/TreeMap$NavigableSubMap$SubMapIterator done
Event: 37.463 Loading class java/util/TreeMap$NavigableSubMap$SubMapKeyIterator done
Event: 38.441 Loading class java/util/Vector$1
Event: 38.441 Loading class java/util/Vector$1 done
Event: 41.177 Loading class java/util/stream/ReferencePipeline$4
Event: 41.177 Loading class java/util/stream/ReferencePipeline$4 done
Event: 41.183 Loading class java/util/stream/Nodes$IntFixedNodeBuilder
Event: 41.183 Loading class java/util/stream/Node$Builder$OfInt
Event: 41.183 Loading class java/util/stream/Node$Builder$OfInt done
Event: 41.183 Loading class java/util/stream/Nodes$IntArrayNode
Event: 41.184 Loading class java/util/stream/Nodes$IntArrayNode done
Event: 41.184 Loading class java/util/stream/Nodes$IntFixedNodeBuilder done
Event: 41.184 Loading class java/util/stream/ReferencePipeline$4$1
Event: 41.184 Loading class java/util/stream/ReferencePipeline$4$1 done

Classes unloaded (20 events):
Event: 34.205 Thread 0x00000194a72a45c0 Unloading class 0x00000194bf742400 'java/lang/invoke/LambdaForm$MH+0x00000194bf742400'
Event: 34.205 Thread 0x00000194a72a45c0 Unloading class 0x00000194bf742800 'java/lang/invoke/LambdaForm$MH+0x00000194bf742800'
Event: 34.205 Thread 0x00000194a72a45c0 Unloading class 0x00000194bf741c00 'java/lang/invoke/LambdaForm$MH+0x00000194bf741c00'
Event: 34.205 Thread 0x00000194a72a45c0 Unloading class 0x00000194bf741400 'java/lang/invoke/LambdaForm$MH+0x00000194bf741400'
Event: 34.205 Thread 0x00000194a72a45c0 Unloading class 0x00000194bf741800 'java/lang/invoke/LambdaForm$MH+0x00000194bf741800'
Event: 34.205 Thread 0x00000194a72a45c0 Unloading class 0x00000194bf741000 'java/lang/invoke/LambdaForm$MH+0x00000194bf741000'
Event: 34.205 Thread 0x00000194a72a45c0 Unloading class 0x00000194bf740400 'java/lang/invoke/LambdaForm$MH+0x00000194bf740400'
Event: 34.205 Thread 0x00000194a72a45c0 Unloading class 0x00000194bf740000 'java/lang/invoke/LambdaForm$MH+0x00000194bf740000'
Event: 34.205 Thread 0x00000194a72a45c0 Unloading class 0x00000194bf73bc00 'java/lang/invoke/LambdaForm$MH+0x00000194bf73bc00'
Event: 34.205 Thread 0x00000194a72a45c0 Unloading class 0x00000194bf73b800 'java/lang/invoke/LambdaForm$MH+0x00000194bf73b800'
Event: 34.205 Thread 0x00000194a72a45c0 Unloading class 0x00000194bf73b400 'java/lang/invoke/LambdaForm$MH+0x00000194bf73b400'
Event: 34.205 Thread 0x00000194a72a45c0 Unloading class 0x00000194bf73b000 'java/lang/invoke/LambdaForm$MH+0x00000194bf73b000'
Event: 34.205 Thread 0x00000194a72a45c0 Unloading class 0x00000194bf73ac00 'java/lang/invoke/LambdaForm$MH+0x00000194bf73ac00'
Event: 34.205 Thread 0x00000194a72a45c0 Unloading class 0x00000194bf73a400 'java/lang/invoke/LambdaForm$MH+0x00000194bf73a400'
Event: 34.205 Thread 0x00000194a72a45c0 Unloading class 0x00000194bf73a000 'java/lang/invoke/LambdaForm$MH+0x00000194bf73a000'
Event: 34.205 Thread 0x00000194a72a45c0 Unloading class 0x00000194bf739c00 'java/lang/invoke/LambdaForm$MH+0x00000194bf739c00'
Event: 34.205 Thread 0x00000194a72a45c0 Unloading class 0x00000194bf739400 'java/lang/invoke/LambdaForm$MH+0x00000194bf739400'
Event: 34.205 Thread 0x00000194a72a45c0 Unloading class 0x00000194bf739800 'java/lang/invoke/LambdaForm$MH+0x00000194bf739800'
Event: 34.205 Thread 0x00000194a72a45c0 Unloading class 0x00000194bf739000 'java/lang/invoke/LambdaForm$MH+0x00000194bf739000'
Event: 34.205 Thread 0x00000194a72a45c0 Unloading class 0x00000194bf738800 'java/lang/invoke/LambdaForm$MH+0x00000194bf738800'

Classes redefined (0 events):
No events

Internal exceptions (20 events):
Event: 41.213 Thread 0x0000019485356950 Exception <a 'java/lang/NullPointerException'{0x00000000d58d6510}> (0x00000000d58d6510) 
thrown [s\src\hotspot\share\interpreter\linkResolver.cpp, line 1372]
Event: 41.213 Thread 0x0000019485356950 Exception <a 'java/lang/NullPointerException'{0x00000000d58d7298}> (0x00000000d58d7298) 
thrown [s\src\hotspot\share\interpreter\linkResolver.cpp, line 1372]
Event: 41.213 Thread 0x0000019485356950 Exception <a 'java/lang/NullPointerException'{0x00000000d58d76c0}> (0x00000000d58d76c0) 
thrown [s\src\hotspot\share\interpreter\linkResolver.cpp, line 1372]
Event: 41.214 Thread 0x0000019485356950 Exception <a 'java/lang/NullPointerException'{0x00000000d58d80d8}> (0x00000000d58d80d8) 
thrown [s\src\hotspot\share\interpreter\linkResolver.cpp, line 1372]
Event: 41.214 Thread 0x0000019485356950 Exception <a 'java/lang/NullPointerException'{0x00000000d58d85c0}> (0x00000000d58d85c0) 
thrown [s\src\hotspot\share\interpreter\linkResolver.cpp, line 1372]
Event: 41.214 Thread 0x0000019485356950 Exception <a 'java/lang/NullPointerException'{0x00000000d58d89b0}> (0x00000000d58d89b0) 
thrown [s\src\hotspot\share\interpreter\linkResolver.cpp, line 1372]
Event: 41.214 Thread 0x0000019485356950 Exception <a 'java/lang/NullPointerException'{0x00000000d58d8e40}> (0x00000000d58d8e40) 
thrown [s\src\hotspot\share\interpreter\linkResolver.cpp, line 1372]
Event: 41.218 Thread 0x0000019485356950 Exception <a 'java/lang/NullPointerException'{0x00000000d58d9778}> (0x00000000d58d9778) 
thrown [s\src\hotspot\share\interpreter\linkResolver.cpp, line 1372]
Event: 41.219 Thread 0x0000019485356950 Exception <a 'java/lang/NullPointerException'{0x00000000d58d9c68}> (0x00000000d58d9c68) 
thrown [s\src\hotspot\share\interpreter\linkResolver.cpp, line 1372]
Event: 41.224 Thread 0x0000019485356950 Exception <a 'java/lang/NullPointerException'{0x00000000d58dbb88}> (0x00000000d58dbb88) 
thrown [s\src\hotspot\share\interpreter\linkResolver.cpp, line 1372]
Event: 41.225 Thread 0x0000019485356950 Exception <a 'java/lang/NullPointerException'{0x00000000d58dc580}> (0x00000000d58dc580) 
thrown [s\src\hotspot\share\interpreter\linkResolver.cpp, line 1372]
Event: 41.241 Thread 0x0000019485356950 Exception <a 'java/lang/NullPointerException'{0x00000000d5926528}> (0x00000000d5926528) 
thrown [s\src\hotspot\share\interpreter\linkResolver.cpp, line 1372]
Event: 41.256 Thread 0x0000019485356950 Exception <a 'java/lang/NullPointerException'{0x00000000d592a430}> (0x00000000d592a430) 
thrown [s\src\hotspot\share\interpreter\linkResolver.cpp, line 1372]
Event: 41.263 Thread 0x0000019485356950 Exception <a 'java/lang/NullPointerException'{0x00000000d59d5208}> (0x00000000d59d5208) 
thrown [s\src\hotspot\share\interpreter\linkResolver.cpp, line 1372]
Event: 41.381 Thread 0x0000019485356950 Exception <a 'java/lang/NullPointerException'{0x00000000d5bb9650}> (0x00000000d5bb9650) 
thrown [s\src\hotspot\share\interpreter\linkResolver.cpp, line 1372]
Event: 41.381 Thread 0x0000019485356950 Exception <a 'java/lang/NullPointerException'{0x00000000d5bb9a18}> (0x00000000d5bb9a18) 
thrown [s\src\hotspot\share\interpreter\linkResolver.cpp, line 1372]
Event: 41.382 Thread 0x0000019485356950 Exception <a 'java/lang/NullPointerException'{0x00000000d5bba1b8}> (0x00000000d5bba1b8) 
thrown [s\src\hotspot\share\interpreter\linkResolver.cpp, line 1372]
Event: 41.382 Thread 0x0000019485356950 Exception <a 'java/lang/NullPointerException'{0x00000000d5bbaac0}> (0x00000000d5bbaac0) 
thrown [s\src\hotspot\share\interpreter\linkResolver.cpp, line 1372]
Event: 41.382 Thread 0x0000019485356950 Exception <a 'java/lang/NullPointerException'{0x00000000d5bbae88}> (0x00000000d5bbae88) 
thrown [s\src\hotspot\share\interpreter\linkResolver.cpp, line 1372]
Event: 41.383 Thread 0x0000019485356950 Exception <a 'java/lang/NullPointerException'{0x00000000d5bbb5b0}> (0x00000000d5bbb5b0) 
thrown [s\src\hotspot\share\interpreter\linkResolver.cpp, line 1372]

ZGC Phase Switch (0 events):
No events

VM Operations (20 events):
Event: 37.448 Executing non-safepoint VM operation: HandshakeAllThreads (Deoptimize) done
Event: 37.472 Executing non-safepoint VM operation: HandshakeAllThreads (Deoptimize)
Event: 37.472 Executing non-safepoint VM operation: HandshakeAllThreads (Deoptimize) done
Event: 37.683 Executing safepoint VM operation: ParallelGCFailedAllocation (Allocation Failure)
Event: 37.686 Executing safepoint VM operation: ParallelGCFailedAllocation (Allocation Failure) done
Event: 38.528 Executing safepoint VM operation: ParallelGCFailedAllocation (Allocation Failure)
Event: 38.531 Executing safepoint VM operation: ParallelGCFailedAllocation (Allocation Failure) done
Event: 38.664 Executing non-safepoint VM operation: HandshakeAllThreads (Deoptimize)
Event: 38.664 Executing non-safepoint VM operation: HandshakeAllThreads (Deoptimize) done
Event: 39.667 Executing safepoint VM operation: Cleanup
Event: 39.743 Executing safepoint VM operation: Cleanup done
Event: 40.090 Executing non-safepoint VM operation: HandshakeAllThreads (Deoptimize)
Event: 40.090 Executing non-safepoint VM operation: HandshakeAllThreads (Deoptimize) done
Event: 40.094 Executing safepoint VM operation: ParallelGCFailedAllocation (Allocation Failure)
Event: 40.094 Executing safepoint VM operation: ParallelGCFailedAllocation (Allocation Failure) done
Event: 40.094 Executing safepoint VM operation: ParallelGCSystemGC (GCLocker Initiated GC)
Event: 40.096 Executing safepoint VM operation: ParallelGCSystemGC (GCLocker Initiated GC) done
Event: 41.109 Executing safepoint VM operation: Cleanup
Event: 41.139 Executing safepoint VM operation: Cleanup done
Event: 42.151 Executing safepoint VM operation: Cleanup

Memory protections (0 events):
No events

Nmethod flushes (20 events):
Event: 34.232 Thread 0x00000194a72a45c0 flushing  nmethod 0x00000194aae48190
Event: 34.232 Thread 0x00000194a72a45c0 flushing  nmethod 0x00000194aae49790
Event: 34.232 Thread 0x00000194a72a45c0 flushing  nmethod 0x00000194aae62d10
Event: 34.232 Thread 0x00000194a72a45c0 flushing  nmethod 0x00000194aae63410
Event: 34.232 Thread 0x00000194a72a45c0 flushing  nmethod 0x00000194aae64390
Event: 34.232 Thread 0x00000194a72a45c0 flushing  nmethod 0x00000194aae64990
Event: 34.232 Thread 0x00000194a72a45c0 flushing  nmethod 0x00000194aae65210
Event: 34.232 Thread 0x00000194a72a45c0 flushing  nmethod 0x00000194aae67990
Event: 34.232 Thread 0x00000194a72a45c0 flushing  nmethod 0x00000194aae73590
Event: 34.232 Thread 0x00000194a72a45c0 flushing  nmethod 0x00000194aae7af10
Event: 34.232 Thread 0x00000194a72a45c0 flushing  nmethod 0x00000194aae87e90
Event: 34.232 Thread 0x00000194a72a45c0 flushing  nmethod 0x00000194aae8be90
Event: 34.232 Thread 0x00000194a72a45c0 flushing  nmethod 0x00000194aae94a10
Event: 34.232 Thread 0x00000194a72a45c0 flushing  nmethod 0x00000194aae95190
Event: 34.232 Thread 0x00000194a72a45c0 flushing  nmethod 0x00000194aae96b10
Event: 34.232 Thread 0x00000194a72a45c0 flushing  nmethod 0x00000194aaebba10
Event: 34.232 Thread 0x00000194a72a45c0 flushing  nmethod 0x00000194aaeda390
Event: 34.232 Thread 0x00000194a72a45c0 flushing  nmethod 0x00000194aaee6310
Event: 34.232 Thread 0x00000194a72a45c0 flushing  nmethod 0x00000194aaee9b10
Event: 34.232 Thread 0x00000194a72a45c0 flushing  nmethod 0x00000194aaf24910

Events (20 events):
Event: 37.417 Thread 0x0000019486c2b1b0 Thread added: 0x0000019486c2b840
Event: 37.418 Thread 0x0000019486c27d30 Thread added: 0x0000019486c283c0
Event: 37.420 Thread 0x0000019486c2b840 Thread added: 0x0000019486c28a50
Event: 37.420 Thread 0x0000019486c283c0 Thread added: 0x0000019486c290e0
Event: 37.422 Thread 0x0000019486c28a50 Thread added: 0x0000019486c29770
Event: 37.423 Thread 0x0000019486c290e0 Thread added: 0x0000019486c2a490
Event: 37.426 Thread 0x0000019486c27d30 Thread added: 0x0000019485356fe0
Event: 37.426 Thread 0x0000019486c29770 Thread added: 0x000001948901f6b0
Event: 37.426 Thread 0x0000019486c2a490 Thread added: 0x000001948901fd40
Event: 37.427 Thread 0x0000019486c27d30 Thread added: 0x0000019489021780
Event: 37.519 Thread 0x00000194853541f0 Thread added: 0x00000194890210f0
Event: 37.519 Thread 0x00000194853541f0 Thread added: 0x00000194890203d0
Event: 37.519 Thread 0x00000194853541f0 Thread added: 0x0000019489021e10
Event: 37.522 Thread 0x00000194853541f0 Thread added: 0x000001948901f020
Event: 37.522 Thread 0x00000194853541f0 Thread added: 0x0000019489024c00
Event: 37.523 Thread 0x0000019489021e10 Thread added: 0x0000019489023ee0
Event: 37.523 Thread 0x00000194890203d0 Thread added: 0x00000194890231c0
Event: 37.524 Thread 0x00000194890210f0 Thread added: 0x00000194890224a0
Event: 37.524 Thread 0x00000194853541f0 Thread added: 0x0000019489023850
Event: 37.524 Thread 0x00000194853541f0 Thread added: 0x0000019489022b30


Dynamic libraries:
0x00007ff78a8b0000 - 0x00007ff78a8be000 	c:\Users\PAULO ROBERTO\.vscode\extensions\redhat.java-1.55.0-win32-x64\jre\21.0.11-win32-x86_64\bin\java.exe
0x00007ff86cac0000 - 0x00007ff86cd26000 	C:\WINDOWS\SYSTEM32\ntdll.dll
0x00007ff86b8d0000 - 0x00007ff86b999000 	C:\WINDOWS\System32\KERNEL32.DLL
0x00007ff86a0e0000 - 0x00007ff86a4df000 	C:\WINDOWS\System32\KERNELBASE.dll
0x00007ff86a5a0000 - 0x00007ff86a6ec000 	C:\WINDOWS\System32\ucrtbase.dll
0x00007ff85e980000 - 0x00007ff85e99e000 	c:\Users\PAULO ROBERTO\.vscode\extensions\redhat.java-1.55.0-win32-x64\jre\21.0.11-win32-x86_64\bin\VCRUNTIME140.dll
0x00007ff85e740000 - 0x00007ff85e758000 	c:\Users\PAULO ROBERTO\.vscode\extensions\redhat.java-1.55.0-win32-x64\jre\21.0.11-win32-x86_64\bin\jli.dll
0x00007ff86b0d0000 - 0x00007ff86b296000 	C:\WINDOWS\System32\USER32.dll
0x00007ff86a700000 - 0x00007ff86a727000 	C:\WINDOWS\System32\win32u.dll
0x00007ff849300000 - 0x00007ff849591000 	C:\WINDOWS\WinSxS\amd64_microsoft.windows.common-controls_6595b64144ccf1df_6.0.26100.8972_none_3e0da176e32f9d4b\COMCTL32.dll
0x00007ff86a7f0000 - 0x00007ff86a81b000 	C:\WINDOWS\System32\GDI32.dll
0x00007ff86c8b0000 - 0x00007ff86c959000 	C:\WINDOWS\System32\msvcrt.dll
0x00007ff869e20000 - 0x00007ff869f49000 	C:\WINDOWS\System32\gdi32full.dll
0x00007ff86a4f0000 - 0x00007ff86a593000 	C:\WINDOWS\System32\msvcp_win.dll
0x00007ff86add0000 - 0x00007ff86ae02000 	C:\WINDOWS\System32\IMM32.DLL
0x00007ff8645b0000 - 0x00007ff8645bc000 	c:\Users\PAULO ROBERTO\.vscode\extensions\redhat.java-1.55.0-win32-x64\jre\21.0.11-win32-x86_64\bin\vcruntime140_1.dll
0x00007ff859fe0000 - 0x00007ff85a06d000 	c:\Users\PAULO ROBERTO\.vscode\extensions\redhat.java-1.55.0-win32-x64\jre\21.0.11-win32-x86_64\bin\msvcp140.dll
0x00007fff28d00000 - 0x00007fff29aa2000 	c:\Users\PAULO ROBERTO\.vscode\extensions\redhat.java-1.55.0-win32-x64\jre\21.0.11-win32-x86_64\bin\server\jvm.dll
0x00007ff86c7e0000 - 0x00007ff86c89c000 	C:\WINDOWS\System32\ADVAPI32.dll
0x00007ff86bd80000 - 0x00007ff86be29000 	C:\WINDOWS\System32\sechost.dll
0x00007ff86c6c0000 - 0x00007ff86c7d8000 	C:\WINDOWS\System32\RPCRT4.dll
0x00007ff86b3b0000 - 0x00007ff86b432000 	C:\WINDOWS\System32\WS2_32.dll
0x00007ff868f10000 - 0x00007ff868f6e000 	C:\WINDOWS\SYSTEM32\POWRPROF.dll
0x00007ff8558a0000 - 0x00007ff8558d6000 	C:\WINDOWS\SYSTEM32\WINMM.dll
0x00007ff859f00000 - 0x00007ff859f0b000 	C:\WINDOWS\SYSTEM32\VERSION.dll
0x00007ff868da0000 - 0x00007ff868db5000 	C:\WINDOWS\SYSTEM32\UMPDC.dll
0x00007ff868980000 - 0x00007ff86899b000 	C:\WINDOWS\SYSTEM32\kernel.appcore.dll
0x00007ff8615e0000 - 0x00007ff8615ea000 	c:\Users\PAULO ROBERTO\.vscode\extensions\redhat.java-1.55.0-win32-x64\jre\21.0.11-win32-x86_64\bin\jimage.dll
0x00007ff8671c0000 - 0x00007ff867402000 	C:\WINDOWS\SYSTEM32\DBGHELP.DLL
0x00007ff86a820000 - 0x00007ff86aba5000 	C:\WINDOWS\System32\combase.dll
0x00007ff86c5e0000 - 0x00007ff86c6b9000 	C:\WINDOWS\System32\OLEAUT32.dll
0x00007ff856850000 - 0x00007ff85688b000 	C:\WINDOWS\SYSTEM32\dbgcore.DLL
0x00007ff86a730000 - 0x00007ff86a7dc000 	C:\WINDOWS\System32\bcryptPrimitives.dll
0x00007ff85ea70000 - 0x00007ff85ea7f000 	c:\Users\PAULO ROBERTO\.vscode\extensions\redhat.java-1.55.0-win32-x64\jre\21.0.11-win32-x86_64\bin\instrument.dll
0x00007ff85e130000 - 0x00007ff85e150000 	c:\Users\PAULO ROBERTO\.vscode\extensions\redhat.java-1.55.0-win32-x64\jre\21.0.11-win32-x86_64\bin\java.dll
0x00007ff86be50000 - 0x00007ff86c5d8000 	C:\WINDOWS\System32\SHELL32.dll
0x00007ff867760000 - 0x00007ff867ffb000 	C:\WINDOWS\SYSTEM32\windows.storage.dll
0x00007ff86bc80000 - 0x00007ff86bd79000 	C:\WINDOWS\System32\SHCORE.dll
0x00007ff86ad60000 - 0x00007ff86adc6000 	C:\WINDOWS\System32\shlwapi.dll
0x00007ff869bf0000 - 0x00007ff869c19000 	C:\WINDOWS\SYSTEM32\profapi.dll
0x00007ff85cde0000 - 0x00007ff85cdf8000 	c:\Users\PAULO ROBERTO\.vscode\extensions\redhat.java-1.55.0-win32-x64\jre\21.0.11-win32-x86_64\bin\zip.dll
0x00007ff85cdd0000 - 0x00007ff85cde0000 	C:\Users\PAULO ROBERTO\.vscode\extensions\redhat.java-1.55.0-win32-x64\jre\21.0.11-win32-x86_64\bin\net.dll
0x00007ff858a80000 - 0x00007ff858ba7000 	C:\WINDOWS\SYSTEM32\WINHTTP.dll
0x00007ff869030000 - 0x00007ff86909c000 	C:\WINDOWS\system32\mswsock.dll
0x00007ff85ccb0000 - 0x00007ff85ccc6000 	C:\Users\PAULO ROBERTO\.vscode\extensions\redhat.java-1.55.0-win32-x64\jre\21.0.11-win32-x86_64\bin\nio.dll
0x00007ff85cd70000 - 0x00007ff85cd80000 	c:\Users\PAULO ROBERTO\.vscode\extensions\redhat.java-1.55.0-win32-x64\jre\21.0.11-win32-x86_64\bin\verify.dll
0x00007ff85cc60000 - 0x00007ff85cca5000 	C:\Users\PAULO ROBERTO\AppData\Roaming\Code\User\globalStorage\redhat.java\1.55.0\config_win\org.eclipse.equinox.launcher\org.eclipse.equinox.launcher.win32.win32.x86_64_1.3.100.v20260613-0559\eclipse_11924.dll
0x00007ff86abc0000 - 0x00007ff86ad59000 	C:\WINDOWS\System32\ole32.dll
0x00007ff869450000 - 0x00007ff86946b000 	C:\WINDOWS\SYSTEM32\CRYPTSP.dll
0x00007ff8688e0000 - 0x00007ff868919000 	C:\WINDOWS\system32\rsaenh.dll
0x00007ff8690e0000 - 0x00007ff869112000 	C:\WINDOWS\SYSTEM32\USERENV.dll
0x00007ff869bc0000 - 0x00007ff869bea000 	C:\WINDOWS\SYSTEM32\bcrypt.dll
0x00007ff869290000 - 0x00007ff86929c000 	C:\WINDOWS\SYSTEM32\CRYPTBASE.dll
0x00007ff868380000 - 0x00007ff8683b3000 	C:\WINDOWS\SYSTEM32\IPHLPAPI.DLL
0x00007ff86abb0000 - 0x00007ff86abba000 	C:\WINDOWS\System32\NSI.dll
0x00007ff836470000 - 0x00007ff8364b9000 	C:\Users\PAULO ROBERTO\AppData\Local\Temp\jna--1403105036\jna8712840090433686832.dll
0x00007ff86bb80000 - 0x00007ff86bb88000 	C:\WINDOWS\System32\PSAPI.DLL
0x00007ff857af0000 - 0x00007ff857b0d000 	C:\WINDOWS\SYSTEM32\dhcpcsvc6.DLL
0x00007ff857ac0000 - 0x00007ff857ae5000 	C:\WINDOWS\SYSTEM32\dhcpcsvc.DLL
0x00007ff85aa60000 - 0x00007ff85aa87000 	C:\Users\PAULO ROBERTO\.gradle\native\c067742578af261105cb4f569cf0c3c89f3d7b1fecec35dd04571415982c5e48\windows-amd64\native-platform.dll
0x00007ff85ecb0000 - 0x00007ff85ecba000 	C:\Users\PAULO ROBERTO\.vscode\extensions\redhat.java-1.55.0-win32-x64\jre\21.0.11-win32-x86_64\bin\management.dll
0x00007ff85eca0000 - 0x00007ff85ecac000 	C:\Users\PAULO ROBERTO\.vscode\extensions\redhat.java-1.55.0-win32-x64\jre\21.0.11-win32-x86_64\bin\management_ext.dll
0x00007ff8645c0000 - 0x00007ff8645c9000 	C:\Users\PAULO ROBERTO\.vscode\extensions\redhat.java-1.55.0-win32-x64\jre\21.0.11-win32-x86_64\bin\extnet.dll

JVMTI agents:
c:\Users\PAULO ROBERTO\.vscode\extensions\redhat.java-1.55.0-win32-x64\lombok\lombok-1.18.39-4050.jar path:c:\Users\PAULO ROBERTO\.vscode\extensions\redhat.java-1.55.0-win32-x64\jre\21.0.11-win32-x86_64\bin\instrument.dll, loaded, initialized, instrumentlib options:none

dbghelp: loaded successfully - version: 4.0.5 - missing functions: none
symbol engine: initialized successfully - sym options: 0x614 - pdb path: .;c:\Users\PAULO ROBERTO\.vscode\extensions\redhat.java-1.55.0-win32-x64\jre\21.0.11-win32-x86_64\bin;C:\WINDOWS\SYSTEM32;C:\WINDOWS\WinSxS\amd64_microsoft.windows.common-controls_6595b64144ccf1df_6.0.26100.8972_none_3e0da176e32f9d4b;c:\Users\PAULO ROBERTO\.vscode\extensions\redhat.java-1.55.0-win32-x64\jre\21.0.11-win32-x86_64\bin\server;C:\Users\PAULO ROBERTO\AppData\Roaming\Code\User\globalStorage\redhat.java\1.55.0\config_win\org.eclipse.equinox.launcher\org.eclipse.equinox.launcher.win32.win32.x86_64_1.3.100.v20260613-0559;C:\Users\PAULO ROBERTO\AppData\Local\Temp\jna--1403105036;C:\Users\PAULO ROBERTO\.gradle\native\c067742578af261105cb4f569cf0c3c89f3d7b1fecec35dd04571415982c5e48\windows-amd64

VM Arguments:
jvm_args: --add-modules=ALL-SYSTEM --add-opens=java.base/java.util=ALL-UNNAMED --add-opens=java.base/java.lang=ALL-UNNAMED --add-opens=java.base/sun.nio.fs=ALL-UNNAMED -Declipse.application=org.eclipse.jdt.ls.core.id1 -Dosgi.bundles.defaultStartLevel=4 -Declipse.product=org.eclipse.jdt.ls.core.product -Djava.import.generatesMetadataFilesAtProjectRoot=false -DDetectVMInstallationsJob.disabled=true -Dfile.encoding=utf8 -XX:+UseParallelGC -XX:GCTimeRatio=4 -XX:AdaptiveSizePolicyWeight=90 -Dsun.zip.disableMemoryMapping=true -Xmx2G -Xms100m -Xlog:disable -javaagent:c:\Users\PAULO ROBERTO\.vscode\extensions\redhat.java-1.55.0-win32-x64\lombok\lombok-1.18.39-4050.jar -XX:+HeapDumpOnOutOfMemoryError -XX:HeapDumpPath=c:\Users\PAULO ROBERTO\AppData\Roaming\Code\User\workspaceStorage\af78278a2264e0da21869ec41e085d06\redhat.java -Daether.dependencyCollector.impl=bf 
java_command: c:\Users\PAULO ROBERTO\.vscode\extensions\redhat.java-1.55.0-win32-x64\server\plugins\org.eclipse.equinox.launcher_1.7.200.v20260619-2039.jar -configuration c:\Users\PAULO ROBERTO\AppData\Roaming\Code\User\globalStorage\redhat.java\1.55.0\config_win -data c:\Users\PAULO ROBERTO\AppData\Roaming\Code\User\workspaceStorage\af78278a2264e0da21869ec41e085d06\redhat.java\jdt_ws --pipe=\\.\pipe\lsp-76236a0641443dbe1ce544ef9ec3c28e-sock
java_class_path (initial): c:\Users\PAULO ROBERTO\.vscode\extensions\redhat.java-1.55.0-win32-x64\server\plugins\org.eclipse.equinox.launcher_1.7.200.v20260619-2039.jar
Launcher Type: SUN_STANDARD

[Global flags]
    uintx AdaptiveSizePolicyWeight                 = 90                                        {product} {command line}
     intx CICompilerCount                          = 4                                         {product} {ergonomic}
    uintx GCTimeRatio                              = 4                                         {product} {command line}
     bool HeapDumpOnOutOfMemoryError               = true                                   {manageable} {command line}
    ccstr HeapDumpPath                             = c:\Users\PAULO ROBERTO\AppData\Roaming\Code\User\workspaceStorage\af78278a2264e0da21869ec41e085d06\redhat.java         {manageable} {command line}
   size_t InitialHeapSize                          = 104857600                                 {product} {command line}
   size_t MaxHeapSize                              = 2147483648                                {product} {command line}
   size_t MaxNewSize                               = 715653120                                 {product} {ergonomic}
   size_t MinHeapDeltaBytes                        = 524288                                    {product} {ergonomic}
   size_t MinHeapSize                              = 104857600                                 {product} {command line}
   size_t NewSize                                  = 34603008                                  {product} {ergonomic}
    uintx NonNMethodCodeHeapSize                   = 5839372                                {pd product} {ergonomic}
    uintx NonProfiledCodeHeapSize                  = 122909434                              {pd product} {ergonomic}
   size_t OldSize                                  = 70254592                                  {product} {ergonomic}
    uintx ProfiledCodeHeapSize                     = 122909434                              {pd product} {ergonomic}
    uintx ReservedCodeCacheSize                    = 251658240                              {pd product} {ergonomic}
     bool SegmentedCodeCache                       = true                                      {product} {ergonomic}
   size_t SoftMaxHeapSize                          = 2147483648                             {manageable} {ergonomic}
     bool UseCompressedOops                        = true                           {product lp64_product} {ergonomic}
     bool UseLargePagesIndividualAllocation        = false                                  {pd product} {ergonomic}
     bool UseParallelGC                            = true                                      {product} {command line}

Logging:
Log output configuration:
 #0: stdout all=off uptime,level,tags foldmultilines=false
 #1: stderr all=off uptime,level,tags foldmultilines=false

Release file:
JAVA_VERSION="21.0.11" 
MODULES="java.base java.compiler java.datatransfer java.xml java.prefs java.desktop java.instrument java.logging java.management java.security.sasl java.naming java.rmi java.management.rmi java.net.http java.scripting java.security.jgss java.transaction.xa java.sql java.sql.rowset java.xml.crypto java.se java.smartcardio jdk.accessibility jdk.internal.jvmstat jdk.attach jdk.charsets jdk.internal.opt jdk.zipfs jdk.compiler jdk.crypto.ec jdk.crypto.cryptoki jdk.crypto.mscapi jdk.dynalink jdk.internal.ed jdk.editpad jdk.hotspot.agent jdk.httpserver jdk.internal.le jdk.internal.vm.ci jdk.internal.vm.compiler jdk.internal.vm.compiler.management jdk.jartool jdk.javadoc jdk.jcmd jdk.management jdk.management.agent jdk.jconsole jdk.jdeps jdk.jdwp.agent jdk.jdi jdk.jfr jdk.jshell jdk.jsobject jdk.jstatd jdk.localedata jdk.management.jfr jdk.naming.dns jdk.naming.rmi jdk.net jdk.nio.mapmode jdk.random jdk.sctp jdk.security.auth jdk.security.jgss jdk.unsupported jdk.unsupported.desktop jdk.xml.dom" 

Environment Variables:
JAVA_HOME=C:\Program Files\Java\jdk-21
PATH=C:\Program Files\Common Files\Oracle\Java\javapath;C:\WINDOWS\system32;C:\WINDOWS;C:\WINDOWS\System32\Wbem;C:\WINDOWS\System32\WindowsPowerShell\v1.0\;C:\WINDOWS\System32\OpenSSH\;C:\Program Files\dotnet\;C:\Program Files\NVIDIA Corporation\NVIDIA App\NvDLISR;C:\Program Files (x86)\NVIDIA Corporation\PhysX\Common;C:\Program Files\GitHub CLI\;C:\Program Files\nodejs\;C:\Program Files\Git\cmd;C:\Users\PAULO ROBERTO\.local\bin;C:\Users\PAULO ROBERTO\AppData\Local\Microsoft\WindowsApps;C:\Users\PAULO ROBERTO\AppData\Roaming\npm;C:\Users\PAULO ROBERTO\AppData\Local\Programs\Microsoft VS Code\bin;C:\Users\PAULO ROBERTO\.bun\bin;C:\Users\PAULO ROBERTO\AppData\Local\Microsoft\WinGet\Packages\jqlang.jq_Microsoft.Winget.Source_8wekyb3d8bbwe;C:\Users\PAULO ROBERTO\.lmstudio\bin
USERNAME=PAULO ROBERTO
OS=Windows_NT
PROCESSOR_IDENTIFIER=Intel64 Family 6 Model 186 Stepping 2, GenuineIntel
TMP=C:\Users\PAULOR~1\AppData\Local\Temp
TEMP=C:\Users\PAULOR~1\AppData\Local\Temp




Periodic native trim disabled

---------------  S Y S T E M  ---------------

OS:
 Windows 11 , 64 bit Build 26100 (10.0.26100.8972)
OS uptime: 2 days 16:04 hours
Hyper-V role detected

CPU: total 12 (initial active 12) (6 cores per cpu, 2 threads per core) family 6 model 186 stepping 2 microcode 0x5103, cx8, cmov, fxsr, ht, mmx, 3dnowpref, sse, sse2, sse3, ssse3, sse4.1, sse4.2, popcnt, lzcnt, tsc, tscinvbit, avx, avx2, aes, erms, clmul, bmi1, bmi2, adx, sha, fma, vzeroupper, clflush, clflushopt, clwb, hv, serialize, rdtscp, rdpid, fsrm, f16c, cet_ibt, cet_ss
Processor Information for the first 12 processors :
  Max Mhz: 2100, Current Mhz: 2100, Mhz Limit: 2100

Memory: 4k page, system-wide physical 16087M (380M free)
TotalPageFile size 32471M (AvailPageFile size 0M)
current process WorkingSet (physical memory assigned to process): 277M, peak: 290M
current process commit charge ("private bytes"): 369M, peak: 380M

vm_info: OpenJDK 64-Bit Server VM (21.0.11+10-LTS) for windows-amd64 JRE (21.0.11+10-LTS), built on 2026-04-21T00:00:00Z by "admin" with MS VC++ 17.12 (VS2022)

END.
