#
# There is insufficient memory for the Java Runtime Environment to continue.
# Native memory allocation (malloc) failed to allocate 510240 bytes. Error detail: Chunk::new
# Possible reasons:
#   The system is out of physical RAM or swap space
#   This process is running with CompressedOops enabled, and the Java Heap may be blocking the growth of the native heap
# Possible solutions:
#   Reduce memory load on the system
#   Increase physical memory or swap space
#   Check if swap backing store is full
#   Decrease Java heap size (-Xmx/-Xms)
#   Decrease number of Java threads
#   Decrease Java thread stack sizes (-Xss)
#   Set larger code cache with -XX:ReservedCodeCacheSize=
#   JVM is running with Unscaled Compressed Oops mode in which the Java heap is
#     placed in the first 4GB address space. The Java Heap base address is the
#     maximum limit for the native heap growth. Please use -XX:HeapBaseMinAddress
#     to set the Java Heap base and to place the Java Heap above 4GB virtual address.
# This output file may be truncated or incomplete.
#
#  Out of Memory Error (arena.cpp:168), pid=27232, tid=30936
#
# JRE version: OpenJDK Runtime Environment Temurin-21.0.11+10 (21.0.11+10) (build 21.0.11+10-LTS)
# Java VM: OpenJDK 64-Bit Server VM Temurin-21.0.11+10 (21.0.11+10-LTS, mixed mode, sharing, tiered, compressed oops, compressed class ptrs, g1 gc, windows-amd64)
# No core dump will be written. Minidumps are not enabled by default on client versions of Windows
#

---------------  S U M M A R Y ------------

Command Line: --add-opens=java.base/java.util=ALL-UNNAMED --add-opens=java.base/java.lang=ALL-UNNAMED --add-opens=java.base/java.lang.invoke=ALL-UNNAMED --add-opens=java.prefs/java.util.prefs=ALL-UNNAMED --add-exports=jdk.compiler/com.sun.tools.javac.api=ALL-UNNAMED --add-exports=jdk.compiler/com.sun.tools.javac.util=ALL-UNNAMED --add-opens=java.base/java.nio.charset=ALL-UNNAMED --add-opens=java.base/java.net=ALL-UNNAMED --add-opens=java.base/java.util.concurrent.atomic=ALL-UNNAMED -XX:MaxMetaspaceSize=384m -XX:+HeapDumpOnOutOfMemoryError -Xms256m -Xmx512m -Dfile.encoding=utf8 -Duser.country=BR -Duser.language=pt -Duser.variant -javaagent:C:\Users\PAULO ROBERTO\.gradle\wrapper\dists\gradle-8.9-bin\90cnw93cvbtalezasaz0blq0a\gradle-8.9\lib\agents\gradle-instrumentation-agent-8.9.jar org.gradle.launcher.daemon.bootstrap.GradleDaemon 8.9

Host: 13th Gen Intel(R) Core(TM) i5-13420H, 12 cores, 15G,  Windows 11 , 64 bit Build 26100 (10.0.26100.8972)
Time: Thu Aug  6 08:37:14 2026 Hora Padrão de Bogotá elapsed time: 4494.858816 seconds (0d 1h 14m 54s)

---------------  T H R E A D  ---------------

Current thread (0x000001f6aae5fec0):  JavaThread "C2 CompilerThread0" daemon [_thread_in_native, id=30936, stack(0x000000ceeff00000,0x000000cef0000000) (1024K)]


Current CompileTask:
C2:4494859 10377       4       org.gradle.api.internal.artifacts.ModuleComponentSelectorSerializer::readVersionConstraint (91 bytes)

Stack: [0x000000ceeff00000,0x000000cef0000000]
Native frames: (J=compiled Java code, j=interpreted, Vv=VM code, C=native code)
V  [jvm.dll+0x6d7e19]
V  [jvm.dll+0x8b5096]
V  [jvm.dll+0x8b764e]
V  [jvm.dll+0x8b7d33]
V  [jvm.dll+0x284596]
V  [jvm.dll+0xc685d]
V  [jvm.dll+0xc6da1]
V  [jvm.dll+0x3bed6b]
V  [jvm.dll+0x38b2b2]
V  [jvm.dll+0x38a6fa]
V  [jvm.dll+0x24c700]
V  [jvm.dll+0x24bce0]
V  [jvm.dll+0x1cb4ae]
V  [jvm.dll+0x25baad]
V  [jvm.dll+0x25a03a]
V  [jvm.dll+0x3f868e]
V  [jvm.dll+0x85fb0d]
V  [jvm.dll+0x6d664d]
C  [ucrtbase.dll+0x2cd30]
C  [KERNEL32.DLL+0x2ccb7]
C  [ntdll.dll+0xaad6c]


---------------  P R O C E S S  ---------------

Threads class SMR info:
_java_thread_list=0x000001f6cb2280b0, length=43, elements={
0x000001f693211e00, 0x000001f6aae4fd00, 0x000001f6aae50760, 0x000001f6aae53300,
0x000001f6aae53e90, 0x000001f6aae581b0, 0x000001f6aae58c10, 0x000001f6aae5fec0,
0x000001f6aae60960, 0x000001f6c021b4d0, 0x000001f6c0271430, 0x000001f6c5d56050,
0x000001f6c5f23570, 0x000001f6c5f94a80, 0x000001f6c566d090, 0x000001f6c566ead0,
0x000001f6c566ddb0, 0x000001f6c6688b30, 0x000001f6c668a570, 0x000001f6c668ac00,
0x000001f6c66891c0, 0x000001f6c668c640, 0x000001f6c6689ee0, 0x000001f6c9274bd0,
0x000001f6c9275f80, 0x000001f6c91f7d90, 0x000001f6c9272b00, 0x000001f6c7bd3460,
0x000001f6c7bd7600, 0x000001f6c668eda0, 0x000001f6c66884a0, 0x000001f6c668bfb0,
0x000001f6c6689850, 0x000001f6c668e710, 0x000001f6c668f430, 0x000001f6c668fac0,
0x000001f6c7bd4810, 0x000001f6c7bd2dd0, 0x000001f6c7bd3af0, 0x000001f6c7bd2740,
0x000001f6c7bd4180, 0x000001f6c7bd5530, 0x000001f6c7bd5bc0
}

Java Threads: ( => current thread )
  0x000001f693211e00 JavaThread "main"                              [_thread_blocked, id=13860, stack(0x000000ceef100000,0x000000ceef200000) (1024K)]
  0x000001f6aae4fd00 JavaThread "Reference Handler"          daemon [_thread_blocked, id=5928, stack(0x000000ceef900000,0x000000ceefa00000) (1024K)]
  0x000001f6aae50760 JavaThread "Finalizer"                  daemon [_thread_blocked, id=39504, stack(0x000000ceefa00000,0x000000ceefb00000) (1024K)]
  0x000001f6aae53300 JavaThread "Signal Dispatcher"          daemon [_thread_blocked, id=40520, stack(0x000000ceefb00000,0x000000ceefc00000) (1024K)]
  0x000001f6aae53e90 JavaThread "Attach Listener"            daemon [_thread_blocked, id=37684, stack(0x000000ceefc00000,0x000000ceefd00000) (1024K)]
  0x000001f6aae581b0 JavaThread "Service Thread"             daemon [_thread_blocked, id=5864, stack(0x000000ceefd00000,0x000000ceefe00000) (1024K)]
  0x000001f6aae58c10 JavaThread "Monitor Deflation Thread"   daemon [_thread_blocked, id=37060, stack(0x000000ceefe00000,0x000000ceeff00000) (1024K)]
=>0x000001f6aae5fec0 JavaThread "C2 CompilerThread0"         daemon [_thread_in_native, id=30936, stack(0x000000ceeff00000,0x000000cef0000000) (1024K)]
  0x000001f6aae60960 JavaThread "C1 CompilerThread0"         daemon [_thread_blocked, id=38616, stack(0x000000cef0000000,0x000000cef0100000) (1024K)]
  0x000001f6c021b4d0 JavaThread "Common-Cleaner"             daemon [_thread_blocked, id=30636, stack(0x000000cef0100000,0x000000cef0200000) (1024K)]
  0x000001f6c0271430 JavaThread "Notification Thread"        daemon [_thread_blocked, id=8460, stack(0x000000cef0200000,0x000000cef0300000) (1024K)]
  0x000001f6c5d56050 JavaThread "Daemon health stats"               [_thread_blocked, id=14488, stack(0x000000cef0b00000,0x000000cef0c00000) (1024K)]
  0x000001f6c5f23570 JavaThread "Incoming local TCP Connector on port 64275"        [_thread_in_native, id=7684, stack(0x000000cef0d00000,0x000000cef0e00000) (1024K)]
  0x000001f6c5f94a80 JavaThread "Daemon periodic checks"            [_thread_blocked, id=33580, stack(0x000000cef0e00000,0x000000cef0f00000) (1024K)]
  0x000001f6c566d090 JavaThread "Cache worker for journal cache (C:\Users\PAULO ROBERTO\.gradle\caches\journal-1)"        [_thread_blocked, id=21608, stack(0x000000cef1600000,0x000000cef1700000) (1024K)]
  0x000001f6c566ead0 JavaThread "File lock request listener"        [_thread_in_native, id=22524, stack(0x000000cef1700000,0x000000cef1800000) (1024K)]
  0x000001f6c566ddb0 JavaThread "Cache worker for file hash cache (C:\Users\PAULO ROBERTO\.gradle\caches\8.9\fileHashes)"        [_thread_blocked, id=3160, stack(0x000000cef1800000,0x000000cef1900000) (1024K)]
  0x000001f6c6688b30 JavaThread "File watcher server"        daemon [_thread_in_native, id=35960, stack(0x000000cef1f00000,0x000000cef2000000) (1024K)]
  0x000001f6c668a570 JavaThread "File watcher consumer"      daemon [_thread_blocked, id=20956, stack(0x000000cef2000000,0x000000cef2100000) (1024K)]
  0x000001f6c668ac00 JavaThread "Cache worker for file content cache (C:\Users\PAULO ROBERTO\.gradle\caches\8.9\fileContent)"        [_thread_blocked, id=36836, stack(0x000000cef2100000,0x000000cef2200000) (1024K)]
  0x000001f6c66891c0 JavaThread "jar transforms"                    [_thread_blocked, id=19236, stack(0x000000cef2400000,0x000000cef2500000) (1024K)]
  0x000001f6c668c640 JavaThread "jar transforms Thread 2"           [_thread_blocked, id=37720, stack(0x000000cef2500000,0x000000cef2600000) (1024K)]
  0x000001f6c6689ee0 JavaThread "jar transforms Thread 3"           [_thread_blocked, id=37808, stack(0x000000cef2700000,0x000000cef2800000) (1024K)]
  0x000001f6c9274bd0 JavaThread "jar transforms Thread 4"           [_thread_blocked, id=40084, stack(0x000000cef4800000,0x000000cef4900000) (1024K)]
  0x000001f6c9275f80 JavaThread "jar transforms Thread 5"           [_thread_blocked, id=2604, stack(0x000000cef2600000,0x000000cef2700000) (1024K)]
  0x000001f6c91f7d90 JavaThread "jar transforms Thread 6"           [_thread_blocked, id=30516, stack(0x000000cef3f00000,0x000000cef4000000) (1024K)]
  0x000001f6c9272b00 JavaThread "jar transforms Thread 7"           [_thread_blocked, id=40188, stack(0x000000cef2a00000,0x000000cef2b00000) (1024K)]
  0x000001f6c7bd3460 JavaThread "jar transforms Thread 8"           [_thread_blocked, id=37064, stack(0x000000cef4300000,0x000000cef4400000) (1024K)]
  0x000001f6c7bd7600 JavaThread "jar transforms Thread 9"           [_thread_blocked, id=2492, stack(0x000000cef2c00000,0x000000cef2d00000) (1024K)]
  0x000001f6c668eda0 JavaThread "jar transforms Thread 10"          [_thread_blocked, id=6484, stack(0x000000cef4500000,0x000000cef4600000) (1024K)]
  0x000001f6c66884a0 JavaThread "Daemon Thread 2"                   [_thread_blocked, id=24084, stack(0x000000ceeee00000,0x000000ceeef00000) (1024K)]
  0x000001f6c668bfb0 JavaThread "Handler for socket connection from /127.0.0.1:64275 to /127.0.0.1:50345"        [_thread_in_native, id=12148, stack(0x000000ceeef00000,0x000000ceef000000) (1024K)]
  0x000001f6c6689850 JavaThread "Cancel handler"                    [_thread_blocked, id=28804, stack(0x000000ceef000000,0x000000ceef100000) (1024K)]
  0x000001f6c668e710 JavaThread "Daemon worker Thread 2"            [_thread_in_native, id=37900, stack(0x000000cef0300000,0x000000cef0400000) (1024K)]
  0x000001f6c668f430 JavaThread "Asynchronous log dispatcher for DefaultDaemonConnection: socket connection from /127.0.0.1:64275 to /127.0.0.1:50345"        [_thread_blocked, id=40320, stack(0x000000cef0c00000,0x000000cef0d00000) (1024K)]
  0x000001f6c668fac0 JavaThread "Stdin handler"                     [_thread_blocked, id=35784, stack(0x000000cef0f00000,0x000000cef1000000) (1024K)]
  0x000001f6c7bd4810 JavaThread "Daemon client event forwarder"        [_thread_blocked, id=39584, stack(0x000000cef1000000,0x000000cef1100000) (1024K)]
  0x000001f6c7bd2dd0 JavaThread "Cache worker for file hash cache (C:\Downloads\relatorio-2026\node_modules\@capacitor\android\capacitor\.gradle\8.9\fileHashes)"        [_thread_blocked, id=40600, stack(0x000000cef1100000,0x000000cef1200000) (1024K)]
  0x000001f6c7bd3af0 JavaThread "Cache worker for Build Output Cleanup Cache (C:\Downloads\relatorio-2026\node_modules\@capacitor\android\capacitor\.gradle\buildOutputCleanup)"        [_thread_blocked, id=31088, stack(0x000000cef1200000,0x000000cef1300000) (1024K)]
  0x000001f6c7bd2740 JavaThread "Cache worker for checksums cache (C:\Downloads\relatorio-2026\node_modules\@capacitor\android\capacitor\.gradle\8.9\checksums)"        [_thread_blocked, id=36720, stack(0x000000cef1300000,0x000000cef1400000) (1024K)]
  0x000001f6c7bd4180 JavaThread "Cache worker for cache directory md-rule (C:\Users\PAULO ROBERTO\.gradle\caches\8.9\md-rule)"        [_thread_blocked, id=21200, stack(0x000000cef1400000,0x000000cef1500000) (1024K)]
  0x000001f6c7bd5530 JavaThread "Cache worker for cache directory md-supplier (C:\Users\PAULO ROBERTO\.gradle\caches\8.9\md-supplier)"        [_thread_blocked, id=37104, stack(0x000000cef1500000,0x000000cef1600000) (1024K)]
  0x000001f6c7bd5bc0 JavaThread "jar transforms Thread 11"          [_thread_blocked, id=19948, stack(0x000000cef1900000,0x000000cef1a00000) (1024K)]
Total: 43

Other Threads:
  0x000001f6aae321b0 VMThread "VM Thread"                           [id=37024, stack(0x000000ceef800000,0x000000ceef900000) (1024K)]
  0x000001f6c00809d0 WatcherThread "VM Periodic Task Thread"        [id=37300, stack(0x000000ceef700000,0x000000ceef800000) (1024K)]
  0x000001f69323d1b0 WorkerThread "GC Thread#0"                     [id=38840, stack(0x000000ceef200000,0x000000ceef300000) (1024K)]
  0x000001f6c096de40 WorkerThread "GC Thread#1"                     [id=40408, stack(0x000000cef0500000,0x000000cef0600000) (1024K)]
  0x000001f6c09ff550 WorkerThread "GC Thread#2"                     [id=4712, stack(0x000000cef0600000,0x000000cef0700000) (1024K)]
  0x000001f6c09ff900 WorkerThread "GC Thread#3"                     [id=26928, stack(0x000000cef0700000,0x000000cef0800000) (1024K)]
  0x000001f6c09ffcb0 WorkerThread "GC Thread#4"                     [id=40748, stack(0x000000cef0800000,0x000000cef0900000) (1024K)]
  0x000001f6c085b6b0 WorkerThread "GC Thread#5"                     [id=40900, stack(0x000000cef0900000,0x000000cef0a00000) (1024K)]
  0x000001f6c6325940 WorkerThread "GC Thread#6"                     [id=36868, stack(0x000000cef0400000,0x000000cef0500000) (1024K)]
  0x000001f6c6325cf0 WorkerThread "GC Thread#7"                     [id=38236, stack(0x000000cef0a00000,0x000000cef0b00000) (1024K)]
  0x000001f6c911b960 WorkerThread "GC Thread#8"                     [id=9948, stack(0x000000cef1a00000,0x000000cef1b00000) (1024K)]
  0x000001f6c91185c0 WorkerThread "GC Thread#9"                     [id=20040, stack(0x000000cef1b00000,0x000000cef1c00000) (1024K)]
  0x000001f692d2cfd0 ConcurrentGCThread "G1 Main Marker"            [id=27440, stack(0x000000ceef300000,0x000000ceef400000) (1024K)]
  0x000001f692d2d790 WorkerThread "G1 Conc#0"                       [id=25192, stack(0x000000ceef400000,0x000000ceef500000) (1024K)]
  0x000001f6c911a340 WorkerThread "G1 Conc#1"                       [id=38828, stack(0x000000cef1c00000,0x000000cef1d00000) (1024K)]
  0x000001f6c9119830 WorkerThread "G1 Conc#2"                       [id=38764, stack(0x000000cef1d00000,0x000000cef1e00000) (1024K)]
  0x000001f6932ceab0 ConcurrentGCThread "G1 Refine#0"               [id=27520, stack(0x000000ceef500000,0x000000ceef600000) (1024K)]
  0x000001f6aad6d800 ConcurrentGCThread "G1 Service"                [id=6100, stack(0x000000ceef600000,0x000000ceef700000) (1024K)]
Total: 18

Threads with active compile tasks:
C2 CompilerThread0  4494920 10377       4       org.gradle.api.internal.artifacts.ModuleComponentSelectorSerializer::readVersionConstraint (91 bytes)
Total: 1

VM state: not at safepoint (normal execution)

VM Mutex/Monitor currently owned by a thread: None

Heap address: 0x00000000e0000000, size: 512 MB, Compressed Oops mode: 32-bit

CDS archive(s) mapped at: [0x000001f6ab000000-0x000001f6abba0000-0x000001f6abba0000), size 12189696, SharedBaseAddress: 0x000001f6ab000000, ArchiveRelocationMode: 1.
Compressed class space mapped at: 0x000001f6ac000000-0x000001f6c0000000, reserved size: 335544320
Narrow klass base: 0x000001f6ab000000, Narrow klass shift: 0, Narrow klass range: 0x100000000

GC Precious Log:
 CardTable entry size: 512
 Card Set container configuration: InlinePtr #cards 5 size 8 Array Of Cards #cards 12 size 40 Howl #buckets 4 coarsen threshold 1843 Howl Bitmap #cards 512 size 80 coarsen threshold 460 Card regions per heap region 1 cards per card region 2048
 CPUs: 12 total, 12 available
 Memory: 16087M
 Large Page Support: Disabled
 NUMA Support: Disabled
 Compressed Oops: Enabled (32-bit)
 Heap Region Size: 1M
 Heap Min Capacity: 256M
 Heap Initial Capacity: 256M
 Heap Max Capacity: 512M
 Pre-touch: Disabled
 Parallel Workers: 10
 Concurrent Workers: 3
 Concurrent Refinement Workers: 10
 Periodic GC: Disabled

Heap:
 garbage-first heap   total 262144K, used 120406K [0x00000000e0000000, 0x0000000100000000)
  region size 1024K, 61 young (62464K), 3 survivors (3072K)
 Metaspace       used 52654K, committed 54400K, reserved 393216K
  class space    used 7415K, committed 8256K, reserved 327680K

Heap Regions: E=young(eden), S=young(survivor), O=old, HS=humongous(starts), HC=humongous(continues), CS=collection set, F=free, TAMS=top-at-mark-start, PB=parsable bottom
|   0|0x00000000e0000000, 0x00000000e0100000, 0x00000000e0100000|100%|HS|  |TAMS 0x00000000e0000000| PB 0x00000000e0000000| Complete 
|   1|0x00000000e0100000, 0x00000000e0200000, 0x00000000e0200000|100%|HC|  |TAMS 0x00000000e0100000| PB 0x00000000e0100000| Complete 
|   2|0x00000000e0200000, 0x00000000e0300000, 0x00000000e0300000|100%|HC|  |TAMS 0x00000000e0200000| PB 0x00000000e0200000| Complete 
|   3|0x00000000e0300000, 0x00000000e0400000, 0x00000000e0400000|100%|HC|  |TAMS 0x00000000e0300000| PB 0x00000000e0300000| Complete 
|   4|0x00000000e0400000, 0x00000000e0500000, 0x00000000e0500000|100%| O|  |TAMS 0x00000000e0400000| PB 0x00000000e0400000| Untracked 
|   5|0x00000000e0500000, 0x00000000e0600000, 0x00000000e0600000|100%| O|  |TAMS 0x00000000e0500000| PB 0x00000000e0500000| Untracked 
|   6|0x00000000e0600000, 0x00000000e0700000, 0x00000000e0700000|100%|HS|  |TAMS 0x00000000e0600000| PB 0x00000000e0600000| Complete 
|   7|0x00000000e0700000, 0x00000000e0800000, 0x00000000e0800000|100%| O|  |TAMS 0x00000000e0700000| PB 0x00000000e0700000| Untracked 
|   8|0x00000000e0800000, 0x00000000e0900000, 0x00000000e0900000|100%| O|  |TAMS 0x00000000e0800000| PB 0x00000000e0800000| Untracked 
|   9|0x00000000e0900000, 0x00000000e0a00000, 0x00000000e0a00000|100%| O|  |TAMS 0x00000000e0900000| PB 0x00000000e0900000| Untracked 
|  10|0x00000000e0a00000, 0x00000000e0b00000, 0x00000000e0b00000|100%|HS|  |TAMS 0x00000000e0a00000| PB 0x00000000e0a00000| Complete 
|  11|0x00000000e0b00000, 0x00000000e0c00000, 0x00000000e0c00000|100%| O|  |TAMS 0x00000000e0b00000| PB 0x00000000e0b00000| Untracked 
|  12|0x00000000e0c00000, 0x00000000e0d00000, 0x00000000e0d00000|100%| O|  |TAMS 0x00000000e0c00000| PB 0x00000000e0c00000| Untracked 
|  13|0x00000000e0d00000, 0x00000000e0e00000, 0x00000000e0e00000|100%| O|  |TAMS 0x00000000e0d00000| PB 0x00000000e0d00000| Untracked 
|  14|0x00000000e0e00000, 0x00000000e0f00000, 0x00000000e0f00000|100%| O|  |TAMS 0x00000000e0e00000| PB 0x00000000e0e00000| Untracked 
|  15|0x00000000e0f00000, 0x00000000e1000000, 0x00000000e1000000|100%| O|  |TAMS 0x00000000e0f00000| PB 0x00000000e0f00000| Untracked 
|  16|0x00000000e1000000, 0x00000000e1100000, 0x00000000e1100000|100%| O|  |TAMS 0x00000000e1000000| PB 0x00000000e1000000| Untracked 
|  17|0x00000000e1100000, 0x00000000e1200000, 0x00000000e1200000|100%| O|  |TAMS 0x00000000e1100000| PB 0x00000000e1100000| Untracked 
|  18|0x00000000e1200000, 0x00000000e1300000, 0x00000000e1300000|100%| O|  |TAMS 0x00000000e1200000| PB 0x00000000e1200000| Untracked 
|  19|0x00000000e1300000, 0x00000000e1400000, 0x00000000e1400000|100%| O|  |TAMS 0x00000000e1300000| PB 0x00000000e1300000| Untracked 
|  20|0x00000000e1400000, 0x00000000e1500000, 0x00000000e1500000|100%| O|  |TAMS 0x00000000e1400000| PB 0x00000000e1400000| Untracked 
|  21|0x00000000e1500000, 0x00000000e1600000, 0x00000000e1600000|100%| O|  |TAMS 0x00000000e1500000| PB 0x00000000e1500000| Untracked 
|  22|0x00000000e1600000, 0x00000000e1700000, 0x00000000e1700000|100%| O|  |TAMS 0x00000000e1600000| PB 0x00000000e1600000| Untracked 
|  23|0x00000000e1700000, 0x00000000e1800000, 0x00000000e1800000|100%| O|  |TAMS 0x00000000e1700000| PB 0x00000000e1700000| Untracked 
|  24|0x00000000e1800000, 0x00000000e1900000, 0x00000000e1900000|100%| O|  |TAMS 0x00000000e1800000| PB 0x00000000e1800000| Untracked 
|  25|0x00000000e1900000, 0x00000000e1a00000, 0x00000000e1a00000|100%| O|  |TAMS 0x00000000e1900000| PB 0x00000000e1900000| Untracked 
|  26|0x00000000e1a00000, 0x00000000e1b00000, 0x00000000e1b00000|100%|HS|  |TAMS 0x00000000e1a00000| PB 0x00000000e1a00000| Complete 
|  27|0x00000000e1b00000, 0x00000000e1c00000, 0x00000000e1c00000|100%|HS|  |TAMS 0x00000000e1b00000| PB 0x00000000e1b00000| Complete 
|  28|0x00000000e1c00000, 0x00000000e1d00000, 0x00000000e1d00000|100%|HS|  |TAMS 0x00000000e1c00000| PB 0x00000000e1c00000| Complete 
|  29|0x00000000e1d00000, 0x00000000e1e00000, 0x00000000e1e00000|100%| O|  |TAMS 0x00000000e1d00000| PB 0x00000000e1d00000| Untracked 
|  30|0x00000000e1e00000, 0x00000000e1f00000, 0x00000000e1f00000|100%|HS|  |TAMS 0x00000000e1e00000| PB 0x00000000e1e00000| Complete 
|  31|0x00000000e1f00000, 0x00000000e2000000, 0x00000000e2000000|100%| O|  |TAMS 0x00000000e1f00000| PB 0x00000000e1f00000| Untracked 
|  32|0x00000000e2000000, 0x00000000e2100000, 0x00000000e2100000|100%| O|  |TAMS 0x00000000e2000000| PB 0x00000000e2000000| Untracked 
|  33|0x00000000e2100000, 0x00000000e2200000, 0x00000000e2200000|100%| O|  |TAMS 0x00000000e2100000| PB 0x00000000e2100000| Untracked 
|  34|0x00000000e2200000, 0x00000000e2300000, 0x00000000e2300000|100%| O|  |TAMS 0x00000000e2200000| PB 0x00000000e2200000| Untracked 
|  35|0x00000000e2300000, 0x00000000e2400000, 0x00000000e2400000|100%| O|  |TAMS 0x00000000e2300000| PB 0x00000000e2300000| Untracked 
|  36|0x00000000e2400000, 0x00000000e2500000, 0x00000000e2500000|100%| O|  |TAMS 0x00000000e2400000| PB 0x00000000e2400000| Untracked 
|  37|0x00000000e2500000, 0x00000000e2600000, 0x00000000e2600000|100%| O|  |TAMS 0x00000000e2500000| PB 0x00000000e2500000| Untracked 
|  38|0x00000000e2600000, 0x00000000e2700000, 0x00000000e2700000|100%| O|  |TAMS 0x00000000e2600000| PB 0x00000000e2600000| Untracked 
|  39|0x00000000e2700000, 0x00000000e2800000, 0x00000000e2800000|100%| O|  |TAMS 0x00000000e2700000| PB 0x00000000e2700000| Untracked 
|  40|0x00000000e2800000, 0x00000000e2900000, 0x00000000e2900000|100%| O|  |TAMS 0x00000000e2800000| PB 0x00000000e2800000| Untracked 
|  41|0x00000000e2900000, 0x00000000e2a00000, 0x00000000e2a00000|100%| O|  |TAMS 0x00000000e2900000| PB 0x00000000e2900000| Untracked 
|  42|0x00000000e2a00000, 0x00000000e2b00000, 0x00000000e2b00000|100%| O|  |TAMS 0x00000000e2a00000| PB 0x00000000e2a00000| Untracked 
|  43|0x00000000e2b00000, 0x00000000e2c00000, 0x00000000e2c00000|100%| O|  |TAMS 0x00000000e2b00000| PB 0x00000000e2b00000| Untracked 
|  44|0x00000000e2c00000, 0x00000000e2d00000, 0x00000000e2d00000|100%| O|  |TAMS 0x00000000e2c00000| PB 0x00000000e2c00000| Untracked 
|  45|0x00000000e2d00000, 0x00000000e2e00000, 0x00000000e2e00000|100%| O|  |TAMS 0x00000000e2d00000| PB 0x00000000e2d00000| Untracked 
|  46|0x00000000e2e00000, 0x00000000e2f00000, 0x00000000e2f00000|100%| O|  |TAMS 0x00000000e2e00000| PB 0x00000000e2e00000| Untracked 
|  47|0x00000000e2f00000, 0x00000000e3000000, 0x00000000e3000000|100%| O|  |TAMS 0x00000000e2f00000| PB 0x00000000e2f00000| Untracked 
|  48|0x00000000e3000000, 0x00000000e3100000, 0x00000000e3100000|100%| O|  |TAMS 0x00000000e3000000| PB 0x00000000e3000000| Untracked 
|  49|0x00000000e3100000, 0x00000000e3200000, 0x00000000e3200000|100%| O|  |TAMS 0x00000000e3100000| PB 0x00000000e3100000| Untracked 
|  50|0x00000000e3200000, 0x00000000e3300000, 0x00000000e3300000|100%| O|  |TAMS 0x00000000e3200000| PB 0x00000000e3200000| Untracked 
|  51|0x00000000e3300000, 0x00000000e3400000, 0x00000000e3400000|100%| O|  |TAMS 0x00000000e3300000| PB 0x00000000e3300000| Untracked 
|  52|0x00000000e3400000, 0x00000000e3500000, 0x00000000e3500000|100%| O|  |TAMS 0x00000000e3400000| PB 0x00000000e3400000| Untracked 
|  53|0x00000000e3500000, 0x00000000e3600000, 0x00000000e3600000|100%| O|  |TAMS 0x00000000e3500000| PB 0x00000000e3500000| Untracked 
|  54|0x00000000e3600000, 0x00000000e3700000, 0x00000000e3700000|100%| O|  |TAMS 0x00000000e3600000| PB 0x00000000e3600000| Untracked 
|  55|0x00000000e3700000, 0x00000000e3800000, 0x00000000e3800000|100%| O|  |TAMS 0x00000000e3700000| PB 0x00000000e3700000| Untracked 
|  56|0x00000000e3800000, 0x00000000e3900000, 0x00000000e3900000|100%| O|  |TAMS 0x00000000e3800000| PB 0x00000000e3800000| Untracked 
|  57|0x00000000e3900000, 0x00000000e3a00000, 0x00000000e3a00000|100%| O|  |TAMS 0x00000000e3900000| PB 0x00000000e3900000| Untracked 
|  58|0x00000000e3a00000, 0x00000000e3a00000, 0x00000000e3b00000|  0%| F|  |TAMS 0x00000000e3a00000| PB 0x00000000e3a00000| Untracked 
|  59|0x00000000e3b00000, 0x00000000e3b00000, 0x00000000e3c00000|  0%| F|  |TAMS 0x00000000e3b00000| PB 0x00000000e3b00000| Untracked 
|  60|0x00000000e3c00000, 0x00000000e3c00000, 0x00000000e3d00000|  0%| F|  |TAMS 0x00000000e3c00000| PB 0x00000000e3c00000| Untracked 
|  61|0x00000000e3d00000, 0x00000000e3d00000, 0x00000000e3e00000|  0%| F|  |TAMS 0x00000000e3d00000| PB 0x00000000e3d00000| Untracked 
|  62|0x00000000e3e00000, 0x00000000e3e00000, 0x00000000e3f00000|  0%| F|  |TAMS 0x00000000e3e00000| PB 0x00000000e3e00000| Untracked 
|  63|0x00000000e3f00000, 0x00000000e3f00000, 0x00000000e4000000|  0%| F|  |TAMS 0x00000000e3f00000| PB 0x00000000e3f00000| Untracked 
|  64|0x00000000e4000000, 0x00000000e4000000, 0x00000000e4100000|  0%| F|  |TAMS 0x00000000e4000000| PB 0x00000000e4000000| Untracked 
|  65|0x00000000e4100000, 0x00000000e4100000, 0x00000000e4200000|  0%| F|  |TAMS 0x00000000e4100000| PB 0x00000000e4100000| Untracked 
|  66|0x00000000e4200000, 0x00000000e4200000, 0x00000000e4300000|  0%| F|  |TAMS 0x00000000e4200000| PB 0x00000000e4200000| Untracked 
|  67|0x00000000e4300000, 0x00000000e4300000, 0x00000000e4400000|  0%| F|  |TAMS 0x00000000e4300000| PB 0x00000000e4300000| Untracked 
|  68|0x00000000e4400000, 0x00000000e4400000, 0x00000000e4500000|  0%| F|  |TAMS 0x00000000e4400000| PB 0x00000000e4400000| Untracked 
|  69|0x00000000e4500000, 0x00000000e4500000, 0x00000000e4600000|  0%| F|  |TAMS 0x00000000e4500000| PB 0x00000000e4500000| Untracked 
|  70|0x00000000e4600000, 0x00000000e4600000, 0x00000000e4700000|  0%| F|  |TAMS 0x00000000e4600000| PB 0x00000000e4600000| Untracked 
|  71|0x00000000e4700000, 0x00000000e4700000, 0x00000000e4800000|  0%| F|  |TAMS 0x00000000e4700000| PB 0x00000000e4700000| Untracked 
|  72|0x00000000e4800000, 0x00000000e4800000, 0x00000000e4900000|  0%| F|  |TAMS 0x00000000e4800000| PB 0x00000000e4800000| Untracked 
|  73|0x00000000e4900000, 0x00000000e4900000, 0x00000000e4a00000|  0%| F|  |TAMS 0x00000000e4900000| PB 0x00000000e4900000| Untracked 
|  74|0x00000000e4a00000, 0x00000000e4a00000, 0x00000000e4b00000|  0%| F|  |TAMS 0x00000000e4a00000| PB 0x00000000e4a00000| Untracked 
|  75|0x00000000e4b00000, 0x00000000e4b00000, 0x00000000e4c00000|  0%| F|  |TAMS 0x00000000e4b00000| PB 0x00000000e4b00000| Untracked 
|  76|0x00000000e4c00000, 0x00000000e4c00000, 0x00000000e4d00000|  0%| F|  |TAMS 0x00000000e4c00000| PB 0x00000000e4c00000| Untracked 
|  77|0x00000000e4d00000, 0x00000000e4d00000, 0x00000000e4e00000|  0%| F|  |TAMS 0x00000000e4d00000| PB 0x00000000e4d00000| Untracked 
|  78|0x00000000e4e00000, 0x00000000e4e00000, 0x00000000e4f00000|  0%| F|  |TAMS 0x00000000e4e00000| PB 0x00000000e4e00000| Untracked 
|  79|0x00000000e4f00000, 0x00000000e4f00000, 0x00000000e5000000|  0%| F|  |TAMS 0x00000000e4f00000| PB 0x00000000e4f00000| Untracked 
|  80|0x00000000e5000000, 0x00000000e5000000, 0x00000000e5100000|  0%| F|  |TAMS 0x00000000e5000000| PB 0x00000000e5000000| Untracked 
|  81|0x00000000e5100000, 0x00000000e5100000, 0x00000000e5200000|  0%| F|  |TAMS 0x00000000e5100000| PB 0x00000000e5100000| Untracked 
|  82|0x00000000e5200000, 0x00000000e5200000, 0x00000000e5300000|  0%| F|  |TAMS 0x00000000e5200000| PB 0x00000000e5200000| Untracked 
|  83|0x00000000e5300000, 0x00000000e5300000, 0x00000000e5400000|  0%| F|  |TAMS 0x00000000e5300000| PB 0x00000000e5300000| Untracked 
|  84|0x00000000e5400000, 0x00000000e5400000, 0x00000000e5500000|  0%| F|  |TAMS 0x00000000e5400000| PB 0x00000000e5400000| Untracked 
|  85|0x00000000e5500000, 0x00000000e5500000, 0x00000000e5600000|  0%| F|  |TAMS 0x00000000e5500000| PB 0x00000000e5500000| Untracked 
|  86|0x00000000e5600000, 0x00000000e5600000, 0x00000000e5700000|  0%| F|  |TAMS 0x00000000e5600000| PB 0x00000000e5600000| Untracked 
|  87|0x00000000e5700000, 0x00000000e5700000, 0x00000000e5800000|  0%| F|  |TAMS 0x00000000e5700000| PB 0x00000000e5700000| Untracked 
|  88|0x00000000e5800000, 0x00000000e5800000, 0x00000000e5900000|  0%| F|  |TAMS 0x00000000e5800000| PB 0x00000000e5800000| Untracked 
|  89|0x00000000e5900000, 0x00000000e5900000, 0x00000000e5a00000|  0%| F|  |TAMS 0x00000000e5900000| PB 0x00000000e5900000| Untracked 
|  90|0x00000000e5a00000, 0x00000000e5a00000, 0x00000000e5b00000|  0%| F|  |TAMS 0x00000000e5a00000| PB 0x00000000e5a00000| Untracked 
|  91|0x00000000e5b00000, 0x00000000e5b00000, 0x00000000e5c00000|  0%| F|  |TAMS 0x00000000e5b00000| PB 0x00000000e5b00000| Untracked 
|  92|0x00000000e5c00000, 0x00000000e5c00000, 0x00000000e5d00000|  0%| F|  |TAMS 0x00000000e5c00000| PB 0x00000000e5c00000| Untracked 
|  93|0x00000000e5d00000, 0x00000000e5d00000, 0x00000000e5e00000|  0%| F|  |TAMS 0x00000000e5d00000| PB 0x00000000e5d00000| Untracked 
|  94|0x00000000e5e00000, 0x00000000e5e00000, 0x00000000e5f00000|  0%| F|  |TAMS 0x00000000e5e00000| PB 0x00000000e5e00000| Untracked 
|  95|0x00000000e5f00000, 0x00000000e5f00000, 0x00000000e6000000|  0%| F|  |TAMS 0x00000000e5f00000| PB 0x00000000e5f00000| Untracked 
|  96|0x00000000e6000000, 0x00000000e6000000, 0x00000000e6100000|  0%| F|  |TAMS 0x00000000e6000000| PB 0x00000000e6000000| Untracked 
|  97|0x00000000e6100000, 0x00000000e6100000, 0x00000000e6200000|  0%| F|  |TAMS 0x00000000e6100000| PB 0x00000000e6100000| Untracked 
|  98|0x00000000e6200000, 0x00000000e6200000, 0x00000000e6300000|  0%| F|  |TAMS 0x00000000e6200000| PB 0x00000000e6200000| Untracked 
|  99|0x00000000e6300000, 0x00000000e6300000, 0x00000000e6400000|  0%| F|  |TAMS 0x00000000e6300000| PB 0x00000000e6300000| Untracked 
| 100|0x00000000e6400000, 0x00000000e6495970, 0x00000000e6500000| 58%| S|CS|TAMS 0x00000000e6400000| PB 0x00000000e6400000| Complete 
| 101|0x00000000e6500000, 0x00000000e6600000, 0x00000000e6600000|100%| S|CS|TAMS 0x00000000e6500000| PB 0x00000000e6500000| Complete 
| 102|0x00000000e6600000, 0x00000000e6700000, 0x00000000e6700000|100%| S|CS|TAMS 0x00000000e6600000| PB 0x00000000e6600000| Complete 
| 103|0x00000000e6700000, 0x00000000e6700000, 0x00000000e6800000|  0%| F|  |TAMS 0x00000000e6700000| PB 0x00000000e6700000| Untracked 
| 104|0x00000000e6800000, 0x00000000e6800000, 0x00000000e6900000|  0%| F|  |TAMS 0x00000000e6800000| PB 0x00000000e6800000| Untracked 
| 105|0x00000000e6900000, 0x00000000e6900000, 0x00000000e6a00000|  0%| F|  |TAMS 0x00000000e6900000| PB 0x00000000e6900000| Untracked 
| 106|0x00000000e6a00000, 0x00000000e6a00000, 0x00000000e6b00000|  0%| F|  |TAMS 0x00000000e6a00000| PB 0x00000000e6a00000| Untracked 
| 107|0x00000000e6b00000, 0x00000000e6b00000, 0x00000000e6c00000|  0%| F|  |TAMS 0x00000000e6b00000| PB 0x00000000e6b00000| Untracked 
| 108|0x00000000e6c00000, 0x00000000e6c00000, 0x00000000e6d00000|  0%| F|  |TAMS 0x00000000e6c00000| PB 0x00000000e6c00000| Untracked 
| 109|0x00000000e6d00000, 0x00000000e6d00000, 0x00000000e6e00000|  0%| F|  |TAMS 0x00000000e6d00000| PB 0x00000000e6d00000| Untracked 
| 110|0x00000000e6e00000, 0x00000000e6e00000, 0x00000000e6f00000|  0%| F|  |TAMS 0x00000000e6e00000| PB 0x00000000e6e00000| Untracked 
| 111|0x00000000e6f00000, 0x00000000e6f00000, 0x00000000e7000000|  0%| F|  |TAMS 0x00000000e6f00000| PB 0x00000000e6f00000| Untracked 
| 112|0x00000000e7000000, 0x00000000e7000000, 0x00000000e7100000|  0%| F|  |TAMS 0x00000000e7000000| PB 0x00000000e7000000| Untracked 
| 113|0x00000000e7100000, 0x00000000e7100000, 0x00000000e7200000|  0%| F|  |TAMS 0x00000000e7100000| PB 0x00000000e7100000| Untracked 
| 114|0x00000000e7200000, 0x00000000e7200000, 0x00000000e7300000|  0%| F|  |TAMS 0x00000000e7200000| PB 0x00000000e7200000| Untracked 
| 115|0x00000000e7300000, 0x00000000e7300000, 0x00000000e7400000|  0%| F|  |TAMS 0x00000000e7300000| PB 0x00000000e7300000| Untracked 
| 116|0x00000000e7400000, 0x00000000e7400000, 0x00000000e7500000|  0%| F|  |TAMS 0x00000000e7400000| PB 0x00000000e7400000| Untracked 
| 117|0x00000000e7500000, 0x00000000e7500000, 0x00000000e7600000|  0%| F|  |TAMS 0x00000000e7500000| PB 0x00000000e7500000| Untracked 
| 118|0x00000000e7600000, 0x00000000e7600000, 0x00000000e7700000|  0%| F|  |TAMS 0x00000000e7600000| PB 0x00000000e7600000| Untracked 
| 119|0x00000000e7700000, 0x00000000e7700000, 0x00000000e7800000|  0%| F|  |TAMS 0x00000000e7700000| PB 0x00000000e7700000| Untracked 
| 120|0x00000000e7800000, 0x00000000e7800000, 0x00000000e7900000|  0%| F|  |TAMS 0x00000000e7800000| PB 0x00000000e7800000| Untracked 
| 121|0x00000000e7900000, 0x00000000e7900000, 0x00000000e7a00000|  0%| F|  |TAMS 0x00000000e7900000| PB 0x00000000e7900000| Untracked 
| 122|0x00000000e7a00000, 0x00000000e7a00000, 0x00000000e7b00000|  0%| F|  |TAMS 0x00000000e7a00000| PB 0x00000000e7a00000| Untracked 
| 123|0x00000000e7b00000, 0x00000000e7b00000, 0x00000000e7c00000|  0%| F|  |TAMS 0x00000000e7b00000| PB 0x00000000e7b00000| Untracked 
| 124|0x00000000e7c00000, 0x00000000e7c00000, 0x00000000e7d00000|  0%| F|  |TAMS 0x00000000e7c00000| PB 0x00000000e7c00000| Untracked 
| 125|0x00000000e7d00000, 0x00000000e7d00000, 0x00000000e7e00000|  0%| F|  |TAMS 0x00000000e7d00000| PB 0x00000000e7d00000| Untracked 
| 126|0x00000000e7e00000, 0x00000000e7e00000, 0x00000000e7f00000|  0%| F|  |TAMS 0x00000000e7e00000| PB 0x00000000e7e00000| Untracked 
| 127|0x00000000e7f00000, 0x00000000e7f00000, 0x00000000e8000000|  0%| F|  |TAMS 0x00000000e7f00000| PB 0x00000000e7f00000| Untracked 
| 128|0x00000000e8000000, 0x00000000e8000000, 0x00000000e8100000|  0%| F|  |TAMS 0x00000000e8000000| PB 0x00000000e8000000| Untracked 
| 129|0x00000000e8100000, 0x00000000e8100000, 0x00000000e8200000|  0%| F|  |TAMS 0x00000000e8100000| PB 0x00000000e8100000| Untracked 
| 130|0x00000000e8200000, 0x00000000e8200000, 0x00000000e8300000|  0%| F|  |TAMS 0x00000000e8200000| PB 0x00000000e8200000| Untracked 
| 131|0x00000000e8300000, 0x00000000e8300000, 0x00000000e8400000|  0%| F|  |TAMS 0x00000000e8300000| PB 0x00000000e8300000| Untracked 
| 132|0x00000000e8400000, 0x00000000e8400000, 0x00000000e8500000|  0%| F|  |TAMS 0x00000000e8400000| PB 0x00000000e8400000| Untracked 
| 133|0x00000000e8500000, 0x00000000e8500000, 0x00000000e8600000|  0%| F|  |TAMS 0x00000000e8500000| PB 0x00000000e8500000| Untracked 
| 134|0x00000000e8600000, 0x00000000e8600000, 0x00000000e8700000|  0%| F|  |TAMS 0x00000000e8600000| PB 0x00000000e8600000| Untracked 
| 135|0x00000000e8700000, 0x00000000e8700000, 0x00000000e8800000|  0%| F|  |TAMS 0x00000000e8700000| PB 0x00000000e8700000| Untracked 
| 136|0x00000000e8800000, 0x00000000e8800000, 0x00000000e8900000|  0%| F|  |TAMS 0x00000000e8800000| PB 0x00000000e8800000| Untracked 
| 137|0x00000000e8900000, 0x00000000e8900000, 0x00000000e8a00000|  0%| F|  |TAMS 0x00000000e8900000| PB 0x00000000e8900000| Untracked 
| 138|0x00000000e8a00000, 0x00000000e8a00000, 0x00000000e8b00000|  0%| F|  |TAMS 0x00000000e8a00000| PB 0x00000000e8a00000| Untracked 
| 139|0x00000000e8b00000, 0x00000000e8b00000, 0x00000000e8c00000|  0%| F|  |TAMS 0x00000000e8b00000| PB 0x00000000e8b00000| Untracked 
| 140|0x00000000e8c00000, 0x00000000e8c00000, 0x00000000e8d00000|  0%| F|  |TAMS 0x00000000e8c00000| PB 0x00000000e8c00000| Untracked 
| 141|0x00000000e8d00000, 0x00000000e8d00000, 0x00000000e8e00000|  0%| F|  |TAMS 0x00000000e8d00000| PB 0x00000000e8d00000| Untracked 
| 142|0x00000000e8e00000, 0x00000000e8e00000, 0x00000000e8f00000|  0%| F|  |TAMS 0x00000000e8e00000| PB 0x00000000e8e00000| Untracked 
| 143|0x00000000e8f00000, 0x00000000e8f00000, 0x00000000e9000000|  0%| F|  |TAMS 0x00000000e8f00000| PB 0x00000000e8f00000| Untracked 
| 144|0x00000000e9000000, 0x00000000e9000000, 0x00000000e9100000|  0%| F|  |TAMS 0x00000000e9000000| PB 0x00000000e9000000| Untracked 
| 145|0x00000000e9100000, 0x00000000e9100000, 0x00000000e9200000|  0%| F|  |TAMS 0x00000000e9100000| PB 0x00000000e9100000| Untracked 
| 146|0x00000000e9200000, 0x00000000e9200000, 0x00000000e9300000|  0%| F|  |TAMS 0x00000000e9200000| PB 0x00000000e9200000| Untracked 
| 147|0x00000000e9300000, 0x00000000e9300000, 0x00000000e9400000|  0%| F|  |TAMS 0x00000000e9300000| PB 0x00000000e9300000| Untracked 
| 148|0x00000000e9400000, 0x00000000e9400000, 0x00000000e9500000|  0%| F|  |TAMS 0x00000000e9400000| PB 0x00000000e9400000| Untracked 
| 149|0x00000000e9500000, 0x00000000e9500000, 0x00000000e9600000|  0%| F|  |TAMS 0x00000000e9500000| PB 0x00000000e9500000| Untracked 
| 150|0x00000000e9600000, 0x00000000e9600000, 0x00000000e9700000|  0%| F|  |TAMS 0x00000000e9600000| PB 0x00000000e9600000| Untracked 
| 151|0x00000000e9700000, 0x00000000e9700000, 0x00000000e9800000|  0%| F|  |TAMS 0x00000000e9700000| PB 0x00000000e9700000| Untracked 
| 152|0x00000000e9800000, 0x00000000e9800000, 0x00000000e9900000|  0%| F|  |TAMS 0x00000000e9800000| PB 0x00000000e9800000| Untracked 
| 153|0x00000000e9900000, 0x00000000e9900000, 0x00000000e9a00000|  0%| F|  |TAMS 0x00000000e9900000| PB 0x00000000e9900000| Untracked 
| 154|0x00000000e9a00000, 0x00000000e9a00000, 0x00000000e9b00000|  0%| F|  |TAMS 0x00000000e9a00000| PB 0x00000000e9a00000| Untracked 
| 155|0x00000000e9b00000, 0x00000000e9b00000, 0x00000000e9c00000|  0%| F|  |TAMS 0x00000000e9b00000| PB 0x00000000e9b00000| Untracked 
| 156|0x00000000e9c00000, 0x00000000e9c00000, 0x00000000e9d00000|  0%| F|  |TAMS 0x00000000e9c00000| PB 0x00000000e9c00000| Untracked 
| 157|0x00000000e9d00000, 0x00000000e9d00000, 0x00000000e9e00000|  0%| F|  |TAMS 0x00000000e9d00000| PB 0x00000000e9d00000| Untracked 
| 158|0x00000000e9e00000, 0x00000000e9e00000, 0x00000000e9f00000|  0%| F|  |TAMS 0x00000000e9e00000| PB 0x00000000e9e00000| Untracked 
| 159|0x00000000e9f00000, 0x00000000e9f00000, 0x00000000ea000000|  0%| F|  |TAMS 0x00000000e9f00000| PB 0x00000000e9f00000| Untracked 
| 160|0x00000000ea000000, 0x00000000ea000000, 0x00000000ea100000|  0%| F|  |TAMS 0x00000000ea000000| PB 0x00000000ea000000| Untracked 
| 161|0x00000000ea100000, 0x00000000ea100000, 0x00000000ea200000|  0%| F|  |TAMS 0x00000000ea100000| PB 0x00000000ea100000| Untracked 
| 162|0x00000000ea200000, 0x00000000ea200000, 0x00000000ea300000|  0%| F|  |TAMS 0x00000000ea200000| PB 0x00000000ea200000| Untracked 
| 163|0x00000000ea300000, 0x00000000ea300000, 0x00000000ea400000|  0%| F|  |TAMS 0x00000000ea300000| PB 0x00000000ea300000| Untracked 
| 164|0x00000000ea400000, 0x00000000ea400000, 0x00000000ea500000|  0%| F|  |TAMS 0x00000000ea400000| PB 0x00000000ea400000| Untracked 
| 165|0x00000000ea500000, 0x00000000ea500000, 0x00000000ea600000|  0%| F|  |TAMS 0x00000000ea500000| PB 0x00000000ea500000| Untracked 
| 166|0x00000000ea600000, 0x00000000ea600000, 0x00000000ea700000|  0%| F|  |TAMS 0x00000000ea600000| PB 0x00000000ea600000| Untracked 
| 167|0x00000000ea700000, 0x00000000ea700000, 0x00000000ea800000|  0%| F|  |TAMS 0x00000000ea700000| PB 0x00000000ea700000| Untracked 
| 168|0x00000000ea800000, 0x00000000ea800000, 0x00000000ea900000|  0%| F|  |TAMS 0x00000000ea800000| PB 0x00000000ea800000| Untracked 
| 169|0x00000000ea900000, 0x00000000ea900000, 0x00000000eaa00000|  0%| F|  |TAMS 0x00000000ea900000| PB 0x00000000ea900000| Untracked 
| 170|0x00000000eaa00000, 0x00000000eaa00000, 0x00000000eab00000|  0%| F|  |TAMS 0x00000000eaa00000| PB 0x00000000eaa00000| Untracked 
| 171|0x00000000eab00000, 0x00000000eab00000, 0x00000000eac00000|  0%| F|  |TAMS 0x00000000eab00000| PB 0x00000000eab00000| Untracked 
| 172|0x00000000eac00000, 0x00000000eac00000, 0x00000000ead00000|  0%| F|  |TAMS 0x00000000eac00000| PB 0x00000000eac00000| Untracked 
| 173|0x00000000ead00000, 0x00000000ead00000, 0x00000000eae00000|  0%| F|  |TAMS 0x00000000ead00000| PB 0x00000000ead00000| Untracked 
| 174|0x00000000eae00000, 0x00000000eae00000, 0x00000000eaf00000|  0%| F|  |TAMS 0x00000000eae00000| PB 0x00000000eae00000| Untracked 
| 175|0x00000000eaf00000, 0x00000000eaf00000, 0x00000000eb000000|  0%| F|  |TAMS 0x00000000eaf00000| PB 0x00000000eaf00000| Untracked 
| 176|0x00000000eb000000, 0x00000000eb000000, 0x00000000eb100000|  0%| F|  |TAMS 0x00000000eb000000| PB 0x00000000eb000000| Untracked 
| 177|0x00000000eb100000, 0x00000000eb100000, 0x00000000eb200000|  0%| F|  |TAMS 0x00000000eb100000| PB 0x00000000eb100000| Untracked 
| 178|0x00000000eb200000, 0x00000000eb200000, 0x00000000eb300000|  0%| F|  |TAMS 0x00000000eb200000| PB 0x00000000eb200000| Untracked 
| 179|0x00000000eb300000, 0x00000000eb300000, 0x00000000eb400000|  0%| F|  |TAMS 0x00000000eb300000| PB 0x00000000eb300000| Untracked 
| 180|0x00000000eb400000, 0x00000000eb400000, 0x00000000eb500000|  0%| F|  |TAMS 0x00000000eb400000| PB 0x00000000eb400000| Untracked 
| 181|0x00000000eb500000, 0x00000000eb500000, 0x00000000eb600000|  0%| F|  |TAMS 0x00000000eb500000| PB 0x00000000eb500000| Untracked 
| 182|0x00000000eb600000, 0x00000000eb600000, 0x00000000eb700000|  0%| F|  |TAMS 0x00000000eb600000| PB 0x00000000eb600000| Untracked 
| 183|0x00000000eb700000, 0x00000000eb700000, 0x00000000eb800000|  0%| F|  |TAMS 0x00000000eb700000| PB 0x00000000eb700000| Untracked 
| 184|0x00000000eb800000, 0x00000000eb800000, 0x00000000eb900000|  0%| F|  |TAMS 0x00000000eb800000| PB 0x00000000eb800000| Untracked 
| 185|0x00000000eb900000, 0x00000000eb900000, 0x00000000eba00000|  0%| F|  |TAMS 0x00000000eb900000| PB 0x00000000eb900000| Untracked 
| 186|0x00000000eba00000, 0x00000000eba00000, 0x00000000ebb00000|  0%| F|  |TAMS 0x00000000eba00000| PB 0x00000000eba00000| Untracked 
| 187|0x00000000ebb00000, 0x00000000ebb00000, 0x00000000ebc00000|  0%| F|  |TAMS 0x00000000ebb00000| PB 0x00000000ebb00000| Untracked 
| 188|0x00000000ebc00000, 0x00000000ebc00000, 0x00000000ebd00000|  0%| F|  |TAMS 0x00000000ebc00000| PB 0x00000000ebc00000| Untracked 
| 189|0x00000000ebd00000, 0x00000000ebd00000, 0x00000000ebe00000|  0%| F|  |TAMS 0x00000000ebd00000| PB 0x00000000ebd00000| Untracked 
| 190|0x00000000ebe00000, 0x00000000ebe00000, 0x00000000ebf00000|  0%| F|  |TAMS 0x00000000ebe00000| PB 0x00000000ebe00000| Untracked 
| 191|0x00000000ebf00000, 0x00000000ebf00000, 0x00000000ec000000|  0%| F|  |TAMS 0x00000000ebf00000| PB 0x00000000ebf00000| Untracked 
| 192|0x00000000ec000000, 0x00000000ec000000, 0x00000000ec100000|  0%| F|  |TAMS 0x00000000ec000000| PB 0x00000000ec000000| Untracked 
| 193|0x00000000ec100000, 0x00000000ec100000, 0x00000000ec200000|  0%| F|  |TAMS 0x00000000ec100000| PB 0x00000000ec100000| Untracked 
| 194|0x00000000ec200000, 0x00000000ec200000, 0x00000000ec300000|  0%| F|  |TAMS 0x00000000ec200000| PB 0x00000000ec200000| Untracked 
| 195|0x00000000ec300000, 0x00000000ec300000, 0x00000000ec400000|  0%| F|  |TAMS 0x00000000ec300000| PB 0x00000000ec300000| Untracked 
| 196|0x00000000ec400000, 0x00000000ec400000, 0x00000000ec500000|  0%| F|  |TAMS 0x00000000ec400000| PB 0x00000000ec400000| Untracked 
| 197|0x00000000ec500000, 0x00000000ec500000, 0x00000000ec600000|  0%| F|  |TAMS 0x00000000ec500000| PB 0x00000000ec500000| Untracked 
| 198|0x00000000ec600000, 0x00000000ec661028, 0x00000000ec700000| 37%| E|  |TAMS 0x00000000ec600000| PB 0x00000000ec600000| Complete 
| 199|0x00000000ec700000, 0x00000000ec800000, 0x00000000ec800000|100%| E|CS|TAMS 0x00000000ec700000| PB 0x00000000ec700000| Complete 
| 200|0x00000000ec800000, 0x00000000ec900000, 0x00000000ec900000|100%| E|CS|TAMS 0x00000000ec800000| PB 0x00000000ec800000| Complete 
| 201|0x00000000ec900000, 0x00000000eca00000, 0x00000000eca00000|100%| E|CS|TAMS 0x00000000ec900000| PB 0x00000000ec900000| Complete 
| 202|0x00000000eca00000, 0x00000000ecb00000, 0x00000000ecb00000|100%| E|CS|TAMS 0x00000000eca00000| PB 0x00000000eca00000| Complete 
| 203|0x00000000ecb00000, 0x00000000ecc00000, 0x00000000ecc00000|100%| E|CS|TAMS 0x00000000ecb00000| PB 0x00000000ecb00000| Complete 
| 204|0x00000000ecc00000, 0x00000000ecd00000, 0x00000000ecd00000|100%| E|CS|TAMS 0x00000000ecc00000| PB 0x00000000ecc00000| Complete 
| 205|0x00000000ecd00000, 0x00000000ece00000, 0x00000000ece00000|100%| E|CS|TAMS 0x00000000ecd00000| PB 0x00000000ecd00000| Complete 
| 206|0x00000000ece00000, 0x00000000ecf00000, 0x00000000ecf00000|100%| E|CS|TAMS 0x00000000ece00000| PB 0x00000000ece00000| Complete 
| 207|0x00000000ecf00000, 0x00000000ed000000, 0x00000000ed000000|100%| E|CS|TAMS 0x00000000ecf00000| PB 0x00000000ecf00000| Complete 
| 208|0x00000000ed000000, 0x00000000ed100000, 0x00000000ed100000|100%| E|CS|TAMS 0x00000000ed000000| PB 0x00000000ed000000| Complete 
| 209|0x00000000ed100000, 0x00000000ed200000, 0x00000000ed200000|100%| E|CS|TAMS 0x00000000ed100000| PB 0x00000000ed100000| Complete 
| 210|0x00000000ed200000, 0x00000000ed300000, 0x00000000ed300000|100%| E|CS|TAMS 0x00000000ed200000| PB 0x00000000ed200000| Complete 
| 211|0x00000000ed300000, 0x00000000ed400000, 0x00000000ed400000|100%| E|CS|TAMS 0x00000000ed300000| PB 0x00000000ed300000| Complete 
| 212|0x00000000ed400000, 0x00000000ed500000, 0x00000000ed500000|100%| E|CS|TAMS 0x00000000ed400000| PB 0x00000000ed400000| Complete 
| 213|0x00000000ed500000, 0x00000000ed600000, 0x00000000ed600000|100%| E|CS|TAMS 0x00000000ed500000| PB 0x00000000ed500000| Complete 
| 214|0x00000000ed600000, 0x00000000ed700000, 0x00000000ed700000|100%| E|CS|TAMS 0x00000000ed600000| PB 0x00000000ed600000| Complete 
| 215|0x00000000ed700000, 0x00000000ed800000, 0x00000000ed800000|100%| E|CS|TAMS 0x00000000ed700000| PB 0x00000000ed700000| Complete 
| 216|0x00000000ed800000, 0x00000000ed900000, 0x00000000ed900000|100%| E|CS|TAMS 0x00000000ed800000| PB 0x00000000ed800000| Complete 
| 217|0x00000000ed900000, 0x00000000eda00000, 0x00000000eda00000|100%| E|CS|TAMS 0x00000000ed900000| PB 0x00000000ed900000| Complete 
| 218|0x00000000eda00000, 0x00000000edb00000, 0x00000000edb00000|100%| E|CS|TAMS 0x00000000eda00000| PB 0x00000000eda00000| Complete 
| 219|0x00000000edb00000, 0x00000000edc00000, 0x00000000edc00000|100%| E|CS|TAMS 0x00000000edb00000| PB 0x00000000edb00000| Complete 
| 220|0x00000000edc00000, 0x00000000edd00000, 0x00000000edd00000|100%| E|CS|TAMS 0x00000000edc00000| PB 0x00000000edc00000| Complete 
| 221|0x00000000edd00000, 0x00000000ede00000, 0x00000000ede00000|100%| E|CS|TAMS 0x00000000edd00000| PB 0x00000000edd00000| Complete 
| 222|0x00000000ede00000, 0x00000000edf00000, 0x00000000edf00000|100%| E|CS|TAMS 0x00000000ede00000| PB 0x00000000ede00000| Complete 
| 223|0x00000000edf00000, 0x00000000ee000000, 0x00000000ee000000|100%| E|CS|TAMS 0x00000000edf00000| PB 0x00000000edf00000| Complete 
| 224|0x00000000ee000000, 0x00000000ee100000, 0x00000000ee100000|100%| E|CS|TAMS 0x00000000ee000000| PB 0x00000000ee000000| Complete 
| 225|0x00000000ee100000, 0x00000000ee200000, 0x00000000ee200000|100%| E|CS|TAMS 0x00000000ee100000| PB 0x00000000ee100000| Complete 
| 226|0x00000000ee200000, 0x00000000ee300000, 0x00000000ee300000|100%| E|CS|TAMS 0x00000000ee200000| PB 0x00000000ee200000| Complete 
| 227|0x00000000ee300000, 0x00000000ee400000, 0x00000000ee400000|100%| E|CS|TAMS 0x00000000ee300000| PB 0x00000000ee300000| Complete 
| 228|0x00000000ee400000, 0x00000000ee500000, 0x00000000ee500000|100%| E|CS|TAMS 0x00000000ee400000| PB 0x00000000ee400000| Complete 
| 229|0x00000000ee500000, 0x00000000ee600000, 0x00000000ee600000|100%| E|CS|TAMS 0x00000000ee500000| PB 0x00000000ee500000| Complete 
| 230|0x00000000ee600000, 0x00000000ee700000, 0x00000000ee700000|100%| E|CS|TAMS 0x00000000ee600000| PB 0x00000000ee600000| Complete 
| 231|0x00000000ee700000, 0x00000000ee800000, 0x00000000ee800000|100%| E|CS|TAMS 0x00000000ee700000| PB 0x00000000ee700000| Complete 
| 232|0x00000000ee800000, 0x00000000ee900000, 0x00000000ee900000|100%| E|CS|TAMS 0x00000000ee800000| PB 0x00000000ee800000| Complete 
| 233|0x00000000ee900000, 0x00000000eea00000, 0x00000000eea00000|100%| E|CS|TAMS 0x00000000ee900000| PB 0x00000000ee900000| Complete 
| 234|0x00000000eea00000, 0x00000000eeb00000, 0x00000000eeb00000|100%| E|CS|TAMS 0x00000000eea00000| PB 0x00000000eea00000| Complete 
| 235|0x00000000eeb00000, 0x00000000eec00000, 0x00000000eec00000|100%| E|CS|TAMS 0x00000000eeb00000| PB 0x00000000eeb00000| Complete 
| 236|0x00000000eec00000, 0x00000000eed00000, 0x00000000eed00000|100%| E|CS|TAMS 0x00000000eec00000| PB 0x00000000eec00000| Complete 
| 237|0x00000000eed00000, 0x00000000eee00000, 0x00000000eee00000|100%| E|CS|TAMS 0x00000000eed00000| PB 0x00000000eed00000| Complete 
| 238|0x00000000eee00000, 0x00000000eef00000, 0x00000000eef00000|100%| E|CS|TAMS 0x00000000eee00000| PB 0x00000000eee00000| Complete 
| 239|0x00000000eef00000, 0x00000000ef000000, 0x00000000ef000000|100%| E|CS|TAMS 0x00000000eef00000| PB 0x00000000eef00000| Complete 
| 240|0x00000000ef000000, 0x00000000ef100000, 0x00000000ef100000|100%| E|CS|TAMS 0x00000000ef000000| PB 0x00000000ef000000| Complete 
| 241|0x00000000ef100000, 0x00000000ef200000, 0x00000000ef200000|100%| E|CS|TAMS 0x00000000ef100000| PB 0x00000000ef100000| Complete 
| 242|0x00000000ef200000, 0x00000000ef300000, 0x00000000ef300000|100%| E|CS|TAMS 0x00000000ef200000| PB 0x00000000ef200000| Complete 
| 243|0x00000000ef300000, 0x00000000ef400000, 0x00000000ef400000|100%| E|CS|TAMS 0x00000000ef300000| PB 0x00000000ef300000| Complete 
| 244|0x00000000ef400000, 0x00000000ef500000, 0x00000000ef500000|100%| E|CS|TAMS 0x00000000ef400000| PB 0x00000000ef400000| Complete 
| 245|0x00000000ef500000, 0x00000000ef600000, 0x00000000ef600000|100%| E|CS|TAMS 0x00000000ef500000| PB 0x00000000ef500000| Complete 
| 246|0x00000000ef600000, 0x00000000ef700000, 0x00000000ef700000|100%| E|CS|TAMS 0x00000000ef600000| PB 0x00000000ef600000| Complete 
| 247|0x00000000ef700000, 0x00000000ef800000, 0x00000000ef800000|100%| E|CS|TAMS 0x00000000ef700000| PB 0x00000000ef700000| Complete 
| 248|0x00000000ef800000, 0x00000000ef900000, 0x00000000ef900000|100%| E|CS|TAMS 0x00000000ef800000| PB 0x00000000ef800000| Complete 
| 249|0x00000000ef900000, 0x00000000efa00000, 0x00000000efa00000|100%| E|CS|TAMS 0x00000000ef900000| PB 0x00000000ef900000| Complete 
| 250|0x00000000efa00000, 0x00000000efb00000, 0x00000000efb00000|100%| E|CS|TAMS 0x00000000efa00000| PB 0x00000000efa00000| Complete 
| 251|0x00000000efb00000, 0x00000000efc00000, 0x00000000efc00000|100%| E|CS|TAMS 0x00000000efb00000| PB 0x00000000efb00000| Complete 
| 252|0x00000000efc00000, 0x00000000efd00000, 0x00000000efd00000|100%| E|CS|TAMS 0x00000000efc00000| PB 0x00000000efc00000| Complete 
| 253|0x00000000efd00000, 0x00000000efe00000, 0x00000000efe00000|100%| E|CS|TAMS 0x00000000efd00000| PB 0x00000000efd00000| Complete 
| 254|0x00000000efe00000, 0x00000000eff00000, 0x00000000eff00000|100%| E|CS|TAMS 0x00000000efe00000| PB 0x00000000efe00000| Complete 
| 255|0x00000000eff00000, 0x00000000f0000000, 0x00000000f0000000|100%| E|CS|TAMS 0x00000000eff00000| PB 0x00000000eff00000| Complete 

Card table byte_map: [0x000001f6a78c0000,0x000001f6a79c0000] _byte_map_base: 0x000001f6a71c0000

Marking Bits: (CMBitMap*) 0x000001f69323ebe0
 Bits: [0x000001f6a79c0000, 0x000001f6a81c0000)

Polling page: 0x000001f692f40000

Metaspace:

Usage:
  Non-class:     44.18 MB used.
      Class:      7.24 MB used.
       Both:     51.42 MB used.

Virtual space:
  Non-class space:       64.00 MB reserved,      45.06 MB ( 70%) committed,  1 nodes.
      Class space:      320.00 MB reserved,       8.06 MB (  3%) committed,  1 nodes.
             Both:      384.00 MB reserved,      53.12 MB ( 14%) committed. 

Chunk freelists:
   Non-Class:  2.00 MB
       Class:  7.82 MB
        Both:  9.82 MB

MaxMetaspaceSize: 384.00 MB
CompressedClassSpaceSize: 320.00 MB
Initial GC threshold: 21.00 MB
Current GC threshold: 59.81 MB
CDS: on
 - commit_granule_bytes: 65536.
 - commit_granule_words: 8192.
 - virtual_space_node_default_size: 8388608.
 - enlarge_chunks_in_place: 1.
 - use_allocation_guard: 0.


Internal statistics:

num_allocs_failed_limit: 12.
num_arena_births: 3094.
num_arena_deaths: 0.
num_vsnodes_births: 2.
num_vsnodes_deaths: 0.
num_space_committed: 850.
num_space_uncommitted: 0.
num_chunks_returned_to_freelist: 12.
num_chunks_taken_from_freelist: 5639.
num_chunk_merges: 6.
num_chunk_splits: 3611.
num_chunks_enlarged: 2199.
num_inconsistent_stats: 0.

CodeHeap 'non-profiled nmethods': size=120000Kb used=6343Kb max_used=6343Kb free=113656Kb
 bounds [0x000001f69f5d0000, 0x000001f69fc10000, 0x000001f6a6b00000]
CodeHeap 'profiled nmethods': size=120000Kb used=18965Kb max_used=18965Kb free=101034Kb
 bounds [0x000001f697b00000, 0x000001f698d90000, 0x000001f69f030000]
CodeHeap 'non-nmethods': size=5760Kb used=2604Kb max_used=2651Kb free=3156Kb
 bounds [0x000001f69f030000, 0x000001f69f2e0000, 0x000001f69f5d0000]
CodeCache: size=245760Kb, used=27912Kb, max_used=27959Kb, free=217846Kb
 total_blobs=10729, nmethods=9859, adapters=773, full_count=0
Compilation: enabled, stopped_count=0, restarted_count=0

Compilation events (20 events):
Event: 4493.439 Thread 0x000001f6aae60960 nmethod 10393 0x000001f698d7c290 code [0x000001f698d7c440, 0x000001f698d7c660]
Event: 4493.439 Thread 0x000001f6aae60960 10394       3       org.gradle.internal.component.external.model.JavaEcosystemVariantDerivationStrategy::libraryWithJavadocVariant (44 bytes)
Event: 4493.441 Thread 0x000001f6aae60960 nmethod 10394 0x000001f698d7c710 code [0x000001f698d7c9c0, 0x000001f698d7d750]
Event: 4493.441 Thread 0x000001f6aae60960 10395       3       org.gradle.api.internal.artifacts.repositories.metadata.DefaultMavenImmutableAttributesFactory::javadocVariant (32 bytes)
Event: 4493.443 Thread 0x000001f6aae60960 nmethod 10395 0x000001f698d7dc10 code [0x000001f698d7dec0, 0x000001f698d7f088]
Event: 4493.443 Thread 0x000001f6aae60960 10396       3       org.gradle.api.internal.artifacts.repositories.metadata.DefaultMavenImmutableAttributesFactory$$Lambda/0x000001f6ac79ade8::<init> (15 bytes)
Event: 4493.443 Thread 0x000001f6aae60960 nmethod 10396 0x000001f698d7f590 code [0x000001f698d7f740, 0x000001f698d7f960]
Event: 4493.443 Thread 0x000001f6aae60960 10397       3       com.google.common.collect.ImmutableList::of (47 bytes)
Event: 4493.444 Thread 0x000001f6aae60960 nmethod 10397 0x000001f698d7fa10 code [0x000001f698d7fc80, 0x000001f698d80cf8]
Event: 4493.477 Thread 0x000001f6aae60960 10398       3       org.gradle.api.internal.artifacts.ivyservice.resolveengine.graph.builder.NodeState::computeExclusionFilterSingleIncomingEdge (49 bytes)
Event: 4493.480 Thread 0x000001f6aae60960 nmethod 10398 0x000001f698d81090 code [0x000001f698d812c0, 0x000001f698d81980]
Event: 4493.533 Thread 0x000001f6aae60960 10399       3       org.gradle.api.internal.artifacts.ivyservice.resolveengine.graph.builder.NodeState::collectAncestorsStrictVersions (39 bytes)
Event: 4493.533 Thread 0x000001f6aae60960 nmethod 10399 0x000001f698d81c90 code [0x000001f698d81e80, 0x000001f698d822c8]
Event: 4493.539 Thread 0x000001f6aae60960 10400       3       org.gradle.internal.component.external.model.DefaultModuleComponentGraphResolveState::<init> (12 bytes)
Event: 4493.541 Thread 0x000001f6aae60960 nmethod 10400 0x000001f698d82410 code [0x000001f698d825c0, 0x000001f698d82710]
Event: 4493.541 Thread 0x000001f6aae60960 10401       3       org.gradle.api.internal.artifacts.ivyservice.resolveengine.graph.builder.DefaultPendingDependenciesVisitor::complete (49 bytes)
Event: 4493.542 Thread 0x000001f6aae60960 nmethod 10401 0x000001f698d82810 code [0x000001f698d82a20, 0x000001f698d82fb8]
Event: 4493.611 Thread 0x000001f6aae60960 10402       3       java.util.BitSet::clear (70 bytes)
Event: 4493.613 Thread 0x000001f6aae60960 nmethod 10402 0x000001f698d83190 code [0x000001f698d83400, 0x000001f698d83bc8]
Event: 4493.880 Thread 0x000001f6aae60960 10403       1       org.gradle.api.internal.artifacts.ivyservice.resolveengine.graph.conflicts.VersionConflictResolutionDetails::hashCode (5 bytes)

GC Heap History (20 events):
Event: 0.353 GC heap before
{Heap before GC invocations=0 (full 0):
 garbage-first heap   total 262144K, used 26624K [0x00000000e0000000, 0x0000000100000000)
  region size 1024K, 23 young (23552K), 0 survivors (0K)
 Metaspace       used 1112K, committed 1216K, reserved 393216K
  class space    used 81K, committed 128K, reserved 327680K
}
Event: 0.356 GC heap after
{Heap after GC invocations=1 (full 0):
 garbage-first heap   total 262144K, used 9295K [0x00000000e0000000, 0x0000000100000000)
  region size 1024K, 3 young (3072K), 3 survivors (3072K)
 Metaspace       used 1112K, committed 1216K, reserved 393216K
  class space    used 81K, committed 128K, reserved 327680K
}
Event: 0.933 GC heap before
{Heap before GC invocations=1 (full 0):
 garbage-first heap   total 262144K, used 41039K [0x00000000e0000000, 0x0000000100000000)
  region size 1024K, 34 young (34816K), 3 survivors (3072K)
 Metaspace       used 4297K, committed 4480K, reserved 393216K
  class space    used 546K, committed 640K, reserved 327680K
}
Event: 0.936 GC heap after
{Heap after GC invocations=2 (full 0):
 garbage-first heap   total 262144K, used 12318K [0x00000000e0000000, 0x0000000100000000)
  region size 1024K, 3 young (3072K), 3 survivors (3072K)
 Metaspace       used 4297K, committed 4480K, reserved 393216K
  class space    used 546K, committed 640K, reserved 327680K
}
Event: 1.347 GC heap before
{Heap before GC invocations=2 (full 0):
 garbage-first heap   total 262144K, used 60446K [0x00000000e0000000, 0x0000000100000000)
  region size 1024K, 48 young (49152K), 3 survivors (3072K)
 Metaspace       used 5932K, committed 6208K, reserved 393216K
  class space    used 785K, committed 896K, reserved 327680K
}
Event: 1.351 GC heap after
{Heap after GC invocations=3 (full 0):
 garbage-first heap   total 262144K, used 18743K [0x00000000e0000000, 0x0000000100000000)
  region size 1024K, 6 young (6144K), 6 survivors (6144K)
 Metaspace       used 5932K, committed 6208K, reserved 393216K
  class space    used 785K, committed 896K, reserved 327680K
}
Event: 2.791 GC heap before
{Heap before GC invocations=3 (full 0):
 garbage-first heap   total 262144K, used 105783K [0x00000000e0000000, 0x0000000100000000)
  region size 1024K, 92 young (94208K), 6 survivors (6144K)
 Metaspace       used 20793K, committed 21504K, reserved 393216K
  class space    used 3073K, committed 3392K, reserved 327680K
}
Event: 2.798 GC heap after
{Heap after GC invocations=4 (full 0):
 garbage-first heap   total 262144K, used 25544K [0x00000000e0000000, 0x0000000100000000)
  region size 1024K, 13 young (13312K), 13 survivors (13312K)
 Metaspace       used 20793K, committed 21504K, reserved 393216K
  class space    used 3073K, committed 3392K, reserved 327680K
}
Event: 4.329 GC heap before
{Heap before GC invocations=5 (full 0):
 garbage-first heap   total 262144K, used 116680K [0x00000000e0000000, 0x0000000100000000)
  region size 1024K, 104 young (106496K), 13 survivors (13312K)
 Metaspace       used 34726K, committed 35968K, reserved 393216K
  class space    used 5160K, committed 5760K, reserved 327680K
}
Event: 4.338 GC heap after
{Heap after GC invocations=6 (full 0):
 garbage-first heap   total 262144K, used 32705K [0x00000000e0000000, 0x0000000100000000)
  region size 1024K, 14 young (14336K), 14 survivors (14336K)
 Metaspace       used 34726K, committed 35968K, reserved 393216K
  class space    used 5160K, committed 5760K, reserved 327680K
}
Event: 4.354 GC heap before
{Heap before GC invocations=6 (full 0):
 garbage-first heap   total 262144K, used 32705K [0x00000000e0000000, 0x0000000100000000)
  region size 1024K, 15 young (15360K), 14 survivors (14336K)
 Metaspace       used 35050K, committed 36288K, reserved 393216K
  class space    used 5187K, committed 5824K, reserved 327680K
}
Event: 4.364 GC heap after
{Heap after GC invocations=7 (full 0):
 garbage-first heap   total 262144K, used 33160K [0x00000000e0000000, 0x0000000100000000)
  region size 1024K, 8 young (8192K), 8 survivors (8192K)
 Metaspace       used 35050K, committed 36288K, reserved 393216K
  class space    used 5187K, committed 5824K, reserved 327680K
}
Event: 4.405 GC heap before
{Heap before GC invocations=7 (full 0):
 garbage-first heap   total 262144K, used 35208K [0x00000000e0000000, 0x0000000100000000)
  region size 1024K, 12 young (12288K), 8 survivors (8192K)
 Metaspace       used 35369K, committed 36608K, reserved 393216K
  class space    used 5215K, committed 5824K, reserved 327680K
}
Event: 4.409 GC heap after
{Heap after GC invocations=8 (full 0):
 garbage-first heap   total 262144K, used 33103K [0x00000000e0000000, 0x0000000100000000)
  region size 1024K, 8 young (8192K), 8 survivors (8192K)
 Metaspace       used 35369K, committed 36608K, reserved 393216K
  class space    used 5215K, committed 5824K, reserved 327680K
}
Event: 7.493 GC heap before
{Heap before GC invocations=9 (full 0):
 garbage-first heap   total 262144K, used 187727K [0x00000000e0000000, 0x0000000100000000)
  region size 1024K, 153 young (156672K), 8 survivors (8192K)
 Metaspace       used 48200K, committed 49920K, reserved 393216K
  class space    used 7021K, committed 7872K, reserved 327680K
}
Event: 7.515 GC heap after
{Heap after GC invocations=10 (full 0):
 garbage-first heap   total 262144K, used 44538K [0x00000000e0000000, 0x0000000100000000)
  region size 1024K, 19 young (19456K), 19 survivors (19456K)
 Metaspace       used 48200K, committed 49920K, reserved 393216K
  class space    used 7021K, committed 7872K, reserved 327680K
}
Event: 10.368 GC heap before
{Heap before GC invocations=10 (full 0):
 garbage-first heap   total 262144K, used 186874K [0x00000000e0000000, 0x0000000100000000)
  region size 1024K, 153 young (156672K), 19 survivors (19456K)
 Metaspace       used 51243K, committed 52992K, reserved 393216K
  class space    used 7367K, committed 8192K, reserved 327680K
}
Event: 10.379 GC heap after
{Heap after GC invocations=11 (full 0):
 garbage-first heap   total 262144K, used 60089K [0x00000000e0000000, 0x0000000100000000)
  region size 1024K, 12 young (12288K), 12 survivors (12288K)
 Metaspace       used 51243K, committed 52992K, reserved 393216K
  class space    used 7367K, committed 8192K, reserved 327680K
}
Event: 2268.401 GC heap before
{Heap before GC invocations=11 (full 0):
 garbage-first heap   total 262144K, used 204473K [0x00000000e0000000, 0x0000000100000000)
  region size 1024K, 153 young (156672K), 12 survivors (12288K)
 Metaspace       used 52534K, committed 54336K, reserved 393216K
  class space    used 7408K, committed 8256K, reserved 327680K
}
Event: 2268.418 GC heap after
{Heap after GC invocations=12 (full 0):
 garbage-first heap   total 262144K, used 62038K [0x00000000e0000000, 0x0000000100000000)
  region size 1024K, 3 young (3072K), 3 survivors (3072K)
 Metaspace       used 52534K, committed 54336K, reserved 393216K
  class space    used 7408K, committed 8256K, reserved 327680K
}

Dll operation events (14 events):
Event: 0.016 Loaded shared library C:\Users\PAULO ROBERTO\.vscode\extensions\redhat.java-1.55.0-win32-x64\jre\21.0.11-win32-x86_64\bin\java.dll
Event: 0.081 Loaded shared library C:\Users\PAULO ROBERTO\.vscode\extensions\redhat.java-1.55.0-win32-x64\jre\21.0.11-win32-x86_64\bin\zip.dll
Event: 0.095 Loaded shared library C:\Users\PAULO ROBERTO\.vscode\extensions\redhat.java-1.55.0-win32-x64\jre\21.0.11-win32-x86_64\bin\instrument.dll
Event: 0.099 Loaded shared library C:\Users\PAULO ROBERTO\.vscode\extensions\redhat.java-1.55.0-win32-x64\jre\21.0.11-win32-x86_64\bin\net.dll
Event: 0.100 Loaded shared library C:\Users\PAULO ROBERTO\.vscode\extensions\redhat.java-1.55.0-win32-x64\jre\21.0.11-win32-x86_64\bin\nio.dll
Event: 0.102 Loaded shared library C:\Users\PAULO ROBERTO\.vscode\extensions\redhat.java-1.55.0-win32-x64\jre\21.0.11-win32-x86_64\bin\zip.dll
Event: 0.267 Loaded shared library C:\Users\PAULO ROBERTO\.vscode\extensions\redhat.java-1.55.0-win32-x64\jre\21.0.11-win32-x86_64\bin\jimage.dll
Event: 0.376 Loaded shared library C:\Users\PAULO ROBERTO\.vscode\extensions\redhat.java-1.55.0-win32-x64\jre\21.0.11-win32-x86_64\bin\verify.dll
Event: 0.482 Loaded shared library C:\Users\PAULO ROBERTO\.gradle\native\c067742578af261105cb4f569cf0c3c89f3d7b1fecec35dd04571415982c5e48\windows-amd64\native-platform.dll
Event: 0.621 Loaded shared library C:\Users\PAULO ROBERTO\.gradle\native\100fb08df4bc3b14c8652ba06237920a3bd2aa13389f12d3474272988ae205f9\windows-amd64\native-platform-file-events.dll
Event: 1.368 Loaded shared library C:\Users\PAULO ROBERTO\.vscode\extensions\redhat.java-1.55.0-win32-x64\jre\21.0.11-win32-x86_64\bin\management.dll
Event: 1.371 Loaded shared library C:\Users\PAULO ROBERTO\.vscode\extensions\redhat.java-1.55.0-win32-x64\jre\21.0.11-win32-x86_64\bin\management_ext.dll
Event: 1.500 Loaded shared library C:\Users\PAULO ROBERTO\.vscode\extensions\redhat.java-1.55.0-win32-x64\jre\21.0.11-win32-x86_64\bin\extnet.dll
Event: 1.707 Loaded shared library C:\Users\PAULO ROBERTO\.vscode\extensions\redhat.java-1.55.0-win32-x64\jre\21.0.11-win32-x86_64\bin\sunmscapi.dll

Deoptimization events (20 events):
Event: 4491.255 Thread 0x000001f6c5f23570 DEOPT PACKING pc=0x000001f69f722d90 sp=0x000000cef0dfe4b0
Event: 4491.255 Thread 0x000001f6c5f23570 DEOPT UNPACKING pc=0x000001f69f084422 sp=0x000000cef0dfe3a0 mode 2
Event: 4491.400 Thread 0x000001f6c668e710 Uncommon trap: trap_request=0xffffffde fr.pc=0x000001f69fb71110 relative=0x00000000000009d0
Event: 4491.401 Thread 0x000001f6c668e710 Uncommon trap: reason=class_check action=maybe_recompile pc=0x000001f69fb71110 method=sun.management.spi.PlatformMBeanProvider$PlatformComponent.getMBeans(Ljava/lang/Class;)Ljava/util/List; @ 26 c2
Event: 4491.401 Thread 0x000001f6c668e710 DEOPT PACKING pc=0x000001f69fb71110 sp=0x000000cef03febc0
Event: 4491.401 Thread 0x000001f6c668e710 DEOPT UNPACKING pc=0x000001f69f084422 sp=0x000000cef03feb78 mode 2
Event: 4492.131 Thread 0x000001f6c668e710 Uncommon trap: trap_request=0xffffff76 fr.pc=0x000001f69fb42e58 relative=0x0000000000001b38
Event: 4492.131 Thread 0x000001f6c668e710 Uncommon trap: reason=predicate action=maybe_recompile pc=0x000001f69fb42e58 method=java.util.TimSort.reverseRange([Ljava/lang/Object;II)V @ 5 c2
Event: 4492.131 Thread 0x000001f6c668e710 DEOPT PACKING pc=0x000001f69fb42e58 sp=0x000000cef03f91a0
Event: 4492.131 Thread 0x000001f6c668e710 DEOPT UNPACKING pc=0x000001f69f084422 sp=0x000000cef03f9018 mode 2
Event: 4492.133 Thread 0x000001f6c668e710 Uncommon trap: trap_request=0xffffff6e fr.pc=0x000001f69fbf5d18 relative=0x0000000000000978
Event: 4492.133 Thread 0x000001f6c668e710 Uncommon trap: reason=loop_limit_check action=maybe_recompile pc=0x000001f69fbf5d18 method=org.gradle.internal.operations.DefaultBuildOperationListenerManager$1.finished(Lorg/gradle/internal/operations/BuildOperationDescriptor;Lorg/gradle/internal/operati
Event: 4492.133 Thread 0x000001f6c668e710 DEOPT PACKING pc=0x000001f69fbf5d18 sp=0x000000cef03f97f0
Event: 4492.133 Thread 0x000001f6c668e710 DEOPT UNPACKING pc=0x000001f69f084422 sp=0x000000cef03f96e8 mode 2
Event: 4492.378 Thread 0x000001f6c668e710 Uncommon trap: trap_request=0xffffffbe fr.pc=0x000001f69fb3bbe4 relative=0x0000000000001ce4
Event: 4492.378 Thread 0x000001f6c668e710 Uncommon trap: reason=profile_predicate action=maybe_recompile pc=0x000001f69fb3bbe4 method=java.util.TimSort.binarySort([Ljava/lang/Object;IIILjava/util/Comparator;)V @ 73 c2
Event: 4492.378 Thread 0x000001f6c668e710 DEOPT PACKING pc=0x000001f69fb3bbe4 sp=0x000000cef03f92c0
Event: 4492.378 Thread 0x000001f6c668e710 DEOPT UNPACKING pc=0x000001f69f084422 sp=0x000000cef03f9230 mode 2
Event: 4492.561 Thread 0x000001f6c668e710 DEOPT PACKING pc=0x000001f6988377f8 sp=0x000000cef03f8310
Event: 4492.561 Thread 0x000001f6c668e710 DEOPT UNPACKING pc=0x000001f69f084bc2 sp=0x000000cef03f77f8 mode 0

Classes loaded (20 events):
Event: 10.084 Loading class java/io/ObjectStreamClass$1
Event: 10.084 Loading class java/io/ObjectStreamClass$1 done
Event: 10.084 Loading class java/io/ObjectStreamClass$MemberSignature
Event: 10.084 Loading class java/io/ObjectStreamClass$MemberSignature done
Event: 10.084 Loading class java/io/ObjectStreamClass$3
Event: 10.084 Loading class java/io/ObjectStreamClass$3 done
Event: 10.084 Loading class java/io/ObjectStreamClass$4
Event: 10.084 Loading class java/io/ObjectStreamClass$4 done
Event: 10.084 Loading class java/io/ObjectStreamClass$5
Event: 10.085 Loading class java/io/ObjectStreamClass$5 done
Event: 10.088 Loading class java/net/UrlDeserializedState
Event: 10.088 Loading class java/net/UrlDeserializedState done
Event: 10.088 Loading class java/net/Proxy
Event: 10.088 Loading class java/net/Proxy done
Event: 10.094 Loading class java/util/concurrent/CompletableFuture$AsyncRun
Event: 10.094 Loading class java/util/concurrent/CompletableFuture$AsyncRun done
Event: 10.281 Loading class jdk/internal/math/FormattedFPDecimal
Event: 10.281 Loading class jdk/internal/math/FormattedFPDecimal done
Event: 10.281 Loading class sun/text/resources/cldr/FormatData_en
Event: 10.282 Loading class sun/text/resources/cldr/FormatData_en done

Classes unloaded (0 events):
No events

Classes redefined (0 events):
No events

Internal exceptions (20 events):
Event: 12.673 Thread 0x000001f6c63797b0 Exception <a 'sun/nio/fs/WindowsException'{0x00000000edd51d78}> (0x00000000edd51d78) 
thrown [s\src\hotspot\share\prims\jni.cpp, line 520]
Event: 12.737 Thread 0x000001f6c63797b0 Exception <a 'java/lang/ClassNotFoundException'{0x00000000edc863b8}: build_e7lp5xlqvnjmvk923pfnu0rpzBeanInfo> (0x00000000edc863b8) 
thrown [s\src\hotspot\share\classfile\systemDictionary.cpp, line 313]
Event: 12.737 Thread 0x000001f6c63797b0 Exception <a 'java/lang/ClassNotFoundException'{0x00000000edc8cd78}: build_e7lp5xlqvnjmvk923pfnu0rpzCustomizer> (0x00000000edc8cd78) 
thrown [s\src\hotspot\share\classfile\systemDictionary.cpp, line 313]
Event: 13.049 Thread 0x000001f6c63797b0 Exception <a 'java/lang/ClassNotFoundException'{0x00000000ec48fdb8}: build_e7lp5xlqvnjmvk923pfnu0rpzBeanInfo> (0x00000000ec48fdb8) 
thrown [s\src\hotspot\share\classfile\systemDictionary.cpp, line 313]
Event: 13.049 Thread 0x000001f6c63797b0 Exception <a 'java/lang/ClassNotFoundException'{0x00000000ec496710}: build_e7lp5xlqvnjmvk923pfnu0rpzCustomizer> (0x00000000ec496710) 
thrown [s\src\hotspot\share\classfile\systemDictionary.cpp, line 313]
Event: 13.374 Thread 0x000001f6c63797b0 Exception <a 'sun/nio/fs/WindowsException'{0x00000000ebd6c160}> (0x00000000ebd6c160) 
thrown [s\src\hotspot\share\prims\jni.cpp, line 520]
Event: 13.374 Thread 0x000001f6c63797b0 Exception <a 'sun/nio/fs/WindowsException'{0x00000000ebd6d6a8}> (0x00000000ebd6d6a8) 
thrown [s\src\hotspot\share\prims\jni.cpp, line 520]
Event: 13.375 Thread 0x000001f6c63797b0 Exception <a 'sun/nio/fs/WindowsException'{0x00000000ebd6ebe0}> (0x00000000ebd6ebe0) 
thrown [s\src\hotspot\share\prims\jni.cpp, line 520]
Event: 13.375 Thread 0x000001f6c63797b0 Exception <a 'sun/nio/fs/WindowsException'{0x00000000ebd6fcf0}> (0x00000000ebd6fcf0) 
thrown [s\src\hotspot\share\prims\jni.cpp, line 520]
Event: 13.428 Thread 0x000001f6c63797b0 Exception <a 'java/lang/ClassNotFoundException'{0x00000000ebcb7178}: build_ewbskhgobde4xs5d3wc0ql9a8BeanInfo> (0x00000000ebcb7178) 
thrown [s\src\hotspot\share\classfile\systemDictionary.cpp, line 313]
Event: 13.429 Thread 0x000001f6c63797b0 Exception <a 'java/lang/ClassNotFoundException'{0x00000000ebcbdb38}: build_ewbskhgobde4xs5d3wc0ql9a8Customizer> (0x00000000ebcbdb38) 
thrown [s\src\hotspot\share\classfile\systemDictionary.cpp, line 313]
Event: 13.657 Thread 0x000001f6c63797b0 Exception <a 'java/lang/ClassNotFoundException'{0x00000000ea5bde80}: build_ewbskhgobde4xs5d3wc0ql9a8BeanInfo> (0x00000000ea5bde80) 
thrown [s\src\hotspot\share\classfile\systemDictionary.cpp, line 313]
Event: 13.658 Thread 0x000001f6c63797b0 Exception <a 'java/lang/ClassNotFoundException'{0x00000000ea5c47d8}: build_ewbskhgobde4xs5d3wc0ql9a8Customizer> (0x00000000ea5c47d8) 
thrown [s\src\hotspot\share\classfile\systemDictionary.cpp, line 313]
Event: 1281.649 Thread 0x000001f6c5f94a80 Implicit null exception at 0x000001f69f6330a0 to 0x000001f69f6336fc
Event: 4491.995 Thread 0x000001f6c668e710 Exception <a 'sun/nio/fs/WindowsException'{0x00000000ecd24fa0}> (0x00000000ecd24fa0) 
thrown [s\src\hotspot\share\prims\jni.cpp, line 520]
Event: 4491.999 Thread 0x000001f6c668e710 Exception <a 'sun/nio/fs/WindowsException'{0x00000000ecd264e8}> (0x00000000ecd264e8) 
thrown [s\src\hotspot\share\prims\jni.cpp, line 520]
Event: 4492.000 Thread 0x000001f6c668e710 Exception <a 'sun/nio/fs/WindowsException'{0x00000000ecd27a20}> (0x00000000ecd27a20) 
thrown [s\src\hotspot\share\prims\jni.cpp, line 520]
Event: 4492.000 Thread 0x000001f6c668e710 Exception <a 'sun/nio/fs/WindowsException'{0x00000000ecd28b30}> (0x00000000ecd28b30) 
thrown [s\src\hotspot\share\prims\jni.cpp, line 520]
Event: 4492.362 Thread 0x000001f6c668e710 Exception <a 'java/lang/ClassNotFoundException'{0x00000000ecc88700}: build_cbm4bu759li9hjf019clo56leBeanInfo> (0x00000000ecc88700) 
thrown [s\src\hotspot\share\classfile\systemDictionary.cpp, line 313]
Event: 4492.365 Thread 0x000001f6c668e710 Exception <a 'java/lang/ClassNotFoundException'{0x00000000ecc8f0c0}: build_cbm4bu759li9hjf019clo56leCustomizer> (0x00000000ecc8f0c0) 
thrown [s\src\hotspot\share\classfile\systemDictionary.cpp, line 313]

ZGC Phase Switch (0 events):
No events

VM Operations (20 events):
Event: 2061.913 Executing safepoint VM operation: Cleanup
Event: 2061.913 Executing safepoint VM operation: Cleanup done
Event: 2268.401 Executing safepoint VM operation: G1CollectForAllocation (G1 Evacuation Pause)
Event: 2268.418 Executing safepoint VM operation: G1CollectForAllocation (G1 Evacuation Pause) done
Event: 2572.318 Executing safepoint VM operation: Cleanup
Event: 2572.318 Executing safepoint VM operation: Cleanup done
Event: 3342.418 Executing safepoint VM operation: Cleanup
Event: 3342.418 Executing safepoint VM operation: Cleanup done
Event: 4273.841 Executing safepoint VM operation: Cleanup
Event: 4273.842 Executing safepoint VM operation: Cleanup done
Event: 4333.283 Executing safepoint VM operation: Cleanup
Event: 4333.283 Executing safepoint VM operation: Cleanup done
Event: 4491.526 Executing safepoint VM operation: Cleanup
Event: 4491.526 Executing safepoint VM operation: Cleanup done
Event: 4492.538 Executing safepoint VM operation: Cleanup
Event: 4492.539 Executing safepoint VM operation: Cleanup done
Event: 4493.547 Executing safepoint VM operation: Cleanup
Event: 4493.547 Executing safepoint VM operation: Cleanup done
Event: 4494.554 Executing safepoint VM operation: Cleanup
Event: 4494.554 Executing safepoint VM operation: Cleanup done

Memory protections (0 events):
No events

Nmethod flushes (20 events):
Event: 4.419 Thread 0x000001f6aae321b0 flushing  nmethod 0x000001f697c8eb10
Event: 4.419 Thread 0x000001f6aae321b0 flushing  nmethod 0x000001f697c90a10
Event: 4.419 Thread 0x000001f6aae321b0 flushing  nmethod 0x000001f697c92b10
Event: 4.419 Thread 0x000001f6aae321b0 flushing  nmethod 0x000001f697c93a10
Event: 4.419 Thread 0x000001f6aae321b0 flushing  nmethod 0x000001f697c97190
Event: 4.419 Thread 0x000001f6aae321b0 flushing  nmethod 0x000001f697c97710
Event: 4.419 Thread 0x000001f6aae321b0 flushing  nmethod 0x000001f697cc3e90
Event: 4.419 Thread 0x000001f6aae321b0 flushing  nmethod 0x000001f697cc4810
Event: 4.419 Thread 0x000001f6aae321b0 flushing  nmethod 0x000001f697e7b490
Event: 4.419 Thread 0x000001f6aae321b0 flushing  nmethod 0x000001f697e7ce10
Event: 4.419 Thread 0x000001f6aae321b0 flushing  nmethod 0x000001f697e7d310
Event: 4.419 Thread 0x000001f6aae321b0 flushing  nmethod 0x000001f697e8ba90
Event: 4.419 Thread 0x000001f6aae321b0 flushing  nmethod 0x000001f697e8c210
Event: 4.419 Thread 0x000001f6aae321b0 flushing  nmethod 0x000001f697e8cb10
Event: 4.419 Thread 0x000001f6aae321b0 flushing  nmethod 0x000001f697e94d10
Event: 4.419 Thread 0x000001f6aae321b0 flushing  nmethod 0x000001f697eafb10
Event: 4.419 Thread 0x000001f6aae321b0 flushing  nmethod 0x000001f697ec7e10
Event: 4.419 Thread 0x000001f6aae321b0 flushing  nmethod 0x000001f697f97190
Event: 4.419 Thread 0x000001f6aae321b0 flushing  nmethod 0x000001f697f97710
Event: 4.419 Thread 0x000001f6aae321b0 flushing  nmethod 0x000001f697f97b90

Events (20 events):
Event: 14.394 Thread 0x000001f6c9ac3120 Thread exited: 0x000001f6c9ac3120
Event: 73.747 Thread 0x000001f6c63797b0 Thread exited: 0x000001f6c63797b0
Event: 73.793 Thread 0x000001f6c6320cc0 Thread exited: 0x000001f6c6320cc0
Event: 73.810 Thread 0x000001f6c926fd10 Thread exited: 0x000001f6c926fd10
Event: 74.058 Thread 0x000001f6c91f8ab0 Thread exited: 0x000001f6c91f8ab0
Event: 4272.917 Thread 0x000001f6c566ead0 Thread added: 0x000001f6c6689850
Event: 4332.993 Thread 0x000001f6c6689850 Thread exited: 0x000001f6c6689850
Event: 4491.281 Thread 0x000001f6c5f23570 Thread added: 0x000001f6c66884a0
Event: 4491.291 Thread 0x000001f6c66884a0 Thread added: 0x000001f6c668bfb0
Event: 4491.337 Thread 0x000001f6c66884a0 Thread added: 0x000001f6c6689850
Event: 4491.364 Thread 0x000001f6c66884a0 Thread added: 0x000001f6c668e710
Event: 4491.396 Thread 0x000001f6c668e710 Thread added: 0x000001f6c668f430
Event: 4491.419 Thread 0x000001f6c668e710 Thread added: 0x000001f6c668fac0
Event: 4491.423 Thread 0x000001f6c668e710 Thread added: 0x000001f6c7bd4810
Event: 4491.584 Thread 0x000001f6c668e710 Thread added: 0x000001f6c7bd2dd0
Event: 4491.621 Thread 0x000001f6c668e710 Thread added: 0x000001f6c7bd3af0
Event: 4491.765 Thread 0x000001f6c668e710 Thread added: 0x000001f6c7bd2740
Event: 4491.807 Thread 0x000001f6c668e710 Thread added: 0x000001f6c7bd4180
Event: 4491.856 Thread 0x000001f6c668e710 Thread added: 0x000001f6c7bd5530
Event: 4492.251 Thread 0x000001f6c668e710 Thread added: 0x000001f6c7bd5bc0


Dynamic libraries:
0x00007ff78a8b0000 - 0x00007ff78a8be000 	C:\Users\PAULO ROBERTO\.vscode\extensions\redhat.java-1.55.0-win32-x64\jre\21.0.11-win32-x86_64\bin\java.exe
0x00007ff86cac0000 - 0x00007ff86cd26000 	C:\WINDOWS\SYSTEM32\ntdll.dll
0x00007ff86b8d0000 - 0x00007ff86b999000 	C:\WINDOWS\System32\KERNEL32.DLL
0x00007ff86a0e0000 - 0x00007ff86a4df000 	C:\WINDOWS\System32\KERNELBASE.dll
0x00007ff86a5a0000 - 0x00007ff86a6ec000 	C:\WINDOWS\System32\ucrtbase.dll
0x00007ff85e740000 - 0x00007ff85e758000 	C:\Users\PAULO ROBERTO\.vscode\extensions\redhat.java-1.55.0-win32-x64\jre\21.0.11-win32-x86_64\bin\jli.dll
0x00007ff85e980000 - 0x00007ff85e99e000 	C:\Users\PAULO ROBERTO\.vscode\extensions\redhat.java-1.55.0-win32-x64\jre\21.0.11-win32-x86_64\bin\VCRUNTIME140.dll
0x00007ff86b0d0000 - 0x00007ff86b296000 	C:\WINDOWS\System32\USER32.dll
0x00007ff849300000 - 0x00007ff849591000 	C:\WINDOWS\WinSxS\amd64_microsoft.windows.common-controls_6595b64144ccf1df_6.0.26100.8972_none_3e0da176e32f9d4b\COMCTL32.dll
0x00007ff86a700000 - 0x00007ff86a727000 	C:\WINDOWS\System32\win32u.dll
0x00007ff86c8b0000 - 0x00007ff86c959000 	C:\WINDOWS\System32\msvcrt.dll
0x00007ff86a7f0000 - 0x00007ff86a81b000 	C:\WINDOWS\System32\GDI32.dll
0x00007ff869e20000 - 0x00007ff869f49000 	C:\WINDOWS\System32\gdi32full.dll
0x00007ff86a4f0000 - 0x00007ff86a593000 	C:\WINDOWS\System32\msvcp_win.dll
0x00007ff86add0000 - 0x00007ff86ae02000 	C:\WINDOWS\System32\IMM32.DLL
0x00007ff8645b0000 - 0x00007ff8645bc000 	C:\Users\PAULO ROBERTO\.vscode\extensions\redhat.java-1.55.0-win32-x64\jre\21.0.11-win32-x86_64\bin\vcruntime140_1.dll
0x00007ff859fe0000 - 0x00007ff85a06d000 	C:\Users\PAULO ROBERTO\.vscode\extensions\redhat.java-1.55.0-win32-x64\jre\21.0.11-win32-x86_64\bin\msvcp140.dll
0x00007fff28d00000 - 0x00007fff29aa2000 	C:\Users\PAULO ROBERTO\.vscode\extensions\redhat.java-1.55.0-win32-x64\jre\21.0.11-win32-x86_64\bin\server\jvm.dll
0x00007ff86c7e0000 - 0x00007ff86c89c000 	C:\WINDOWS\System32\ADVAPI32.dll
0x00007ff86bd80000 - 0x00007ff86be29000 	C:\WINDOWS\System32\sechost.dll
0x00007ff86c6c0000 - 0x00007ff86c7d8000 	C:\WINDOWS\System32\RPCRT4.dll
0x00007ff86b3b0000 - 0x00007ff86b432000 	C:\WINDOWS\System32\WS2_32.dll
0x00007ff8558a0000 - 0x00007ff8558d6000 	C:\WINDOWS\SYSTEM32\WINMM.dll
0x00007ff868f10000 - 0x00007ff868f6e000 	C:\WINDOWS\SYSTEM32\POWRPROF.dll
0x00007ff859f00000 - 0x00007ff859f0b000 	C:\WINDOWS\SYSTEM32\VERSION.dll
0x00007ff868da0000 - 0x00007ff868db5000 	C:\WINDOWS\SYSTEM32\UMPDC.dll
0x00007ff868980000 - 0x00007ff86899b000 	C:\WINDOWS\SYSTEM32\kernel.appcore.dll
0x00007ff8615e0000 - 0x00007ff8615ea000 	C:\Users\PAULO ROBERTO\.vscode\extensions\redhat.java-1.55.0-win32-x64\jre\21.0.11-win32-x86_64\bin\jimage.dll
0x00007ff8671c0000 - 0x00007ff867402000 	C:\WINDOWS\SYSTEM32\DBGHELP.DLL
0x00007ff86a820000 - 0x00007ff86aba5000 	C:\WINDOWS\System32\combase.dll
0x00007ff86c5e0000 - 0x00007ff86c6b9000 	C:\WINDOWS\System32\OLEAUT32.dll
0x00007ff856850000 - 0x00007ff85688b000 	C:\WINDOWS\SYSTEM32\dbgcore.DLL
0x00007ff86a730000 - 0x00007ff86a7dc000 	C:\WINDOWS\System32\bcryptPrimitives.dll
0x00007ff85ea70000 - 0x00007ff85ea7f000 	C:\Users\PAULO ROBERTO\.vscode\extensions\redhat.java-1.55.0-win32-x64\jre\21.0.11-win32-x86_64\bin\instrument.dll
0x00007ff85e130000 - 0x00007ff85e150000 	C:\Users\PAULO ROBERTO\.vscode\extensions\redhat.java-1.55.0-win32-x64\jre\21.0.11-win32-x86_64\bin\java.dll
0x00007ff86be50000 - 0x00007ff86c5d8000 	C:\WINDOWS\System32\SHELL32.dll
0x00007ff867760000 - 0x00007ff867ffb000 	C:\WINDOWS\SYSTEM32\windows.storage.dll
0x00007ff86bc80000 - 0x00007ff86bd79000 	C:\WINDOWS\System32\SHCORE.dll
0x00007ff86ad60000 - 0x00007ff86adc6000 	C:\WINDOWS\System32\shlwapi.dll
0x00007ff869bf0000 - 0x00007ff869c19000 	C:\WINDOWS\SYSTEM32\profapi.dll
0x00007ff85cde0000 - 0x00007ff85cdf8000 	C:\Users\PAULO ROBERTO\.vscode\extensions\redhat.java-1.55.0-win32-x64\jre\21.0.11-win32-x86_64\bin\zip.dll
0x00007ff85cdd0000 - 0x00007ff85cde0000 	C:\Users\PAULO ROBERTO\.vscode\extensions\redhat.java-1.55.0-win32-x64\jre\21.0.11-win32-x86_64\bin\net.dll
0x00007ff858a80000 - 0x00007ff858ba7000 	C:\WINDOWS\SYSTEM32\WINHTTP.dll
0x00007ff869030000 - 0x00007ff86909c000 	C:\WINDOWS\system32\mswsock.dll
0x00007ff85ccb0000 - 0x00007ff85ccc6000 	C:\Users\PAULO ROBERTO\.vscode\extensions\redhat.java-1.55.0-win32-x64\jre\21.0.11-win32-x86_64\bin\nio.dll
0x00007ff85cd70000 - 0x00007ff85cd80000 	C:\Users\PAULO ROBERTO\.vscode\extensions\redhat.java-1.55.0-win32-x64\jre\21.0.11-win32-x86_64\bin\verify.dll
0x00007ff85aa60000 - 0x00007ff85aa87000 	C:\Users\PAULO ROBERTO\.gradle\native\c067742578af261105cb4f569cf0c3c89f3d7b1fecec35dd04571415982c5e48\windows-amd64\native-platform.dll
0x00007ff8364c0000 - 0x00007ff836604000 	C:\Users\PAULO ROBERTO\.gradle\native\100fb08df4bc3b14c8652ba06237920a3bd2aa13389f12d3474272988ae205f9\windows-amd64\native-platform-file-events.dll
0x00007ff85ecb0000 - 0x00007ff85ecba000 	C:\Users\PAULO ROBERTO\.vscode\extensions\redhat.java-1.55.0-win32-x64\jre\21.0.11-win32-x86_64\bin\management.dll
0x00007ff85eca0000 - 0x00007ff85ecac000 	C:\Users\PAULO ROBERTO\.vscode\extensions\redhat.java-1.55.0-win32-x64\jre\21.0.11-win32-x86_64\bin\management_ext.dll
0x00007ff86bb80000 - 0x00007ff86bb88000 	C:\WINDOWS\System32\PSAPI.DLL
0x00007ff869450000 - 0x00007ff86946b000 	C:\WINDOWS\SYSTEM32\CRYPTSP.dll
0x00007ff8688e0000 - 0x00007ff868919000 	C:\WINDOWS\system32\rsaenh.dll
0x00007ff8690e0000 - 0x00007ff869112000 	C:\WINDOWS\SYSTEM32\USERENV.dll
0x00007ff869bc0000 - 0x00007ff869bea000 	C:\WINDOWS\SYSTEM32\bcrypt.dll
0x00007ff869290000 - 0x00007ff86929c000 	C:\WINDOWS\SYSTEM32\CRYPTBASE.dll
0x00007ff868380000 - 0x00007ff8683b3000 	C:\WINDOWS\SYSTEM32\IPHLPAPI.DLL
0x00007ff86abb0000 - 0x00007ff86abba000 	C:\WINDOWS\System32\NSI.dll
0x00007ff8645c0000 - 0x00007ff8645c9000 	C:\Users\PAULO ROBERTO\.vscode\extensions\redhat.java-1.55.0-win32-x64\jre\21.0.11-win32-x86_64\bin\extnet.dll
0x00007ff8645d0000 - 0x00007ff8645de000 	C:\Users\PAULO ROBERTO\.vscode\extensions\redhat.java-1.55.0-win32-x64\jre\21.0.11-win32-x86_64\bin\sunmscapi.dll
0x00007ff869f50000 - 0x00007ff86a0ce000 	C:\WINDOWS\System32\CRYPT32.dll
0x00007ff8695c0000 - 0x00007ff8695f0000 	C:\WINDOWS\SYSTEM32\ncrypt.dll
0x00007ff869570000 - 0x00007ff8695af000 	C:\WINDOWS\SYSTEM32\NTASN1.dll
0x00007ff84e9d0000 - 0x00007ff84e9d8000 	C:\WINDOWS\system32\wshunix.dll

JVMTI agents:
C:\Users\PAULO ROBERTO\.gradle\wrapper\dists\gradle-8.9-bin\90cnw93cvbtalezasaz0blq0a\gradle-8.9\lib\agents\gradle-instrumentation-agent-8.9.jar path:C:\Users\PAULO ROBERTO\.vscode\extensions\redhat.java-1.55.0-win32-x64\jre\21.0.11-win32-x86_64\bin\instrument.dll, loaded, initialized, instrumentlib options:none

dbghelp: loaded successfully - version: 4.0.5 - missing functions: none
symbol engine: initialized successfully - sym options: 0x614 - pdb path: .;C:\Users\PAULO ROBERTO\.vscode\extensions\redhat.java-1.55.0-win32-x64\jre\21.0.11-win32-x86_64\bin;C:\WINDOWS\SYSTEM32;C:\WINDOWS\WinSxS\amd64_microsoft.windows.common-controls_6595b64144ccf1df_6.0.26100.8972_none_3e0da176e32f9d4b;C:\Users\PAULO ROBERTO\.vscode\extensions\redhat.java-1.55.0-win32-x64\jre\21.0.11-win32-x86_64\bin\server;C:\Users\PAULO ROBERTO\.gradle\native\c067742578af261105cb4f569cf0c3c89f3d7b1fecec35dd04571415982c5e48\windows-amd64;C:\Users\PAULO ROBERTO\.gradle\native\100fb08df4bc3b14c8652ba06237920a3bd2aa13389f12d3474272988ae205f9\windows-amd64

VM Arguments:
jvm_args: --add-opens=java.base/java.util=ALL-UNNAMED --add-opens=java.base/java.lang=ALL-UNNAMED --add-opens=java.base/java.lang.invoke=ALL-UNNAMED --add-opens=java.prefs/java.util.prefs=ALL-UNNAMED --add-exports=jdk.compiler/com.sun.tools.javac.api=ALL-UNNAMED --add-exports=jdk.compiler/com.sun.tools.javac.util=ALL-UNNAMED --add-opens=java.base/java.nio.charset=ALL-UNNAMED --add-opens=java.base/java.net=ALL-UNNAMED --add-opens=java.base/java.util.concurrent.atomic=ALL-UNNAMED -XX:MaxMetaspaceSize=384m -XX:+HeapDumpOnOutOfMemoryError -Xms256m -Xmx512m -Dfile.encoding=utf8 -Duser.country=BR -Duser.language=pt -Duser.variant -javaagent:C:\Users\PAULO ROBERTO\.gradle\wrapper\dists\gradle-8.9-bin\90cnw93cvbtalezasaz0blq0a\gradle-8.9\lib\agents\gradle-instrumentation-agent-8.9.jar 
java_command: org.gradle.launcher.daemon.bootstrap.GradleDaemon 8.9
java_class_path (initial): C:\Users\PAULO ROBERTO\.gradle\wrapper\dists\gradle-8.9-bin\90cnw93cvbtalezasaz0blq0a\gradle-8.9\lib\gradle-daemon-main-8.9.jar
Launcher Type: SUN_STANDARD

[Global flags]
     intx CICompilerCount                          = 4                                         {product} {ergonomic}
   size_t CompressedClassSpaceSize                 = 335544320                                 {product} {ergonomic}
     uint ConcGCThreads                            = 3                                         {product} {ergonomic}
     uint G1ConcRefinementThreads                  = 10                                        {product} {ergonomic}
   size_t G1HeapRegionSize                         = 1048576                                   {product} {ergonomic}
    uintx GCDrainStackTargetSize                   = 64                                        {product} {ergonomic}
     bool HeapDumpOnOutOfMemoryError               = true                                   {manageable} {command line}
   size_t InitialHeapSize                          = 268435456                                 {product} {command line}
   size_t MarkStackSize                            = 4194304                                   {product} {ergonomic}
   size_t MaxHeapSize                              = 536870912                                 {product} {command line}
   size_t MaxMetaspaceSize                         = 402653184                                 {product} {command line}
   size_t MaxNewSize                               = 321912832                                 {product} {ergonomic}
   size_t MinHeapDeltaBytes                        = 1048576                                   {product} {ergonomic}
   size_t MinHeapSize                              = 268435456                                 {product} {command line}
    uintx NonNMethodCodeHeapSize                   = 5839372                                {pd product} {ergonomic}
    uintx NonProfiledCodeHeapSize                  = 122909434                              {pd product} {ergonomic}
    uintx ProfiledCodeHeapSize                     = 122909434                              {pd product} {ergonomic}
    uintx ReservedCodeCacheSize                    = 251658240                              {pd product} {ergonomic}
     bool SegmentedCodeCache                       = true                                      {product} {ergonomic}
   size_t SoftMaxHeapSize                          = 536870912                              {manageable} {ergonomic}
     bool UseCompressedOops                        = true                           {product lp64_product} {ergonomic}
     bool UseG1GC                                  = true                                      {product} {ergonomic}
     bool UseLargePagesIndividualAllocation        = false                                  {pd product} {ergonomic}

Logging:
Log output configuration:
 #0: stdout all=warning uptime,level,tags foldmultilines=false
 #1: stderr all=off uptime,level,tags foldmultilines=false

Release file:
JAVA_VERSION="21.0.11" 
MODULES="java.base java.compiler java.datatransfer java.xml java.prefs java.desktop java.instrument java.logging java.management java.security.sasl java.naming java.rmi java.management.rmi java.net.http java.scripting java.security.jgss java.transaction.xa java.sql java.sql.rowset java.xml.crypto java.se java.smartcardio jdk.accessibility jdk.internal.jvmstat jdk.attach jdk.charsets jdk.internal.opt jdk.zipfs jdk.compiler jdk.crypto.ec jdk.crypto.cryptoki jdk.crypto.mscapi jdk.dynalink jdk.internal.ed jdk.editpad jdk.hotspot.agent jdk.httpserver jdk.internal.le jdk.internal.vm.ci jdk.internal.vm.compiler jdk.internal.vm.compiler.management jdk.jartool jdk.javadoc jdk.jcmd jdk.management jdk.management.agent jdk.jconsole jdk.jdeps jdk.jdwp.agent jdk.jdi jdk.jfr jdk.jshell jdk.jsobject jdk.jstatd jdk.localedata jdk.management.jfr jdk.naming.dns jdk.naming.rmi jdk.net jdk.nio.mapmode jdk.random jdk.sctp jdk.security.auth jdk.security.jgss jdk.unsupported jdk.unsupported.desktop jdk.xml.dom" 

Environment Variables:
JAVA_HOME=C:\Program Files\Java\jdk-21
PATH=C:\Program Files\Common Files\Oracle\Java\javapath;C:\WINDOWS\system32;C:\WINDOWS;C:\WINDOWS\System32\Wbem;C:\WINDOWS\System32\WindowsPowerShell\v1.0\;C:\WINDOWS\System32\OpenSSH\;C:\Program Files\dotnet\;C:\Program Files\NVIDIA Corporation\NVIDIA App\NvDLISR;C:\Program Files (x86)\NVIDIA Corporation\PhysX\Common;C:\Program Files\GitHub CLI\;C:\Program Files\nodejs\;C:\Program Files\Git\cmd;C:\Users\PAULO ROBERTO\.local\bin;C:\Users\PAULO ROBERTO\AppData\Local\Microsoft\WindowsApps;C:\Users\PAULO ROBERTO\AppData\Roaming\npm;C:\Users\PAULO ROBERTO\AppData\Local\Programs\Microsoft VS Code\bin;C:\Users\PAULO ROBERTO\.bun\bin;C:\Users\PAULO ROBERTO\AppData\Local\Microsoft\WinGet\Packages\jqlang.jq_Microsoft.Winget.Source_8wekyb3d8bbwe;C:\Users\PAULO ROBERTO\.lmstudio\bin
USERNAME=PAULO ROBERTO
OS=Windows_NT
PROCESSOR_IDENTIFIER=Intel64 Family 6 Model 186 Stepping 2, GenuineIntel
TMP=C:\Users\PAULOR~1\AppData\Local\Temp
TEMP=C:\Users\PAULOR~1\AppData\Local\Temp




Periodic native trim disabled

---------------  S Y S T E M  ---------------

OS:
 Windows 11 , 64 bit Build 26100 (10.0.26100.8972)
OS uptime: 2 days 16:07 hours
Hyper-V role detected

CPU: total 12 (initial active 12) (6 cores per cpu, 2 threads per core) family 6 model 186 stepping 2 microcode 0x5103, cx8, cmov, fxsr, ht, mmx, 3dnowpref, sse, sse2, sse3, ssse3, sse4.1, sse4.2, popcnt, lzcnt, tsc, tscinvbit, avx, avx2, aes, erms, clmul, bmi1, bmi2, adx, sha, fma, vzeroupper, clflush, clflushopt, clwb, hv, serialize, rdtscp, rdpid, fsrm, f16c, cet_ibt, cet_ss
Processor Information for the first 12 processors :
  Max Mhz: 2100, Current Mhz: 2100, Mhz Limit: 2100

Memory: 4k page, system-wide physical 16087M (445M free)
TotalPageFile size 32471M (AvailPageFile size 48M)
current process WorkingSet (physical memory assigned to process): 185M, peak: 431M
current process commit charge ("private bytes"): 491M, peak: 513M

vm_info: OpenJDK 64-Bit Server VM (21.0.11+10-LTS) for windows-amd64 JRE (21.0.11+10-LTS), built on 2026-04-21T00:00:00Z by "admin" with MS VC++ 17.12 (VS2022)

END.
