#
# There is insufficient memory for the Java Runtime Environment to continue.
# Native memory allocation (malloc) failed to allocate 1108816 bytes. Error detail: Chunk::new
# Possible reasons:
#   The system is out of physical RAM or swap space
#   This process is running with CompressedOops enabled, and the Java Heap may be blocking the growth of the native heap
# Possible solutions:
#   Reduce memory load on the system
#   Increase physical memory or swap space
#   Check if swap backing store is full
#   Decrease Java heap size (-Xmx/-Xms)
#   Decrease number of Java threads
#   Decrease Java thread stack sizes (-Xss)
#   Set larger code cache with -XX:ReservedCodeCacheSize=
#   JVM is running with Unscaled Compressed Oops mode in which the Java heap is
#     placed in the first 4GB address space. The Java Heap base address is the
#     maximum limit for the native heap growth. Please use -XX:HeapBaseMinAddress
#     to set the Java Heap base and to place the Java Heap above 4GB virtual address.
# This output file may be truncated or incomplete.
#
#  Out of Memory Error (arena.cpp:168), pid=38492, tid=45628
#
# JRE version: OpenJDK Runtime Environment Temurin-21.0.11+10 (21.0.11+10) (build 21.0.11+10-LTS)
# Java VM: OpenJDK 64-Bit Server VM Temurin-21.0.11+10 (21.0.11+10-LTS, mixed mode, sharing, tiered, compressed oops, compressed class ptrs, parallel gc, windows-amd64)
# No core dump will be written. Minidumps are not enabled by default on client versions of Windows
#

---------------  S U M M A R Y ------------

Command Line: --add-modules=ALL-SYSTEM --add-opens=java.base/java.util=ALL-UNNAMED --add-opens=java.base/java.lang=ALL-UNNAMED --add-opens=java.base/sun.nio.fs=ALL-UNNAMED -Declipse.application=org.eclipse.jdt.ls.core.id1 -Dosgi.bundles.defaultStartLevel=4 -Declipse.product=org.eclipse.jdt.ls.core.product -Djava.import.generatesMetadataFilesAtProjectRoot=false -DDetectVMInstallationsJob.disabled=true -Dfile.encoding=utf8 -XX:+UseParallelGC -XX:GCTimeRatio=4 -XX:AdaptiveSizePolicyWeight=90 -Dsun.zip.disableMemoryMapping=true -Xmx2G -Xms100m -Xlog:disable -javaagent:c:\Users\PAULO ROBERTO\.vscode\extensions\redhat.java-1.55.0-win32-x64\lombok\lombok-1.18.39-4050.jar -XX:+HeapDumpOnOutOfMemoryError -XX:HeapDumpPath=c:\Users\PAULO ROBERTO\AppData\Roaming\Code\User\workspaceStorage\af78278a2264e0da21869ec41e085d06\redhat.java -Daether.dependencyCollector.impl=bf c:\Users\PAULO ROBERTO\.vscode\extensions\redhat.java-1.55.0-win32-x64\server\plugins\org.eclipse.equinox.launcher_1.7.200.v20260619-2039.jar -configuration c:\Users\PAULO ROBERTO\AppData\Roaming\Code\User\globalStorage\redhat.java\1.55.0\config_win -data c:\Users\PAULO ROBERTO\AppData\Roaming\Code\User\workspaceStorage\af78278a2264e0da21869ec41e085d06\redhat.java\jdt_ws --pipe=\\.\pipe\lsp-e1d7912c8b8839840a99e8bd8ef8033b-sock

Host: 13th Gen Intel(R) Core(TM) i5-13420H, 12 cores, 15G,  Windows 11 , 64 bit Build 26100 (10.0.26100.9168)
Time: Mon Aug 24 15:32:46 2026 Hora Padrão de Bogotá elapsed time: 42.022463 seconds (0d 0h 0m 42s)

---------------  T H R E A D  ---------------

Current thread (0x0000024eb9141170):  JavaThread "C2 CompilerThread0" daemon [_thread_in_native, id=45628, stack(0x00000069e3800000,0x00000069e3900000) (1024K)]


Current CompileTask:
C2:42022 7578   !   4       java.nio.file.FileTreeWalker::next (144 bytes)

Stack: [0x00000069e3800000,0x00000069e3900000]
Native frames: (J=compiled Java code, j=interpreted, Vv=VM code, C=native code)
V  [jvm.dll+0x6d7e19]
V  [jvm.dll+0x8b5096]
V  [jvm.dll+0x8b764e]
V  [jvm.dll+0x8b7d33]
V  [jvm.dll+0x284596]
V  [jvm.dll+0xc685d]
V  [jvm.dll+0xc6da1]
V  [jvm.dll+0x3bed31]
V  [jvm.dll+0x1e3f42]
V  [jvm.dll+0x24c853]
V  [jvm.dll+0x24bce0]
V  [jvm.dll+0x1cb4ae]
V  [jvm.dll+0x25baad]
V  [jvm.dll+0x25a03a]
V  [jvm.dll+0x3f868e]
V  [jvm.dll+0x85fb0d]
V  [jvm.dll+0x6d664d]
C  [ucrtbase.dll+0x2cd30]
C  [KERNEL32.DLL+0x2ccb7]
C  [ntdll.dll+0xaad6c]


---------------  P R O C E S S  ---------------

Threads class SMR info:
_java_thread_list=0x0000024f1c6ad0f0, length=48, elements={
0x0000024eb6bfa5d0, 0x0000024eb9136800, 0x0000024ecfb3d410, 0x0000024eb9138a50,
0x0000024eb91394b0, 0x0000024eb9139f10, 0x0000024eb913a970, 0x0000024eb9141170,
0x0000024eb914d040, 0x0000024f121871d0, 0x0000024f12240c60, 0x0000024f1775dc20,
0x0000024f17a61f80, 0x0000024f17a60360, 0x0000024f175e80f0, 0x0000024f18052ef0,
0x0000024f17fe3880, 0x0000024f1757d160, 0x0000024f173070c0, 0x0000024f17309190,
0x0000024f17308470, 0x0000024f17307750, 0x0000024f17306a30, 0x0000024f17307de0,
0x0000024f173063a0, 0x0000024f17308b00, 0x0000024f19a3a160, 0x0000024f19a3c8c0,
0x0000024f19a3cf50, 0x0000024f19a3d5e0, 0x0000024f19a3c230, 0x0000024f19a3a7f0,
0x0000024f19a3dc70, 0x0000024f19a3e300, 0x0000024f19a3ae80, 0x0000024f19a3b510,
0x0000024f19a3e990, 0x0000024f19a3f020, 0x0000024f19a3bba0, 0x0000024f19a403d0,
0x0000024f19a3f6b0, 0x0000024f19a3fd40, 0x0000024f19a40a60, 0x0000024f19a410f0,
0x0000024f1a610eb0, 0x0000024f1a612260, 0x0000024f1a611540, 0x0000024f1a612f80
}

Java Threads: ( => current thread )
  0x0000024eb6bfa5d0 JavaThread "main"                              [_thread_blocked, id=58380, stack(0x00000069e2e00000,0x00000069e2f00000) (1024K)]
  0x0000024eb9136800 JavaThread "Reference Handler"          daemon [_thread_blocked, id=47172, stack(0x00000069e3200000,0x00000069e3300000) (1024K)]
  0x0000024ecfb3d410 JavaThread "Finalizer"                  daemon [_thread_blocked, id=62196, stack(0x00000069e3300000,0x00000069e3400000) (1024K)]
  0x0000024eb9138a50 JavaThread "Signal Dispatcher"          daemon [_thread_blocked, id=58480, stack(0x00000069e3400000,0x00000069e3500000) (1024K)]
  0x0000024eb91394b0 JavaThread "Attach Listener"            daemon [_thread_blocked, id=384, stack(0x00000069e3500000,0x00000069e3600000) (1024K)]
  0x0000024eb9139f10 JavaThread "Service Thread"             daemon [_thread_blocked, id=58680, stack(0x00000069e3600000,0x00000069e3700000) (1024K)]
  0x0000024eb913a970 JavaThread "Monitor Deflation Thread"   daemon [_thread_blocked, id=50324, stack(0x00000069e3700000,0x00000069e3800000) (1024K)]
=>0x0000024eb9141170 JavaThread "C2 CompilerThread0"         daemon [_thread_in_native, id=45628, stack(0x00000069e3800000,0x00000069e3900000) (1024K)]
  0x0000024eb914d040 JavaThread "C1 CompilerThread0"         daemon [_thread_blocked, id=25492, stack(0x00000069e3900000,0x00000069e3a00000) (1024K)]
  0x0000024f121871d0 JavaThread "Common-Cleaner"             daemon [_thread_blocked, id=54332, stack(0x00000069e3a00000,0x00000069e3b00000) (1024K)]
  0x0000024f12240c60 JavaThread "Notification Thread"        daemon [_thread_blocked, id=63812, stack(0x00000069e3c00000,0x00000069e3d00000) (1024K)]
  0x0000024f1775dc20 JavaThread "Active Thread: Equinox Container: 878c6c9e-ec4e-4a2c-b0a7-b90b52c2f6d6"        [_thread_blocked, id=41596, stack(0x00000069e4400000,0x00000069e4500000) (1024K)]
  0x0000024f17a61f80 JavaThread "Refresh Thread: Equinox Container: 878c6c9e-ec4e-4a2c-b0a7-b90b52c2f6d6" daemon [_thread_blocked, id=66968, stack(0x00000069e4600000,0x00000069e4700000) (1024K)]
  0x0000024f17a60360 JavaThread "Framework Event Dispatcher: Equinox Container: 878c6c9e-ec4e-4a2c-b0a7-b90b52c2f6d6" daemon [_thread_blocked, id=51780, stack(0x00000069e4700000,0x00000069e4800000) (1024K)]
  0x0000024f175e80f0 JavaThread "Start Level: Equinox Container: 878c6c9e-ec4e-4a2c-b0a7-b90b52c2f6d6" daemon [_thread_blocked, id=55656, stack(0x00000069e4800000,0x00000069e4900000) (1024K)]
  0x0000024f18052ef0 JavaThread "Bundle File Closer"         daemon [_thread_blocked, id=63616, stack(0x00000069e4b00000,0x00000069e4c00000) (1024K)]
  0x0000024f17fe3880 JavaThread "SCR Component Actor"        daemon [_thread_blocked, id=45152, stack(0x00000069e3b00000,0x00000069e3c00000) (1024K)]
  0x0000024f1757d160 JavaThread "Worker-JM"                         [_thread_blocked, id=62644, stack(0x00000069e4d00000,0x00000069e4e00000) (1024K)]
  0x0000024f173070c0 JavaThread "JNA Cleaner"                daemon [_thread_blocked, id=34376, stack(0x00000069e4300000,0x00000069e4400000) (1024K)]
  0x0000024f17309190 JavaThread "Worker-0"                          [_thread_blocked, id=32680, stack(0x00000069e4e00000,0x00000069e4f00000) (1024K)]
  0x0000024f17308470 JavaThread "Worker-1"                          [_thread_blocked, id=64084, stack(0x00000069e4f00000,0x00000069e5000000) (1024K)]
  0x0000024f17307750 JavaThread "Worker-2"                          [_thread_blocked, id=33028, stack(0x00000069e4c00000,0x00000069e4d00000) (1024K)]
  0x0000024f17306a30 JavaThread "Java indexing"              daemon [_thread_blocked, id=63344, stack(0x00000069e5200000,0x00000069e5300000) (1024K)]
  0x0000024f17307de0 JavaThread "Worker-3: Initialize workspace"        [_thread_blocked, id=12484, stack(0x00000069e5300000,0x00000069e5400000) (1024K)]
  0x0000024f173063a0 JavaThread "Worker-4"                          [_thread_blocked, id=50844, stack(0x00000069e5700000,0x00000069e5800000) (1024K)]
  0x0000024f17308b00 JavaThread "Worker-5"                          [_thread_blocked, id=23516, stack(0x00000069e5800000,0x00000069e5900000) (1024K)]
  0x0000024f19a3a160 JavaThread "Thread-1"                   daemon [_thread_in_native, id=66692, stack(0x00000069e5900000,0x00000069e5a00000) (1024K)]
  0x0000024f19a3c8c0 JavaThread "Thread-2"                   daemon [_thread_in_native, id=44564, stack(0x00000069e5a00000,0x00000069e5b00000) (1024K)]
  0x0000024f19a3cf50 JavaThread "Thread-3"                   daemon [_thread_in_native, id=67780, stack(0x00000069e5b00000,0x00000069e5c00000) (1024K)]
  0x0000024f19a3d5e0 JavaThread "Thread-4"                   daemon [_thread_in_native, id=62260, stack(0x00000069e5c00000,0x00000069e5d00000) (1024K)]
  0x0000024f19a3c230 JavaThread "Thread-5"                   daemon [_thread_in_native, id=19848, stack(0x00000069e5d00000,0x00000069e5e00000) (1024K)]
  0x0000024f19a3a7f0 JavaThread "Thread-6"                   daemon [_thread_in_native, id=64304, stack(0x00000069e5e00000,0x00000069e5f00000) (1024K)]
  0x0000024f19a3dc70 JavaThread "Thread-7"                   daemon [_thread_in_native, id=59468, stack(0x00000069e5f00000,0x00000069e6000000) (1024K)]
  0x0000024f19a3e300 JavaThread "Thread-8"                   daemon [_thread_in_native, id=57268, stack(0x00000069e6000000,0x00000069e6100000) (1024K)]
  0x0000024f19a3ae80 JavaThread "Thread-9"                   daemon [_thread_in_native, id=59360, stack(0x00000069e6100000,0x00000069e6200000) (1024K)]
  0x0000024f19a3b510 JavaThread "Thread-10"                  daemon [_thread_blocked, id=66284, stack(0x00000069e6200000,0x00000069e6300000) (1024K)]
  0x0000024f19a3e990 JavaThread "Thread-11"                  daemon [_thread_in_native, id=3384, stack(0x00000069e6300000,0x00000069e6400000) (1024K)]
  0x0000024f19a3f020 JavaThread "Thread-12"                  daemon [_thread_in_native, id=55544, stack(0x00000069e6400000,0x00000069e6500000) (1024K)]
  0x0000024f19a3bba0 JavaThread "Thread-13"                  daemon [_thread_in_native, id=67668, stack(0x00000069e6500000,0x00000069e6600000) (1024K)]
  0x0000024f19a403d0 JavaThread "pool-2-thread-1"                   [_thread_in_Java, id=39700, stack(0x00000069e6600000,0x00000069e6700000) (1024K)]
  0x0000024f19a3f6b0 JavaThread "WorkspaceEventsHandler"            [_thread_blocked, id=57104, stack(0x00000069e6700000,0x00000069e6800000) (1024K)]
  0x0000024f19a3fd40 JavaThread "pool-1-thread-1"                   [_thread_in_Java, id=41976, stack(0x00000069e6800000,0x00000069e6900000) (1024K)]
  0x0000024f19a40a60 JavaThread "PatternSearchJob-worker-1"  daemon [_thread_blocked, id=27772, stack(0x00000069e6900000,0x00000069e6a00000) (1024K)]
  0x0000024f19a410f0 JavaThread "PatternSearchJob-worker-2"  daemon [_thread_blocked, id=35016, stack(0x00000069e6a00000,0x00000069e6b00000) (1024K)]
  0x0000024f1a610eb0 JavaThread "Timer-0"                           [_thread_blocked, id=64888, stack(0x00000069e5000000,0x00000069e5100000) (1024K)]
  0x0000024f1a612260 JavaThread "ForkJoinPool.commonPool-worker-1" daemon [_thread_blocked, id=57444, stack(0x00000069e5100000,0x00000069e5200000) (1024K)]
  0x0000024f1a611540 JavaThread "PatternSearchJob-worker-3"  daemon [_thread_blocked, id=47916, stack(0x00000069e6b00000,0x00000069e6c00000) (1024K)]
  0x0000024f1a612f80 JavaThread "Connection worker"                 [_thread_in_Java, id=9380, stack(0x00000069e6c00000,0x00000069e6d00000) (1024K)]
Total: 48

Other Threads:
  0x0000024f11f10d70 VMThread "VM Thread"                           [id=56276, stack(0x00000069e3100000,0x00000069e3200000) (1024K)]
  0x0000024ecfa1ca10 WatcherThread "VM Periodic Task Thread"        [id=58724, stack(0x00000069e3000000,0x00000069e3100000) (1024K)]
  0x0000024eb90b1c20 WorkerThread "GC Thread#0"                     [id=41520, stack(0x00000069e2f00000,0x00000069e3000000) (1024K)]
  0x0000024f1701d250 WorkerThread "GC Thread#1"                     [id=67980, stack(0x00000069e3d00000,0x00000069e3e00000) (1024K)]
  0x0000024f17837990 WorkerThread "GC Thread#2"                     [id=66648, stack(0x00000069e3e00000,0x00000069e3f00000) (1024K)]
  0x0000024f17837d40 WorkerThread "GC Thread#3"                     [id=40316, stack(0x00000069e3f00000,0x00000069e4000000) (1024K)]
  0x0000024f177fe7b0 WorkerThread "GC Thread#4"                     [id=47240, stack(0x00000069e4000000,0x00000069e4100000) (1024K)]
  0x0000024f177feb60 WorkerThread "GC Thread#5"                     [id=63656, stack(0x00000069e4100000,0x00000069e4200000) (1024K)]
  0x0000024f175858c0 WorkerThread "GC Thread#6"                     [id=67972, stack(0x00000069e4200000,0x00000069e4300000) (1024K)]
  0x0000024f17a3ab90 WorkerThread "GC Thread#7"                     [id=55640, stack(0x00000069e4500000,0x00000069e4600000) (1024K)]
  0x0000024f17f1fb00 WorkerThread "GC Thread#8"                     [id=67808, stack(0x00000069e4900000,0x00000069e4a00000) (1024K)]
  0x0000024f1804a030 WorkerThread "GC Thread#9"                     [id=48568, stack(0x00000069e4a00000,0x00000069e4b00000) (1024K)]
Total: 12

Threads with active compile tasks:
C2 CompilerThread0  42046 7578   !   4       java.nio.file.FileTreeWalker::next (144 bytes)
C1 CompilerThread0  42046 7929       2       java.util.concurrent.locks.LockSupport::unpark (26 bytes)
Total: 2

VM state: not at safepoint (normal execution)

VM Mutex/Monitor currently owned by a thread: None

Heap address: 0x0000000080000000, size: 2048 MB, Compressed Oops mode: 32-bit

CDS archive(s) mapped at: [0x0000024ed0000000-0x0000024ed0ba0000-0x0000024ed0ba0000), size 12189696, SharedBaseAddress: 0x0000024ed0000000, ArchiveRelocationMode: 1.
Compressed class space mapped at: 0x0000024ed1000000-0x0000024f11000000, reserved size: 1073741824
Narrow klass base: 0x0000024ed0000000, Narrow klass shift: 0, Narrow klass range: 0x100000000

GC Precious Log:
 CardTable entry size: 512
 CPUs: 12 total, 12 available
 Memory: 16087M
 Large Page Support: Disabled
 NUMA Support: Disabled
 Compressed Oops: Enabled (32-bit)
 Alignments: Space 512K, Generation 512K, Heap 2M
 Heap Min Capacity: 100M
 Heap Initial Capacity: 100M
 Heap Max Capacity: 2G
 Pre-touch: Disabled
 Parallel Workers: 10

Heap:
 PSYoungGen      total 16384K, used 392K [0x00000000d5580000, 0x00000000d6780000, 0x0000000100000000)
  eden space 15872K, 2% used [0x00000000d5580000,0x00000000d55e2038,0x00000000d6500000)
  from space 512K, 0% used [0x00000000d6580000,0x00000000d6580000,0x00000000d6600000)
  to   space 1024K, 0% used [0x00000000d6680000,0x00000000d6680000,0x00000000d6780000)
 ParOldGen       total 68608K, used 54037K [0x0000000080000000, 0x0000000084300000, 0x00000000d5580000)
  object space 68608K, 78% used [0x0000000080000000,0x00000000834c5780,0x0000000084300000)
 Metaspace       used 58359K, committed 59840K, reserved 1114112K
  class space    used 6882K, committed 7488K, reserved 1048576K

Card table byte_map: [0x0000024eb8a30000,0x0000024eb8e40000] _byte_map_base: 0x0000024eb8630000

Marking Bits: (ParMarkBitMap*) 0x00007ffb84274460
 Begin Bits: [0x0000024ecb540000, 0x0000024ecd540000)
 End Bits:   [0x0000024ecd540000, 0x0000024ecf540000)

Polling page: 0x0000024eb6f20000

Metaspace:

Usage:
  Non-class:     50.27 MB used.
      Class:      6.72 MB used.
       Both:     56.99 MB used.

Virtual space:
  Non-class space:       64.00 MB reserved,      51.12 MB ( 80%) committed,  1 nodes.
      Class space:        1.00 GB reserved,       7.31 MB ( <1%) committed,  1 nodes.
             Both:        1.06 GB reserved,      58.44 MB (  5%) committed. 

Chunk freelists:
   Non-Class:  12.73 MB
       Class:  8.69 MB
        Both:  21.43 MB

MaxMetaspaceSize: unlimited
CompressedClassSpaceSize: 1.00 GB
Initial GC threshold: 21.00 MB
Current GC threshold: 97.31 MB
CDS: on
 - commit_granule_bytes: 65536.
 - commit_granule_words: 8192.
 - virtual_space_node_default_size: 8388608.
 - enlarge_chunks_in_place: 1.
 - use_allocation_guard: 0.


Internal statistics:

num_allocs_failed_limit: 9.
num_arena_births: 1106.
num_arena_deaths: 24.
num_vsnodes_births: 2.
num_vsnodes_deaths: 0.
num_space_committed: 935.
num_space_uncommitted: 0.
num_chunks_returned_to_freelist: 35.
num_chunks_taken_from_freelist: 3734.
num_chunk_merges: 15.
num_chunk_splits: 2343.
num_chunks_enlarged: 1433.
num_inconsistent_stats: 0.

CodeHeap 'non-profiled nmethods': size=120000Kb used=4388Kb max_used=4466Kb free=115611Kb
 bounds [0x0000024ec3d60000, 0x0000024ec41c0000, 0x0000024ecb290000]
CodeHeap 'profiled nmethods': size=120000Kb used=14115Kb max_used=14648Kb free=105884Kb
 bounds [0x0000024ebc290000, 0x0000024ebd0e0000, 0x0000024ec37c0000]
CodeHeap 'non-nmethods': size=5760Kb used=1389Kb max_used=1452Kb free=4370Kb
 bounds [0x0000024ec37c0000, 0x0000024ec3a30000, 0x0000024ec3d60000]
CodeCache: size=245760Kb, used=19892Kb, max_used=20566Kb, free=225865Kb
 total_blobs=7805, nmethods=7114, adapters=597, full_count=0
Compilation: enabled, stopped_count=0, restarted_count=0

Compilation events (20 events):
Event: 40.911 Thread 0x0000024eb914d040 7915       1       java.util.TreeMap$Entry::getKey (5 bytes)
Event: 40.911 Thread 0x0000024eb914d040 nmethod 7915 0x0000024ec41bb990 code [0x0000024ec41bbb20, 0x0000024ec41bbbe8]
Event: 40.913 Thread 0x0000024eb914d040 7916       1       org.gradle.internal.buildoption.CommandLineOptionConfiguration::getDescription (5 bytes)
Event: 40.913 Thread 0x0000024eb914d040 nmethod 7916 0x0000024ec41bbc90 code [0x0000024ec41bbe20, 0x0000024ec41bbee8]
Event: 40.928 Thread 0x0000024eb914d040 7917       1       org.gradle.internal.service.ServiceAccess$1::contains (2 bytes)
Event: 40.929 Thread 0x0000024eb914d040 nmethod 7917 0x0000024ec41bbf90 code [0x0000024ec41bc120, 0x0000024ec41bc1e8]
Event: 40.929 Thread 0x0000024eb914d040 7918       3       java.util.Collections$SingletonList::iterator (8 bytes)
Event: 40.929 Thread 0x0000024eb914d040 nmethod 7918 0x0000024ebd0daa10 code [0x0000024ebd0dabc0, 0x0000024ebd0dae60]
Event: 40.929 Thread 0x0000024eb914d040 7919       1       org.gradle.internal.service.DefaultServiceRegistry::access$2400 (5 bytes)
Event: 40.929 Thread 0x0000024eb914d040 nmethod 7919 0x0000024ec41bc290 code [0x0000024ec41bc420, 0x0000024ec41bc4d0]
Event: 40.929 Thread 0x0000024eb914d040 7920       2       org.gradle.internal.service.DefaultServiceRegistry$OwnServices::getProviders (26 bytes)
Event: 40.930 Thread 0x0000024eb914d040 nmethod 7920 0x0000024ebd0daf90 code [0x0000024ebd0db140, 0x0000024ebd0db2e0]
Event: 40.930 Thread 0x0000024eb914d040 7921       2       org.gradle.internal.service.DefaultServiceRegistry$OwnServices::getService (317 bytes)
Event: 40.931 Thread 0x0000024eb914d040 nmethod 7921 0x0000024ebd0db390 code [0x0000024ebd0db780, 0x0000024ebd0dc900]
Event: 40.931 Thread 0x0000024eb914d040 7922       2       java.util.concurrent.ConcurrentSkipListMap::cpr (26 bytes)
Event: 40.931 Thread 0x0000024eb914d040 nmethod 7922 0x0000024ebd0dd390 code [0x0000024ebd0dd560, 0x0000024ebd0dd728]
Event: 40.931 Thread 0x0000024eb914d040 7923       2       org.gradle.internal.serialize.DefaultSerializerRegistry$1::compare (13 bytes)
Event: 40.932 Thread 0x0000024eb914d040 nmethod 7923 0x0000024ebd0dd810 code [0x0000024ebd0dd9e0, 0x0000024ebd0ddbf8]
Event: 40.932 Thread 0x0000024eb914d040 7924       2       java.lang.invoke.LambdaForm$Name::<init> (9 bytes)
Event: 40.932 Thread 0x0000024eb914d040 nmethod 7924 0x0000024ebd0ddd90 code [0x0000024ebd0ddf40, 0x0000024ebd0de078]

GC Heap History (20 events):
Event: 40.594 GC heap after
{Heap after GC invocations=34 (full 2):
 PSYoungGen      total 16896K, used 992K [0x00000000d5580000, 0x00000000d6b00000, 0x0000000100000000)
  eden space 15872K, 0% used [0x00000000d5580000,0x00000000d5580000,0x00000000d6500000)
  from space 1024K, 96% used [0x00000000d6a00000,0x00000000d6af8010,0x00000000d6b00000)
  to   space 2560K, 0% used [0x00000000d6600000,0x00000000d6600000,0x00000000d6880000)
 ParOldGen       total 68608K, used 44339K [0x0000000080000000, 0x0000000084300000, 0x00000000d5580000)
  object space 68608K, 64% used [0x0000000080000000,0x0000000082b4ce60,0x0000000084300000)
 Metaspace       used 57212K, committed 58560K, reserved 1114112K
  class space    used 6735K, committed 7296K, reserved 1048576K
}
Event: 40.617 GC heap before
{Heap before GC invocations=35 (full 2):
 PSYoungGen      total 16896K, used 16864K [0x00000000d5580000, 0x00000000d6b00000, 0x0000000100000000)
  eden space 15872K, 100% used [0x00000000d5580000,0x00000000d6500000,0x00000000d6500000)
  from space 1024K, 96% used [0x00000000d6a00000,0x00000000d6af8010,0x00000000d6b00000)
  to   space 2560K, 0% used [0x00000000d6600000,0x00000000d6600000,0x00000000d6880000)
 ParOldGen       total 68608K, used 44339K [0x0000000080000000, 0x0000000084300000, 0x00000000d5580000)
  object space 68608K, 64% used [0x0000000080000000,0x0000000082b4ce60,0x0000000084300000)
 Metaspace       used 57215K, committed 58624K, reserved 1114112K
  class space    used 6735K, committed 7296K, reserved 1048576K
}
Event: 40.618 GC heap after
{Heap after GC invocations=35 (full 2):
 PSYoungGen      total 18432K, used 1504K [0x00000000d5580000, 0x00000000d6a80000, 0x0000000100000000)
  eden space 15872K, 0% used [0x00000000d5580000,0x00000000d5580000,0x00000000d6500000)
  from space 2560K, 58% used [0x00000000d6600000,0x00000000d6778000,0x00000000d6880000)
  to   space 2048K, 0% used [0x00000000d6880000,0x00000000d6880000,0x00000000d6a80000)
 ParOldGen       total 68608K, used 45371K [0x0000000080000000, 0x0000000084300000, 0x00000000d5580000)
  object space 68608K, 66% used [0x0000000080000000,0x0000000082c4ee70,0x0000000084300000)
 Metaspace       used 57215K, committed 58624K, reserved 1114112K
  class space    used 6735K, committed 7296K, reserved 1048576K
}
Event: 40.667 GC heap before
{Heap before GC invocations=36 (full 2):
 PSYoungGen      total 18432K, used 17376K [0x00000000d5580000, 0x00000000d6a80000, 0x0000000100000000)
  eden space 15872K, 100% used [0x00000000d5580000,0x00000000d6500000,0x00000000d6500000)
  from space 2560K, 58% used [0x00000000d6600000,0x00000000d6778000,0x00000000d6880000)
  to   space 2048K, 0% used [0x00000000d6880000,0x00000000d6880000,0x00000000d6a80000)
 ParOldGen       total 68608K, used 45371K [0x0000000080000000, 0x0000000084300000, 0x00000000d5580000)
  object space 68608K, 66% used [0x0000000080000000,0x0000000082c4ee70,0x0000000084300000)
 Metaspace       used 57611K, committed 58944K, reserved 1114112K
  class space    used 6795K, committed 7360K, reserved 1048576K
}
Event: 40.669 GC heap after
{Heap after GC invocations=36 (full 2):
 PSYoungGen      total 17920K, used 1922K [0x00000000d5580000, 0x00000000d6a80000, 0x0000000100000000)
  eden space 15872K, 0% used [0x00000000d5580000,0x00000000d5580000,0x00000000d6500000)
  from space 2048K, 93% used [0x00000000d6880000,0x00000000d6a60820,0x00000000d6a80000)
  to   space 2048K, 0% used [0x00000000d6680000,0x00000000d6680000,0x00000000d6880000)
 ParOldGen       total 68608K, used 46747K [0x0000000080000000, 0x0000000084300000, 0x00000000d5580000)
  object space 68608K, 68% used [0x0000000080000000,0x0000000082da6e70,0x0000000084300000)
 Metaspace       used 57611K, committed 58944K, reserved 1114112K
  class space    used 6795K, committed 7360K, reserved 1048576K
}
Event: 40.690 GC heap before
{Heap before GC invocations=37 (full 2):
 PSYoungGen      total 17920K, used 17794K [0x00000000d5580000, 0x00000000d6a80000, 0x0000000100000000)
  eden space 15872K, 100% used [0x00000000d5580000,0x00000000d6500000,0x00000000d6500000)
  from space 2048K, 93% used [0x00000000d6880000,0x00000000d6a60820,0x00000000d6a80000)
  to   space 2048K, 0% used [0x00000000d6680000,0x00000000d6680000,0x00000000d6880000)
 ParOldGen       total 68608K, used 46747K [0x0000000080000000, 0x0000000084300000, 0x00000000d5580000)
  object space 68608K, 68% used [0x0000000080000000,0x0000000082da6e70,0x0000000084300000)
 Metaspace       used 57630K, committed 59072K, reserved 1114112K
  class space    used 6795K, committed 7360K, reserved 1048576K
}
Event: 40.693 GC heap after
{Heap after GC invocations=37 (full 2):
 PSYoungGen      total 17920K, used 1664K [0x00000000d5580000, 0x00000000d6900000, 0x0000000100000000)
  eden space 15872K, 0% used [0x00000000d5580000,0x00000000d5580000,0x00000000d6500000)
  from space 2048K, 81% used [0x00000000d6680000,0x00000000d6820000,0x00000000d6880000)
  to   space 512K, 0% used [0x00000000d6880000,0x00000000d6880000,0x00000000d6900000)
 ParOldGen       total 68608K, used 48521K [0x0000000080000000, 0x0000000084300000, 0x00000000d5580000)
  object space 68608K, 70% used [0x0000000080000000,0x0000000082f627b8,0x0000000084300000)
 Metaspace       used 57630K, committed 59072K, reserved 1114112K
  class space    used 6795K, committed 7360K, reserved 1048576K
}
Event: 40.714 GC heap before
{Heap before GC invocations=38 (full 2):
 PSYoungGen      total 17920K, used 17536K [0x00000000d5580000, 0x00000000d6900000, 0x0000000100000000)
  eden space 15872K, 100% used [0x00000000d5580000,0x00000000d6500000,0x00000000d6500000)
  from space 2048K, 81% used [0x00000000d6680000,0x00000000d6820000,0x00000000d6880000)
  to   space 512K, 0% used [0x00000000d6880000,0x00000000d6880000,0x00000000d6900000)
 ParOldGen       total 68608K, used 48521K [0x0000000080000000, 0x0000000084300000, 0x00000000d5580000)
  object space 68608K, 70% used [0x0000000080000000,0x0000000082f627b8,0x0000000084300000)
 Metaspace       used 57635K, committed 59072K, reserved 1114112K
  class space    used 6795K, committed 7360K, reserved 1048576K
}
Event: 40.716 GC heap after
{Heap after GC invocations=38 (full 2):
 PSYoungGen      total 16384K, used 512K [0x00000000d5580000, 0x00000000d6c00000, 0x0000000100000000)
  eden space 15872K, 0% used [0x00000000d5580000,0x00000000d5580000,0x00000000d6500000)
  from space 512K, 100% used [0x00000000d6880000,0x00000000d6900000,0x00000000d6900000)
  to   space 3584K, 0% used [0x00000000d6500000,0x00000000d6500000,0x00000000d6880000)
 ParOldGen       total 68608K, used 50989K [0x0000000080000000, 0x0000000084300000, 0x00000000d5580000)
  object space 68608K, 74% used [0x0000000080000000,0x00000000831cb790,0x0000000084300000)
 Metaspace       used 57635K, committed 59072K, reserved 1114112K
  class space    used 6795K, committed 7360K, reserved 1048576K
}
Event: 40.734 GC heap before
{Heap before GC invocations=39 (full 2):
 PSYoungGen      total 16384K, used 16384K [0x00000000d5580000, 0x00000000d6c00000, 0x0000000100000000)
  eden space 15872K, 100% used [0x00000000d5580000,0x00000000d6500000,0x00000000d6500000)
  from space 512K, 100% used [0x00000000d6880000,0x00000000d6900000,0x00000000d6900000)
  to   space 3584K, 0% used [0x00000000d6500000,0x00000000d6500000,0x00000000d6880000)
 ParOldGen       total 68608K, used 50989K [0x0000000080000000, 0x0000000084300000, 0x00000000d5580000)
  object space 68608K, 74% used [0x0000000080000000,0x00000000831cb790,0x0000000084300000)
 Metaspace       used 57637K, committed 59072K, reserved 1114112K
  class space    used 6795K, committed 7360K, reserved 1048576K
}
Event: 40.736 GC heap after
{Heap after GC invocations=39 (full 2):
 PSYoungGen      total 17408K, used 1504K [0x00000000d5580000, 0x00000000d6900000, 0x0000000100000000)
  eden space 15872K, 0% used [0x00000000d5580000,0x00000000d5580000,0x00000000d6500000)
  from space 1536K, 97% used [0x00000000d6500000,0x00000000d6678000,0x00000000d6680000)
  to   space 2048K, 0% used [0x00000000d6700000,0x00000000d6700000,0x00000000d6900000)
 ParOldGen       total 68608K, used 51549K [0x0000000080000000, 0x0000000084300000, 0x00000000d5580000)
  object space 68608K, 75% used [0x0000000080000000,0x0000000083257790,0x0000000084300000)
 Metaspace       used 57637K, committed 59072K, reserved 1114112K
  class space    used 6795K, committed 7360K, reserved 1048576K
}
Event: 40.775 GC heap before
{Heap before GC invocations=40 (full 2):
 PSYoungGen      total 17408K, used 17376K [0x00000000d5580000, 0x00000000d6900000, 0x0000000100000000)
  eden space 15872K, 100% used [0x00000000d5580000,0x00000000d6500000,0x00000000d6500000)
  from space 1536K, 97% used [0x00000000d6500000,0x00000000d6678000,0x00000000d6680000)
  to   space 2048K, 0% used [0x00000000d6700000,0x00000000d6700000,0x00000000d6900000)
 ParOldGen       total 68608K, used 51549K [0x0000000080000000, 0x0000000084300000, 0x00000000d5580000)
  object space 68608K, 75% used [0x0000000080000000,0x0000000083257790,0x0000000084300000)
 Metaspace       used 57664K, committed 59072K, reserved 1114112K
  class space    used 6796K, committed 7360K, reserved 1048576K
}
Event: 40.777 GC heap after
{Heap after GC invocations=40 (full 2):
 PSYoungGen      total 17920K, used 1760K [0x00000000d5580000, 0x00000000d6900000, 0x0000000100000000)
  eden space 15872K, 0% used [0x00000000d5580000,0x00000000d5580000,0x00000000d6500000)
  from space 2048K, 85% used [0x00000000d6700000,0x00000000d68b8010,0x00000000d6900000)
  to   space 2048K, 0% used [0x00000000d6500000,0x00000000d6500000,0x00000000d6700000)
 ParOldGen       total 68608K, used 52837K [0x0000000080000000, 0x0000000084300000, 0x00000000d5580000)
  object space 68608K, 77% used [0x0000000080000000,0x0000000083399790,0x0000000084300000)
 Metaspace       used 57664K, committed 59072K, reserved 1114112K
  class space    used 6796K, committed 7360K, reserved 1048576K
}
Event: 40.804 GC heap before
{Heap before GC invocations=41 (full 2):
 PSYoungGen      total 17920K, used 17632K [0x00000000d5580000, 0x00000000d6900000, 0x0000000100000000)
  eden space 15872K, 100% used [0x00000000d5580000,0x00000000d6500000,0x00000000d6500000)
  from space 2048K, 85% used [0x00000000d6700000,0x00000000d68b8010,0x00000000d6900000)
  to   space 2048K, 0% used [0x00000000d6500000,0x00000000d6500000,0x00000000d6700000)
 ParOldGen       total 68608K, used 52837K [0x0000000080000000, 0x0000000084300000, 0x00000000d5580000)
  object space 68608K, 77% used [0x0000000080000000,0x0000000083399790,0x0000000084300000)
 Metaspace       used 57695K, committed 59072K, reserved 1114112K
  class space    used 6798K, committed 7360K, reserved 1048576K
}
Event: 40.808 GC heap after
{Heap after GC invocations=41 (full 2):
 PSYoungGen      total 17920K, used 1504K [0x00000000d5580000, 0x00000000d6900000, 0x0000000100000000)
  eden space 15872K, 0% used [0x00000000d5580000,0x00000000d5580000,0x00000000d6500000)
  from space 2048K, 73% used [0x00000000d6500000,0x00000000d6678000,0x00000000d6700000)
  to   space 2048K, 0% used [0x00000000d6700000,0x00000000d6700000,0x00000000d6900000)
 ParOldGen       total 68608K, used 54469K [0x0000000080000000, 0x0000000084300000, 0x00000000d5580000)
  object space 68608K, 79% used [0x0000000080000000,0x00000000835317a0,0x0000000084300000)
 Metaspace       used 57695K, committed 59072K, reserved 1114112K
  class space    used 6798K, committed 7360K, reserved 1048576K
}
Event: 40.878 GC heap before
{Heap before GC invocations=42 (full 2):
 PSYoungGen      total 17920K, used 17376K [0x00000000d5580000, 0x00000000d6900000, 0x0000000100000000)
  eden space 15872K, 100% used [0x00000000d5580000,0x00000000d6500000,0x00000000d6500000)
  from space 2048K, 73% used [0x00000000d6500000,0x00000000d6678000,0x00000000d6700000)
  to   space 2048K, 0% used [0x00000000d6700000,0x00000000d6700000,0x00000000d6900000)
 ParOldGen       total 68608K, used 54469K [0x0000000080000000, 0x0000000084300000, 0x00000000d5580000)
  object space 68608K, 79% used [0x0000000080000000,0x00000000835317a0,0x0000000084300000)
 Metaspace       used 57984K, committed 59392K, reserved 1114112K
  class space    used 6825K, committed 7424K, reserved 1048576K
}
Event: 40.880 GC heap after
{Heap after GC invocations=42 (full 2):
 PSYoungGen      total 17408K, used 1344K [0x00000000d5580000, 0x00000000d6880000, 0x0000000100000000)
  eden space 15872K, 0% used [0x00000000d5580000,0x00000000d5580000,0x00000000d6500000)
  from space 1536K, 87% used [0x00000000d6700000,0x00000000d6850000,0x00000000d6880000)
  to   space 1536K, 0% used [0x00000000d6580000,0x00000000d6580000,0x00000000d6700000)
 ParOldGen       total 68608K, used 55814K [0x0000000080000000, 0x0000000084300000, 0x00000000d5580000)
  object space 68608K, 81% used [0x0000000080000000,0x00000000836819a0,0x0000000084300000)
 Metaspace       used 57984K, committed 59392K, reserved 1114112K
  class space    used 6825K, committed 7424K, reserved 1048576K
}
Event: 40.953 GC heap before
{Heap before GC invocations=43 (full 2):
 PSYoungGen      total 17408K, used 7157K [0x00000000d5580000, 0x00000000d6880000, 0x0000000100000000)
  eden space 15872K, 36% used [0x00000000d5580000,0x00000000d5b2d698,0x00000000d6500000)
  from space 1536K, 87% used [0x00000000d6700000,0x00000000d6850000,0x00000000d6880000)
  to   space 1536K, 0% used [0x00000000d6580000,0x00000000d6580000,0x00000000d6700000)
 ParOldGen       total 68608K, used 55814K [0x0000000080000000, 0x0000000084300000, 0x00000000d5580000)
  object space 68608K, 81% used [0x0000000080000000,0x00000000836819a0,0x0000000084300000)
 Metaspace       used 58357K, committed 59776K, reserved 1114112K
  class space    used 6882K, committed 7488K, reserved 1048576K
}
Event: 40.956 GC heap after
{Heap after GC invocations=43 (full 2):
 PSYoungGen      total 16384K, used 320K [0x00000000d5580000, 0x00000000d6780000, 0x0000000100000000)
  eden space 15872K, 0% used [0x00000000d5580000,0x00000000d5580000,0x00000000d6500000)
  from space 512K, 62% used [0x00000000d6580000,0x00000000d65d0000,0x00000000d6600000)
  to   space 1024K, 0% used [0x00000000d6680000,0x00000000d6680000,0x00000000d6780000)
 ParOldGen       total 68608K, used 56931K [0x0000000080000000, 0x0000000084300000, 0x00000000d5580000)
  object space 68608K, 82% used [0x0000000080000000,0x0000000083798e40,0x0000000084300000)
 Metaspace       used 58357K, committed 59776K, reserved 1114112K
  class space    used 6882K, committed 7488K, reserved 1048576K
}
Event: 40.957 GC heap before
{Heap before GC invocations=44 (full 3):
 PSYoungGen      total 16384K, used 320K [0x00000000d5580000, 0x00000000d6780000, 0x0000000100000000)
  eden space 15872K, 0% used [0x00000000d5580000,0x00000000d5580000,0x00000000d6500000)
  from space 512K, 62% used [0x00000000d6580000,0x00000000d65d0000,0x00000000d6600000)
  to   space 1024K, 0% used [0x00000000d6680000,0x00000000d6680000,0x00000000d6780000)
 ParOldGen       total 68608K, used 56931K [0x0000000080000000, 0x0000000084300000, 0x00000000d5580000)
  object space 68608K, 82% used [0x0000000080000000,0x0000000083798e40,0x0000000084300000)
 Metaspace       used 58357K, committed 59776K, reserved 1114112K
  class space    used 6882K, committed 7488K, reserved 1048576K
}

Dll operation events (13 events):
Event: 0.016 Loaded shared library c:\Users\PAULO ROBERTO\.vscode\extensions\redhat.java-1.55.0-win32-x64\jre\21.0.11-win32-x86_64\bin\java.dll
Event: 0.121 Loaded shared library c:\Users\PAULO ROBERTO\.vscode\extensions\redhat.java-1.55.0-win32-x64\jre\21.0.11-win32-x86_64\bin\zip.dll
Event: 0.155 Loaded shared library C:\Users\PAULO ROBERTO\.vscode\extensions\redhat.java-1.55.0-win32-x64\jre\21.0.11-win32-x86_64\bin\instrument.dll
Event: 0.167 Loaded shared library C:\Users\PAULO ROBERTO\.vscode\extensions\redhat.java-1.55.0-win32-x64\jre\21.0.11-win32-x86_64\bin\net.dll
Event: 0.169 Loaded shared library C:\Users\PAULO ROBERTO\.vscode\extensions\redhat.java-1.55.0-win32-x64\jre\21.0.11-win32-x86_64\bin\nio.dll
Event: 0.175 Loaded shared library C:\Users\PAULO ROBERTO\.vscode\extensions\redhat.java-1.55.0-win32-x64\jre\21.0.11-win32-x86_64\bin\zip.dll
Event: 0.201 Loaded shared library C:\Users\PAULO ROBERTO\.vscode\extensions\redhat.java-1.55.0-win32-x64\jre\21.0.11-win32-x86_64\bin\jimage.dll
Event: 0.308 Loaded shared library c:\Users\PAULO ROBERTO\.vscode\extensions\redhat.java-1.55.0-win32-x64\jre\21.0.11-win32-x86_64\bin\verify.dll
Event: 2.514 Loaded shared library C:\Users\PAULO ROBERTO\AppData\Roaming\Code\User\globalStorage\redhat.java\1.55.0\config_win\org.eclipse.equinox.launcher\org.eclipse.equinox.launcher.win32.win32.x86_64_1.3.100.v20260613-0559\eclipse_11924.dll
Event: 14.829 Loaded shared library C:\Users\PAULO ROBERTO\AppData\Local\Temp\jna--1403105036\jna12569569374409135489.dll
Event: 24.450 Loaded shared library C:\Users\PAULO ROBERTO\.gradle\native\c067742578af261105cb4f569cf0c3c89f3d7b1fecec35dd04571415982c5e48\windows-amd64\native-platform.dll
Event: 25.816 Loaded shared library C:\Users\PAULO ROBERTO\.vscode\extensions\redhat.java-1.55.0-win32-x64\jre\21.0.11-win32-x86_64\bin\management.dll
Event: 25.818 Loaded shared library C:\Users\PAULO ROBERTO\.vscode\extensions\redhat.java-1.55.0-win32-x64\jre\21.0.11-win32-x86_64\bin\management_ext.dll

Deoptimization events (20 events):
Event: 39.397 Thread 0x0000024f17307de0 Uncommon trap: trap_request=0xfffffff4 fr.pc=0x0000024ec3e5b8fc relative=0x000000000000033c
Event: 39.397 Thread 0x0000024f17307de0 Uncommon trap: reason=null_check action=make_not_entrant pc=0x0000024ec3e5b8fc method=sun.invoke.util.VerifyType.isNullConversion(Ljava/lang/Class;Ljava/lang/Class;Z)Z @ 67 c2
Event: 39.397 Thread 0x0000024f17307de0 DEOPT PACKING pc=0x0000024ec3e5b8fc sp=0x00000069e53fd000
Event: 39.397 Thread 0x0000024f17307de0 DEOPT UNPACKING pc=0x0000024ec3813aa2 sp=0x00000069e53fcf80 mode 2
Event: 40.489 Thread 0x0000024f17307de0 Uncommon trap: trap_request=0xffffff45 fr.pc=0x0000024ec414ebd0 relative=0x00000000000010b0
Event: 40.489 Thread 0x0000024f17307de0 Uncommon trap: reason=unstable_if action=reinterpret pc=0x0000024ec414ebd0 method=java.util.regex.Pattern.compile()V @ 443 c2
Event: 40.489 Thread 0x0000024f17307de0 DEOPT PACKING pc=0x0000024ec414ebd0 sp=0x00000069e53fcc00
Event: 40.489 Thread 0x0000024f17307de0 DEOPT UNPACKING pc=0x0000024ec3813aa2 sp=0x00000069e53fcbc8 mode 2
Event: 40.707 Thread 0x0000024f17307de0 Uncommon trap: trap_request=0xffffff45 fr.pc=0x0000024ec41a76c8 relative=0x0000000000000588
Event: 40.707 Thread 0x0000024f17307de0 Uncommon trap: reason=unstable_if action=reinterpret pc=0x0000024ec41a76c8 method=java.util.ArrayList.equalsRange(Ljava/util/List;II)Z @ 41 c2
Event: 40.707 Thread 0x0000024f17307de0 DEOPT PACKING pc=0x0000024ec41a76c8 sp=0x00000069e53fda30
Event: 40.707 Thread 0x0000024f17307de0 DEOPT UNPACKING pc=0x0000024ec3813aa2 sp=0x00000069e53fd9d0 mode 2
Event: 40.826 Thread 0x0000024f17307de0 DEOPT PACKING pc=0x0000024ebd02204e sp=0x00000069e53fd790
Event: 40.826 Thread 0x0000024f17307de0 DEOPT UNPACKING pc=0x0000024ec3814242 sp=0x00000069e53fcd10 mode 0
Event: 40.857 Thread 0x0000024f17307de0 Uncommon trap: trap_request=0xffffff45 fr.pc=0x0000024ec41a4f98 relative=0x0000000000001198
Event: 40.857 Thread 0x0000024f17307de0 Uncommon trap: reason=unstable_if action=reinterpret pc=0x0000024ec41a4f98 method=org.eclipse.jdt.internal.core.util.Util.splitOn(CLjava/lang/String;II)[Ljava/lang/String; @ 16 c2
Event: 40.857 Thread 0x0000024f17307de0 DEOPT PACKING pc=0x0000024ec41a4f98 sp=0x00000069e53feb10
Event: 40.857 Thread 0x0000024f17307de0 DEOPT UNPACKING pc=0x0000024ec3813aa2 sp=0x00000069e53feb00 mode 2
Event: 40.892 Thread 0x0000024f17307de0 DEOPT PACKING pc=0x0000024ebd0693e5 sp=0x00000069e53fe5d0
Event: 40.892 Thread 0x0000024f17307de0 DEOPT UNPACKING pc=0x0000024ec3814242 sp=0x00000069e53fdb68 mode 0

Classes loaded (20 events):
Event: 39.405 Loading class jdk/internal/jimage/ImageReader$Node
Event: 39.405 Loading class jdk/internal/jimage/ImageReader$Node done
Event: 39.410 Loading class java/nio/ByteBufferAsIntBufferL
Event: 39.410 Loading class java/nio/ByteBufferAsIntBufferL done
Event: 39.412 Loading class jdk/internal/jimage/ImageReader$Directory
Event: 39.412 Loading class jdk/internal/jimage/ImageReader$Directory done
Event: 40.635 Loading class java/util/AbstractList$ListItr
Event: 40.635 Loading class java/util/AbstractList$ListItr done
Event: 40.644 Loading class java/nio/channels/Channels$ReadableByteChannelImpl
Event: 40.645 Loading class java/nio/channels/Channels$ReadableByteChannelImpl done
Event: 40.645 Loading class java/nio/channels/NonWritableChannelException
Event: 40.645 Loading class java/nio/channels/NonWritableChannelException done
Event: 40.838 Loading class java/util/stream/DistinctOps
Event: 40.838 Loading class java/util/stream/DistinctOps done
Event: 40.838 Loading class java/util/stream/DistinctOps$1
Event: 40.838 Loading class java/util/stream/DistinctOps$1 done
Event: 40.839 Loading class java/util/stream/DistinctOps$1$2
Event: 40.839 Loading class java/util/stream/DistinctOps$1$2 done
Event: 40.901 Loading class sun/nio/ch/ChannelOutputStream
Event: 40.901 Loading class sun/nio/ch/ChannelOutputStream done

Classes unloaded (12 events):
Event: 15.681 Thread 0x0000024f11f10d70 Unloading class 0x0000024ed11a4800 'java/lang/invoke/LambdaForm$MH+0x0000024ed11a4800'
Event: 15.681 Thread 0x0000024f11f10d70 Unloading class 0x0000024ed11a4400 'java/lang/invoke/LambdaForm$MH+0x0000024ed11a4400'
Event: 15.681 Thread 0x0000024f11f10d70 Unloading class 0x0000024ed11a4000 'java/lang/invoke/LambdaForm$MH+0x0000024ed11a4000'
Event: 15.681 Thread 0x0000024f11f10d70 Unloading class 0x0000024ed11a3c00 'java/lang/invoke/LambdaForm$MH+0x0000024ed11a3c00'
Event: 15.681 Thread 0x0000024f11f10d70 Unloading class 0x0000024ed11a3800 'java/lang/invoke/LambdaForm$BMH+0x0000024ed11a3800'
Event: 15.681 Thread 0x0000024f11f10d70 Unloading class 0x0000024ed11a3400 'java/lang/invoke/LambdaForm$DMH+0x0000024ed11a3400'
Event: 15.681 Thread 0x0000024f11f10d70 Unloading class 0x0000024ed11a2000 'java/lang/invoke/LambdaForm$DMH+0x0000024ed11a2000'
Event: 20.906 Thread 0x0000024f11f10d70 Unloading class 0x0000024ed12f7c00 'java/lang/invoke/LambdaForm$MH+0x0000024ed12f7c00'
Event: 20.906 Thread 0x0000024f11f10d70 Unloading class 0x0000024ed12f7000 'java/lang/invoke/LambdaForm$MH+0x0000024ed12f7000'
Event: 20.906 Thread 0x0000024f11f10d70 Unloading class 0x0000024ed12f6400 'java/lang/invoke/LambdaForm$MH+0x0000024ed12f6400'
Event: 20.906 Thread 0x0000024f11f10d70 Unloading class 0x0000024ed12f6000 'java/lang/invoke/LambdaForm$DMH+0x0000024ed12f6000'
Event: 20.906 Thread 0x0000024f11f10d70 Unloading class 0x0000024ed12f5400 'java/lang/invoke/LambdaForm$MH+0x0000024ed12f5400'

Classes redefined (0 events):
No events

Internal exceptions (20 events):
Event: 40.863 Thread 0x0000024f17307de0 Exception <a 'sun/nio/fs/WindowsException'{0x00000000d63c3030}> (0x00000000d63c3030) 
thrown [s\src\hotspot\share\prims\jni.cpp, line 520]
Event: 40.864 Thread 0x0000024f17307de0 Exception <a 'sun/nio/fs/WindowsException'{0x00000000d63c3680}> (0x00000000d63c3680) 
thrown [s\src\hotspot\share\prims\jni.cpp, line 520]
Event: 40.864 Thread 0x0000024f17307de0 Exception <a 'sun/nio/fs/WindowsException'{0x00000000d63c4208}> (0x00000000d63c4208) 
thrown [s\src\hotspot\share\prims\jni.cpp, line 520]
Event: 40.864 Thread 0x0000024f17307de0 Exception <a 'sun/nio/fs/WindowsException'{0x00000000d63c4858}> (0x00000000d63c4858) 
thrown [s\src\hotspot\share\prims\jni.cpp, line 520]
Event: 40.868 Thread 0x0000024f17307de0 Exception <a 'sun/nio/fs/WindowsException'{0x00000000d6416450}> (0x00000000d6416450) 
thrown [s\src\hotspot\share\prims\jni.cpp, line 520]
Event: 40.868 Thread 0x0000024f17307de0 Exception <a 'sun/nio/fs/WindowsException'{0x00000000d6416aa0}> (0x00000000d6416aa0) 
thrown [s\src\hotspot\share\prims\jni.cpp, line 520]
Event: 40.876 Thread 0x0000024f17307de0 Exception <a 'sun/nio/fs/WindowsException'{0x00000000d64d2498}> (0x00000000d64d2498) 
thrown [s\src\hotspot\share\prims\jni.cpp, line 520]
Event: 40.877 Thread 0x0000024f17307de0 Exception <a 'sun/nio/fs/WindowsException'{0x00000000d64d2ae8}> (0x00000000d64d2ae8) 
thrown [s\src\hotspot\share\prims\jni.cpp, line 520]
Event: 40.877 Thread 0x0000024f17307de0 Exception <a 'sun/nio/fs/WindowsException'{0x00000000d64d3670}> (0x00000000d64d3670) 
thrown [s\src\hotspot\share\prims\jni.cpp, line 520]
Event: 40.877 Thread 0x0000024f17307de0 Exception <a 'sun/nio/fs/WindowsException'{0x00000000d64d3cc0}> (0x00000000d64d3cc0) 
thrown [s\src\hotspot\share\prims\jni.cpp, line 520]
Event: 40.881 Thread 0x0000024f17307de0 Exception <a 'sun/nio/fs/WindowsException'{0x00000000d55a5980}> (0x00000000d55a5980) 
thrown [s\src\hotspot\share\prims\jni.cpp, line 520]
Event: 40.881 Thread 0x0000024f17307de0 Exception <a 'sun/nio/fs/WindowsException'{0x00000000d55a5fd0}> (0x00000000d55a5fd0) 
thrown [s\src\hotspot\share\prims\jni.cpp, line 520]
Event: 40.888 Thread 0x0000024f17307de0 Exception <a 'sun/nio/fs/WindowsException'{0x00000000d5660678}> (0x00000000d5660678) 
thrown [s\src\hotspot\share\prims\jni.cpp, line 520]
Event: 40.888 Thread 0x0000024f17307de0 Exception <a 'sun/nio/fs/WindowsException'{0x00000000d5660cc8}> (0x00000000d5660cc8) 
thrown [s\src\hotspot\share\prims\jni.cpp, line 520]
Event: 40.888 Thread 0x0000024f17307de0 Exception <a 'sun/nio/fs/WindowsException'{0x00000000d5661850}> (0x00000000d5661850) 
thrown [s\src\hotspot\share\prims\jni.cpp, line 520]
Event: 40.888 Thread 0x0000024f17307de0 Exception <a 'sun/nio/fs/WindowsException'{0x00000000d5661ea0}> (0x00000000d5661ea0) 
thrown [s\src\hotspot\share\prims\jni.cpp, line 520]
Event: 40.891 Thread 0x0000024f17307de0 Exception <a 'sun/nio/fs/WindowsException'{0x00000000d56b3b68}> (0x00000000d56b3b68) 
thrown [s\src\hotspot\share\prims\jni.cpp, line 520]
Event: 40.891 Thread 0x0000024f17307de0 Exception <a 'sun/nio/fs/WindowsException'{0x00000000d56b41b8}> (0x00000000d56b41b8) 
thrown [s\src\hotspot\share\prims\jni.cpp, line 520]
Event: 40.936 Thread 0x0000024f1a612f80 Exception <a 'java/lang/NoSuchMethodError'{0x00000000d5a13f08}: 'long java.lang.invoke.DirectMethodHandle$Holder.invokeVirtual(java.lang.Object, java.lang.Object)'> (0x00000000d5a13f08) 
thrown [s\src\hotspot\share\interpreter\linkResolver.cpp, line 773]
Event: 40.936 Thread 0x0000024f1a612f80 Exception <a 'java/lang/NoSuchMethodError'{0x00000000d5a17308}: 'long java.lang.invoke.DelegatingMethodHandle$Holder.reinvoke_L(java.lang.Object, java.lang.Object)'> (0x00000000d5a17308) 
thrown [s\src\hotspot\share\interpreter\linkResolver.cpp, line 773]

ZGC Phase Switch (0 events):
No events

VM Operations (20 events):
Event: 40.618 Executing safepoint VM operation: ParallelGCFailedAllocation (Allocation Failure) done
Event: 40.636 Executing non-safepoint VM operation: HandshakeAllThreads (Deoptimize)
Event: 40.636 Executing non-safepoint VM operation: HandshakeAllThreads (Deoptimize) done
Event: 40.667 Executing safepoint VM operation: ParallelGCFailedAllocation (Allocation Failure)
Event: 40.669 Executing safepoint VM operation: ParallelGCFailedAllocation (Allocation Failure) done
Event: 40.690 Executing safepoint VM operation: ParallelGCFailedAllocation (Allocation Failure)
Event: 40.693 Executing safepoint VM operation: ParallelGCFailedAllocation (Allocation Failure) done
Event: 40.714 Executing safepoint VM operation: ParallelGCFailedAllocation (Allocation Failure)
Event: 40.716 Executing safepoint VM operation: ParallelGCFailedAllocation (Allocation Failure) done
Event: 40.734 Executing safepoint VM operation: ParallelGCFailedAllocation (Allocation Failure)
Event: 40.736 Executing safepoint VM operation: ParallelGCFailedAllocation (Allocation Failure) done
Event: 40.775 Executing safepoint VM operation: ParallelGCFailedAllocation (Allocation Failure)
Event: 40.777 Executing safepoint VM operation: ParallelGCFailedAllocation (Allocation Failure) done
Event: 40.804 Executing safepoint VM operation: ParallelGCFailedAllocation (Allocation Failure)
Event: 40.808 Executing safepoint VM operation: ParallelGCFailedAllocation (Allocation Failure) done
Event: 40.852 Executing non-safepoint VM operation: HandshakeAllThreads (Deoptimize)
Event: 40.852 Executing non-safepoint VM operation: HandshakeAllThreads (Deoptimize) done
Event: 40.878 Executing safepoint VM operation: ParallelGCFailedAllocation (Allocation Failure)
Event: 40.880 Executing safepoint VM operation: ParallelGCFailedAllocation (Allocation Failure) done
Event: 40.953 Executing safepoint VM operation: CollectForMetadataAllocation (Metadata GC Threshold)

Memory protections (0 events):
No events

Nmethod flushes (20 events):
Event: 41.001 Thread 0x0000024f11f10d70 flushing  nmethod 0x0000024ebcb11d90
Event: 41.001 Thread 0x0000024f11f10d70 flushing  nmethod 0x0000024ebcb13190
Event: 41.001 Thread 0x0000024f11f10d70 flushing  nmethod 0x0000024ebcb21910
Event: 41.001 Thread 0x0000024f11f10d70 flushing  nmethod 0x0000024ebcb55110
Event: 41.001 Thread 0x0000024f11f10d70 flushing  nmethod 0x0000024ebcb5fe90
Event: 41.001 Thread 0x0000024f11f10d70 flushing  nmethod 0x0000024ebcb60710
Event: 41.001 Thread 0x0000024f11f10d70 flushing  nmethod 0x0000024ebcb61910
Event: 41.001 Thread 0x0000024f11f10d70 flushing  nmethod 0x0000024ebcb62f90
Event: 41.001 Thread 0x0000024f11f10d70 flushing  nmethod 0x0000024ebcb63490
Event: 41.001 Thread 0x0000024f11f10d70 flushing  nmethod 0x0000024ebcb63910
Event: 41.001 Thread 0x0000024f11f10d70 flushing  nmethod 0x0000024ebcb63e90
Event: 41.001 Thread 0x0000024f11f10d70 flushing  nmethod 0x0000024ebcb64410
Event: 41.001 Thread 0x0000024f11f10d70 flushing  nmethod 0x0000024ebcb64b10
Event: 41.001 Thread 0x0000024f11f10d70 flushing  nmethod 0x0000024ebcb65010
Event: 41.001 Thread 0x0000024f11f10d70 flushing  nmethod 0x0000024ebcb66690
Event: 41.001 Thread 0x0000024f11f10d70 flushing  nmethod 0x0000024ebcb71810
Event: 41.001 Thread 0x0000024f11f10d70 flushing  nmethod 0x0000024ebcb73f10
Event: 41.001 Thread 0x0000024f11f10d70 flushing  nmethod 0x0000024ebcb74b10
Event: 41.001 Thread 0x0000024f11f10d70 flushing  nmethod 0x0000024ebcb75390
Event: 41.001 Thread 0x0000024f11f10d70 flushing  nmethod 0x0000024ebcb8a590

Events (20 events):
Event: 22.443 Thread 0x0000024f17307de0 Thread added: 0x0000024f19a40a60
Event: 22.444 Thread 0x0000024f19a40a60 Thread added: 0x0000024f19a410f0
Event: 22.665 Thread 0x0000024f17178980 Thread exited: 0x0000024f17178980
Event: 22.772 Thread 0x0000024eb914d040 Thread added: 0x0000024f19f5ca30
Event: 23.018 Thread 0x0000024f173063a0 Thread added: 0x0000024f19a41780
Event: 23.645 Thread 0x0000024f187a2810 Thread exited: 0x0000024f187a2810
Event: 23.645 Thread 0x0000024f19f5ca30 Thread exited: 0x0000024f19f5ca30
Event: 23.677 Thread 0x0000024f173063a0 Thread added: 0x0000024f1a610eb0
Event: 23.831 Thread 0x0000024f173063a0 Thread added: 0x0000024f1a613ca0
Event: 24.089 Thread 0x0000024eb914d040 Thread added: 0x0000024f1b767ca0
Event: 24.166 Thread 0x0000024eb914d040 Thread added: 0x0000024f1c626010
Event: 24.927 Thread 0x0000024f1c626010 Thread exited: 0x0000024f1c626010
Event: 25.951 Thread 0x0000024f1a613ca0 Thread exited: 0x0000024f1a613ca0
Event: 26.189 Thread 0x0000024f1b767ca0 Thread exited: 0x0000024f1b767ca0
Event: 27.494 Thread 0x0000024f19a41780 Thread exited: 0x0000024f19a41780
Event: 32.235 Thread 0x0000024eb9141170 Thread added: 0x0000024f1a144840
Event: 37.334 Thread 0x0000024f1a144840 Thread exited: 0x0000024f1a144840
Event: 38.536 Thread 0x0000024f19a3fd40 Thread added: 0x0000024f1a612260
Event: 39.304 Thread 0x0000024f19a40a60 Thread added: 0x0000024f1a611540
Event: 40.903 Thread 0x0000024f17307de0 Thread added: 0x0000024f1a612f80


Dynamic libraries:
0x00007ff6661d0000 - 0x00007ff6661de000 	c:\Users\PAULO ROBERTO\.vscode\extensions\redhat.java-1.55.0-win32-x64\jre\21.0.11-win32-x86_64\bin\java.exe
0x00007ffc61720000 - 0x00007ffc61986000 	C:\WINDOWS\SYSTEM32\ntdll.dll
0x00007ffc602c0000 - 0x00007ffc60389000 	C:\WINDOWS\System32\KERNEL32.DLL
0x00007ffc5e960000 - 0x00007ffc5ed5f000 	C:\WINDOWS\System32\KERNELBASE.dll
0x00007ffc5ef90000 - 0x00007ffc5f0dc000 	C:\WINDOWS\System32\ucrtbase.dll
0x00007ffc42fb0000 - 0x00007ffc42fce000 	c:\Users\PAULO ROBERTO\.vscode\extensions\redhat.java-1.55.0-win32-x64\jre\21.0.11-win32-x86_64\bin\VCRUNTIME140.dll
0x00007ffc42f90000 - 0x00007ffc42fa8000 	c:\Users\PAULO ROBERTO\.vscode\extensions\redhat.java-1.55.0-win32-x64\jre\21.0.11-win32-x86_64\bin\jli.dll
0x00007ffc5ffb0000 - 0x00007ffc60176000 	C:\WINDOWS\System32\USER32.dll
0x00007ffc5e930000 - 0x00007ffc5e957000 	C:\WINDOWS\System32\win32u.dll
0x00007ffc367a0000 - 0x00007ffc36a31000 	C:\WINDOWS\WinSxS\amd64_microsoft.windows.common-controls_6595b64144ccf1df_6.0.26100.8972_none_3e0da176e32f9d4b\COMCTL32.dll
0x00007ffc60390000 - 0x00007ffc603bb000 	C:\WINDOWS\System32\GDI32.dll
0x00007ffc60180000 - 0x00007ffc60229000 	C:\WINDOWS\System32\msvcrt.dll
0x00007ffc5f320000 - 0x00007ffc5f449000 	C:\WINDOWS\System32\gdi32full.dll
0x00007ffc5f1b0000 - 0x00007ffc5f253000 	C:\WINDOWS\System32\msvcp_win.dll
0x00007ffc5ff70000 - 0x00007ffc5ffa2000 	C:\WINDOWS\System32\IMM32.DLL
0x00007ffc58490000 - 0x00007ffc5849c000 	c:\Users\PAULO ROBERTO\.vscode\extensions\redhat.java-1.55.0-win32-x64\jre\21.0.11-win32-x86_64\bin\vcruntime140_1.dll
0x00007ffbfcb30000 - 0x00007ffbfcbbd000 	c:\Users\PAULO ROBERTO\.vscode\extensions\redhat.java-1.55.0-win32-x64\jre\21.0.11-win32-x86_64\bin\msvcp140.dll
0x00007ffb835b0000 - 0x00007ffb84352000 	c:\Users\PAULO ROBERTO\.vscode\extensions\redhat.java-1.55.0-win32-x64\jre\21.0.11-win32-x86_64\bin\server\jvm.dll
0x00007ffc60cd0000 - 0x00007ffc60d8c000 	C:\WINDOWS\System32\ADVAPI32.dll
0x00007ffc5f9a0000 - 0x00007ffc5fa4a000 	C:\WINDOWS\System32\sechost.dll
0x00007ffc5f6e0000 - 0x00007ffc5f7f8000 	C:\WINDOWS\System32\RPCRT4.dll
0x00007ffc5faa0000 - 0x00007ffc5fb22000 	C:\WINDOWS\System32\WS2_32.dll
0x00007ffc5d440000 - 0x00007ffc5d49e000 	C:\WINDOWS\SYSTEM32\POWRPROF.dll
0x00007ffc4c850000 - 0x00007ffc4c85b000 	C:\WINDOWS\SYSTEM32\VERSION.dll
0x00007ffc498c0000 - 0x00007ffc498f6000 	C:\WINDOWS\SYSTEM32\WINMM.dll
0x00007ffc5d420000 - 0x00007ffc5d435000 	C:\WINDOWS\SYSTEM32\UMPDC.dll
0x00007ffc5d660000 - 0x00007ffc5d67b000 	C:\WINDOWS\SYSTEM32\kernel.appcore.dll
0x00007ffc53ab0000 - 0x00007ffc53aba000 	c:\Users\PAULO ROBERTO\.vscode\extensions\redhat.java-1.55.0-win32-x64\jre\21.0.11-win32-x86_64\bin\jimage.dll
0x00007ffc5bb30000 - 0x00007ffc5bd72000 	C:\WINDOWS\SYSTEM32\DBGHELP.DLL
0x00007ffc60450000 - 0x00007ffc607d5000 	C:\WINDOWS\System32\combase.dll
0x00007ffc5fc30000 - 0x00007ffc5fd09000 	C:\WINDOWS\System32\OLEAUT32.dll
0x00007ffc2e950000 - 0x00007ffc2e98b000 	C:\WINDOWS\SYSTEM32\dbgcore.DLL
0x00007ffc5f260000 - 0x00007ffc5f30c000 	C:\WINDOWS\System32\bcryptPrimitives.dll
0x00007ffc535b0000 - 0x00007ffc535bf000 	c:\Users\PAULO ROBERTO\.vscode\extensions\redhat.java-1.55.0-win32-x64\jre\21.0.11-win32-x86_64\bin\instrument.dll
0x00007ffc42c10000 - 0x00007ffc42c30000 	c:\Users\PAULO ROBERTO\.vscode\extensions\redhat.java-1.55.0-win32-x64\jre\21.0.11-win32-x86_64\bin\java.dll
0x00007ffc60ed0000 - 0x00007ffc61658000 	C:\WINDOWS\System32\SHELL32.dll
0x00007ffc5c3e0000 - 0x00007ffc5cc7b000 	C:\WINDOWS\SYSTEM32\windows.storage.dll
0x00007ffc5fb30000 - 0x00007ffc5fc29000 	C:\WINDOWS\System32\SHCORE.dll
0x00007ffc60da0000 - 0x00007ffc60e06000 	C:\WINDOWS\System32\shlwapi.dll
0x00007ffc5e850000 - 0x00007ffc5e879000 	C:\WINDOWS\SYSTEM32\profapi.dll
0x00007ffc429c0000 - 0x00007ffc429d8000 	c:\Users\PAULO ROBERTO\.vscode\extensions\redhat.java-1.55.0-win32-x64\jre\21.0.11-win32-x86_64\bin\zip.dll
0x00007ffc536e0000 - 0x00007ffc536f0000 	C:\Users\PAULO ROBERTO\.vscode\extensions\redhat.java-1.55.0-win32-x64\jre\21.0.11-win32-x86_64\bin\net.dll
0x00007ffc53b60000 - 0x00007ffc53c88000 	C:\WINDOWS\SYSTEM32\WINHTTP.dll
0x00007ffc5dc90000 - 0x00007ffc5dcfc000 	C:\WINDOWS\system32\mswsock.dll
0x00007ffc30710000 - 0x00007ffc30726000 	C:\Users\PAULO ROBERTO\.vscode\extensions\redhat.java-1.55.0-win32-x64\jre\21.0.11-win32-x86_64\bin\nio.dll
0x00007ffc53120000 - 0x00007ffc53130000 	c:\Users\PAULO ROBERTO\.vscode\extensions\redhat.java-1.55.0-win32-x64\jre\21.0.11-win32-x86_64\bin\verify.dll
0x00007ffc23200000 - 0x00007ffc23245000 	C:\Users\PAULO ROBERTO\AppData\Roaming\Code\User\globalStorage\redhat.java\1.55.0\config_win\org.eclipse.equinox.launcher\org.eclipse.equinox.launcher.win32.win32.x86_64_1.3.100.v20260613-0559\eclipse_11924.dll
0x00007ffc5f800000 - 0x00007ffc5f999000 	C:\WINDOWS\System32\ole32.dll
0x00007ffc5e0b0000 - 0x00007ffc5e0cb000 	C:\WINDOWS\SYSTEM32\CRYPTSP.dll
0x00007ffc5d680000 - 0x00007ffc5d6b9000 	C:\WINDOWS\system32\rsaenh.dll
0x00007ffc5dd40000 - 0x00007ffc5dd72000 	C:\WINDOWS\SYSTEM32\USERENV.dll
0x00007ffc5e820000 - 0x00007ffc5e84a000 	C:\WINDOWS\SYSTEM32\bcrypt.dll
0x00007ffc5def0000 - 0x00007ffc5defc000 	C:\WINDOWS\SYSTEM32\CRYPTBASE.dll
0x00007ffc5d070000 - 0x00007ffc5d0a3000 	C:\WINDOWS\SYSTEM32\IPHLPAPI.DLL
0x00007ffc60cb0000 - 0x00007ffc60cba000 	C:\WINDOWS\System32\NSI.dll
0x00007ffc00920000 - 0x00007ffc00969000 	C:\Users\PAULO ROBERTO\AppData\Local\Temp\jna--1403105036\jna12569569374409135489.dll
0x00007ffc60cc0000 - 0x00007ffc60cc8000 	C:\WINDOWS\System32\PSAPI.DLL
0x00007ffc53e20000 - 0x00007ffc53e3d000 	C:\WINDOWS\SYSTEM32\dhcpcsvc6.DLL
0x00007ffc53580000 - 0x00007ffc535a5000 	C:\WINDOWS\SYSTEM32\dhcpcsvc.DLL
0x00007ffc4e2f0000 - 0x00007ffc4e317000 	C:\Users\PAULO ROBERTO\.gradle\native\c067742578af261105cb4f569cf0c3c89f3d7b1fecec35dd04571415982c5e48\windows-amd64\native-platform.dll
0x00007ffc53670000 - 0x00007ffc5367a000 	C:\Users\PAULO ROBERTO\.vscode\extensions\redhat.java-1.55.0-win32-x64\jre\21.0.11-win32-x86_64\bin\management.dll
0x00007ffc53660000 - 0x00007ffc5366c000 	C:\Users\PAULO ROBERTO\.vscode\extensions\redhat.java-1.55.0-win32-x64\jre\21.0.11-win32-x86_64\bin\management_ext.dll

JVMTI agents:
c:\Users\PAULO ROBERTO\.vscode\extensions\redhat.java-1.55.0-win32-x64\lombok\lombok-1.18.39-4050.jar path:c:\Users\PAULO ROBERTO\.vscode\extensions\redhat.java-1.55.0-win32-x64\jre\21.0.11-win32-x86_64\bin\instrument.dll, loaded, initialized, instrumentlib options:none

dbghelp: loaded successfully - version: 4.0.5 - missing functions: none
symbol engine: initialized successfully - sym options: 0x614 - pdb path: .;c:\Users\PAULO ROBERTO\.vscode\extensions\redhat.java-1.55.0-win32-x64\jre\21.0.11-win32-x86_64\bin;C:\WINDOWS\SYSTEM32;C:\WINDOWS\WinSxS\amd64_microsoft.windows.common-controls_6595b64144ccf1df_6.0.26100.8972_none_3e0da176e32f9d4b;c:\Users\PAULO ROBERTO\.vscode\extensions\redhat.java-1.55.0-win32-x64\jre\21.0.11-win32-x86_64\bin\server;C:\Users\PAULO ROBERTO\AppData\Roaming\Code\User\globalStorage\redhat.java\1.55.0\config_win\org.eclipse.equinox.launcher\org.eclipse.equinox.launcher.win32.win32.x86_64_1.3.100.v20260613-0559;C:\Users\PAULO ROBERTO\AppData\Local\Temp\jna--1403105036;C:\Users\PAULO ROBERTO\.gradle\native\c067742578af261105cb4f569cf0c3c89f3d7b1fecec35dd04571415982c5e48\windows-amd64

VM Arguments:
jvm_args: --add-modules=ALL-SYSTEM --add-opens=java.base/java.util=ALL-UNNAMED --add-opens=java.base/java.lang=ALL-UNNAMED --add-opens=java.base/sun.nio.fs=ALL-UNNAMED -Declipse.application=org.eclipse.jdt.ls.core.id1 -Dosgi.bundles.defaultStartLevel=4 -Declipse.product=org.eclipse.jdt.ls.core.product -Djava.import.generatesMetadataFilesAtProjectRoot=false -DDetectVMInstallationsJob.disabled=true -Dfile.encoding=utf8 -XX:+UseParallelGC -XX:GCTimeRatio=4 -XX:AdaptiveSizePolicyWeight=90 -Dsun.zip.disableMemoryMapping=true -Xmx2G -Xms100m -Xlog:disable -javaagent:c:\Users\PAULO ROBERTO\.vscode\extensions\redhat.java-1.55.0-win32-x64\lombok\lombok-1.18.39-4050.jar -XX:+HeapDumpOnOutOfMemoryError -XX:HeapDumpPath=c:\Users\PAULO ROBERTO\AppData\Roaming\Code\User\workspaceStorage\af78278a2264e0da21869ec41e085d06\redhat.java -Daether.dependencyCollector.impl=bf 
java_command: c:\Users\PAULO ROBERTO\.vscode\extensions\redhat.java-1.55.0-win32-x64\server\plugins\org.eclipse.equinox.launcher_1.7.200.v20260619-2039.jar -configuration c:\Users\PAULO ROBERTO\AppData\Roaming\Code\User\globalStorage\redhat.java\1.55.0\config_win -data c:\Users\PAULO ROBERTO\AppData\Roaming\Code\User\workspaceStorage\af78278a2264e0da21869ec41e085d06\redhat.java\jdt_ws --pipe=\\.\pipe\lsp-e1d7912c8b8839840a99e8bd8ef8033b-sock
java_class_path (initial): c:\Users\PAULO ROBERTO\.vscode\extensions\redhat.java-1.55.0-win32-x64\server\plugins\org.eclipse.equinox.launcher_1.7.200.v20260619-2039.jar
Launcher Type: SUN_STANDARD

[Global flags]
    uintx AdaptiveSizePolicyWeight                 = 90                                        {product} {command line}
     intx CICompilerCount                          = 4                                         {product} {ergonomic}
    uintx GCTimeRatio                              = 4                                         {product} {command line}
     bool HeapDumpOnOutOfMemoryError               = true                                   {manageable} {command line}
    ccstr HeapDumpPath                             = c:\Users\PAULO ROBERTO\AppData\Roaming\Code\User\workspaceStorage\af78278a2264e0da21869ec41e085d06\redhat.java         {manageable} {command line}
   size_t InitialHeapSize                          = 104857600                                 {product} {command line}
   size_t MaxHeapSize                              = 2147483648                                {product} {command line}
   size_t MaxNewSize                               = 715653120                                 {product} {ergonomic}
   size_t MinHeapDeltaBytes                        = 524288                                    {product} {ergonomic}
   size_t MinHeapSize                              = 104857600                                 {product} {command line}
   size_t NewSize                                  = 34603008                                  {product} {ergonomic}
    uintx NonNMethodCodeHeapSize                   = 5839372                                {pd product} {ergonomic}
    uintx NonProfiledCodeHeapSize                  = 122909434                              {pd product} {ergonomic}
   size_t OldSize                                  = 70254592                                  {product} {ergonomic}
    uintx ProfiledCodeHeapSize                     = 122909434                              {pd product} {ergonomic}
    uintx ReservedCodeCacheSize                    = 251658240                              {pd product} {ergonomic}
     bool SegmentedCodeCache                       = true                                      {product} {ergonomic}
   size_t SoftMaxHeapSize                          = 2147483648                             {manageable} {ergonomic}
     bool UseCompressedOops                        = true                           {product lp64_product} {ergonomic}
     bool UseLargePagesIndividualAllocation        = false                                  {pd product} {ergonomic}
     bool UseParallelGC                            = true                                      {product} {command line}

Logging:
Log output configuration:
 #0: stdout all=off uptime,level,tags foldmultilines=false
 #1: stderr all=off uptime,level,tags foldmultilines=false

Release file:
JAVA_VERSION="21.0.11" 
MODULES="java.base java.compiler java.datatransfer java.xml java.prefs java.desktop java.instrument java.logging java.management java.security.sasl java.naming java.rmi java.management.rmi java.net.http java.scripting java.security.jgss java.transaction.xa java.sql java.sql.rowset java.xml.crypto java.se java.smartcardio jdk.accessibility jdk.internal.jvmstat jdk.attach jdk.charsets jdk.internal.opt jdk.zipfs jdk.compiler jdk.crypto.ec jdk.crypto.cryptoki jdk.crypto.mscapi jdk.dynalink jdk.internal.ed jdk.editpad jdk.hotspot.agent jdk.httpserver jdk.internal.le jdk.internal.vm.ci jdk.internal.vm.compiler jdk.internal.vm.compiler.management jdk.jartool jdk.javadoc jdk.jcmd jdk.management jdk.management.agent jdk.jconsole jdk.jdeps jdk.jdwp.agent jdk.jdi jdk.jfr jdk.jshell jdk.jsobject jdk.jstatd jdk.localedata jdk.management.jfr jdk.naming.dns jdk.naming.rmi jdk.net jdk.nio.mapmode jdk.random jdk.sctp jdk.security.auth jdk.security.jgss jdk.unsupported jdk.unsupported.desktop jdk.xml.dom" 

Environment Variables:
JAVA_HOME=C:\Program Files\Java\jdk-21
PATH=C:\Program Files\Common Files\Oracle\Java\javapath;C:\WINDOWS\system32;C:\WINDOWS;C:\WINDOWS\System32\Wbem;C:\WINDOWS\System32\WindowsPowerShell\v1.0\;C:\WINDOWS\System32\OpenSSH\;C:\Program Files\dotnet\;C:\Program Files\NVIDIA Corporation\NVIDIA App\NvDLISR;C:\Program Files (x86)\NVIDIA Corporation\PhysX\Common;C:\Program Files\GitHub CLI\;C:\Program Files\nodejs\;C:\Program Files\Git\cmd;C:\Users\PAULO ROBERTO\.local\bin;C:\Users\PAULO ROBERTO\AppData\Local\Microsoft\WindowsApps;C:\Users\PAULO ROBERTO\AppData\Roaming\npm;C:\Users\PAULO ROBERTO\AppData\Local\Programs\Microsoft VS Code\bin;C:\Users\PAULO ROBERTO\.bun\bin;C:\Users\PAULO ROBERTO\AppData\Local\Microsoft\WinGet\Packages\jqlang.jq_Microsoft.Winget.Source_8wekyb3d8bbwe;C:\Users\PAULO ROBERTO\.lmstudio\bin
USERNAME=PAULO ROBERTO
OS=Windows_NT
PROCESSOR_IDENTIFIER=Intel64 Family 6 Model 186 Stepping 2, GenuineIntel
TMP=C:\Users\PAULOR~1\AppData\Local\Temp
TEMP=C:\Users\PAULOR~1\AppData\Local\Temp




Periodic native trim disabled

---------------  S Y S T E M  ---------------

OS:
 Windows 11 , 64 bit Build 26100 (10.0.26100.9168)
OS uptime: 4 days 7:42 hours
Hyper-V role detected

CPU: total 12 (initial active 12) (6 cores per cpu, 2 threads per core) family 6 model 186 stepping 2 microcode 0x5103, cx8, cmov, fxsr, ht, mmx, 3dnowpref, sse, sse2, sse3, ssse3, sse4.1, sse4.2, popcnt, lzcnt, tsc, tscinvbit, avx, avx2, aes, erms, clmul, bmi1, bmi2, adx, sha, fma, vzeroupper, clflush, clflushopt, clwb, hv, serialize, rdtscp, rdpid, fsrm, f16c, cet_ibt, cet_ss
Processor Information for the first 12 processors :
  Max Mhz: 2100, Current Mhz: 2100, Mhz Limit: 2100

Memory: 4k page, system-wide physical 16087M (332M free)
TotalPageFile size 32471M (AvailPageFile size 5M)
current process WorkingSet (physical memory assigned to process): 266M, peak: 275M
current process commit charge ("private bytes"): 354M, peak: 384M

vm_info: OpenJDK 64-Bit Server VM (21.0.11+10-LTS) for windows-amd64 JRE (21.0.11+10-LTS), built on 2026-04-21T00:00:00Z by "admin" with MS VC++ 17.12 (VS2022)

END.
