#
# There is insufficient memory for the Java Runtime Environment to continue.
# Native memory allocation (malloc) failed to allocate 744656 bytes. Error detail: Chunk::new
# Possible reasons:
#   The system is out of physical RAM or swap space
#   This process is running with CompressedOops enabled, and the Java Heap may be blocking the growth of the native heap
# Possible solutions:
#   Reduce memory load on the system
#   Increase physical memory or swap space
#   Check if swap backing store is full
#   Decrease Java heap size (-Xmx/-Xms)
#   Decrease number of Java threads
#   Decrease Java thread stack sizes (-Xss)
#   Set larger code cache with -XX:ReservedCodeCacheSize=
#   JVM is running with Unscaled Compressed Oops mode in which the Java heap is
#     placed in the first 4GB address space. The Java Heap base address is the
#     maximum limit for the native heap growth. Please use -XX:HeapBaseMinAddress
#     to set the Java Heap base and to place the Java Heap above 4GB virtual address.
# This output file may be truncated or incomplete.
#
#  Out of Memory Error (arena.cpp:168), pid=22084, tid=14840
#
# JRE version: OpenJDK Runtime Environment Temurin-21.0.11+10 (21.0.11+10) (build 21.0.11+10-LTS)
# Java VM: OpenJDK 64-Bit Server VM Temurin-21.0.11+10 (21.0.11+10-LTS, mixed mode, sharing, tiered, compressed oops, compressed class ptrs, parallel gc, windows-amd64)
# No core dump will be written. Minidumps are not enabled by default on client versions of Windows
#

---------------  S U M M A R Y ------------

Command Line: --add-modules=ALL-SYSTEM --add-opens=java.base/java.util=ALL-UNNAMED --add-opens=java.base/java.lang=ALL-UNNAMED --add-opens=java.base/sun.nio.fs=ALL-UNNAMED -Declipse.application=org.eclipse.jdt.ls.core.id1 -Dosgi.bundles.defaultStartLevel=4 -Declipse.product=org.eclipse.jdt.ls.core.product -Djava.import.generatesMetadataFilesAtProjectRoot=false -DDetectVMInstallationsJob.disabled=true -Dfile.encoding=utf8 -XX:+UseParallelGC -XX:GCTimeRatio=4 -XX:AdaptiveSizePolicyWeight=90 -Dsun.zip.disableMemoryMapping=true -Xmx2G -Xms100m -Xlog:disable -javaagent:c:\Users\PAULO ROBERTO\.vscode\extensions\redhat.java-1.55.0-win32-x64\lombok\lombok-1.18.39-4050.jar -XX:+HeapDumpOnOutOfMemoryError -XX:HeapDumpPath=c:\Users\PAULO ROBERTO\AppData\Roaming\Code\User\workspaceStorage\af78278a2264e0da21869ec41e085d06\redhat.java -Daether.dependencyCollector.impl=bf c:\Users\PAULO ROBERTO\.vscode\extensions\redhat.java-1.55.0-win32-x64\server\plugins\org.eclipse.equinox.launcher_1.7.200.v20260619-2039.jar -configuration c:\Users\PAULO ROBERTO\AppData\Roaming\Code\User\globalStorage\redhat.java\1.55.0\config_win -data c:\Users\PAULO ROBERTO\AppData\Roaming\Code\User\workspaceStorage\af78278a2264e0da21869ec41e085d06\redhat.java\jdt_ws --pipe=\\.\pipe\lsp-44202efb0736ca3e2febc551ac5230b5-sock

Host: 13th Gen Intel(R) Core(TM) i5-13420H, 12 cores, 15G,  Windows 11 , 64 bit Build 26100 (10.0.26100.8972)
Time: Thu Aug  6 08:33:02 2026 Hora Padrão de Bogotá elapsed time: 78.645992 seconds (0d 0h 1m 18s)

---------------  T H R E A D  ---------------

Current thread (0x00000156bec38110):  JavaThread "C2 CompilerThread0" daemon [_thread_in_native, id=14840, stack(0x0000003179600000,0x0000003179700000) (1024K)]


Current CompileTask:
C2:78646 6844       4       jdk.internal.org.objectweb.asm.SymbolTable::addConstantMemberReference (147 bytes)

Stack: [0x0000003179600000,0x0000003179700000]
Native frames: (J=compiled Java code, j=interpreted, Vv=VM code, C=native code)
V  [jvm.dll+0x6d7e19]
V  [jvm.dll+0x8b5096]
V  [jvm.dll+0x8b764e]
V  [jvm.dll+0x8b7d33]
V  [jvm.dll+0x284596]
V  [jvm.dll+0xc685d]
V  [jvm.dll+0xc6da1]
V  [jvm.dll+0x3bed31]
V  [jvm.dll+0x38b2b2]
V  [jvm.dll+0x38a6fa]
V  [jvm.dll+0x24c700]
V  [jvm.dll+0x24bce0]
V  [jvm.dll+0x1cb4ae]
V  [jvm.dll+0x25baad]
V  [jvm.dll+0x25a03a]
V  [jvm.dll+0x3f868e]
V  [jvm.dll+0x85fb0d]
V  [jvm.dll+0x6d664d]
C  [ucrtbase.dll+0x2cd30]
C  [KERNEL32.DLL+0x2ccb7]
C  [ntdll.dll+0xaad6c]


---------------  P R O C E S S  ---------------

Threads class SMR info:
_java_thread_list=0x000001571e4626a0, length=44, elements={
0x00000156beb7a370, 0x00000156beb2e160, 0x00000156bec1efd0, 0x00000156bec234f0,
0x00000156bec26330, 0x00000156bec2bfb0, 0x00000156bec32df0, 0x00000156bec38110,
0x00000156bec3c7e0, 0x00000156bec30000, 0x00000156bec33480, 0x00000156bec31a40,
0x00000156bec320d0, 0x00000156bec32760, 0x00000156bec30690, 0x00000156bec30d20,
0x00000156bec313b0, 0x0000015717af1450, 0x0000015717af2e90, 0x0000015717af3520,
0x0000015717af2170, 0x0000015717af1ae0, 0x0000015717af2800, 0x0000015717af3bb0,
0x0000015717af4240, 0x0000015717af76c0, 0x0000015717af48d0, 0x0000015717af7d50,
0x0000015717af4f60, 0x0000015717af69a0, 0x0000015717af55f0, 0x0000015717af6310,
0x0000015717af5c80, 0x000001571e7f3710, 0x000001571e7f1640, 0x000001571e7f2360,
0x000001571e7f3080, 0x000001571e7f0fb0, 0x000001571e7f0290, 0x000001571e7f29f0,
0x000001571e7f1cd0, 0x000001571e7f0920, 0x000001571d2af8e0, 0x000001571e7f7220
}

Java Threads: ( => current thread )
  0x00000156beb7a370 JavaThread "main"                              [_thread_blocked, id=23536, stack(0x0000003178c00000,0x0000003178d00000) (1024K)]
  0x00000156beb2e160 JavaThread "Reference Handler"          daemon [_thread_blocked, id=40304, stack(0x0000003179000000,0x0000003179100000) (1024K)]
  0x00000156bec1efd0 JavaThread "Finalizer"                  daemon [_thread_blocked, id=31560, stack(0x0000003179100000,0x0000003179200000) (1024K)]
  0x00000156bec234f0 JavaThread "Signal Dispatcher"          daemon [_thread_blocked, id=27496, stack(0x0000003179200000,0x0000003179300000) (1024K)]
  0x00000156bec26330 JavaThread "Attach Listener"            daemon [_thread_blocked, id=18360, stack(0x0000003179300000,0x0000003179400000) (1024K)]
  0x00000156bec2bfb0 JavaThread "Service Thread"             daemon [_thread_blocked, id=18796, stack(0x0000003179400000,0x0000003179500000) (1024K)]
  0x00000156bec32df0 JavaThread "Monitor Deflation Thread"   daemon [_thread_blocked, id=38988, stack(0x0000003179500000,0x0000003179600000) (1024K)]
=>0x00000156bec38110 JavaThread "C2 CompilerThread0"         daemon [_thread_in_native, id=14840, stack(0x0000003179600000,0x0000003179700000) (1024K)]
  0x00000156bec3c7e0 JavaThread "C1 CompilerThread0"         daemon [_thread_in_vm, id=39904, stack(0x0000003179700000,0x0000003179800000) (1024K)]
  0x00000156bec30000 JavaThread "Common-Cleaner"             daemon [_thread_blocked, id=38480, stack(0x0000003179900000,0x0000003179a00000) (1024K)]
  0x00000156bec33480 JavaThread "Notification Thread"        daemon [_thread_blocked, id=9652, stack(0x0000003179a00000,0x0000003179b00000) (1024K)]
  0x00000156bec31a40 JavaThread "Active Thread: Equinox Container: 6fc044ba-b0cc-4b8f-b7fd-e02b260904c5"        [_thread_blocked, id=39460, stack(0x000000317a200000,0x000000317a300000) (1024K)]
  0x00000156bec320d0 JavaThread "Refresh Thread: Equinox Container: 6fc044ba-b0cc-4b8f-b7fd-e02b260904c5" daemon [_thread_blocked, id=27308, stack(0x0000003179b00000,0x0000003179c00000) (1024K)]
  0x00000156bec32760 JavaThread "Framework Event Dispatcher: Equinox Container: 6fc044ba-b0cc-4b8f-b7fd-e02b260904c5" daemon [_thread_blocked, id=16788, stack(0x000000317a300000,0x000000317a400000) (1024K)]
  0x00000156bec30690 JavaThread "Start Level: Equinox Container: 6fc044ba-b0cc-4b8f-b7fd-e02b260904c5" daemon [_thread_blocked, id=13204, stack(0x000000317a400000,0x000000317a500000) (1024K)]
  0x00000156bec30d20 JavaThread "Bundle File Closer"         daemon [_thread_blocked, id=6208, stack(0x000000317a700000,0x000000317a800000) (1024K)]
  0x00000156bec313b0 JavaThread "SCR Component Actor"        daemon [_thread_blocked, id=28952, stack(0x000000317a800000,0x000000317a900000) (1024K)]
  0x0000015717af1450 JavaThread "Worker-JM"                         [_thread_blocked, id=37344, stack(0x000000317a900000,0x000000317aa00000) (1024K)]
  0x0000015717af2e90 JavaThread "JNA Cleaner"                daemon [_thread_blocked, id=8312, stack(0x000000317aa00000,0x000000317ab00000) (1024K)]
  0x0000015717af3520 JavaThread "Worker-0: Updating Maven Dependencies"        [_thread_in_vm, id=39056, stack(0x000000317ab00000,0x000000317ac00000) (1024K)]
  0x0000015717af2170 JavaThread "Worker-1: Repository registry initialization"        [_thread_in_vm, id=8164, stack(0x000000317ac00000,0x000000317ad00000) (1024K)]
  0x0000015717af1ae0 JavaThread "Worker-2: Initialize After Load"        [_thread_blocked, id=39496, stack(0x0000003178900000,0x0000003178a00000) (1024K)]
  0x0000015717af2800 JavaThread "Worker-3"                          [_thread_blocked, id=19872, stack(0x0000003178b00000,0x0000003178c00000) (1024K)]
  0x0000015717af3bb0 JavaThread "Java indexing"              daemon [_thread_blocked, id=36180, stack(0x000000317ae00000,0x000000317af00000) (1024K)]
  0x0000015717af4240 JavaThread "Worker-4"                          [_thread_blocked, id=38476, stack(0x000000317af00000,0x000000317b000000) (1024K)]
  0x0000015717af76c0 JavaThread "Worker-5"                          [_thread_blocked, id=35260, stack(0x000000317b200000,0x000000317b300000) (1024K)]
  0x0000015717af48d0 JavaThread "Thread-1"                   daemon [_thread_in_native, id=38672, stack(0x000000317b300000,0x000000317b400000) (1024K)]
  0x0000015717af7d50 JavaThread "Thread-2"                   daemon [_thread_in_native, id=37700, stack(0x000000317b400000,0x000000317b500000) (1024K)]
  0x0000015717af4f60 JavaThread "Thread-3"                   daemon [_thread_in_native, id=29372, stack(0x000000317b500000,0x000000317b600000) (1024K)]
  0x0000015717af69a0 JavaThread "Thread-4"                   daemon [_thread_in_native, id=25660, stack(0x000000317b600000,0x000000317b700000) (1024K)]
  0x0000015717af55f0 JavaThread "Thread-5"                   daemon [_thread_in_native, id=37472, stack(0x000000317b700000,0x000000317b800000) (1024K)]
  0x0000015717af6310 JavaThread "Thread-6"                   daemon [_thread_in_native, id=30424, stack(0x000000317b800000,0x000000317b900000) (1024K)]
  0x0000015717af5c80 JavaThread "Thread-7"                   daemon [_thread_in_native, id=7624, stack(0x000000317b900000,0x000000317ba00000) (1024K)]
  0x000001571e7f3710 JavaThread "Thread-8"                   daemon [_thread_in_native, id=35852, stack(0x000000317ba00000,0x000000317bb00000) (1024K)]
  0x000001571e7f1640 JavaThread "Thread-9"                   daemon [_thread_in_native, id=19028, stack(0x000000317bb00000,0x000000317bc00000) (1024K)]
  0x000001571e7f2360 JavaThread "Thread-10"                  daemon [_thread_in_native, id=29044, stack(0x000000317bc00000,0x000000317bd00000) (1024K)]
  0x000001571e7f3080 JavaThread "Thread-11"                  daemon [_thread_in_native, id=40172, stack(0x000000317bd00000,0x000000317be00000) (1024K)]
  0x000001571e7f0fb0 JavaThread "Thread-12"                  daemon [_thread_in_native, id=13908, stack(0x000000317be00000,0x000000317bf00000) (1024K)]
  0x000001571e7f0290 JavaThread "Thread-13"                  daemon [_thread_in_native, id=10108, stack(0x000000317bf00000,0x000000317c000000) (1024K)]
  0x000001571e7f29f0 JavaThread "pool-2-thread-1"                   [_thread_blocked, id=35136, stack(0x000000317c000000,0x000000317c100000) (1024K)]
  0x000001571e7f1cd0 JavaThread "WorkspaceEventsHandler"            [_thread_blocked, id=39112, stack(0x000000317ad00000,0x000000317ae00000) (1024K)]
  0x000001571e7f0920 JavaThread "pool-1-thread-1"                   [_thread_blocked, id=10152, stack(0x000000317c200000,0x000000317c300000) (1024K)]
  0x000001571d2af8e0 JavaThread "C2 CompilerThread1"         daemon [_thread_in_native, id=3352, stack(0x000000317c300000,0x000000317c400000) (1024K)]
  0x000001571e7f7220 JavaThread "Keep-Alive-Timer"           daemon [_thread_blocked, id=7408, stack(0x000000317c500000,0x000000317c600000) (1024K)]
Total: 44

Other Threads:
  0x00000156bec1e980 VMThread "VM Thread"                           [id=39364, stack(0x0000003178f00000,0x0000003179000000) (1024K)]
  0x00000156bea0ca10 WatcherThread "VM Periodic Task Thread"        [id=16800, stack(0x0000003178e00000,0x0000003178f00000) (1024K)]
  0x00000156beb99e70 WorkerThread "GC Thread#0"                     [id=13952, stack(0x0000003178d00000,0x0000003178e00000) (1024K)]
  0x000001571d60bc40 WorkerThread "GC Thread#1"                     [id=25504, stack(0x0000003179c00000,0x0000003179d00000) (1024K)]
  0x000001571d5f63a0 WorkerThread "GC Thread#2"                     [id=40372, stack(0x0000003179d00000,0x0000003179e00000) (1024K)]
  0x000001571d2c89c0 WorkerThread "GC Thread#3"                     [id=1604, stack(0x0000003179e00000,0x0000003179f00000) (1024K)]
  0x000001571d12ebc0 WorkerThread "GC Thread#4"                     [id=37412, stack(0x0000003179f00000,0x000000317a000000) (1024K)]
  0x000001571d7fd8b0 WorkerThread "GC Thread#5"                     [id=8248, stack(0x000000317a000000,0x000000317a100000) (1024K)]
  0x000001571d7fe070 WorkerThread "GC Thread#6"                     [id=19960, stack(0x000000317a100000,0x000000317a200000) (1024K)]
  0x000001571da5d6b0 WorkerThread "GC Thread#7"                     [id=36408, stack(0x0000003179800000,0x0000003179900000) (1024K)]
  0x00000157179b7450 WorkerThread "GC Thread#8"                     [id=33984, stack(0x000000317a500000,0x000000317a600000) (1024K)]
  0x000001571d516010 WorkerThread "GC Thread#9"                     [id=5016, stack(0x000000317a600000,0x000000317a700000) (1024K)]
Total: 12

Threads with active compile tasks:
C2 CompilerThread0  78720 6844       4       jdk.internal.org.objectweb.asm.SymbolTable::addConstantMemberReference (147 bytes)
C2 CompilerThread1  78720 6886       4       java.util.regex.Pattern::compile (537 bytes)
Total: 2

VM state: not at safepoint (normal execution)

VM Mutex/Monitor currently owned by a thread: None

Heap address: 0x0000000080000000, size: 2048 MB, Compressed Oops mode: 32-bit

CDS archive(s) mapped at: [0x00000156d6000000-0x00000156d6ba0000-0x00000156d6ba0000), size 12189696, SharedBaseAddress: 0x00000156d6000000, ArchiveRelocationMode: 1.
Compressed class space mapped at: 0x00000156d7000000-0x0000015717000000, reserved size: 1073741824
Narrow klass base: 0x00000156d6000000, Narrow klass shift: 0, Narrow klass range: 0x100000000

GC Precious Log:
 CardTable entry size: 512
 CPUs: 12 total, 12 available
 Memory: 16087M
 Large Page Support: Disabled
 NUMA Support: Disabled
 Compressed Oops: Enabled (32-bit)
 Alignments: Space 512K, Generation 512K, Heap 2M
 Heap Min Capacity: 100M
 Heap Initial Capacity: 100M
 Heap Max Capacity: 2G
 Pre-touch: Disabled
 Parallel Workers: 10

Heap:
 PSYoungGen      total 23552K, used 18842K [0x00000000d5580000, 0x00000000d6f00000, 0x0000000100000000)
  eden space 22016K, 79% used [0x00000000d5580000,0x00000000d669eb60,0x00000000d6b00000)
  from space 1536K, 85% used [0x00000000d6d00000,0x00000000d6e48000,0x00000000d6e80000)
  to   space 512K, 0% used [0x00000000d6e80000,0x00000000d6e80000,0x00000000d6f00000)
 ParOldGen       total 68608K, used 24298K [0x0000000080000000, 0x0000000084300000, 0x00000000d5580000)
  object space 68608K, 35% used [0x0000000080000000,0x00000000817ba8f8,0x0000000084300000)
 Metaspace       used 49290K, committed 50496K, reserved 1114112K
  class space    used 5433K, committed 5952K, reserved 1048576K

Card table byte_map: [0x00000156be520000,0x00000156be930000] _byte_map_base: 0x00000156be120000

Marking Bits: (ParMarkBitMap*) 0x00007fff299c4460
 Begin Bits: [0x00000156d1030000, 0x00000156d3030000)
 End Bits:   [0x00000156d3030000, 0x00000156d5030000)

Polling page: 0x00000156bc960000

Metaspace:

Usage:
  Non-class:     42.83 MB used.
      Class:      5.31 MB used.
       Both:     48.14 MB used.

Virtual space:
  Non-class space:       64.00 MB reserved,      43.50 MB ( 68%) committed,  1 nodes.
      Class space:        1.00 GB reserved,       5.81 MB ( <1%) committed,  1 nodes.
             Both:        1.06 GB reserved,      49.31 MB (  5%) committed. 

Chunk freelists:
   Non-Class:  4.11 MB
       Class:  10.23 MB
        Both:  14.34 MB

MaxMetaspaceSize: unlimited
CompressedClassSpaceSize: 1.00 GB
Initial GC threshold: 21.00 MB
Current GC threshold: 58.38 MB
CDS: on
 - commit_granule_bytes: 65536.
 - commit_granule_words: 8192.
 - virtual_space_node_default_size: 8388608.
 - enlarge_chunks_in_place: 1.
 - use_allocation_guard: 0.


Internal statistics:

num_allocs_failed_limit: 8.
num_arena_births: 812.
num_arena_deaths: 22.
num_vsnodes_births: 2.
num_vsnodes_deaths: 0.
num_space_committed: 789.
num_space_uncommitted: 0.
num_chunks_returned_to_freelist: 33.
num_chunks_taken_from_freelist: 2894.
num_chunk_merges: 13.
num_chunk_splits: 1739.
num_chunks_enlarged: 938.
num_inconsistent_stats: 0.

CodeHeap 'non-profiled nmethods': size=120000Kb used=3577Kb max_used=3577Kb free=116422Kb
 bounds [0x00000156c9850000, 0x00000156c9bd0000, 0x00000156d0d80000]
CodeHeap 'profiled nmethods': size=120000Kb used=13138Kb max_used=13138Kb free=106861Kb
 bounds [0x00000156c1d80000, 0x00000156c2a60000, 0x00000156c92b0000]
CodeHeap 'non-nmethods': size=5760Kb used=1403Kb max_used=1433Kb free=4356Kb
 bounds [0x00000156c92b0000, 0x00000156c9520000, 0x00000156c9850000]
CodeCache: size=245760Kb, used=18118Kb, max_used=18148Kb, free=227639Kb
 total_blobs=6982, nmethods=6279, adapters=609, full_count=0
Compilation: enabled, stopped_count=0, restarted_count=0

Compilation events (20 events):
Event: 76.630 Thread 0x00000156bec3c7e0 6875       3       com.google.inject.spi.Dependency::get (15 bytes)
Event: 76.631 Thread 0x00000156bec3c7e0 nmethod 6875 0x00000156c2a43310 code [0x00000156c2a43560, 0x00000156c2a43fa8]
Event: 76.631 Thread 0x00000156bec3c7e0 6876       3       java.util.IdentityHashMap::get (60 bytes)
Event: 76.632 Thread 0x00000156bec3c7e0 nmethod 6876 0x00000156c2a44410 code [0x00000156c2a44600, 0x00000156c2a44a50]
Event: 76.634 Thread 0x00000156bec3c7e0 6877       3       org.eclipse.sisu.inject.InjectorBindings::isAssignableFrom (29 bytes)
Event: 76.634 Thread 0x00000156bec3c7e0 nmethod 6877 0x00000156c2a44c90 code [0x00000156c2a44e80, 0x00000156c2a45380]
Event: 76.749 Thread 0x00000156bec3c7e0 6878       3       java.lang.invoke.LambdaForm$MH/0x00000156d7221400::linkToTargetMethod (12 bytes)
Event: 76.750 Thread 0x00000156bec3c7e0 nmethod 6878 0x00000156c2a45590 code [0x00000156c2a45760, 0x00000156c2a45bb0]
Event: 76.750 Thread 0x00000156bec3c7e0 6879       3       java.lang.invoke.LambdaForm$DMH/0x00000156d7220c00::newInvokeSpecial (28 bytes)
Event: 76.750 Thread 0x00000156bec3c7e0 nmethod 6879 0x00000156c2a45c90 code [0x00000156c2a45e80, 0x00000156c2a46620]
Event: 76.811 Thread 0x00000156bec3c7e0 6880       3       org.eclipse.core.runtime.jobs.Job::getJobManager (4 bytes)
Event: 76.811 Thread 0x00000156bec3c7e0 nmethod 6880 0x00000156c2a46810 code [0x00000156c2a469a0, 0x00000156c2a46a98]
Event: 76.919 Thread 0x00000156bec3c7e0 6881   !   3       org.eclipse.core.internal.jobs.JobManager::select (160 bytes)
Event: 76.920 Thread 0x00000156bec3c7e0 nmethod 6881 0x00000156c2a46b10 code [0x00000156c2a46e20, 0x00000156c2a48190]
Event: 76.934 Thread 0x00000156bec3c7e0 6882       3       org.eclipse.jdt.ls.core.internal.JobHelpers::getJob (50 bytes)
Event: 76.935 Thread 0x00000156bec3c7e0 nmethod 6882 0x00000156c2a48a10 code [0x00000156c2a48cc0, 0x00000156c2a49898]
Event: 76.935 Thread 0x00000156bec3c7e0 6883       3       org.eclipse.core.internal.jobs.JobManager::find (25 bytes)
Event: 76.936 Thread 0x00000156bec3c7e0 nmethod 6883 0x00000156c2a49d90 code [0x00000156c2a49f80, 0x00000156c2a4a448]
Event: 76.936 Thread 0x00000156bec3c7e0 6884       3       org.eclipse.core.runtime.jobs.Job::wakeUp (6 bytes)
Event: 76.936 Thread 0x00000156bec3c7e0 nmethod 6884 0x00000156c2a4a590 code [0x00000156c2a4a740, 0x00000156c2a4a910]

GC Heap History (20 events):
Event: 65.234 GC heap before
{Heap before GC invocations=12 (full 1):
 PSYoungGen      total 24064K, used 24049K [0x00000000d5580000, 0x00000000d7380000, 0x0000000100000000)
  eden space 22528K, 100% used [0x00000000d5580000,0x00000000d6b80000,0x00000000d6b80000)
  from space 1536K, 99% used [0x00000000d7200000,0x00000000d737c6f8,0x00000000d7380000)
  to   space 3584K, 0% used [0x00000000d6c80000,0x00000000d6c80000,0x00000000d7000000)
 ParOldGen       total 68608K, used 16420K [0x0000000080000000, 0x0000000084300000, 0x00000000d5580000)
  object space 68608K, 23% used [0x0000000080000000,0x0000000081009050,0x0000000084300000)
 Metaspace       used 30519K, committed 31552K, reserved 1114112K
  class space    used 3093K, committed 3520K, reserved 1048576K
}
Event: 65.240 GC heap after
{Heap after GC invocations=12 (full 1):
 PSYoungGen      total 25600K, used 928K [0x00000000d5580000, 0x00000000d7280000, 0x0000000100000000)
  eden space 22016K, 0% used [0x00000000d5580000,0x00000000d5580000,0x00000000d6b00000)
  from space 3584K, 25% used [0x00000000d6c80000,0x00000000d6d68000,0x00000000d7000000)
  to   space 2048K, 0% used [0x00000000d7080000,0x00000000d7080000,0x00000000d7280000)
 ParOldGen       total 68608K, used 17799K [0x0000000080000000, 0x0000000084300000, 0x00000000d5580000)
  object space 68608K, 25% used [0x0000000080000000,0x0000000081161fd8,0x0000000084300000)
 Metaspace       used 30519K, committed 31552K, reserved 1114112K
  class space    used 3093K, committed 3520K, reserved 1048576K
}
Event: 66.814 GC heap before
{Heap before GC invocations=13 (full 1):
 PSYoungGen      total 25600K, used 22944K [0x00000000d5580000, 0x00000000d7280000, 0x0000000100000000)
  eden space 22016K, 100% used [0x00000000d5580000,0x00000000d6b00000,0x00000000d6b00000)
  from space 3584K, 25% used [0x00000000d6c80000,0x00000000d6d68000,0x00000000d7000000)
  to   space 2048K, 0% used [0x00000000d7080000,0x00000000d7080000,0x00000000d7280000)
 ParOldGen       total 68608K, used 17799K [0x0000000080000000, 0x0000000084300000, 0x00000000d5580000)
  object space 68608K, 25% used [0x0000000080000000,0x0000000081161fd8,0x0000000084300000)
 Metaspace       used 32750K, committed 33792K, reserved 1114112K
  class space    used 3337K, committed 3776K, reserved 1048576K
}
Event: 66.818 GC heap after
{Heap after GC invocations=13 (full 1):
 PSYoungGen      total 23552K, used 1410K [0x00000000d5580000, 0x00000000d7200000, 0x0000000100000000)
  eden space 22016K, 0% used [0x00000000d5580000,0x00000000d5580000,0x00000000d6b00000)
  from space 1536K, 91% used [0x00000000d7080000,0x00000000d71e08b8,0x00000000d7200000)
  to   space 1536K, 0% used [0x00000000d6f00000,0x00000000d6f00000,0x00000000d7080000)
 ParOldGen       total 68608K, used 18479K [0x0000000080000000, 0x0000000084300000, 0x00000000d5580000)
  object space 68608K, 26% used [0x0000000080000000,0x000000008120bfd8,0x0000000084300000)
 Metaspace       used 32750K, committed 33792K, reserved 1114112K
  class space    used 3337K, committed 3776K, reserved 1048576K
}
Event: 68.284 GC heap before
{Heap before GC invocations=14 (full 1):
 PSYoungGen      total 23552K, used 23426K [0x00000000d5580000, 0x00000000d7200000, 0x0000000100000000)
  eden space 22016K, 99% used [0x00000000d5580000,0x00000000d6afffd8,0x00000000d6b00000)
  from space 1536K, 91% used [0x00000000d7080000,0x00000000d71e08b8,0x00000000d7200000)
  to   space 1536K, 0% used [0x00000000d6f00000,0x00000000d6f00000,0x00000000d7080000)
 ParOldGen       total 68608K, used 18479K [0x0000000080000000, 0x0000000084300000, 0x00000000d5580000)
  object space 68608K, 26% used [0x0000000080000000,0x000000008120bfd8,0x0000000084300000)
 Metaspace       used 34769K, committed 35840K, reserved 1114112K
  class space    used 3588K, committed 4032K, reserved 1048576K
}
Event: 68.288 GC heap after
{Heap after GC invocations=14 (full 1):
 PSYoungGen      total 23552K, used 1391K [0x00000000d5580000, 0x00000000d7100000, 0x0000000100000000)
  eden space 22016K, 0% used [0x00000000d5580000,0x00000000d5580000,0x00000000d6b00000)
  from space 1536K, 90% used [0x00000000d6f00000,0x00000000d705bff0,0x00000000d7080000)
  to   space 512K, 0% used [0x00000000d7080000,0x00000000d7080000,0x00000000d7100000)
 ParOldGen       total 68608K, used 19629K [0x0000000080000000, 0x0000000084300000, 0x00000000d5580000)
  object space 68608K, 28% used [0x0000000080000000,0x000000008132b518,0x0000000084300000)
 Metaspace       used 34769K, committed 35840K, reserved 1114112K
  class space    used 3588K, committed 4032K, reserved 1048576K
}
Event: 68.315 GC heap before
{Heap before GC invocations=15 (full 1):
 PSYoungGen      total 23552K, used 1730K [0x00000000d5580000, 0x00000000d7100000, 0x0000000100000000)
  eden space 22016K, 1% used [0x00000000d5580000,0x00000000d55d4b00,0x00000000d6b00000)
  from space 1536K, 90% used [0x00000000d6f00000,0x00000000d705bff0,0x00000000d7080000)
  to   space 512K, 0% used [0x00000000d7080000,0x00000000d7080000,0x00000000d7100000)
 ParOldGen       total 68608K, used 19629K [0x0000000080000000, 0x0000000084300000, 0x00000000d5580000)
  object space 68608K, 28% used [0x0000000080000000,0x000000008132b518,0x0000000084300000)
 Metaspace       used 34789K, committed 35840K, reserved 1114112K
  class space    used 3591K, committed 4032K, reserved 1048576K
}
Event: 68.317 GC heap after
{Heap after GC invocations=15 (full 1):
 PSYoungGen      total 22528K, used 288K [0x00000000d5580000, 0x00000000d7100000, 0x0000000100000000)
  eden space 22016K, 0% used [0x00000000d5580000,0x00000000d5580000,0x00000000d6b00000)
  from space 512K, 56% used [0x00000000d7080000,0x00000000d70c8000,0x00000000d7100000)
  to   space 1024K, 0% used [0x00000000d6f00000,0x00000000d6f00000,0x00000000d7000000)
 ParOldGen       total 68608K, used 20789K [0x0000000080000000, 0x0000000084300000, 0x00000000d5580000)
  object space 68608K, 30% used [0x0000000080000000,0x000000008144d458,0x0000000084300000)
 Metaspace       used 34789K, committed 35840K, reserved 1114112K
  class space    used 3591K, committed 4032K, reserved 1048576K
}
Event: 68.317 GC heap before
{Heap before GC invocations=16 (full 2):
 PSYoungGen      total 22528K, used 288K [0x00000000d5580000, 0x00000000d7100000, 0x0000000100000000)
  eden space 22016K, 0% used [0x00000000d5580000,0x00000000d5580000,0x00000000d6b00000)
  from space 512K, 56% used [0x00000000d7080000,0x00000000d70c8000,0x00000000d7100000)
  to   space 1024K, 0% used [0x00000000d6f00000,0x00000000d6f00000,0x00000000d7000000)
 ParOldGen       total 68608K, used 20789K [0x0000000080000000, 0x0000000084300000, 0x00000000d5580000)
  object space 68608K, 30% used [0x0000000080000000,0x000000008144d458,0x0000000084300000)
 Metaspace       used 34789K, committed 35840K, reserved 1114112K
  class space    used 3591K, committed 4032K, reserved 1048576K
}
Event: 68.398 GC heap after
{Heap after GC invocations=16 (full 2):
 PSYoungGen      total 22528K, used 0K [0x00000000d5580000, 0x00000000d7100000, 0x0000000100000000)
  eden space 22016K, 0% used [0x00000000d5580000,0x00000000d5580000,0x00000000d6b00000)
  from space 512K, 0% used [0x00000000d7080000,0x00000000d7080000,0x00000000d7100000)
  to   space 1024K, 0% used [0x00000000d6f00000,0x00000000d6f00000,0x00000000d7000000)
 ParOldGen       total 68608K, used 19926K [0x0000000080000000, 0x0000000084300000, 0x00000000d5580000)
  object space 68608K, 29% used [0x0000000080000000,0x0000000081375b30,0x0000000084300000)
 Metaspace       used 34782K, committed 35840K, reserved 1114112K
  class space    used 3589K, committed 4032K, reserved 1048576K
}
Event: 69.214 GC heap before
{Heap before GC invocations=17 (full 2):
 PSYoungGen      total 22528K, used 22016K [0x00000000d5580000, 0x00000000d7100000, 0x0000000100000000)
  eden space 22016K, 100% used [0x00000000d5580000,0x00000000d6b00000,0x00000000d6b00000)
  from space 512K, 0% used [0x00000000d7080000,0x00000000d7080000,0x00000000d7100000)
  to   space 1024K, 0% used [0x00000000d6f00000,0x00000000d6f00000,0x00000000d7000000)
 ParOldGen       total 68608K, used 19926K [0x0000000080000000, 0x0000000084300000, 0x00000000d5580000)
  object space 68608K, 29% used [0x0000000080000000,0x0000000081375b30,0x0000000084300000)
 Metaspace       used 37145K, committed 38336K, reserved 1114112K
  class space    used 3889K, committed 4416K, reserved 1048576K
}
Event: 69.217 GC heap after
{Heap after GC invocations=17 (full 2):
 PSYoungGen      total 23040K, used 992K [0x00000000d5580000, 0x00000000d7100000, 0x0000000100000000)
  eden space 22016K, 0% used [0x00000000d5580000,0x00000000d5580000,0x00000000d6b00000)
  from space 1024K, 96% used [0x00000000d6f00000,0x00000000d6ff8000,0x00000000d7000000)
  to   space 1024K, 0% used [0x00000000d7000000,0x00000000d7000000,0x00000000d7100000)
 ParOldGen       total 68608K, used 19934K [0x0000000080000000, 0x0000000084300000, 0x00000000d5580000)
  object space 68608K, 29% used [0x0000000080000000,0x0000000081377b30,0x0000000084300000)
 Metaspace       used 37145K, committed 38336K, reserved 1114112K
  class space    used 3889K, committed 4416K, reserved 1048576K
}
Event: 70.186 GC heap before
{Heap before GC invocations=18 (full 2):
 PSYoungGen      total 23040K, used 22964K [0x00000000d5580000, 0x00000000d7100000, 0x0000000100000000)
  eden space 22016K, 99% used [0x00000000d5580000,0x00000000d6af53d0,0x00000000d6b00000)
  from space 1024K, 96% used [0x00000000d6f00000,0x00000000d6ff8000,0x00000000d7000000)
  to   space 1024K, 0% used [0x00000000d7000000,0x00000000d7000000,0x00000000d7100000)
 ParOldGen       total 68608K, used 19934K [0x0000000080000000, 0x0000000084300000, 0x00000000d5580000)
  object space 68608K, 29% used [0x0000000080000000,0x0000000081377b30,0x0000000084300000)
 Metaspace       used 39091K, committed 40256K, reserved 1114112K
  class space    used 4128K, committed 4608K, reserved 1048576K
}
Event: 70.191 GC heap after
{Heap after GC invocations=18 (full 2):
 PSYoungGen      total 23040K, used 1008K [0x00000000d5580000, 0x00000000d7100000, 0x0000000100000000)
  eden space 22016K, 0% used [0x00000000d5580000,0x00000000d5580000,0x00000000d6b00000)
  from space 1024K, 98% used [0x00000000d7000000,0x00000000d70fc010,0x00000000d7100000)
  to   space 2560K, 0% used [0x00000000d6c00000,0x00000000d6c00000,0x00000000d6e80000)
 ParOldGen       total 68608K, used 21208K [0x0000000080000000, 0x0000000084300000, 0x00000000d5580000)
  object space 68608K, 30% used [0x0000000080000000,0x00000000814b6090,0x0000000084300000)
 Metaspace       used 39091K, committed 40256K, reserved 1114112K
  class space    used 4128K, committed 4608K, reserved 1048576K
}
Event: 71.463 GC heap before
{Heap before GC invocations=19 (full 2):
 PSYoungGen      total 23040K, used 23024K [0x00000000d5580000, 0x00000000d7100000, 0x0000000100000000)
  eden space 22016K, 100% used [0x00000000d5580000,0x00000000d6b00000,0x00000000d6b00000)
  from space 1024K, 98% used [0x00000000d7000000,0x00000000d70fc010,0x00000000d7100000)
  to   space 2560K, 0% used [0x00000000d6c00000,0x00000000d6c00000,0x00000000d6e80000)
 ParOldGen       total 68608K, used 21208K [0x0000000080000000, 0x0000000084300000, 0x00000000d5580000)
  object space 68608K, 30% used [0x0000000080000000,0x00000000814b6090,0x0000000084300000)
 Metaspace       used 42283K, committed 43456K, reserved 1114112K
  class space    used 4518K, committed 4992K, reserved 1048576K
}
Event: 71.467 GC heap after
{Heap after GC invocations=19 (full 2):
 PSYoungGen      total 24576K, used 1120K [0x00000000d5580000, 0x00000000d7080000, 0x0000000100000000)
  eden space 22016K, 0% used [0x00000000d5580000,0x00000000d5580000,0x00000000d6b00000)
  from space 2560K, 43% used [0x00000000d6c00000,0x00000000d6d18000,0x00000000d6e80000)
  to   space 2048K, 0% used [0x00000000d6e80000,0x00000000d6e80000,0x00000000d7080000)
 ParOldGen       total 68608K, used 22208K [0x0000000080000000, 0x0000000084300000, 0x00000000d5580000)
  object space 68608K, 32% used [0x0000000080000000,0x00000000815b00b0,0x0000000084300000)
 Metaspace       used 42283K, committed 43456K, reserved 1114112K
  class space    used 4518K, committed 4992K, reserved 1048576K
}
Event: 72.352 GC heap before
{Heap before GC invocations=20 (full 2):
 PSYoungGen      total 24576K, used 23136K [0x00000000d5580000, 0x00000000d7080000, 0x0000000100000000)
  eden space 22016K, 100% used [0x00000000d5580000,0x00000000d6b00000,0x00000000d6b00000)
  from space 2560K, 43% used [0x00000000d6c00000,0x00000000d6d18000,0x00000000d6e80000)
  to   space 2048K, 0% used [0x00000000d6e80000,0x00000000d6e80000,0x00000000d7080000)
 ParOldGen       total 68608K, used 22208K [0x0000000080000000, 0x0000000084300000, 0x00000000d5580000)
  object space 68608K, 32% used [0x0000000080000000,0x00000000815b00b0,0x0000000084300000)
 Metaspace       used 45206K, committed 46336K, reserved 1114112K
  class space    used 4902K, committed 5376K, reserved 1048576K
}
Event: 72.357 GC heap after
{Heap after GC invocations=20 (full 2):
 PSYoungGen      total 23552K, used 1418K [0x00000000d5580000, 0x00000000d7000000, 0x0000000100000000)
  eden space 22016K, 0% used [0x00000000d5580000,0x00000000d5580000,0x00000000d6b00000)
  from space 1536K, 92% used [0x00000000d6e80000,0x00000000d6fe2b48,0x00000000d7000000)
  to   space 1536K, 0% used [0x00000000d6d00000,0x00000000d6d00000,0x00000000d6e80000)
 ParOldGen       total 68608K, used 23112K [0x0000000080000000, 0x0000000084300000, 0x00000000d5580000)
  object space 68608K, 33% used [0x0000000080000000,0x00000000816920b0,0x0000000084300000)
 Metaspace       used 45206K, committed 46336K, reserved 1114112K
  class space    used 4902K, committed 5376K, reserved 1048576K
}
Event: 74.784 GC heap before
{Heap before GC invocations=21 (full 2):
 PSYoungGen      total 23552K, used 23434K [0x00000000d5580000, 0x00000000d7000000, 0x0000000100000000)
  eden space 22016K, 100% used [0x00000000d5580000,0x00000000d6b00000,0x00000000d6b00000)
  from space 1536K, 92% used [0x00000000d6e80000,0x00000000d6fe2b48,0x00000000d7000000)
  to   space 1536K, 0% used [0x00000000d6d00000,0x00000000d6d00000,0x00000000d6e80000)
 ParOldGen       total 68608K, used 23112K [0x0000000080000000, 0x0000000084300000, 0x00000000d5580000)
  object space 68608K, 33% used [0x0000000080000000,0x00000000816920b0,0x0000000084300000)
 Metaspace       used 47787K, committed 49024K, reserved 1114112K
  class space    used 5230K, committed 5760K, reserved 1048576K
}
Event: 74.789 GC heap after
{Heap after GC invocations=21 (full 2):
 PSYoungGen      total 23552K, used 1312K [0x00000000d5580000, 0x00000000d6f00000, 0x0000000100000000)
  eden space 22016K, 0% used [0x00000000d5580000,0x00000000d5580000,0x00000000d6b00000)
  from space 1536K, 85% used [0x00000000d6d00000,0x00000000d6e48000,0x00000000d6e80000)
  to   space 512K, 0% used [0x00000000d6e80000,0x00000000d6e80000,0x00000000d6f00000)
 ParOldGen       total 68608K, used 24298K [0x0000000080000000, 0x0000000084300000, 0x00000000d5580000)
  object space 68608K, 35% used [0x0000000080000000,0x00000000817ba8f8,0x0000000084300000)
 Metaspace       used 47787K, committed 49024K, reserved 1114112K
  class space    used 5230K, committed 5760K, reserved 1048576K
}

Dll operation events (12 events):
Event: 0.013 Loaded shared library c:\Users\PAULO ROBERTO\.vscode\extensions\redhat.java-1.55.0-win32-x64\jre\21.0.11-win32-x86_64\bin\java.dll
Event: 0.084 Loaded shared library c:\Users\PAULO ROBERTO\.vscode\extensions\redhat.java-1.55.0-win32-x64\jre\21.0.11-win32-x86_64\bin\zip.dll
Event: 0.105 Loaded shared library C:\Users\PAULO ROBERTO\.vscode\extensions\redhat.java-1.55.0-win32-x64\jre\21.0.11-win32-x86_64\bin\instrument.dll
Event: 0.110 Loaded shared library C:\Users\PAULO ROBERTO\.vscode\extensions\redhat.java-1.55.0-win32-x64\jre\21.0.11-win32-x86_64\bin\net.dll
Event: 0.113 Loaded shared library C:\Users\PAULO ROBERTO\.vscode\extensions\redhat.java-1.55.0-win32-x64\jre\21.0.11-win32-x86_64\bin\nio.dll
Event: 0.119 Loaded shared library C:\Users\PAULO ROBERTO\.vscode\extensions\redhat.java-1.55.0-win32-x64\jre\21.0.11-win32-x86_64\bin\zip.dll
Event: 0.137 Loaded shared library C:\Users\PAULO ROBERTO\.vscode\extensions\redhat.java-1.55.0-win32-x64\jre\21.0.11-win32-x86_64\bin\jimage.dll
Event: 0.200 Loaded shared library c:\Users\PAULO ROBERTO\.vscode\extensions\redhat.java-1.55.0-win32-x64\jre\21.0.11-win32-x86_64\bin\verify.dll
Event: 12.965 Loaded shared library C:\Users\PAULO ROBERTO\AppData\Roaming\Code\User\globalStorage\redhat.java\1.55.0\config_win\org.eclipse.equinox.launcher\org.eclipse.equinox.launcher.win32.win32.x86_64_1.3.100.v20260613-0559\eclipse_11924.dll
Event: 58.687 Loaded shared library C:\Users\PAULO ROBERTO\AppData\Local\Temp\jna--1403105036\jna2634080743121125380.dll
Event: 71.268 Loaded shared library C:\Users\PAULO ROBERTO\.vscode\extensions\redhat.java-1.55.0-win32-x64\jre\21.0.11-win32-x86_64\bin\sunmscapi.dll
Event: 71.878 Loaded shared library C:\Users\PAULO ROBERTO\.vscode\extensions\redhat.java-1.55.0-win32-x64\jre\21.0.11-win32-x86_64\bin\extnet.dll

Deoptimization events (20 events):
Event: 75.488 Thread 0x0000015717af2170 DEOPT PACKING pc=0x00000156c995a418 sp=0x000000317acff2a0
Event: 75.488 Thread 0x0000015717af2170 DEOPT UNPACKING pc=0x00000156c9303aa2 sp=0x000000317acff230 mode 2
Event: 75.488 Thread 0x0000015717af3520 DEOPT PACKING pc=0x00000156c995a418 sp=0x000000317abfedb0
Event: 75.488 Thread 0x0000015717af3520 DEOPT UNPACKING pc=0x00000156c9303aa2 sp=0x000000317abfed40 mode 2
Event: 75.492 Thread 0x0000015717af3520 DEOPT PACKING pc=0x00000156c2755235 sp=0x000000317abfead0
Event: 75.492 Thread 0x0000015717af3520 DEOPT UNPACKING pc=0x00000156c9304242 sp=0x000000317abfdff8 mode 0
Event: 75.514 Thread 0x0000015717af3520 Uncommon trap: trap_request=0xffffff76 fr.pc=0x00000156c98cd1b4 relative=0x0000000000000af4
Event: 75.514 Thread 0x0000015717af3520 Uncommon trap: reason=predicate action=maybe_recompile pc=0x00000156c98cd1b4 method=java.util.TreeMap.put(Ljava/lang/Object;Ljava/lang/Object;Z)Ljava/lang/Object; @ 123 c2
Event: 75.514 Thread 0x0000015717af3520 DEOPT PACKING pc=0x00000156c98cd1b4 sp=0x000000317abfb530
Event: 75.514 Thread 0x0000015717af3520 DEOPT UNPACKING pc=0x00000156c9303aa2 sp=0x000000317abfb4b8 mode 2
Event: 76.593 Thread 0x0000015717af1ae0 DEOPT PACKING pc=0x00000156c1dc4381 sp=0x00000031789feec0
Event: 76.593 Thread 0x0000015717af1ae0 DEOPT UNPACKING pc=0x00000156c9304242 sp=0x00000031789fe3e0 mode 0
Event: 76.633 Thread 0x0000015717af3520 Uncommon trap: trap_request=0xffffff45 fr.pc=0x00000156c9bc3ba8 relative=0x0000000000000708
Event: 76.633 Thread 0x0000015717af3520 Uncommon trap: reason=unstable_if action=reinterpret pc=0x00000156c9bc3ba8 method=org.eclipse.sisu.inject.InjectorBindings.isAssignableFrom(Lcom/google/inject/TypeLiteral;Lcom/google/inject/Binding;)Z @ 15 c2
Event: 76.633 Thread 0x0000015717af3520 DEOPT PACKING pc=0x00000156c9bc3ba8 sp=0x000000317abfdba0
Event: 76.633 Thread 0x0000015717af3520 DEOPT UNPACKING pc=0x00000156c9303aa2 sp=0x000000317abfdb40 mode 2
Event: 77.321 Thread 0x0000015717af1ae0 DEOPT PACKING pc=0x00000156c1dc79fd sp=0x00000031789fee50
Event: 77.321 Thread 0x0000015717af1ae0 DEOPT UNPACKING pc=0x00000156c9304242 sp=0x00000031789fe330 mode 0
Event: 77.492 Thread 0x0000015717af1ae0 DEOPT PACKING pc=0x00000156c1dc4381 sp=0x00000031789fef10
Event: 77.492 Thread 0x0000015717af1ae0 DEOPT UNPACKING pc=0x00000156c9304242 sp=0x00000031789fe430 mode 0

Classes loaded (20 events):
Event: 74.783 Loading class sun/net/www/http/Hurryable done
Event: 74.783 Loading class sun/net/www/MeteredStream
Event: 74.784 Loading class sun/net/www/MeteredStream done
Event: 74.784 Loading class sun/net/www/http/KeepAliveStream done
Event: 74.790 Loading class sun/net/www/http/KeepAliveStreamCleaner
Event: 74.790 Loading class sun/net/www/http/KeepAliveStreamCleaner done
Event: 74.795 Loading class sun/net/www/http/KeepAliveStreamCleaner$1
Event: 74.795 Loading class sun/net/www/http/KeepAliveStreamCleaner$1 done
Event: 74.795 Loading class sun/net/www/http/KeepAliveStreamCleaner$2
Event: 74.795 Loading class sun/net/www/http/KeepAliveStreamCleaner$2 done
Event: 74.796 Loading class sun/net/www/protocol/http/HttpURLConnection$HttpInputStream
Event: 74.796 Loading class sun/net/www/protocol/http/HttpURLConnection$HttpInputStream done
Event: 74.934 Loading class sun/net/www/http/KeepAliveCache$1
Event: 74.935 Loading class sun/net/www/http/KeepAliveCache$1 done
Event: 74.935 Loading class sun/net/www/http/KeepAliveCache$ClientVector
Event: 74.935 Loading class sun/net/www/http/KeepAliveCache$ClientVector done
Event: 74.940 Loading class sun/net/www/http/KeepAliveEntry
Event: 74.940 Loading class sun/net/www/http/KeepAliveEntry done
Event: 75.217 Loading class java/lang/ProcessEnvironment$CheckedKeySet
Event: 75.217 Loading class java/lang/ProcessEnvironment$CheckedKeySet done

Classes unloaded (11 events):
Event: 60.487 Thread 0x00000156bec1e980 Unloading class 0x00000156d71a4000 'java/lang/invoke/LambdaForm$MH+0x00000156d71a4000'
Event: 60.487 Thread 0x00000156bec1e980 Unloading class 0x00000156d71a3c00 'java/lang/invoke/LambdaForm$MH+0x00000156d71a3c00'
Event: 60.487 Thread 0x00000156bec1e980 Unloading class 0x00000156d71a3800 'java/lang/invoke/LambdaForm$MH+0x00000156d71a3800'
Event: 60.487 Thread 0x00000156bec1e980 Unloading class 0x00000156d71a3400 'java/lang/invoke/LambdaForm$MH+0x00000156d71a3400'
Event: 60.487 Thread 0x00000156bec1e980 Unloading class 0x00000156d71a3000 'java/lang/invoke/LambdaForm$BMH+0x00000156d71a3000'
Event: 60.487 Thread 0x00000156bec1e980 Unloading class 0x00000156d71a2c00 'java/lang/invoke/LambdaForm$DMH+0x00000156d71a2c00'
Event: 60.487 Thread 0x00000156bec1e980 Unloading class 0x00000156d71a1800 'java/lang/invoke/LambdaForm$DMH+0x00000156d71a1800'
Event: 68.335 Thread 0x00000156bec1e980 Unloading class 0x00000156d7301800 'java/lang/invoke/LambdaForm$MH+0x00000156d7301800'
Event: 68.335 Thread 0x00000156bec1e980 Unloading class 0x00000156d7301000 'java/lang/invoke/LambdaForm$MH+0x00000156d7301000'
Event: 68.335 Thread 0x00000156bec1e980 Unloading class 0x00000156d7300400 'java/lang/invoke/LambdaForm$MH+0x00000156d7300400'
Event: 68.335 Thread 0x00000156bec1e980 Unloading class 0x00000156d72f8000 'java/lang/invoke/LambdaForm$MH+0x00000156d72f8000'

Classes redefined (0 events):
No events

Internal exceptions (20 events):
Event: 67.499 Thread 0x00000156bec30690 Exception <a 'java/io/FileNotFoundException'{0x00000000d5ef0568}> (0x00000000d5ef0568) 
thrown [s\src\hotspot\share\prims\jni.cpp, line 520]
Event: 67.577 Thread 0x00000156bec30690 Exception <a 'java/io/FileNotFoundException'{0x00000000d608d528}> (0x00000000d608d528) 
thrown [s\src\hotspot\share\prims\jni.cpp, line 520]
Event: 67.638 Thread 0x00000156bec30690 Exception <a 'java/lang/UnsatisfiedLinkError'{0x00000000d6158ba0}: NÃ£o foi possÃ­vel encontrar o procedimento especificado.
> (0x00000000d6158ba0) 
thrown [s\src\hotspot\share\prims\jni.cpp, line 539]
Event: 68.558 Thread 0x0000015717af4240 Exception <a 'sun/nio/fs/WindowsException'{0x00000000d5a24a80}> (0x00000000d5a24a80) 
thrown [s\src\hotspot\share\prims\jni.cpp, line 520]
Event: 68.890 Thread 0x00000156beb7a370 Exception <a 'java/lang/NoSuchMethodError'{0x00000000d646f310}: 'java.lang.Object java.lang.invoke.DirectMethodHandle$Holder.invokeStatic(java.lang.Object, long, java.lang.Object)'> (0x00000000d646f310) 
thrown [s\src\hotspot\share\interpreter\linkResolver.cpp, line 773]
Event: 68.905 Thread 0x00000156beb7a370 Exception <a 'java/lang/NoSuchMethodError'{0x00000000d64d8a48}: 'java.lang.Object java.lang.invoke.DirectMethodHandle$Holder.invokeStaticInit(java.lang.Object, long, java.lang.Object)'> (0x00000000d64d8a48) 
thrown [s\src\hotspot\share\interpreter\linkResolver.cpp, line 773]
Event: 68.920 Thread 0x00000156beb7a370 Exception <a 'java/lang/NoSuchMethodError'{0x00000000d6503db8}: 'java.lang.Object java.lang.invoke.DirectMethodHandle$Holder.newInvokeSpecial(java.lang.Object, long)'> (0x00000000d6503db8) 
thrown [s\src\hotspot\share\interpreter\linkResolver.cpp, line 773]
Event: 69.195 Thread 0x0000015717af1ae0 Exception <a 'java/io/FileNotFoundException'{0x00000000d6a9f448}> (0x00000000d6a9f448) 
thrown [s\src\hotspot\share\prims\jni.cpp, line 520]
Event: 71.340 Thread 0x00000156beb7a370 Exception <a 'java/lang/NoSuchMethodError'{0x00000000d68d8ee0}: 'void java.lang.invoke.DirectMethodHandle$Holder.invokeSpecial(java.lang.Object, java.lang.Object, java.lang.Object, java.lang.Object, java.lang.Object, java.lang.Object)'> (0x00000000d68d8ee0) 
thrown [s\src\hotspot\share\interpreter\linkResolver.cpp, line 773]
Event: 71.348 Thread 0x00000156beb7a370 Exception <a 'java/lang/IncompatibleClassChangeError'{0x00000000d68f61a0}: Found class java.lang.Object, but interface was expected> (0x00000000d68f61a0) 
thrown [s\src\hotspot\share\interpreter\linkResolver.cpp, line 840]
Event: 71.349 Thread 0x00000156beb7a370 Exception <a 'java/lang/IncompatibleClassChangeError'{0x00000000d68f72e8}: Found class java.lang.Object, but interface was expected> (0x00000000d68f72e8) 
thrown [s\src\hotspot\share\interpreter\linkResolver.cpp, line 840]
Event: 72.595 Thread 0x0000015717af3520 Exception <a 'java/lang/NoSuchMethodError'{0x00000000d58f5d18}: 'void java.lang.invoke.DirectMethodHandle$Holder.invokeStaticInit(java.lang.Object, java.lang.Object, java.lang.Object)'> (0x00000000d58f5d18) 
thrown [s\src\hotspot\share\interpreter\linkResolver.cpp, line 773]
Event: 72.614 Thread 0x0000015717af3520 Exception <a 'java/lang/ExceptionInInitializerError'{0x00000000d5937620}> (0x00000000d5937620) 
thrown [s\src\hotspot\share\oops\instanceKlass.cpp, line 1218]
Event: 72.677 Thread 0x0000015717af3520 Implicit null exception at 0x00000156c9b4b2f7 to 0x00000156c9b4b568
Event: 72.677 Thread 0x0000015717af3520 Exception <a 'java/lang/NoSuchMethodError'{0x00000000d59e73e8}: 'long java.lang.invoke.DirectMethodHandle$Holder.invokeStatic(java.lang.Object, java.lang.Object, int)'> (0x00000000d59e73e8) 
thrown [s\src\hotspot\share\interpreter\linkResolver.cpp, line 773]
Event: 72.694 Thread 0x0000015717af3520 Implicit null exception at 0x00000156c999b9fe to 0x00000156c999bc70
Event: 72.694 Thread 0x0000015717af3520 Implicit null exception at 0x00000156c990949c to 0x00000156c990a3b8
Event: 72.700 Thread 0x0000015717af3520 Exception <a 'java/lang/NoSuchMethodError'{0x00000000d5a2cf30}: 'java.lang.Object java.lang.invoke.Invokers$Holder.invokeExact_MT(java.lang.Object, int, java.lang.Object)'> (0x00000000d5a2cf30) 
thrown [s\src\hotspot\share\interpreter\linkResolver.cpp, line 773]
Event: 75.002 Thread 0x0000015717af4240 Exception <a 'java/lang/NoSuchMethodError'{0x00000000d5a7dcd0}: 'void java.lang.invoke.DirectMethodHandle$Holder.invokeStaticInit(java.lang.Object, java.lang.Object, java.lang.Object, java.lang.Object)'> (0x00000000d5a7dcd0) 
thrown [s\src\hotspot\share\interpreter\linkResolver.cpp, line 773]
Event: 75.186 Thread 0x0000015717af3520 Exception <a 'java/lang/NoClassDefFoundError'{0x00000000d5f091c8}: com/google/inject/servlet/ServletModuleTargetVisitor> (0x00000000d5f091c8) 
thrown [s\src\hotspot\share\classfile\systemDictionary.cpp, line 302]

ZGC Phase Switch (0 events):
No events

VM Operations (20 events):
Event: 71.468 Executing safepoint VM operation: ParallelGCFailedAllocation (Allocation Failure) done
Event: 71.546 Executing non-safepoint VM operation: HandshakeAllThreads (Deoptimize)
Event: 71.547 Executing non-safepoint VM operation: HandshakeAllThreads (Deoptimize) done
Event: 72.124 Executing non-safepoint VM operation: HandshakeAllThreads (Deoptimize)
Event: 72.124 Executing non-safepoint VM operation: HandshakeAllThreads (Deoptimize) done
Event: 72.352 Executing safepoint VM operation: ParallelGCFailedAllocation (Allocation Failure)
Event: 72.357 Executing safepoint VM operation: ParallelGCFailedAllocation (Allocation Failure) done
Event: 72.948 Executing non-safepoint VM operation: HandshakeAllThreads (Deoptimize)
Event: 72.957 Executing non-safepoint VM operation: HandshakeAllThreads (Deoptimize) done
Event: 73.965 Executing safepoint VM operation: Cleanup
Event: 74.618 Executing safepoint VM operation: Cleanup done
Event: 74.783 Executing safepoint VM operation: ParallelGCFailedAllocation (Allocation Failure)
Event: 74.790 Executing safepoint VM operation: ParallelGCFailedAllocation (Allocation Failure) done
Event: 74.794 Executing non-safepoint VM operation: HandshakeAllThreads (Deoptimize)
Event: 74.794 Executing non-safepoint VM operation: HandshakeAllThreads (Deoptimize) done
Event: 74.939 Executing non-safepoint VM operation: HandshakeAllThreads (Deoptimize)
Event: 74.939 Executing non-safepoint VM operation: HandshakeAllThreads (Deoptimize) done
Event: 75.953 Executing safepoint VM operation: Cleanup
Event: 76.609 Executing safepoint VM operation: Cleanup done
Event: 77.616 Executing safepoint VM operation: Cleanup

Memory protections (0 events):
No events

Nmethod flushes (20 events):
Event: 68.352 Thread 0x00000156bec1e980 flushing  nmethod 0x00000156c242ca10
Event: 68.352 Thread 0x00000156bec1e980 flushing  nmethod 0x00000156c242e710
Event: 68.352 Thread 0x00000156bec1e980 flushing  nmethod 0x00000156c2466d90
Event: 68.352 Thread 0x00000156bec1e980 flushing  nmethod 0x00000156c2468690
Event: 68.352 Thread 0x00000156bec1e980 flushing  nmethod 0x00000156c2468f90
Event: 68.352 Thread 0x00000156bec1e980 flushing  nmethod 0x00000156c246a190
Event: 68.352 Thread 0x00000156bec1e980 flushing  nmethod 0x00000156c246b090
Event: 68.352 Thread 0x00000156bec1e980 flushing  nmethod 0x00000156c246cd90
Event: 68.352 Thread 0x00000156bec1e980 flushing  nmethod 0x00000156c246d290
Event: 68.352 Thread 0x00000156bec1e980 flushing  nmethod 0x00000156c246d690
Event: 68.352 Thread 0x00000156bec1e980 flushing  nmethod 0x00000156c246db10
Event: 68.352 Thread 0x00000156bec1e980 flushing  nmethod 0x00000156c246e690
Event: 68.352 Thread 0x00000156bec1e980 flushing  nmethod 0x00000156c2470510
Event: 68.352 Thread 0x00000156bec1e980 flushing  nmethod 0x00000156c2470c10
Event: 68.352 Thread 0x00000156bec1e980 flushing  nmethod 0x00000156c2471110
Event: 68.352 Thread 0x00000156bec1e980 flushing  nmethod 0x00000156c24c4f90
Event: 68.352 Thread 0x00000156bec1e980 flushing  nmethod 0x00000156c24c8d90
Event: 68.352 Thread 0x00000156bec1e980 flushing  nmethod 0x00000156c24cff10
Event: 68.352 Thread 0x00000156bec1e980 flushing  nmethod 0x00000156c2520790
Event: 68.352 Thread 0x00000156bec1e980 flushing  nmethod 0x00000156c2544a10

Events (20 events):
Event: 69.042 Thread 0x00000156beb7a370 Thread added: 0x0000015717af7d50
Event: 69.043 Thread 0x00000156beb7a370 Thread added: 0x0000015717af4f60
Event: 69.043 Thread 0x00000156beb7a370 Thread added: 0x0000015717af69a0
Event: 69.044 Thread 0x00000156beb7a370 Thread added: 0x0000015717af55f0
Event: 69.048 Thread 0x00000156beb7a370 Thread added: 0x0000015717af6310
Event: 69.049 Thread 0x00000156beb7a370 Thread added: 0x0000015717af5c80
Event: 69.050 Thread 0x00000156beb7a370 Thread added: 0x000001571e7f3710
Event: 69.050 Thread 0x00000156beb7a370 Thread added: 0x000001571e7f1640
Event: 69.051 Thread 0x00000156beb7a370 Thread added: 0x000001571e7f2360
Event: 69.052 Thread 0x00000156beb7a370 Thread added: 0x000001571e7f3080
Event: 69.055 Thread 0x00000156beb7a370 Thread added: 0x000001571e7f0fb0
Event: 69.056 Thread 0x00000156beb7a370 Thread added: 0x000001571e7f0290
Event: 69.317 Thread 0x00000156beb7a370 Thread added: 0x000001571e7f29f0
Event: 71.311 Thread 0x000001571d2b1af0 Thread exited: 0x000001571d2b1af0
Event: 71.530 Thread 0x00000156beb7a370 Thread added: 0x000001571e7f1cd0
Event: 71.531 Thread 0x00000156beb7a370 Thread added: 0x000001571e7f0920
Event: 71.670 Thread 0x00000156bec38110 Thread added: 0x000001571d2af8e0
Event: 74.721 Thread 0x0000015717af4240 Thread added: 0x000001571e7f57e0
Event: 74.725 Thread 0x000001571e7f57e0 Thread exited: 0x000001571e7f57e0
Event: 74.935 Thread 0x0000015717af4240 Thread added: 0x000001571e7f7220


Dynamic libraries:
0x00007ff78a8b0000 - 0x00007ff78a8be000 	c:\Users\PAULO ROBERTO\.vscode\extensions\redhat.java-1.55.0-win32-x64\jre\21.0.11-win32-x86_64\bin\java.exe
0x00007ff86cac0000 - 0x00007ff86cd26000 	C:\WINDOWS\SYSTEM32\ntdll.dll
0x00007ff86b8d0000 - 0x00007ff86b999000 	C:\WINDOWS\System32\KERNEL32.DLL
0x00007ff86a0e0000 - 0x00007ff86a4df000 	C:\WINDOWS\System32\KERNELBASE.dll
0x00007ff86a5a0000 - 0x00007ff86a6ec000 	C:\WINDOWS\System32\ucrtbase.dll
0x00007ff85e740000 - 0x00007ff85e758000 	c:\Users\PAULO ROBERTO\.vscode\extensions\redhat.java-1.55.0-win32-x64\jre\21.0.11-win32-x86_64\bin\jli.dll
0x00007ff85e980000 - 0x00007ff85e99e000 	c:\Users\PAULO ROBERTO\.vscode\extensions\redhat.java-1.55.0-win32-x64\jre\21.0.11-win32-x86_64\bin\VCRUNTIME140.dll
0x00007ff86b0d0000 - 0x00007ff86b296000 	C:\WINDOWS\System32\USER32.dll
0x00007ff86a700000 - 0x00007ff86a727000 	C:\WINDOWS\System32\win32u.dll
0x00007ff849300000 - 0x00007ff849591000 	C:\WINDOWS\WinSxS\amd64_microsoft.windows.common-controls_6595b64144ccf1df_6.0.26100.8972_none_3e0da176e32f9d4b\COMCTL32.dll
0x00007ff86a7f0000 - 0x00007ff86a81b000 	C:\WINDOWS\System32\GDI32.dll
0x00007ff86c8b0000 - 0x00007ff86c959000 	C:\WINDOWS\System32\msvcrt.dll
0x00007ff869e20000 - 0x00007ff869f49000 	C:\WINDOWS\System32\gdi32full.dll
0x00007ff86a4f0000 - 0x00007ff86a593000 	C:\WINDOWS\System32\msvcp_win.dll
0x00007ff86add0000 - 0x00007ff86ae02000 	C:\WINDOWS\System32\IMM32.DLL
0x00007ff8645b0000 - 0x00007ff8645bc000 	c:\Users\PAULO ROBERTO\.vscode\extensions\redhat.java-1.55.0-win32-x64\jre\21.0.11-win32-x86_64\bin\vcruntime140_1.dll
0x00007ff859fe0000 - 0x00007ff85a06d000 	c:\Users\PAULO ROBERTO\.vscode\extensions\redhat.java-1.55.0-win32-x64\jre\21.0.11-win32-x86_64\bin\msvcp140.dll
0x00007fff28d00000 - 0x00007fff29aa2000 	c:\Users\PAULO ROBERTO\.vscode\extensions\redhat.java-1.55.0-win32-x64\jre\21.0.11-win32-x86_64\bin\server\jvm.dll
0x00007ff86c7e0000 - 0x00007ff86c89c000 	C:\WINDOWS\System32\ADVAPI32.dll
0x00007ff86bd80000 - 0x00007ff86be29000 	C:\WINDOWS\System32\sechost.dll
0x00007ff86c6c0000 - 0x00007ff86c7d8000 	C:\WINDOWS\System32\RPCRT4.dll
0x00007ff86b3b0000 - 0x00007ff86b432000 	C:\WINDOWS\System32\WS2_32.dll
0x00007ff868f10000 - 0x00007ff868f6e000 	C:\WINDOWS\SYSTEM32\POWRPROF.dll
0x00007ff859f00000 - 0x00007ff859f0b000 	C:\WINDOWS\SYSTEM32\VERSION.dll
0x00007ff8558a0000 - 0x00007ff8558d6000 	C:\WINDOWS\SYSTEM32\WINMM.dll
0x00007ff868da0000 - 0x00007ff868db5000 	C:\WINDOWS\SYSTEM32\UMPDC.dll
0x00007ff868980000 - 0x00007ff86899b000 	C:\WINDOWS\SYSTEM32\kernel.appcore.dll
0x00007ff8615e0000 - 0x00007ff8615ea000 	c:\Users\PAULO ROBERTO\.vscode\extensions\redhat.java-1.55.0-win32-x64\jre\21.0.11-win32-x86_64\bin\jimage.dll
0x00007ff8671c0000 - 0x00007ff867402000 	C:\WINDOWS\SYSTEM32\DBGHELP.DLL
0x00007ff86a820000 - 0x00007ff86aba5000 	C:\WINDOWS\System32\combase.dll
0x00007ff86c5e0000 - 0x00007ff86c6b9000 	C:\WINDOWS\System32\OLEAUT32.dll
0x00007ff856850000 - 0x00007ff85688b000 	C:\WINDOWS\SYSTEM32\dbgcore.DLL
0x00007ff86a730000 - 0x00007ff86a7dc000 	C:\WINDOWS\System32\bcryptPrimitives.dll
0x00007ff85ea70000 - 0x00007ff85ea7f000 	c:\Users\PAULO ROBERTO\.vscode\extensions\redhat.java-1.55.0-win32-x64\jre\21.0.11-win32-x86_64\bin\instrument.dll
0x00007ff85e130000 - 0x00007ff85e150000 	c:\Users\PAULO ROBERTO\.vscode\extensions\redhat.java-1.55.0-win32-x64\jre\21.0.11-win32-x86_64\bin\java.dll
0x00007ff86be50000 - 0x00007ff86c5d8000 	C:\WINDOWS\System32\SHELL32.dll
0x00007ff867760000 - 0x00007ff867ffb000 	C:\WINDOWS\SYSTEM32\windows.storage.dll
0x00007ff86bc80000 - 0x00007ff86bd79000 	C:\WINDOWS\System32\SHCORE.dll
0x00007ff86ad60000 - 0x00007ff86adc6000 	C:\WINDOWS\System32\shlwapi.dll
0x00007ff869bf0000 - 0x00007ff869c19000 	C:\WINDOWS\SYSTEM32\profapi.dll
0x00007ff85cde0000 - 0x00007ff85cdf8000 	c:\Users\PAULO ROBERTO\.vscode\extensions\redhat.java-1.55.0-win32-x64\jre\21.0.11-win32-x86_64\bin\zip.dll
0x00007ff85cdd0000 - 0x00007ff85cde0000 	C:\Users\PAULO ROBERTO\.vscode\extensions\redhat.java-1.55.0-win32-x64\jre\21.0.11-win32-x86_64\bin\net.dll
0x00007ff858a80000 - 0x00007ff858ba7000 	C:\WINDOWS\SYSTEM32\WINHTTP.dll
0x00007ff869030000 - 0x00007ff86909c000 	C:\WINDOWS\system32\mswsock.dll
0x00007ff85ccb0000 - 0x00007ff85ccc6000 	C:\Users\PAULO ROBERTO\.vscode\extensions\redhat.java-1.55.0-win32-x64\jre\21.0.11-win32-x86_64\bin\nio.dll
0x00007ff85cd70000 - 0x00007ff85cd80000 	c:\Users\PAULO ROBERTO\.vscode\extensions\redhat.java-1.55.0-win32-x64\jre\21.0.11-win32-x86_64\bin\verify.dll
0x00007ff85cc60000 - 0x00007ff85cca5000 	C:\Users\PAULO ROBERTO\AppData\Roaming\Code\User\globalStorage\redhat.java\1.55.0\config_win\org.eclipse.equinox.launcher\org.eclipse.equinox.launcher.win32.win32.x86_64_1.3.100.v20260613-0559\eclipse_11924.dll
0x00007ff86abc0000 - 0x00007ff86ad59000 	C:\WINDOWS\System32\ole32.dll
0x00007ff869450000 - 0x00007ff86946b000 	C:\WINDOWS\SYSTEM32\CRYPTSP.dll
0x00007ff8688e0000 - 0x00007ff868919000 	C:\WINDOWS\system32\rsaenh.dll
0x00007ff8690e0000 - 0x00007ff869112000 	C:\WINDOWS\SYSTEM32\USERENV.dll
0x00007ff869bc0000 - 0x00007ff869bea000 	C:\WINDOWS\SYSTEM32\bcrypt.dll
0x00007ff869290000 - 0x00007ff86929c000 	C:\WINDOWS\SYSTEM32\CRYPTBASE.dll
0x00007ff868380000 - 0x00007ff8683b3000 	C:\WINDOWS\SYSTEM32\IPHLPAPI.DLL
0x00007ff86abb0000 - 0x00007ff86abba000 	C:\WINDOWS\System32\NSI.dll
0x00007ff836470000 - 0x00007ff8364b9000 	C:\Users\PAULO ROBERTO\AppData\Local\Temp\jna--1403105036\jna2634080743121125380.dll
0x00007ff86bb80000 - 0x00007ff86bb88000 	C:\WINDOWS\System32\PSAPI.DLL
0x00007ff857af0000 - 0x00007ff857b0d000 	C:\WINDOWS\SYSTEM32\dhcpcsvc6.DLL
0x00007ff857ac0000 - 0x00007ff857ae5000 	C:\WINDOWS\SYSTEM32\dhcpcsvc.DLL
0x00007ff8645d0000 - 0x00007ff8645de000 	C:\Users\PAULO ROBERTO\.vscode\extensions\redhat.java-1.55.0-win32-x64\jre\21.0.11-win32-x86_64\bin\sunmscapi.dll
0x00007ff869f50000 - 0x00007ff86a0ce000 	C:\WINDOWS\System32\CRYPT32.dll
0x00007ff8695c0000 - 0x00007ff8695f0000 	C:\WINDOWS\SYSTEM32\ncrypt.dll
0x00007ff869570000 - 0x00007ff8695af000 	C:\WINDOWS\SYSTEM32\NTASN1.dll
0x00007ff868420000 - 0x00007ff868578000 	C:\WINDOWS\SYSTEM32\DNSAPI.dll
0x00007ff868dc0000 - 0x00007ff868dcd000 	C:\WINDOWS\SYSTEM32\DSPARSE.dll
0x00007ff863260000 - 0x00007ff86326b000 	C:\Windows\System32\rasadhlp.dll
0x00007ff857060000 - 0x00007ff8570e6000 	C:\WINDOWS\System32\fwpuclnt.dll
0x00007ff8645c0000 - 0x00007ff8645c9000 	C:\Users\PAULO ROBERTO\.vscode\extensions\redhat.java-1.55.0-win32-x64\jre\21.0.11-win32-x86_64\bin\extnet.dll

JVMTI agents:
c:\Users\PAULO ROBERTO\.vscode\extensions\redhat.java-1.55.0-win32-x64\lombok\lombok-1.18.39-4050.jar path:c:\Users\PAULO ROBERTO\.vscode\extensions\redhat.java-1.55.0-win32-x64\jre\21.0.11-win32-x86_64\bin\instrument.dll, loaded, initialized, instrumentlib options:none

dbghelp: loaded successfully - version: 4.0.5 - missing functions: none
symbol engine: initialized successfully - sym options: 0x614 - pdb path: .;c:\Users\PAULO ROBERTO\.vscode\extensions\redhat.java-1.55.0-win32-x64\jre\21.0.11-win32-x86_64\bin;C:\WINDOWS\SYSTEM32;C:\WINDOWS\WinSxS\amd64_microsoft.windows.common-controls_6595b64144ccf1df_6.0.26100.8972_none_3e0da176e32f9d4b;c:\Users\PAULO ROBERTO\.vscode\extensions\redhat.java-1.55.0-win32-x64\jre\21.0.11-win32-x86_64\bin\server;C:\Users\PAULO ROBERTO\AppData\Roaming\Code\User\globalStorage\redhat.java\1.55.0\config_win\org.eclipse.equinox.launcher\org.eclipse.equinox.launcher.win32.win32.x86_64_1.3.100.v20260613-0559;C:\Users\PAULO ROBERTO\AppData\Local\Temp\jna--1403105036

VM Arguments:
jvm_args: --add-modules=ALL-SYSTEM --add-opens=java.base/java.util=ALL-UNNAMED --add-opens=java.base/java.lang=ALL-UNNAMED --add-opens=java.base/sun.nio.fs=ALL-UNNAMED -Declipse.application=org.eclipse.jdt.ls.core.id1 -Dosgi.bundles.defaultStartLevel=4 -Declipse.product=org.eclipse.jdt.ls.core.product -Djava.import.generatesMetadataFilesAtProjectRoot=false -DDetectVMInstallationsJob.disabled=true -Dfile.encoding=utf8 -XX:+UseParallelGC -XX:GCTimeRatio=4 -XX:AdaptiveSizePolicyWeight=90 -Dsun.zip.disableMemoryMapping=true -Xmx2G -Xms100m -Xlog:disable -javaagent:c:\Users\PAULO ROBERTO\.vscode\extensions\redhat.java-1.55.0-win32-x64\lombok\lombok-1.18.39-4050.jar -XX:+HeapDumpOnOutOfMemoryError -XX:HeapDumpPath=c:\Users\PAULO ROBERTO\AppData\Roaming\Code\User\workspaceStorage\af78278a2264e0da21869ec41e085d06\redhat.java -Daether.dependencyCollector.impl=bf 
java_command: c:\Users\PAULO ROBERTO\.vscode\extensions\redhat.java-1.55.0-win32-x64\server\plugins\org.eclipse.equinox.launcher_1.7.200.v20260619-2039.jar -configuration c:\Users\PAULO ROBERTO\AppData\Roaming\Code\User\globalStorage\redhat.java\1.55.0\config_win -data c:\Users\PAULO ROBERTO\AppData\Roaming\Code\User\workspaceStorage\af78278a2264e0da21869ec41e085d06\redhat.java\jdt_ws --pipe=\\.\pipe\lsp-44202efb0736ca3e2febc551ac5230b5-sock
java_class_path (initial): c:\Users\PAULO ROBERTO\.vscode\extensions\redhat.java-1.55.0-win32-x64\server\plugins\org.eclipse.equinox.launcher_1.7.200.v20260619-2039.jar
Launcher Type: SUN_STANDARD

[Global flags]
    uintx AdaptiveSizePolicyWeight                 = 90                                        {product} {command line}
     intx CICompilerCount                          = 4                                         {product} {ergonomic}
    uintx GCTimeRatio                              = 4                                         {product} {command line}
     bool HeapDumpOnOutOfMemoryError               = true                                   {manageable} {command line}
    ccstr HeapDumpPath                             = c:\Users\PAULO ROBERTO\AppData\Roaming\Code\User\workspaceStorage\af78278a2264e0da21869ec41e085d06\redhat.java         {manageable} {command line}
   size_t InitialHeapSize                          = 104857600                                 {product} {command line}
   size_t MaxHeapSize                              = 2147483648                                {product} {command line}
   size_t MaxNewSize                               = 715653120                                 {product} {ergonomic}
   size_t MinHeapDeltaBytes                        = 524288                                    {product} {ergonomic}
   size_t MinHeapSize                              = 104857600                                 {product} {command line}
   size_t NewSize                                  = 34603008                                  {product} {ergonomic}
    uintx NonNMethodCodeHeapSize                   = 5839372                                {pd product} {ergonomic}
    uintx NonProfiledCodeHeapSize                  = 122909434                              {pd product} {ergonomic}
   size_t OldSize                                  = 70254592                                  {product} {ergonomic}
    uintx ProfiledCodeHeapSize                     = 122909434                              {pd product} {ergonomic}
    uintx ReservedCodeCacheSize                    = 251658240                              {pd product} {ergonomic}
     bool SegmentedCodeCache                       = true                                      {product} {ergonomic}
   size_t SoftMaxHeapSize                          = 2147483648                             {manageable} {ergonomic}
     bool UseCompressedOops                        = true                           {product lp64_product} {ergonomic}
     bool UseLargePagesIndividualAllocation        = false                                  {pd product} {ergonomic}
     bool UseParallelGC                            = true                                      {product} {command line}

Logging:
Log output configuration:
 #0: stdout all=off uptime,level,tags foldmultilines=false
 #1: stderr all=off uptime,level,tags foldmultilines=false

Release file:
JAVA_VERSION="21.0.11" 
MODULES="java.base java.compiler java.datatransfer java.xml java.prefs java.desktop java.instrument java.logging java.management java.security.sasl java.naming java.rmi java.management.rmi java.net.http java.scripting java.security.jgss java.transaction.xa java.sql java.sql.rowset java.xml.crypto java.se java.smartcardio jdk.accessibility jdk.internal.jvmstat jdk.attach jdk.charsets jdk.internal.opt jdk.zipfs jdk.compiler jdk.crypto.ec jdk.crypto.cryptoki jdk.crypto.mscapi jdk.dynalink jdk.internal.ed jdk.editpad jdk.hotspot.agent jdk.httpserver jdk.internal.le jdk.internal.vm.ci jdk.internal.vm.compiler jdk.internal.vm.compiler.management jdk.jartool jdk.javadoc jdk.jcmd jdk.management jdk.management.agent jdk.jconsole jdk.jdeps jdk.jdwp.agent jdk.jdi jdk.jfr jdk.jshell jdk.jsobject jdk.jstatd jdk.localedata jdk.management.jfr jdk.naming.dns jdk.naming.rmi jdk.net jdk.nio.mapmode jdk.random jdk.sctp jdk.security.auth jdk.security.jgss jdk.unsupported jdk.unsupported.desktop jdk.xml.dom" 

Environment Variables:
JAVA_HOME=C:\Program Files\Java\jdk-21
PATH=C:\Program Files\Common Files\Oracle\Java\javapath;C:\WINDOWS\system32;C:\WINDOWS;C:\WINDOWS\System32\Wbem;C:\WINDOWS\System32\WindowsPowerShell\v1.0\;C:\WINDOWS\System32\OpenSSH\;C:\Program Files\dotnet\;C:\Program Files\NVIDIA Corporation\NVIDIA App\NvDLISR;C:\Program Files (x86)\NVIDIA Corporation\PhysX\Common;C:\Program Files\GitHub CLI\;C:\Program Files\nodejs\;C:\Program Files\Git\cmd;C:\Users\PAULO ROBERTO\.local\bin;C:\Users\PAULO ROBERTO\AppData\Local\Microsoft\WindowsApps;C:\Users\PAULO ROBERTO\AppData\Roaming\npm;C:\Users\PAULO ROBERTO\AppData\Local\Programs\Microsoft VS Code\bin;C:\Users\PAULO ROBERTO\.bun\bin;C:\Users\PAULO ROBERTO\AppData\Local\Microsoft\WinGet\Packages\jqlang.jq_Microsoft.Winget.Source_8wekyb3d8bbwe;C:\Users\PAULO ROBERTO\.lmstudio\bin
USERNAME=PAULO ROBERTO
OS=Windows_NT
PROCESSOR_IDENTIFIER=Intel64 Family 6 Model 186 Stepping 2, GenuineIntel
TMP=C:\Users\PAULOR~1\AppData\Local\Temp
TEMP=C:\Users\PAULOR~1\AppData\Local\Temp




Periodic native trim disabled

---------------  S Y S T E M  ---------------

OS:
 Windows 11 , 64 bit Build 26100 (10.0.26100.8972)
OS uptime: 2 days 16:03 hours
Hyper-V role detected

CPU: total 12 (initial active 12) (6 cores per cpu, 2 threads per core) family 6 model 186 stepping 2 microcode 0x5103, cx8, cmov, fxsr, ht, mmx, 3dnowpref, sse, sse2, sse3, ssse3, sse4.1, sse4.2, popcnt, lzcnt, tsc, tscinvbit, avx, avx2, aes, erms, clmul, bmi1, bmi2, adx, sha, fma, vzeroupper, clflush, clflushopt, clwb, hv, serialize, rdtscp, rdpid, fsrm, f16c, cet_ibt, cet_ss
Processor Information for the first 12 processors :
  Max Mhz: 2100, Current Mhz: 2100, Mhz Limit: 2100

Memory: 4k page, system-wide physical 16087M (580M free)
TotalPageFile size 32471M (AvailPageFile size 196M)
current process WorkingSet (physical memory assigned to process): 206M, peak: 226M
current process commit charge ("private bytes"): 326M, peak: 347M

vm_info: OpenJDK 64-Bit Server VM (21.0.11+10-LTS) for windows-amd64 JRE (21.0.11+10-LTS), built on 2026-04-21T00:00:00Z by "admin" with MS VC++ 17.12 (VS2022)

END.
