#
# There is insufficient memory for the Java Runtime Environment to continue.
# Native memory allocation (malloc) failed to allocate 1268976 bytes. Error detail: Chunk::new
# Possible reasons:
#   The system is out of physical RAM or swap space
#   This process is running with CompressedOops enabled, and the Java Heap may be blocking the growth of the native heap
# Possible solutions:
#   Reduce memory load on the system
#   Increase physical memory or swap space
#   Check if swap backing store is full
#   Decrease Java heap size (-Xmx/-Xms)
#   Decrease number of Java threads
#   Decrease Java thread stack sizes (-Xss)
#   Set larger code cache with -XX:ReservedCodeCacheSize=
#   JVM is running with Unscaled Compressed Oops mode in which the Java heap is
#     placed in the first 4GB address space. The Java Heap base address is the
#     maximum limit for the native heap growth. Please use -XX:HeapBaseMinAddress
#     to set the Java Heap base and to place the Java Heap above 4GB virtual address.
# This output file may be truncated or incomplete.
#
#  Out of Memory Error (arena.cpp:168), pid=27772, tid=53508
#
# JRE version: OpenJDK Runtime Environment Temurin-21.0.11+10 (21.0.11+10) (build 21.0.11+10-LTS)
# Java VM: OpenJDK 64-Bit Server VM Temurin-21.0.11+10 (21.0.11+10-LTS, mixed mode, sharing, tiered, compressed oops, compressed class ptrs, parallel gc, windows-amd64)
# No core dump will be written. Minidumps are not enabled by default on client versions of Windows
#

---------------  S U M M A R Y ------------

Command Line: --add-modules=ALL-SYSTEM --add-opens=java.base/java.util=ALL-UNNAMED --add-opens=java.base/java.lang=ALL-UNNAMED --add-opens=java.base/sun.nio.fs=ALL-UNNAMED -Declipse.application=org.eclipse.jdt.ls.core.id1 -Dosgi.bundles.defaultStartLevel=4 -Declipse.product=org.eclipse.jdt.ls.core.product -Djava.import.generatesMetadataFilesAtProjectRoot=false -DDetectVMInstallationsJob.disabled=true -Dfile.encoding=utf8 -XX:+UseParallelGC -XX:GCTimeRatio=4 -XX:AdaptiveSizePolicyWeight=90 -Dsun.zip.disableMemoryMapping=true -Xmx2G -Xms100m -Xlog:disable -javaagent:c:\Users\PAULO ROBERTO\.vscode\extensions\redhat.java-1.55.0-win32-x64\lombok\lombok-1.18.39-4050.jar -XX:+HeapDumpOnOutOfMemoryError -XX:HeapDumpPath=c:\Users\PAULO ROBERTO\AppData\Roaming\Code\User\workspaceStorage\af78278a2264e0da21869ec41e085d06\redhat.java -Daether.dependencyCollector.impl=bf c:\Users\PAULO ROBERTO\.vscode\extensions\redhat.java-1.55.0-win32-x64\server\plugins\org.eclipse.equinox.launcher_1.7.200.v20260619-2039.jar -configuration c:\Users\PAULO ROBERTO\AppData\Roaming\Code\User\globalStorage\redhat.java\1.55.0\config_win -data c:\Users\PAULO ROBERTO\AppData\Roaming\Code\User\workspaceStorage\af78278a2264e0da21869ec41e085d06\redhat.java\jdt_ws --pipe=\\.\pipe\lsp-e67cc64c2a8f5400a4269ff3661cb29b-sock

Host: 13th Gen Intel(R) Core(TM) i5-13420H, 12 cores, 15G,  Windows 11 , 64 bit Build 26100 (10.0.26100.8972)
Time: Tue Aug 11 14:01:14 2026 Hora Padrão de Bogotá elapsed time: 26.257405 seconds (0d 0h 0m 26s)

---------------  T H R E A D  ---------------

Current thread (0x0000012dbc00a420):  JavaThread "C2 CompilerThread0" daemon [_thread_in_native, id=53508, stack(0x0000000c92c00000,0x0000000c92d00000) (1024K)]


Current CompileTask:
C2:26257 7015   !   4       org.eclipse.osgi.internal.loader.classpath.ClasspathManager::defineClass (636 bytes)

Stack: [0x0000000c92c00000,0x0000000c92d00000]
Native frames: (J=compiled Java code, j=interpreted, Vv=VM code, C=native code)
V  [jvm.dll+0x6d7e19]
V  [jvm.dll+0x8b5096]
V  [jvm.dll+0x8b764e]
V  [jvm.dll+0x8b7d33]
V  [jvm.dll+0x284596]
V  [jvm.dll+0xc685d]
V  [jvm.dll+0xc6da1]
V  [jvm.dll+0x3bed6b]
V  [jvm.dll+0x1e4149]
V  [jvm.dll+0x24c853]
V  [jvm.dll+0x24bce0]
V  [jvm.dll+0x1cb4ae]
V  [jvm.dll+0x25baad]
V  [jvm.dll+0x25a03a]
V  [jvm.dll+0x3f868e]
V  [jvm.dll+0x85fb0d]
V  [jvm.dll+0x6d664d]
C  [ucrtbase.dll+0x2cd30]
C  [KERNEL32.DLL+0x2ccb7]
C  [ntdll.dll+0xaad6c]


---------------  P R O C E S S  ---------------

Threads class SMR info:
_java_thread_list=0x0000012e1d71b340, length=46, elements={
0x0000012dbbf4ac30, 0x0000012dd29fddd0, 0x0000012dbbff0f80, 0x0000012dbbff67e0,
0x0000012dbbff7240, 0x0000012dbbff9200, 0x0000012dbbff9c60, 0x0000012dbc00a420,
0x0000012dbc00af70, 0x0000012e1503eff0, 0x0000012e15125600, 0x0000012e1a60dbe0,
0x0000012e1a9c0940, 0x0000012e1a650b70, 0x0000012e1a9dc7f0, 0x0000012e1b16c020,
0x0000012e1b2217a0, 0x0000012e1b217020, 0x0000012e150c0d80, 0x0000012e1ace2640,
0x0000012e1ac30160, 0x0000012e1ac30e80, 0x0000012e1ac2e720, 0x0000012e1ac2edb0,
0x0000012e1ac2da00, 0x0000012e1ac2fad0, 0x0000012e1ac2f440, 0x0000012e1ac2e090,
0x0000012e1d805130, 0x0000012e1d805e50, 0x0000012e1d8057c0, 0x0000012e1d8064e0,
0x0000012e1d807200, 0x0000012e1d807890, 0x0000012e1d807f20, 0x0000012e1d806b70,
0x0000012e1d804aa0, 0x0000012e1d80ba30, 0x0000012e1d809960, 0x0000012e1d809ff0,
0x0000012e1d80b3a0, 0x0000012e1d80ad10, 0x0000012e1d80a680, 0x0000012e1d8085b0,
0x0000012e1cad7a60, 0x0000012e1cad80f0
}
_to_delete_list=0x0000012e1d71b340
Skipping _to_delete_list fields and contents for safety.
The _java_thread_list has changed from 0x0000012e1d71b340 to 0x0000012e1d287d60 so some of the above information may be stale.

Java Threads: ( => current thread )
  0x0000012dbbf4ac30 JavaThread "main"                              [_thread_blocked, id=48244, stack(0x0000000c92200000,0x0000000c92300000) (1024K)]
  0x0000012dd29fddd0 JavaThread "Reference Handler"          daemon [_thread_blocked, id=24460, stack(0x0000000c92600000,0x0000000c92700000) (1024K)]
  0x0000012dbbff0f80 JavaThread "Finalizer"                  daemon [_thread_blocked, id=26800, stack(0x0000000c92700000,0x0000000c92800000) (1024K)]
  0x0000012dbbff67e0 JavaThread "Signal Dispatcher"          daemon [_thread_blocked, id=17876, stack(0x0000000c92800000,0x0000000c92900000) (1024K)]
  0x0000012dbbff7240 JavaThread "Attach Listener"            daemon [_thread_blocked, id=53044, stack(0x0000000c92900000,0x0000000c92a00000) (1024K)]
  0x0000012dbbff9200 JavaThread "Service Thread"             daemon [_thread_blocked, id=5580, stack(0x0000000c92a00000,0x0000000c92b00000) (1024K)]
  0x0000012dbbff9c60 JavaThread "Monitor Deflation Thread"   daemon [_thread_blocked, id=42688, stack(0x0000000c92b00000,0x0000000c92c00000) (1024K)]
=>0x0000012dbc00a420 JavaThread "C2 CompilerThread0"         daemon [_thread_in_native, id=53508, stack(0x0000000c92c00000,0x0000000c92d00000) (1024K)]
  0x0000012dbc00af70 JavaThread "C1 CompilerThread0"         daemon [_thread_blocked, id=5928, stack(0x0000000c92d00000,0x0000000c92e00000) (1024K)]
  0x0000012e1503eff0 JavaThread "Common-Cleaner"             daemon [_thread_blocked, id=28476, stack(0x0000000c92f00000,0x0000000c93000000) (1024K)]
  0x0000012e15125600 JavaThread "Notification Thread"        daemon [_thread_blocked, id=15852, stack(0x0000000c93000000,0x0000000c93100000) (1024K)]
  0x0000012e1a60dbe0 JavaThread "Active Thread: Equinox Container: 0c3946b7-5ba4-4766-b6d3-03e936c97ad9"        [_thread_blocked, id=41696, stack(0x0000000c93800000,0x0000000c93900000) (1024K)]
  0x0000012e1a9c0940 JavaThread "Refresh Thread: Equinox Container: 0c3946b7-5ba4-4766-b6d3-03e936c97ad9" daemon [_thread_blocked, id=8396, stack(0x0000000c93a00000,0x0000000c93b00000) (1024K)]
  0x0000012e1a650b70 JavaThread "Framework Event Dispatcher: Equinox Container: 0c3946b7-5ba4-4766-b6d3-03e936c97ad9" daemon [_thread_blocked, id=53952, stack(0x0000000c93b00000,0x0000000c93c00000) (1024K)]
  0x0000012e1a9dc7f0 JavaThread "Start Level: Equinox Container: 0c3946b7-5ba4-4766-b6d3-03e936c97ad9" daemon [_thread_blocked, id=51652, stack(0x0000000c93c00000,0x0000000c93d00000) (1024K)]
  0x0000012e1b16c020 JavaThread "Bundle File Closer"         daemon [_thread_blocked, id=44816, stack(0x0000000c93f00000,0x0000000c94000000) (1024K)]
  0x0000012e1b2217a0 JavaThread "SCR Component Actor"        daemon [_thread_blocked, id=52424, stack(0x0000000c92e00000,0x0000000c92f00000) (1024K)]
  0x0000012e1b217020 JavaThread "Worker-JM"                         [_thread_blocked, id=51312, stack(0x0000000c93100000,0x0000000c93200000) (1024K)]
  0x0000012e150c0d80 JavaThread "JNA Cleaner"                daemon [_thread_blocked, id=38444, stack(0x0000000c94000000,0x0000000c94100000) (1024K)]
  0x0000012e1ace2640 JavaThread "Worker-0: Initialize workspace"        [_thread_in_Java, id=28712, stack(0x0000000c94100000,0x0000000c94200000) (1024K)]
  0x0000012e1ac30160 JavaThread "Worker-1"                          [_thread_blocked, id=25348, stack(0x0000000c94200000,0x0000000c94300000) (1024K)]
  0x0000012e1ac30e80 JavaThread "Worker-2"                          [_thread_blocked, id=26128, stack(0x0000000c94400000,0x0000000c94500000) (1024K)]
  0x0000012e1ac2e720 JavaThread "Java indexing"              daemon [_thread_blocked, id=41016, stack(0x0000000c94500000,0x0000000c94600000) (1024K)]
  0x0000012e1ac2edb0 JavaThread "Worker-3"                          [_thread_blocked, id=20084, stack(0x0000000c94600000,0x0000000c94700000) (1024K)]
  0x0000012e1ac2da00 JavaThread "Worker-4"                          [_thread_blocked, id=52048, stack(0x0000000c94900000,0x0000000c94a00000) (1024K)]
  0x0000012e1ac2fad0 JavaThread "Worker-5"                          [_thread_blocked, id=51612, stack(0x0000000c94a00000,0x0000000c94b00000) (1024K)]
  0x0000012e1ac2f440 JavaThread "Thread-1"                   daemon [_thread_in_native, id=31904, stack(0x0000000c94b00000,0x0000000c94c00000) (1024K)]
  0x0000012e1ac2e090 JavaThread "Thread-2"                   daemon [_thread_in_native, id=46388, stack(0x0000000c94c00000,0x0000000c94d00000) (1024K)]
  0x0000012e1d805130 JavaThread "Thread-3"                   daemon [_thread_in_native, id=6320, stack(0x0000000c94d00000,0x0000000c94e00000) (1024K)]
  0x0000012e1d805e50 JavaThread "Thread-4"                   daemon [_thread_in_native, id=32292, stack(0x0000000c94e00000,0x0000000c94f00000) (1024K)]
  0x0000012e1d8057c0 JavaThread "Thread-5"                   daemon [_thread_in_native, id=44720, stack(0x0000000c94f00000,0x0000000c95000000) (1024K)]
  0x0000012e1d8064e0 JavaThread "Thread-6"                   daemon [_thread_in_native, id=25308, stack(0x0000000c95000000,0x0000000c95100000) (1024K)]
  0x0000012e1d807200 JavaThread "Thread-7"                   daemon [_thread_in_native, id=51240, stack(0x0000000c95100000,0x0000000c95200000) (1024K)]
  0x0000012e1d807890 JavaThread "Thread-8"                   daemon [_thread_in_native, id=35620, stack(0x0000000c95200000,0x0000000c95300000) (1024K)]
  0x0000012e1d807f20 JavaThread "Thread-9"                   daemon [_thread_in_native, id=19452, stack(0x0000000c95300000,0x0000000c95400000) (1024K)]
  0x0000012e1d806b70 JavaThread "Thread-10"                  daemon [_thread_in_native, id=25412, stack(0x0000000c95400000,0x0000000c95500000) (1024K)]
  0x0000012e1d804aa0 JavaThread "Thread-11"                  daemon [_thread_in_native, id=51564, stack(0x0000000c95500000,0x0000000c95600000) (1024K)]
  0x0000012e1d80ba30 JavaThread "Thread-12"                  daemon [_thread_in_native, id=53764, stack(0x0000000c95600000,0x0000000c95700000) (1024K)]
  0x0000012e1d809960 JavaThread "Thread-13"                  daemon [_thread_in_native, id=12300, stack(0x0000000c95700000,0x0000000c95800000) (1024K)]
  0x0000012e1d809ff0 JavaThread "pool-2-thread-1"                   [_thread_blocked, id=35600, stack(0x0000000c95800000,0x0000000c95900000) (1024K)]
  0x0000012e1d80b3a0 JavaThread "WorkspaceEventsHandler"            [_thread_blocked, id=37220, stack(0x0000000c95900000,0x0000000c95a00000) (1024K)]
  0x0000012e1d80ad10 JavaThread "pool-1-thread-1"                   [_thread_blocked, id=1604, stack(0x0000000c95a00000,0x0000000c95b00000) (1024K)]
  0x0000012e1d80a680 JavaThread "PatternSearchJob-worker-1"  daemon [_thread_blocked, id=49008, stack(0x0000000c95b00000,0x0000000c95c00000) (1024K)]
  0x0000012e1d8085b0 JavaThread "PatternSearchJob-worker-2"  daemon [_thread_blocked, id=53240, stack(0x0000000c95c00000,0x0000000c95d00000) (1024K)]
  0x0000012e1cad7a60 JavaThread "Timer-0"                           [_thread_blocked, id=9312, stack(0x0000000c95d00000,0x0000000c95e00000) (1024K)]
  0x0000012e1cad80f0 JavaThread "ForkJoinPool.commonPool-worker-1" daemon [_thread_blocked, id=26224, stack(0x0000000c94300000,0x0000000c94400000) (1024K)]
  0x0000012e1cad8780 JavaThread "ForkJoinPool.commonPool-worker-2" daemon [_thread_in_native, id=51532, stack(0x0000000c95e00000,0x0000000c95f00000) (1024K)]
  0x0000012e1cad6d40 JavaThread "ForkJoinPool.commonPool-worker-3" daemon [_thread_blocked, id=51404, stack(0x0000000c95f00000,0x0000000c96000000) (1024K)]
Total: 48

Other Threads:
  0x0000012e14e20d70 VMThread "VM Thread"                           [id=17872, stack(0x0000000c92500000,0x0000000c92600000) (1024K)]
  0x0000012dd28dba00 WatcherThread "VM Periodic Task Thread"        [id=48784, stack(0x0000000c92400000,0x0000000c92500000) (1024K)]
  0x0000012dbbf6a3a0 WorkerThread "GC Thread#0"                     [id=51696, stack(0x0000000c92300000,0x0000000c92400000) (1024K)]
  0x0000012e1a163bb0 WorkerThread "GC Thread#1"                     [id=25268, stack(0x0000000c93200000,0x0000000c93300000) (1024K)]
  0x0000012e1a4dde50 WorkerThread "GC Thread#2"                     [id=31328, stack(0x0000000c93300000,0x0000000c93400000) (1024K)]
  0x0000012e1a4de200 WorkerThread "GC Thread#3"                     [id=34996, stack(0x0000000c93400000,0x0000000c93500000) (1024K)]
  0x0000012e1a4dedc0 WorkerThread "GC Thread#4"                     [id=51932, stack(0x0000000c93500000,0x0000000c93600000) (1024K)]
  0x0000012e1a6f7020 WorkerThread "GC Thread#5"                     [id=49104, stack(0x0000000c93600000,0x0000000c93700000) (1024K)]
  0x0000012e1a6f73d0 WorkerThread "GC Thread#6"                     [id=35300, stack(0x0000000c93700000,0x0000000c93800000) (1024K)]
  0x0000012e1a918fe0 WorkerThread "GC Thread#7"                     [id=41880, stack(0x0000000c93900000,0x0000000c93a00000) (1024K)]
  0x0000012e1ad1e880 WorkerThread "GC Thread#8"                     [id=51604, stack(0x0000000c93d00000,0x0000000c93e00000) (1024K)]
  0x0000012e1aff4980 WorkerThread "GC Thread#9"                     [id=36460, stack(0x0000000c93e00000,0x0000000c93f00000) (1024K)]
Total: 12

Threads with active compile tasks:
C2 CompilerThread0  26326 7015   !   4       org.eclipse.osgi.internal.loader.classpath.ClasspathManager::defineClass (636 bytes)
C1 CompilerThread0  26326 7164       3       org.eclipse.osgi.internal.loader.BundleLoader::getProviderLoader (77 bytes)
Total: 2

VM state: not at safepoint (normal execution)

VM Mutex/Monitor currently owned by a thread: None

Heap address: 0x0000000080000000, size: 2048 MB, Compressed Oops mode: 32-bit

CDS archive(s) mapped at: [0x0000012dd3000000-0x0000012dd3ba0000-0x0000012dd3ba0000), size 12189696, SharedBaseAddress: 0x0000012dd3000000, ArchiveRelocationMode: 1.
Compressed class space mapped at: 0x0000012dd4000000-0x0000012e14000000, reserved size: 1073741824
Narrow klass base: 0x0000012dd3000000, Narrow klass shift: 0, Narrow klass range: 0x100000000

GC Precious Log:
 CardTable entry size: 512
 CPUs: 12 total, 12 available
 Memory: 16087M
 Large Page Support: Disabled
 NUMA Support: Disabled
 Compressed Oops: Enabled (32-bit)
 Alignments: Space 512K, Generation 512K, Heap 2M
 Heap Min Capacity: 100M
 Heap Initial Capacity: 100M
 Heap Max Capacity: 2G
 Pre-touch: Disabled
 Parallel Workers: 10

Heap:
 PSYoungGen      total 16384K, used 5967K [0x00000000d5580000, 0x00000000d6a00000, 0x0000000100000000)
  eden space 15872K, 36% used [0x00000000d5580000,0x00000000d5b23e88,0x00000000d6500000)
  from space 512K, 37% used [0x00000000d6980000,0x00000000d69b0000,0x00000000d6a00000)
  to   space 512K, 0% used [0x00000000d6900000,0x00000000d6900000,0x00000000d6980000)
 ParOldGen       total 68608K, used 42168K [0x0000000080000000, 0x0000000084300000, 0x00000000d5580000)
  object space 68608K, 61% used [0x0000000080000000,0x000000008292e190,0x0000000084300000)
 Metaspace       used 55649K, committed 57024K, reserved 1114112K
  class space    used 6594K, committed 7232K, reserved 1048576K

Card table byte_map: [0x0000012dbb920000,0x0000012dbbd30000] _byte_map_base: 0x0000012dbb520000

Marking Bits: (ParMarkBitMap*) 0x00007fff90a14460
 Begin Bits: [0x0000012dce400000, 0x0000012dd0400000)
 End Bits:   [0x0000012dd0400000, 0x0000012dd2400000)

Polling page: 0x0000012dbb710000

Metaspace:

Usage:
  Non-class:     47.91 MB used.
      Class:      6.44 MB used.
       Both:     54.35 MB used.

Virtual space:
  Non-class space:       64.00 MB reserved,      48.62 MB ( 76%) committed,  1 nodes.
      Class space:        1.00 GB reserved,       7.06 MB ( <1%) committed,  1 nodes.
             Both:        1.06 GB reserved,      55.69 MB (  5%) committed. 

Chunk freelists:
   Non-Class:  15.32 MB
       Class:  8.91 MB
        Both:  24.22 MB

MaxMetaspaceSize: unlimited
CompressedClassSpaceSize: 1.00 GB
Initial GC threshold: 21.00 MB
Current GC threshold: 58.38 MB
CDS: on
 - commit_granule_bytes: 65536.
 - commit_granule_words: 8192.
 - virtual_space_node_default_size: 8388608.
 - enlarge_chunks_in_place: 1.
 - use_allocation_guard: 0.


Internal statistics:

num_allocs_failed_limit: 6.
num_arena_births: 1060.
num_arena_deaths: 14.
num_vsnodes_births: 2.
num_vsnodes_deaths: 0.
num_space_committed: 891.
num_space_uncommitted: 0.
num_chunks_returned_to_freelist: 20.
num_chunks_taken_from_freelist: 3507.
num_chunk_merges: 12.
num_chunk_splits: 2256.
num_chunks_enlarged: 1388.
num_inconsistent_stats: 0.

CodeHeap 'non-profiled nmethods': size=120000Kb used=3910Kb max_used=3910Kb free=116089Kb
 bounds [0x0000012dc6c20000, 0x0000012dc7000000, 0x0000012dce150000]
CodeHeap 'profiled nmethods': size=120000Kb used=13757Kb max_used=13757Kb free=106242Kb
 bounds [0x0000012dbf150000, 0x0000012dbfec0000, 0x0000012dc6680000]
CodeHeap 'non-nmethods': size=5760Kb used=1375Kb max_used=1423Kb free=4384Kb
 bounds [0x0000012dc6680000, 0x0000012dc68f0000, 0x0000012dc6c20000]
CodeCache: size=245760Kb, used=19042Kb, max_used=19090Kb, free=226715Kb
 total_blobs=7236, nmethods=6558, adapters=584, full_count=0
Compilation: enabled, stopped_count=0, restarted_count=0

Compilation events (20 events):
Event: 24.965 Thread 0x0000012dbc00af70 7102       2       java.lang.AbstractStringBuilder::getBytes (44 bytes)
Event: 24.966 Thread 0x0000012dbc00af70 nmethod 7102 0x0000012dbfeab810 code [0x0000012dbfeab9c0, 0x0000012dbfeabc00]
Event: 24.978 Thread 0x0000012dbc00af70 7103       2       java.io.OutputStream::flush (1 bytes)
Event: 24.978 Thread 0x0000012dbc00af70 nmethod 7103 0x0000012dbfeabd10 code [0x0000012dbfeabea0, 0x0000012dbfeabfa8]
Event: 24.984 Thread 0x0000012dbc00af70 7104       2       sun.nio.fs.WindowsDirectoryStream$WindowsDirectoryIterator::<init> (73 bytes)
Event: 24.985 Thread 0x0000012dbc00af70 nmethod 7104 0x0000012dbfeac010 code [0x0000012dbfeac200, 0x0000012dbfeac570]
Event: 25.166 Thread 0x0000012dbc00af70 7108       2       java.util.Formatter::format (11 bytes)
Event: 25.166 Thread 0x0000012dbc00af70 nmethod 7108 0x0000012dbfeac810 code [0x0000012dbfeac9c0, 0x0000012dbfeacaf8]
Event: 25.166 Thread 0x0000012dbc00af70 7109       2       java.util.Formatter::toString (14 bytes)
Event: 25.167 Thread 0x0000012dbc00af70 nmethod 7109 0x0000012dbfeacb90 code [0x0000012dbfeacd40, 0x0000012dbfeacee8]
Event: 25.167 Thread 0x0000012dbc00af70 7110       1       java.nio.charset.Charset::name (5 bytes)
Event: 25.168 Thread 0x0000012dbc00af70 nmethod 7110 0x0000012dc6feeb90 code [0x0000012dc6feed20, 0x0000012dc6feede8]
Event: 25.292 Thread 0x0000012dbc00af70 7111       1       java.nio.file.FileTreeWalker$DirectoryNode::stream (5 bytes)
Event: 25.293 Thread 0x0000012dbc00af70 nmethod 7111 0x0000012dc6feee90 code [0x0000012dc6fef020, 0x0000012dc6fef0e8]
Event: 25.303 Thread 0x0000012dbc00af70 7113       2       java.util.regex.Pattern$Dollar::match (209 bytes)
Event: 25.304 Thread 0x0000012dbc00af70 nmethod 7113 0x0000012dbfead010 code [0x0000012dbfead260, 0x0000012dbfead780]
Event: 25.575 Thread 0x0000012dbc00af70 7117       2       java.util.ArrayDeque::removeFirst (19 bytes)
Event: 25.575 Thread 0x0000012dbc00af70 nmethod 7117 0x0000012dbfead910 code [0x0000012dbfeadac0, 0x0000012dbfeadcb0]
Event: 25.575 Thread 0x0000012dbc00af70 7116       2       java.util.ArrayDeque::pop (5 bytes)
Event: 25.575 Thread 0x0000012dbc00af70 nmethod 7116 0x0000012dbfeadd90 code [0x0000012dbfeadf40, 0x0000012dbfeae130]

GC Heap History (20 events):
Event: 23.164 GC heap before
{Heap before GC invocations=23 (full 2):
 PSYoungGen      total 16896K, used 16884K [0x00000000d5580000, 0x00000000d7e00000, 0x0000000100000000)
  eden space 15872K, 100% used [0x00000000d5580000,0x00000000d6500000,0x00000000d6500000)
  from space 1024K, 98% used [0x00000000d6e80000,0x00000000d6f7d150,0x00000000d6f80000)
  to   space 9728K, 0% used [0x00000000d6500000,0x00000000d6500000,0x00000000d6e80000)
 ParOldGen       total 68608K, used 33082K [0x0000000080000000, 0x0000000084300000, 0x00000000d5580000)
  object space 68608K, 48% used [0x0000000080000000,0x000000008204e910,0x0000000084300000)
 Metaspace       used 50241K, committed 51456K, reserved 1114112K
  class space    used 5677K, committed 6208K, reserved 1048576K
}
Event: 23.166 GC heap after
{Heap after GC invocations=23 (full 2):
 PSYoungGen      total 17408K, used 1040K [0x00000000d5580000, 0x00000000d6f00000, 0x0000000100000000)
  eden space 15872K, 0% used [0x00000000d5580000,0x00000000d5580000,0x00000000d6500000)
  from space 1536K, 67% used [0x00000000d6500000,0x00000000d66042e0,0x00000000d6680000)
  to   space 4096K, 0% used [0x00000000d6b00000,0x00000000d6b00000,0x00000000d6f00000)
 ParOldGen       total 68608K, used 34042K [0x0000000080000000, 0x0000000084300000, 0x00000000d5580000)
  object space 68608K, 49% used [0x0000000080000000,0x000000008213eb68,0x0000000084300000)
 Metaspace       used 50241K, committed 51456K, reserved 1114112K
  class space    used 5677K, committed 6208K, reserved 1048576K
}
Event: 23.652 GC heap before
{Heap before GC invocations=24 (full 2):
 PSYoungGen      total 17408K, used 16912K [0x00000000d5580000, 0x00000000d6f00000, 0x0000000100000000)
  eden space 15872K, 100% used [0x00000000d5580000,0x00000000d6500000,0x00000000d6500000)
  from space 1536K, 67% used [0x00000000d6500000,0x00000000d66042e0,0x00000000d6680000)
  to   space 4096K, 0% used [0x00000000d6b00000,0x00000000d6b00000,0x00000000d6f00000)
 ParOldGen       total 68608K, used 34042K [0x0000000080000000, 0x0000000084300000, 0x00000000d5580000)
  object space 68608K, 49% used [0x0000000080000000,0x000000008213eb68,0x0000000084300000)
 Metaspace       used 51047K, committed 52288K, reserved 1114112K
  class space    used 5804K, committed 6336K, reserved 1048576K
}
Event: 23.654 GC heap after
{Heap after GC invocations=24 (full 2):
 PSYoungGen      total 16896K, used 768K [0x00000000d5580000, 0x00000000d6c00000, 0x0000000100000000)
  eden space 15872K, 0% used [0x00000000d5580000,0x00000000d5580000,0x00000000d6500000)
  from space 1024K, 75% used [0x00000000d6b00000,0x00000000d6bc0000,0x00000000d6c00000)
  to   space 1536K, 0% used [0x00000000d6900000,0x00000000d6900000,0x00000000d6a80000)
 ParOldGen       total 68608K, used 34894K [0x0000000080000000, 0x0000000084300000, 0x00000000d5580000)
  object space 68608K, 50% used [0x0000000080000000,0x00000000822138f8,0x0000000084300000)
 Metaspace       used 51047K, committed 52288K, reserved 1114112K
  class space    used 5804K, committed 6336K, reserved 1048576K
}
Event: 23.796 GC heap before
{Heap before GC invocations=25 (full 2):
 PSYoungGen      total 16896K, used 16640K [0x00000000d5580000, 0x00000000d6c00000, 0x0000000100000000)
  eden space 15872K, 100% used [0x00000000d5580000,0x00000000d6500000,0x00000000d6500000)
  from space 1024K, 75% used [0x00000000d6b00000,0x00000000d6bc0000,0x00000000d6c00000)
  to   space 1536K, 0% used [0x00000000d6900000,0x00000000d6900000,0x00000000d6a80000)
 ParOldGen       total 68608K, used 34894K [0x0000000080000000, 0x0000000084300000, 0x00000000d5580000)
  object space 68608K, 50% used [0x0000000080000000,0x00000000822138f8,0x0000000084300000)
 Metaspace       used 51075K, committed 52352K, reserved 1114112K
  class space    used 5805K, committed 6336K, reserved 1048576K
}
Event: 23.797 GC heap after
{Heap after GC invocations=25 (full 2):
 PSYoungGen      total 17408K, used 544K [0x00000000d5580000, 0x00000000d6b80000, 0x0000000100000000)
  eden space 15872K, 0% used [0x00000000d5580000,0x00000000d5580000,0x00000000d6500000)
  from space 1536K, 35% used [0x00000000d6900000,0x00000000d6988000,0x00000000d6a80000)
  to   space 1024K, 0% used [0x00000000d6a80000,0x00000000d6a80000,0x00000000d6b80000)
 ParOldGen       total 68608K, used 35479K [0x0000000080000000, 0x0000000084300000, 0x00000000d5580000)
  object space 68608K, 51% used [0x0000000080000000,0x00000000822a5ca8,0x0000000084300000)
 Metaspace       used 51075K, committed 52352K, reserved 1114112K
  class space    used 5805K, committed 6336K, reserved 1048576K
}
Event: 23.970 GC heap before
{Heap before GC invocations=26 (full 2):
 PSYoungGen      total 17408K, used 16416K [0x00000000d5580000, 0x00000000d6b80000, 0x0000000100000000)
  eden space 15872K, 100% used [0x00000000d5580000,0x00000000d6500000,0x00000000d6500000)
  from space 1536K, 35% used [0x00000000d6900000,0x00000000d6988000,0x00000000d6a80000)
  to   space 1024K, 0% used [0x00000000d6a80000,0x00000000d6a80000,0x00000000d6b80000)
 ParOldGen       total 68608K, used 35479K [0x0000000080000000, 0x0000000084300000, 0x00000000d5580000)
  object space 68608K, 51% used [0x0000000080000000,0x00000000822a5ca8,0x0000000084300000)
 Metaspace       used 51079K, committed 52352K, reserved 1114112K
  class space    used 5805K, committed 6336K, reserved 1048576K
}
Event: 23.971 GC heap after
{Heap after GC invocations=26 (full 2):
 PSYoungGen      total 16896K, used 608K [0x00000000d5580000, 0x00000000d6b80000, 0x0000000100000000)
  eden space 15872K, 0% used [0x00000000d5580000,0x00000000d5580000,0x00000000d6500000)
  from space 1024K, 59% used [0x00000000d6a80000,0x00000000d6b18000,0x00000000d6b80000)
  to   space 1024K, 0% used [0x00000000d6980000,0x00000000d6980000,0x00000000d6a80000)
 ParOldGen       total 68608K, used 35847K [0x0000000080000000, 0x0000000084300000, 0x00000000d5580000)
  object space 68608K, 52% used [0x0000000080000000,0x0000000082301ca8,0x0000000084300000)
 Metaspace       used 51079K, committed 52352K, reserved 1114112K
  class space    used 5805K, committed 6336K, reserved 1048576K
}
Event: 24.205 GC heap before
{Heap before GC invocations=27 (full 2):
 PSYoungGen      total 16896K, used 16480K [0x00000000d5580000, 0x00000000d6b80000, 0x0000000100000000)
  eden space 15872K, 100% used [0x00000000d5580000,0x00000000d6500000,0x00000000d6500000)
  from space 1024K, 59% used [0x00000000d6a80000,0x00000000d6b18000,0x00000000d6b80000)
  to   space 1024K, 0% used [0x00000000d6980000,0x00000000d6980000,0x00000000d6a80000)
 ParOldGen       total 68608K, used 35847K [0x0000000080000000, 0x0000000084300000, 0x00000000d5580000)
  object space 68608K, 52% used [0x0000000080000000,0x0000000082301ca8,0x0000000084300000)
 Metaspace       used 51087K, committed 52352K, reserved 1114112K
  class space    used 5805K, committed 6336K, reserved 1048576K
}
Event: 24.207 GC heap after
{Heap after GC invocations=27 (full 2):
 PSYoungGen      total 16896K, used 1005K [0x00000000d5580000, 0x00000000d6d00000, 0x0000000100000000)
  eden space 15872K, 0% used [0x00000000d5580000,0x00000000d5580000,0x00000000d6500000)
  from space 1024K, 98% used [0x00000000d6980000,0x00000000d6a7b570,0x00000000d6a80000)
  to   space 2560K, 0% used [0x00000000d6a80000,0x00000000d6a80000,0x00000000d6d00000)
 ParOldGen       total 68608K, used 38081K [0x0000000080000000, 0x0000000084300000, 0x00000000d5580000)
  object space 68608K, 55% used [0x0000000080000000,0x0000000082530648,0x0000000084300000)
 Metaspace       used 51087K, committed 52352K, reserved 1114112K
  class space    used 5805K, committed 6336K, reserved 1048576K
}
Event: 24.382 GC heap before
{Heap before GC invocations=28 (full 2):
 PSYoungGen      total 16896K, used 16877K [0x00000000d5580000, 0x00000000d6d00000, 0x0000000100000000)
  eden space 15872K, 100% used [0x00000000d5580000,0x00000000d6500000,0x00000000d6500000)
  from space 1024K, 98% used [0x00000000d6980000,0x00000000d6a7b570,0x00000000d6a80000)
  to   space 2560K, 0% used [0x00000000d6a80000,0x00000000d6a80000,0x00000000d6d00000)
 ParOldGen       total 68608K, used 38081K [0x0000000080000000, 0x0000000084300000, 0x00000000d5580000)
  object space 68608K, 55% used [0x0000000080000000,0x0000000082530648,0x0000000084300000)
 Metaspace       used 51442K, committed 52736K, reserved 1114112K
  class space    used 5891K, committed 6464K, reserved 1048576K
}
Event: 24.383 GC heap after
{Heap after GC invocations=28 (full 2):
 PSYoungGen      total 17920K, used 1903K [0x00000000d5580000, 0x00000000d6c80000, 0x0000000100000000)
  eden space 15872K, 0% used [0x00000000d5580000,0x00000000d5580000,0x00000000d6500000)
  from space 2048K, 92% used [0x00000000d6a80000,0x00000000d6c5bd28,0x00000000d6c80000)
  to   space 2560K, 0% used [0x00000000d6780000,0x00000000d6780000,0x00000000d6a00000)
 ParOldGen       total 68608K, used 39104K [0x0000000080000000, 0x0000000084300000, 0x00000000d5580000)
  object space 68608K, 56% used [0x0000000080000000,0x00000000826301e8,0x0000000084300000)
 Metaspace       used 51442K, committed 52736K, reserved 1114112K
  class space    used 5891K, committed 6464K, reserved 1048576K
}
Event: 24.662 GC heap before
{Heap before GC invocations=29 (full 2):
 PSYoungGen      total 17920K, used 17775K [0x00000000d5580000, 0x00000000d6c80000, 0x0000000100000000)
  eden space 15872K, 100% used [0x00000000d5580000,0x00000000d6500000,0x00000000d6500000)
  from space 2048K, 92% used [0x00000000d6a80000,0x00000000d6c5bd28,0x00000000d6c80000)
  to   space 2560K, 0% used [0x00000000d6780000,0x00000000d6780000,0x00000000d6a00000)
 ParOldGen       total 68608K, used 39104K [0x0000000080000000, 0x0000000084300000, 0x00000000d5580000)
  object space 68608K, 56% used [0x0000000080000000,0x00000000826301e8,0x0000000084300000)
 Metaspace       used 53067K, committed 54464K, reserved 1114112K
  class space    used 6164K, committed 6784K, reserved 1048576K
}
Event: 24.664 GC heap after
{Heap after GC invocations=29 (full 2):
 PSYoungGen      total 16896K, used 864K [0x00000000d5580000, 0x00000000d6b00000, 0x0000000100000000)
  eden space 15872K, 0% used [0x00000000d5580000,0x00000000d5580000,0x00000000d6500000)
  from space 1024K, 84% used [0x00000000d6780000,0x00000000d6858020,0x00000000d6880000)
  to   space 1536K, 0% used [0x00000000d6980000,0x00000000d6980000,0x00000000d6b00000)
 ParOldGen       total 68608K, used 40801K [0x0000000080000000, 0x0000000084300000, 0x00000000d5580000)
  object space 68608K, 59% used [0x0000000080000000,0x00000000827d8450,0x0000000084300000)
 Metaspace       used 53067K, committed 54464K, reserved 1114112K
  class space    used 6164K, committed 6784K, reserved 1048576K
}
Event: 24.849 GC heap before
{Heap before GC invocations=30 (full 2):
 PSYoungGen      total 16896K, used 16736K [0x00000000d5580000, 0x00000000d6b00000, 0x0000000100000000)
  eden space 15872K, 100% used [0x00000000d5580000,0x00000000d6500000,0x00000000d6500000)
  from space 1024K, 84% used [0x00000000d6780000,0x00000000d6858020,0x00000000d6880000)
  to   space 1536K, 0% used [0x00000000d6980000,0x00000000d6980000,0x00000000d6b00000)
 ParOldGen       total 68608K, used 40801K [0x0000000080000000, 0x0000000084300000, 0x00000000d5580000)
  object space 68608K, 59% used [0x0000000080000000,0x00000000827d8450,0x0000000084300000)
 Metaspace       used 54821K, committed 56256K, reserved 1114112K
  class space    used 6467K, committed 7104K, reserved 1048576K
}
Event: 24.851 GC heap after
{Heap after GC invocations=30 (full 2):
 PSYoungGen      total 16896K, used 576K [0x00000000d5580000, 0x00000000d6a80000, 0x0000000100000000)
  eden space 15872K, 0% used [0x00000000d5580000,0x00000000d5580000,0x00000000d6500000)
  from space 1024K, 56% used [0x00000000d6980000,0x00000000d6a10010,0x00000000d6a80000)
  to   space 1024K, 0% used [0x00000000d6780000,0x00000000d6780000,0x00000000d6880000)
 ParOldGen       total 68608K, used 41425K [0x0000000080000000, 0x0000000084300000, 0x00000000d5580000)
  object space 68608K, 60% used [0x0000000080000000,0x0000000082874470,0x0000000084300000)
 Metaspace       used 54821K, committed 56256K, reserved 1114112K
  class space    used 6467K, committed 7104K, reserved 1048576K
}
Event: 25.218 GC heap before
{Heap before GC invocations=31 (full 2):
 PSYoungGen      total 16896K, used 16448K [0x00000000d5580000, 0x00000000d6a80000, 0x0000000100000000)
  eden space 15872K, 100% used [0x00000000d5580000,0x00000000d6500000,0x00000000d6500000)
  from space 1024K, 56% used [0x00000000d6980000,0x00000000d6a10010,0x00000000d6a80000)
  to   space 1024K, 0% used [0x00000000d6780000,0x00000000d6780000,0x00000000d6880000)
 ParOldGen       total 68608K, used 41425K [0x0000000080000000, 0x0000000084300000, 0x00000000d5580000)
  object space 68608K, 60% used [0x0000000080000000,0x0000000082874470,0x0000000084300000)
 Metaspace       used 55438K, committed 56832K, reserved 1114112K
  class space    used 6566K, committed 7232K, reserved 1048576K
}
Event: 25.219 GC heap after
{Heap after GC invocations=31 (full 2):
 PSYoungGen      total 16896K, used 416K [0x00000000d5580000, 0x00000000d6a00000, 0x0000000100000000)
  eden space 15872K, 0% used [0x00000000d5580000,0x00000000d5580000,0x00000000d6500000)
  from space 1024K, 40% used [0x00000000d6780000,0x00000000d67e8000,0x00000000d6880000)
  to   space 512K, 0% used [0x00000000d6980000,0x00000000d6980000,0x00000000d6a00000)
 ParOldGen       total 68608K, used 41912K [0x0000000080000000, 0x0000000084300000, 0x00000000d5580000)
  object space 68608K, 61% used [0x0000000080000000,0x00000000828ee190,0x0000000084300000)
 Metaspace       used 55438K, committed 56832K, reserved 1114112K
  class space    used 6566K, committed 7232K, reserved 1048576K
}
Event: 25.565 GC heap before
{Heap before GC invocations=32 (full 2):
 PSYoungGen      total 16896K, used 16288K [0x00000000d5580000, 0x00000000d6a00000, 0x0000000100000000)
  eden space 15872K, 100% used [0x00000000d5580000,0x00000000d6500000,0x00000000d6500000)
  from space 1024K, 40% used [0x00000000d6780000,0x00000000d67e8000,0x00000000d6880000)
  to   space 512K, 0% used [0x00000000d6980000,0x00000000d6980000,0x00000000d6a00000)
 ParOldGen       total 68608K, used 41912K [0x0000000080000000, 0x0000000084300000, 0x00000000d5580000)
  object space 68608K, 61% used [0x0000000080000000,0x00000000828ee190,0x0000000084300000)
 Metaspace       used 55441K, committed 56832K, reserved 1114112K
  class space    used 6566K, committed 7232K, reserved 1048576K
}
Event: 25.566 GC heap after
{Heap after GC invocations=32 (full 2):
 PSYoungGen      total 16384K, used 192K [0x00000000d5580000, 0x00000000d6a00000, 0x0000000100000000)
  eden space 15872K, 0% used [0x00000000d5580000,0x00000000d5580000,0x00000000d6500000)
  from space 512K, 37% used [0x00000000d6980000,0x00000000d69b0000,0x00000000d6a00000)
  to   space 512K, 0% used [0x00000000d6900000,0x00000000d6900000,0x00000000d6980000)
 ParOldGen       total 68608K, used 42168K [0x0000000080000000, 0x0000000084300000, 0x00000000d5580000)
  object space 68608K, 61% used [0x0000000080000000,0x000000008292e190,0x0000000084300000)
 Metaspace       used 55441K, committed 56832K, reserved 1114112K
  class space    used 6566K, committed 7232K, reserved 1048576K
}

Dll operation events (13 events):
Event: 0.014 Loaded shared library c:\Users\PAULO ROBERTO\.vscode\extensions\redhat.java-1.55.0-win32-x64\jre\21.0.11-win32-x86_64\bin\java.dll
Event: 0.099 Loaded shared library c:\Users\PAULO ROBERTO\.vscode\extensions\redhat.java-1.55.0-win32-x64\jre\21.0.11-win32-x86_64\bin\zip.dll
Event: 0.118 Loaded shared library C:\Users\PAULO ROBERTO\.vscode\extensions\redhat.java-1.55.0-win32-x64\jre\21.0.11-win32-x86_64\bin\instrument.dll
Event: 0.123 Loaded shared library C:\Users\PAULO ROBERTO\.vscode\extensions\redhat.java-1.55.0-win32-x64\jre\21.0.11-win32-x86_64\bin\net.dll
Event: 0.127 Loaded shared library C:\Users\PAULO ROBERTO\.vscode\extensions\redhat.java-1.55.0-win32-x64\jre\21.0.11-win32-x86_64\bin\nio.dll
Event: 0.131 Loaded shared library C:\Users\PAULO ROBERTO\.vscode\extensions\redhat.java-1.55.0-win32-x64\jre\21.0.11-win32-x86_64\bin\zip.dll
Event: 0.150 Loaded shared library C:\Users\PAULO ROBERTO\.vscode\extensions\redhat.java-1.55.0-win32-x64\jre\21.0.11-win32-x86_64\bin\jimage.dll
Event: 0.225 Loaded shared library c:\Users\PAULO ROBERTO\.vscode\extensions\redhat.java-1.55.0-win32-x64\jre\21.0.11-win32-x86_64\bin\verify.dll
Event: 1.203 Loaded shared library C:\Users\PAULO ROBERTO\AppData\Roaming\Code\User\globalStorage\redhat.java\1.55.0\config_win\org.eclipse.equinox.launcher\org.eclipse.equinox.launcher.win32.win32.x86_64_1.3.100.v20260613-0559\eclipse_11924.dll
Event: 6.973 Loaded shared library C:\Users\PAULO ROBERTO\AppData\Local\Temp\jna--1403105036\jna18108226704154266040.dll
Event: 23.113 Loaded shared library C:\Users\PAULO ROBERTO\.gradle\native\c067742578af261105cb4f569cf0c3c89f3d7b1fecec35dd04571415982c5e48\windows-amd64\native-platform.dll
Event: 24.815 Loaded shared library C:\Users\PAULO ROBERTO\.vscode\extensions\redhat.java-1.55.0-win32-x64\jre\21.0.11-win32-x86_64\bin\management.dll
Event: 24.819 Loaded shared library C:\Users\PAULO ROBERTO\.vscode\extensions\redhat.java-1.55.0-win32-x64\jre\21.0.11-win32-x86_64\bin\management_ext.dll

Deoptimization events (20 events):
Event: 24.960 Thread 0x0000012e1ac30e80 Uncommon trap: trap_request=0xffffffde fr.pc=0x0000012dc6e44df4 relative=0x0000000000000274
Event: 24.960 Thread 0x0000012e1ac30e80 Uncommon trap: reason=class_check action=maybe_recompile pc=0x0000012dc6e44df4 method=sun.nio.cs.StreamDecoder.read([CII)I @ 8 c2
Event: 24.960 Thread 0x0000012e1ac30e80 DEOPT PACKING pc=0x0000012dc6e44df4 sp=0x0000000c944fed70
Event: 24.960 Thread 0x0000012e1ac30e80 DEOPT UNPACKING pc=0x0000012dc66d3aa2 sp=0x0000000c944fed08 mode 2
Event: 24.960 Thread 0x0000012e1ac30e80 Uncommon trap: trap_request=0xffffffde fr.pc=0x0000012dc6e44df4 relative=0x0000000000000274
Event: 24.960 Thread 0x0000012e1ac30e80 Uncommon trap: reason=class_check action=maybe_recompile pc=0x0000012dc6e44df4 method=sun.nio.cs.StreamDecoder.read([CII)I @ 8 c2
Event: 24.960 Thread 0x0000012e1ac30e80 DEOPT PACKING pc=0x0000012dc6e44df4 sp=0x0000000c944fed70
Event: 24.960 Thread 0x0000012e1ac30e80 DEOPT UNPACKING pc=0x0000012dc66d3aa2 sp=0x0000000c944fed08 mode 2
Event: 24.961 Thread 0x0000012e1ac30e80 Uncommon trap: trap_request=0xffffffde fr.pc=0x0000012dc6e44df4 relative=0x0000000000000274
Event: 24.961 Thread 0x0000012e1ac30e80 Uncommon trap: reason=class_check action=maybe_recompile pc=0x0000012dc6e44df4 method=sun.nio.cs.StreamDecoder.read([CII)I @ 8 c2
Event: 24.961 Thread 0x0000012e1ac30e80 DEOPT PACKING pc=0x0000012dc6e44df4 sp=0x0000000c944fed70
Event: 24.961 Thread 0x0000012e1ac30e80 DEOPT UNPACKING pc=0x0000012dc66d3aa2 sp=0x0000000c944fed08 mode 2
Event: 25.284 Thread 0x0000012e1ac2da00 Uncommon trap: trap_request=0xffffffde fr.pc=0x0000012dc6f518b0 relative=0x0000000000000430
Event: 25.284 Thread 0x0000012e1ac2da00 Uncommon trap: reason=class_check action=maybe_recompile pc=0x0000012dc6f518b0 method=java.util.regex.Pattern$SliceU.match(Ljava/util/regex/Matcher;ILjava/lang/CharSequence;)Z @ 95 c2
Event: 25.284 Thread 0x0000012e1ac2da00 DEOPT PACKING pc=0x0000012dc6f518b0 sp=0x0000000c949fed90
Event: 25.284 Thread 0x0000012e1ac2da00 DEOPT UNPACKING pc=0x0000012dc66d3aa2 sp=0x0000000c949fed18 mode 2
Event: 25.535 Thread 0x0000012e1ac2da00 Uncommon trap: trap_request=0xffffffde fr.pc=0x0000012dc6f518b0 relative=0x0000000000000430
Event: 25.535 Thread 0x0000012e1ac2da00 Uncommon trap: reason=class_check action=maybe_recompile pc=0x0000012dc6f518b0 method=java.util.regex.Pattern$SliceU.match(Ljava/util/regex/Matcher;ILjava/lang/CharSequence;)Z @ 95 c2
Event: 25.535 Thread 0x0000012e1ac2da00 DEOPT PACKING pc=0x0000012dc6f518b0 sp=0x0000000c949fed90
Event: 25.535 Thread 0x0000012e1ac2da00 DEOPT UNPACKING pc=0x0000012dc66d3aa2 sp=0x0000000c949fed18 mode 2

Classes loaded (20 events):
Event: 24.824 Loading class java/lang/management/DefaultPlatformMBeanProvider$9
Event: 24.824 Loading class java/lang/management/DefaultPlatformMBeanProvider$9 done
Event: 24.824 Loading class java/lang/management/DefaultPlatformMBeanProvider$10
Event: 24.824 Loading class java/lang/management/DefaultPlatformMBeanProvider$10 done
Event: 24.824 Loading class java/lang/management/DefaultPlatformMBeanProvider$11
Event: 24.824 Loading class java/lang/management/DefaultPlatformMBeanProvider$11 done
Event: 24.824 Loading class jdk/management/jfr/FlightRecorderMXBean
Event: 24.825 Loading class jdk/management/jfr/FlightRecorderMXBean done
Event: 24.825 Loading class jdk/management/jfr/internal/FlightRecorderMXBeanProvider$SingleMBeanComponent
Event: 24.825 Loading class jdk/management/jfr/internal/FlightRecorderMXBeanProvider$SingleMBeanComponent done
Event: 24.826 Loading class sun/management/RuntimeImpl
Event: 24.826 Loading class sun/management/RuntimeImpl done
Event: 24.826 Loading class java/util/Collections$2
Event: 24.826 Loading class java/util/Collections$2 done
Event: 24.827 Loading class sun/management/Util
Event: 24.827 Loading class sun/management/Util done
Event: 24.827 Loading class java/lang/management/ManagementPermission
Event: 24.827 Loading class java/lang/management/ManagementPermission done
Event: 24.963 Loading class java/security/DigestInputStream
Event: 24.963 Loading class java/security/DigestInputStream done

Classes unloaded (7 events):
Event: 10.575 Thread 0x0000012e14e20d70 Unloading class 0x0000012dd41ab400 'java/lang/invoke/LambdaForm$MH+0x0000012dd41ab400'
Event: 10.575 Thread 0x0000012e14e20d70 Unloading class 0x0000012dd41ab000 'java/lang/invoke/LambdaForm$MH+0x0000012dd41ab000'
Event: 10.575 Thread 0x0000012e14e20d70 Unloading class 0x0000012dd41aac00 'java/lang/invoke/LambdaForm$MH+0x0000012dd41aac00'
Event: 10.575 Thread 0x0000012e14e20d70 Unloading class 0x0000012dd41aa800 'java/lang/invoke/LambdaForm$MH+0x0000012dd41aa800'
Event: 10.575 Thread 0x0000012e14e20d70 Unloading class 0x0000012dd41aa400 'java/lang/invoke/LambdaForm$BMH+0x0000012dd41aa400'
Event: 10.575 Thread 0x0000012e14e20d70 Unloading class 0x0000012dd41aa000 'java/lang/invoke/LambdaForm$DMH+0x0000012dd41aa000'
Event: 10.575 Thread 0x0000012e14e20d70 Unloading class 0x0000012dd41a8c00 'java/lang/invoke/LambdaForm$DMH+0x0000012dd41a8c00'

Classes redefined (0 events):
No events

Internal exceptions (20 events):
Event: 25.601 Thread 0x0000012e1ac2da00 Exception <a 'sun/nio/fs/WindowsException'{0x00000000d5776918}> (0x00000000d5776918) 
thrown [s\src\hotspot\share\prims\jni.cpp, line 520]
Event: 25.602 Thread 0x0000012e1ac2da00 Exception <a 'sun/nio/fs/WindowsException'{0x00000000d577cbe8}> (0x00000000d577cbe8) 
thrown [s\src\hotspot\share\prims\jni.cpp, line 520]
Event: 25.602 Thread 0x0000012e1ac2da00 Exception <a 'sun/nio/fs/WindowsException'{0x00000000d5783438}> (0x00000000d5783438) 
thrown [s\src\hotspot\share\prims\jni.cpp, line 520]
Event: 25.603 Thread 0x0000012e1ac2da00 Exception <a 'sun/nio/fs/WindowsException'{0x00000000d57898a8}> (0x00000000d57898a8) 
thrown [s\src\hotspot\share\prims\jni.cpp, line 520]
Event: 25.604 Thread 0x0000012e1ac2da00 Exception <a 'sun/nio/fs/WindowsException'{0x00000000d5790928}> (0x00000000d5790928) 
thrown [s\src\hotspot\share\prims\jni.cpp, line 520]
Event: 25.604 Thread 0x0000012e1ac2da00 Exception <a 'sun/nio/fs/WindowsException'{0x00000000d5796c58}> (0x00000000d5796c58) 
thrown [s\src\hotspot\share\prims\jni.cpp, line 520]
Event: 25.605 Thread 0x0000012e1ac2da00 Exception <a 'sun/nio/fs/WindowsException'{0x00000000d579cf58}> (0x00000000d579cf58) 
thrown [s\src\hotspot\share\prims\jni.cpp, line 520]
Event: 25.606 Thread 0x0000012e1ac2da00 Exception <a 'sun/nio/fs/WindowsException'{0x00000000d57a34e0}> (0x00000000d57a34e0) 
thrown [s\src\hotspot\share\prims\jni.cpp, line 520]
Event: 25.607 Thread 0x0000012e1ac2da00 Exception <a 'sun/nio/fs/WindowsException'{0x00000000d57a9878}> (0x00000000d57a9878) 
thrown [s\src\hotspot\share\prims\jni.cpp, line 520]
Event: 25.607 Thread 0x0000012e1ac2da00 Exception <a 'sun/nio/fs/WindowsException'{0x00000000d57afbe8}> (0x00000000d57afbe8) 
thrown [s\src\hotspot\share\prims\jni.cpp, line 520]
Event: 25.608 Thread 0x0000012e1ac2da00 Exception <a 'sun/nio/fs/WindowsException'{0x00000000d57b5ed8}> (0x00000000d57b5ed8) 
thrown [s\src\hotspot\share\prims\jni.cpp, line 520]
Event: 25.609 Thread 0x0000012e1ac2da00 Exception <a 'sun/nio/fs/WindowsException'{0x00000000d57bc320}> (0x00000000d57bc320) 
thrown [s\src\hotspot\share\prims\jni.cpp, line 520]
Event: 25.609 Thread 0x0000012e1ac2da00 Exception <a 'sun/nio/fs/WindowsException'{0x00000000d57c2e70}> (0x00000000d57c2e70) 
thrown [s\src\hotspot\share\prims\jni.cpp, line 520]
Event: 25.610 Thread 0x0000012e1ac2da00 Exception <a 'sun/nio/fs/WindowsException'{0x00000000d57ca048}> (0x00000000d57ca048) 
thrown [s\src\hotspot\share\prims\jni.cpp, line 520]
Event: 25.610 Thread 0x0000012e1ac2da00 Exception <a 'sun/nio/fs/WindowsException'{0x00000000d57d0410}> (0x00000000d57d0410) 
thrown [s\src\hotspot\share\prims\jni.cpp, line 520]
Event: 25.610 Thread 0x0000012e1ac2da00 Exception <a 'sun/nio/fs/WindowsException'{0x00000000d57d5d90}> (0x00000000d57d5d90) 
thrown [s\src\hotspot\share\prims\jni.cpp, line 520]
Event: 25.611 Thread 0x0000012e1ac2da00 Exception <a 'sun/nio/fs/WindowsException'{0x00000000d57dc1d0}> (0x00000000d57dc1d0) 
thrown [s\src\hotspot\share\prims\jni.cpp, line 520]
Event: 25.611 Thread 0x0000012e1ac2da00 Exception <a 'sun/nio/fs/WindowsException'{0x00000000d57e27f0}> (0x00000000d57e27f0) 
thrown [s\src\hotspot\share\prims\jni.cpp, line 520]
Event: 25.612 Thread 0x0000012e1ac2da00 Exception <a 'sun/nio/fs/WindowsException'{0x00000000d57e8af0}> (0x00000000d57e8af0) 
thrown [s\src\hotspot\share\prims\jni.cpp, line 520]
Event: 25.612 Thread 0x0000012e1ac2da00 Exception <a 'sun/nio/fs/WindowsException'{0x00000000d57ef020}> (0x00000000d57ef020) 
thrown [s\src\hotspot\share\prims\jni.cpp, line 520]

ZGC Phase Switch (0 events):
No events

VM Operations (20 events):
Event: 23.796 Executing safepoint VM operation: ParallelGCFailedAllocation (Allocation Failure)
Event: 23.797 Executing safepoint VM operation: ParallelGCFailedAllocation (Allocation Failure) done
Event: 23.970 Executing safepoint VM operation: ParallelGCFailedAllocation (Allocation Failure)
Event: 23.971 Executing safepoint VM operation: ParallelGCFailedAllocation (Allocation Failure) done
Event: 24.205 Executing safepoint VM operation: ParallelGCFailedAllocation (Allocation Failure)
Event: 24.207 Executing safepoint VM operation: ParallelGCFailedAllocation (Allocation Failure) done
Event: 24.382 Executing safepoint VM operation: ParallelGCFailedAllocation (Allocation Failure)
Event: 24.383 Executing safepoint VM operation: ParallelGCFailedAllocation (Allocation Failure) done
Event: 24.464 Executing non-safepoint VM operation: HandshakeAllThreads (Deoptimize)
Event: 24.464 Executing non-safepoint VM operation: HandshakeAllThreads (Deoptimize) done
Event: 24.662 Executing safepoint VM operation: ParallelGCFailedAllocation (Allocation Failure)
Event: 24.664 Executing safepoint VM operation: ParallelGCFailedAllocation (Allocation Failure) done
Event: 24.849 Executing safepoint VM operation: ParallelGCFailedAllocation (Allocation Failure)
Event: 24.851 Executing safepoint VM operation: ParallelGCFailedAllocation (Allocation Failure) done
Event: 24.945 Executing non-safepoint VM operation: HandshakeAllThreads (Deoptimize)
Event: 24.945 Executing non-safepoint VM operation: HandshakeAllThreads (Deoptimize) done
Event: 25.218 Executing safepoint VM operation: ParallelGCFailedAllocation (Allocation Failure)
Event: 25.219 Executing safepoint VM operation: ParallelGCFailedAllocation (Allocation Failure) done
Event: 25.565 Executing safepoint VM operation: ParallelGCFailedAllocation (Allocation Failure)
Event: 25.566 Executing safepoint VM operation: ParallelGCFailedAllocation (Allocation Failure) done

Memory protections (0 events):
No events

Nmethod flushes (20 events):
Event: 13.871 Thread 0x0000012e14e20d70 flushing  nmethod 0x0000012dbf7d6390
Event: 13.871 Thread 0x0000012e14e20d70 flushing  nmethod 0x0000012dbf7d6b10
Event: 13.871 Thread 0x0000012e14e20d70 flushing  nmethod 0x0000012dbf7d8090
Event: 13.871 Thread 0x0000012e14e20d70 flushing  nmethod 0x0000012dbf7d8590
Event: 13.871 Thread 0x0000012e14e20d70 flushing  nmethod 0x0000012dbf7d8a90
Event: 13.871 Thread 0x0000012e14e20d70 flushing  nmethod 0x0000012dbf7d8e90
Event: 13.871 Thread 0x0000012e14e20d70 flushing  nmethod 0x0000012dbf7d9310
Event: 13.871 Thread 0x0000012e14e20d70 flushing  nmethod 0x0000012dbf7da290
Event: 13.871 Thread 0x0000012e14e20d70 flushing  nmethod 0x0000012dbf7dbd10
Event: 13.871 Thread 0x0000012e14e20d70 flushing  nmethod 0x0000012dbf7dc010
Event: 13.871 Thread 0x0000012e14e20d70 flushing  nmethod 0x0000012dbf7e5410
Event: 13.871 Thread 0x0000012e14e20d70 flushing  nmethod 0x0000012dbf7e6b90
Event: 13.871 Thread 0x0000012e14e20d70 flushing  nmethod 0x0000012dbf839710
Event: 13.871 Thread 0x0000012e14e20d70 flushing  nmethod 0x0000012dbf83c690
Event: 13.871 Thread 0x0000012e14e20d70 flushing  nmethod 0x0000012dbf844710
Event: 13.871 Thread 0x0000012e14e20d70 flushing  nmethod 0x0000012dbf84ec90
Event: 13.871 Thread 0x0000012e14e20d70 flushing  nmethod 0x0000012dbf886790
Event: 13.871 Thread 0x0000012e14e20d70 flushing  nmethod 0x0000012dbf8a6490
Event: 13.871 Thread 0x0000012e14e20d70 flushing  nmethod 0x0000012dbf8b9e90
Event: 13.871 Thread 0x0000012e14e20d70 flushing  nmethod 0x0000012dbf8bb810

Events (20 events):
Event: 14.030 Thread 0x0000012dbbf4ac30 Thread added: 0x0000012e1d8064e0
Event: 14.031 Thread 0x0000012dbbf4ac30 Thread added: 0x0000012e1d807200
Event: 14.031 Thread 0x0000012dbbf4ac30 Thread added: 0x0000012e1d807890
Event: 14.032 Thread 0x0000012dbbf4ac30 Thread added: 0x0000012e1d807f20
Event: 14.035 Thread 0x0000012dbbf4ac30 Thread added: 0x0000012e1d806b70
Event: 14.035 Thread 0x0000012dbbf4ac30 Thread added: 0x0000012e1d804aa0
Event: 14.036 Thread 0x0000012dbbf4ac30 Thread added: 0x0000012e1d80ba30
Event: 14.036 Thread 0x0000012dbbf4ac30 Thread added: 0x0000012e1d809960
Event: 14.153 Thread 0x0000012dbbf4ac30 Thread added: 0x0000012e1d809ff0
Event: 14.866 Thread 0x0000012dbbf4ac30 Thread added: 0x0000012e1d80b3a0
Event: 14.866 Thread 0x0000012dbbf4ac30 Thread added: 0x0000012e1d80ad10
Event: 17.815 Thread 0x0000012e1ac2edb0 Thread added: 0x0000012e1d80a680
Event: 17.817 Thread 0x0000012e1d80a680 Thread added: 0x0000012e1d8085b0
Event: 19.179 Thread 0x0000012e1b314490 Thread exited: 0x0000012e1b314490
Event: 20.266 Thread 0x0000012e1ac2da00 Thread added: 0x0000012e1d80c0c0
Event: 21.665 Thread 0x0000012e1ac2da00 Thread added: 0x0000012e1cad7a60
Event: 21.880 Thread 0x0000012e1ac2da00 Thread added: 0x0000012e1cad8e10
Event: 22.329 Thread 0x0000012dbc00af70 Thread added: 0x0000012e1b317440
Event: 23.630 Thread 0x0000012e1b317440 Thread exited: 0x0000012e1b317440
Event: 24.925 Thread 0x0000012e1cad8e10 Thread exited: 0x0000012e1cad8e10


Dynamic libraries:
0x00007ff6b9340000 - 0x00007ff6b934e000 	c:\Users\PAULO ROBERTO\.vscode\extensions\redhat.java-1.55.0-win32-x64\jre\21.0.11-win32-x86_64\bin\java.exe
0x00007ff86cac0000 - 0x00007ff86cd26000 	C:\WINDOWS\SYSTEM32\ntdll.dll
0x00007ff86b8d0000 - 0x00007ff86b999000 	C:\WINDOWS\System32\KERNEL32.DLL
0x00007ff86a0e0000 - 0x00007ff86a4df000 	C:\WINDOWS\System32\KERNELBASE.dll
0x00007ff86a5a0000 - 0x00007ff86a6ec000 	C:\WINDOWS\System32\ucrtbase.dll
0x00007ff85bf60000 - 0x00007ff85bf78000 	c:\Users\PAULO ROBERTO\.vscode\extensions\redhat.java-1.55.0-win32-x64\jre\21.0.11-win32-x86_64\bin\jli.dll
0x00007ff85c1e0000 - 0x00007ff85c1fe000 	c:\Users\PAULO ROBERTO\.vscode\extensions\redhat.java-1.55.0-win32-x64\jre\21.0.11-win32-x86_64\bin\VCRUNTIME140.dll
0x00007ff86b0d0000 - 0x00007ff86b296000 	C:\WINDOWS\System32\USER32.dll
0x00007ff849300000 - 0x00007ff849591000 	C:\WINDOWS\WinSxS\amd64_microsoft.windows.common-controls_6595b64144ccf1df_6.0.26100.8972_none_3e0da176e32f9d4b\COMCTL32.dll
0x00007ff86a700000 - 0x00007ff86a727000 	C:\WINDOWS\System32\win32u.dll
0x00007ff86c8b0000 - 0x00007ff86c959000 	C:\WINDOWS\System32\msvcrt.dll
0x00007ff86a7f0000 - 0x00007ff86a81b000 	C:\WINDOWS\System32\GDI32.dll
0x00007ff869e20000 - 0x00007ff869f49000 	C:\WINDOWS\System32\gdi32full.dll
0x00007ff86a4f0000 - 0x00007ff86a593000 	C:\WINDOWS\System32\msvcp_win.dll
0x00007ff86add0000 - 0x00007ff86ae02000 	C:\WINDOWS\System32\IMM32.DLL
0x00007ff85ed60000 - 0x00007ff85ed6c000 	c:\Users\PAULO ROBERTO\.vscode\extensions\redhat.java-1.55.0-win32-x64\jre\21.0.11-win32-x86_64\bin\vcruntime140_1.dll
0x00007ff84eb70000 - 0x00007ff84ebfd000 	c:\Users\PAULO ROBERTO\.vscode\extensions\redhat.java-1.55.0-win32-x64\jre\21.0.11-win32-x86_64\bin\msvcp140.dll
0x00007fff8fd50000 - 0x00007fff90af2000 	c:\Users\PAULO ROBERTO\.vscode\extensions\redhat.java-1.55.0-win32-x64\jre\21.0.11-win32-x86_64\bin\server\jvm.dll
0x00007ff86c7e0000 - 0x00007ff86c89c000 	C:\WINDOWS\System32\ADVAPI32.dll
0x00007ff86bd80000 - 0x00007ff86be29000 	C:\WINDOWS\System32\sechost.dll
0x00007ff86c6c0000 - 0x00007ff86c7d8000 	C:\WINDOWS\System32\RPCRT4.dll
0x00007ff86b3b0000 - 0x00007ff86b432000 	C:\WINDOWS\System32\WS2_32.dll
0x00007ff868f10000 - 0x00007ff868f6e000 	C:\WINDOWS\SYSTEM32\POWRPROF.dll
0x00007ff8558a0000 - 0x00007ff8558d6000 	C:\WINDOWS\SYSTEM32\WINMM.dll
0x00007ff859f00000 - 0x00007ff859f0b000 	C:\WINDOWS\SYSTEM32\VERSION.dll
0x00007ff868da0000 - 0x00007ff868db5000 	C:\WINDOWS\SYSTEM32\UMPDC.dll
0x00007ff868980000 - 0x00007ff86899b000 	C:\WINDOWS\SYSTEM32\kernel.appcore.dll
0x00007ff85ea30000 - 0x00007ff85ea3a000 	c:\Users\PAULO ROBERTO\.vscode\extensions\redhat.java-1.55.0-win32-x64\jre\21.0.11-win32-x86_64\bin\jimage.dll
0x00007ff8671c0000 - 0x00007ff867402000 	C:\WINDOWS\SYSTEM32\DBGHELP.DLL
0x00007ff86a820000 - 0x00007ff86aba5000 	C:\WINDOWS\System32\combase.dll
0x00007ff86c5e0000 - 0x00007ff86c6b9000 	C:\WINDOWS\System32\OLEAUT32.dll
0x00007ff856850000 - 0x00007ff85688b000 	C:\WINDOWS\SYSTEM32\dbgcore.DLL
0x00007ff86a730000 - 0x00007ff86a7dc000 	C:\WINDOWS\System32\bcryptPrimitives.dll
0x00007ff85cdd0000 - 0x00007ff85cddf000 	c:\Users\PAULO ROBERTO\.vscode\extensions\redhat.java-1.55.0-win32-x64\jre\21.0.11-win32-x86_64\bin\instrument.dll
0x00007ff85bde0000 - 0x00007ff85be00000 	c:\Users\PAULO ROBERTO\.vscode\extensions\redhat.java-1.55.0-win32-x64\jre\21.0.11-win32-x86_64\bin\java.dll
0x00007ff86be50000 - 0x00007ff86c5d8000 	C:\WINDOWS\System32\SHELL32.dll
0x00007ff867760000 - 0x00007ff867ffb000 	C:\WINDOWS\SYSTEM32\windows.storage.dll
0x00007ff86bc80000 - 0x00007ff86bd79000 	C:\WINDOWS\System32\SHCORE.dll
0x00007ff86ad60000 - 0x00007ff86adc6000 	C:\WINDOWS\System32\shlwapi.dll
0x00007ff869bf0000 - 0x00007ff869c19000 	C:\WINDOWS\SYSTEM32\profapi.dll
0x00007ff85bca0000 - 0x00007ff85bcb8000 	c:\Users\PAULO ROBERTO\.vscode\extensions\redhat.java-1.55.0-win32-x64\jre\21.0.11-win32-x86_64\bin\zip.dll
0x00007ff85e9b0000 - 0x00007ff85e9c0000 	C:\Users\PAULO ROBERTO\.vscode\extensions\redhat.java-1.55.0-win32-x64\jre\21.0.11-win32-x86_64\bin\net.dll
0x00007ff858a80000 - 0x00007ff858ba7000 	C:\WINDOWS\SYSTEM32\WINHTTP.dll
0x00007ff869030000 - 0x00007ff86909c000 	C:\WINDOWS\system32\mswsock.dll
0x00007ff85b7d0000 - 0x00007ff85b7e6000 	C:\Users\PAULO ROBERTO\.vscode\extensions\redhat.java-1.55.0-win32-x64\jre\21.0.11-win32-x86_64\bin\nio.dll
0x00007ff85c270000 - 0x00007ff85c280000 	c:\Users\PAULO ROBERTO\.vscode\extensions\redhat.java-1.55.0-win32-x64\jre\21.0.11-win32-x86_64\bin\verify.dll
0x00007ff85ba50000 - 0x00007ff85ba95000 	C:\Users\PAULO ROBERTO\AppData\Roaming\Code\User\globalStorage\redhat.java\1.55.0\config_win\org.eclipse.equinox.launcher\org.eclipse.equinox.launcher.win32.win32.x86_64_1.3.100.v20260613-0559\eclipse_11924.dll
0x00007ff86abc0000 - 0x00007ff86ad59000 	C:\WINDOWS\System32\ole32.dll
0x00007ff869450000 - 0x00007ff86946b000 	C:\WINDOWS\SYSTEM32\CRYPTSP.dll
0x00007ff8688e0000 - 0x00007ff868919000 	C:\WINDOWS\system32\rsaenh.dll
0x00007ff8690e0000 - 0x00007ff869112000 	C:\WINDOWS\SYSTEM32\USERENV.dll
0x00007ff869bc0000 - 0x00007ff869bea000 	C:\WINDOWS\SYSTEM32\bcrypt.dll
0x00007ff869290000 - 0x00007ff86929c000 	C:\WINDOWS\SYSTEM32\CRYPTBASE.dll
0x00007ff868380000 - 0x00007ff8683b3000 	C:\WINDOWS\SYSTEM32\IPHLPAPI.DLL
0x00007ff86abb0000 - 0x00007ff86abba000 	C:\WINDOWS\System32\NSI.dll
0x00007ff85b450000 - 0x00007ff85b499000 	C:\Users\PAULO ROBERTO\AppData\Local\Temp\jna--1403105036\jna18108226704154266040.dll
0x00007ff86bb80000 - 0x00007ff86bb88000 	C:\WINDOWS\System32\PSAPI.DLL
0x00007ff857af0000 - 0x00007ff857b0d000 	C:\WINDOWS\SYSTEM32\dhcpcsvc6.DLL
0x00007ff857ac0000 - 0x00007ff857ae5000 	C:\WINDOWS\SYSTEM32\dhcpcsvc.DLL
0x00007ff85b870000 - 0x00007ff85b897000 	C:\Users\PAULO ROBERTO\.gradle\native\c067742578af261105cb4f569cf0c3c89f3d7b1fecec35dd04571415982c5e48\windows-amd64\native-platform.dll
0x00007ff85b520000 - 0x00007ff85b52a000 	C:\Users\PAULO ROBERTO\.vscode\extensions\redhat.java-1.55.0-win32-x64\jre\21.0.11-win32-x86_64\bin\management.dll
0x00007ff85b510000 - 0x00007ff85b51c000 	C:\Users\PAULO ROBERTO\.vscode\extensions\redhat.java-1.55.0-win32-x64\jre\21.0.11-win32-x86_64\bin\management_ext.dll

JVMTI agents:
c:\Users\PAULO ROBERTO\.vscode\extensions\redhat.java-1.55.0-win32-x64\lombok\lombok-1.18.39-4050.jar path:c:\Users\PAULO ROBERTO\.vscode\extensions\redhat.java-1.55.0-win32-x64\jre\21.0.11-win32-x86_64\bin\instrument.dll, loaded, initialized, instrumentlib options:none

dbghelp: loaded successfully - version: 4.0.5 - missing functions: none
symbol engine: initialized successfully - sym options: 0x614 - pdb path: .;c:\Users\PAULO ROBERTO\.vscode\extensions\redhat.java-1.55.0-win32-x64\jre\21.0.11-win32-x86_64\bin;C:\WINDOWS\SYSTEM32;C:\WINDOWS\WinSxS\amd64_microsoft.windows.common-controls_6595b64144ccf1df_6.0.26100.8972_none_3e0da176e32f9d4b;c:\Users\PAULO ROBERTO\.vscode\extensions\redhat.java-1.55.0-win32-x64\jre\21.0.11-win32-x86_64\bin\server;C:\Users\PAULO ROBERTO\AppData\Roaming\Code\User\globalStorage\redhat.java\1.55.0\config_win\org.eclipse.equinox.launcher\org.eclipse.equinox.launcher.win32.win32.x86_64_1.3.100.v20260613-0559;C:\Users\PAULO ROBERTO\AppData\Local\Temp\jna--1403105036;C:\Users\PAULO ROBERTO\.gradle\native\c067742578af261105cb4f569cf0c3c89f3d7b1fecec35dd04571415982c5e48\windows-amd64

VM Arguments:
jvm_args: --add-modules=ALL-SYSTEM --add-opens=java.base/java.util=ALL-UNNAMED --add-opens=java.base/java.lang=ALL-UNNAMED --add-opens=java.base/sun.nio.fs=ALL-UNNAMED -Declipse.application=org.eclipse.jdt.ls.core.id1 -Dosgi.bundles.defaultStartLevel=4 -Declipse.product=org.eclipse.jdt.ls.core.product -Djava.import.generatesMetadataFilesAtProjectRoot=false -DDetectVMInstallationsJob.disabled=true -Dfile.encoding=utf8 -XX:+UseParallelGC -XX:GCTimeRatio=4 -XX:AdaptiveSizePolicyWeight=90 -Dsun.zip.disableMemoryMapping=true -Xmx2G -Xms100m -Xlog:disable -javaagent:c:\Users\PAULO ROBERTO\.vscode\extensions\redhat.java-1.55.0-win32-x64\lombok\lombok-1.18.39-4050.jar -XX:+HeapDumpOnOutOfMemoryError -XX:HeapDumpPath=c:\Users\PAULO ROBERTO\AppData\Roaming\Code\User\workspaceStorage\af78278a2264e0da21869ec41e085d06\redhat.java -Daether.dependencyCollector.impl=bf 
java_command: c:\Users\PAULO ROBERTO\.vscode\extensions\redhat.java-1.55.0-win32-x64\server\plugins\org.eclipse.equinox.launcher_1.7.200.v20260619-2039.jar -configuration c:\Users\PAULO ROBERTO\AppData\Roaming\Code\User\globalStorage\redhat.java\1.55.0\config_win -data c:\Users\PAULO ROBERTO\AppData\Roaming\Code\User\workspaceStorage\af78278a2264e0da21869ec41e085d06\redhat.java\jdt_ws --pipe=\\.\pipe\lsp-e67cc64c2a8f5400a4269ff3661cb29b-sock
java_class_path (initial): c:\Users\PAULO ROBERTO\.vscode\extensions\redhat.java-1.55.0-win32-x64\server\plugins\org.eclipse.equinox.launcher_1.7.200.v20260619-2039.jar
Launcher Type: SUN_STANDARD

[Global flags]
    uintx AdaptiveSizePolicyWeight                 = 90                                        {product} {command line}
     intx CICompilerCount                          = 4                                         {product} {ergonomic}
    uintx GCTimeRatio                              = 4                                         {product} {command line}
     bool HeapDumpOnOutOfMemoryError               = true                                   {manageable} {command line}
    ccstr HeapDumpPath                             = c:\Users\PAULO ROBERTO\AppData\Roaming\Code\User\workspaceStorage\af78278a2264e0da21869ec41e085d06\redhat.java         {manageable} {command line}
   size_t InitialHeapSize                          = 104857600                                 {product} {command line}
   size_t MaxHeapSize                              = 2147483648                                {product} {command line}
   size_t MaxNewSize                               = 715653120                                 {product} {ergonomic}
   size_t MinHeapDeltaBytes                        = 524288                                    {product} {ergonomic}
   size_t MinHeapSize                              = 104857600                                 {product} {command line}
   size_t NewSize                                  = 34603008                                  {product} {ergonomic}
    uintx NonNMethodCodeHeapSize                   = 5839372                                {pd product} {ergonomic}
    uintx NonProfiledCodeHeapSize                  = 122909434                              {pd product} {ergonomic}
   size_t OldSize                                  = 70254592                                  {product} {ergonomic}
    uintx ProfiledCodeHeapSize                     = 122909434                              {pd product} {ergonomic}
    uintx ReservedCodeCacheSize                    = 251658240                              {pd product} {ergonomic}
     bool SegmentedCodeCache                       = true                                      {product} {ergonomic}
   size_t SoftMaxHeapSize                          = 2147483648                             {manageable} {ergonomic}
     bool UseCompressedOops                        = true                           {product lp64_product} {ergonomic}
     bool UseLargePagesIndividualAllocation        = false                                  {pd product} {ergonomic}
     bool UseParallelGC                            = true                                      {product} {command line}

Logging:
Log output configuration:
 #0: stdout all=off uptime,level,tags foldmultilines=false
 #1: stderr all=off uptime,level,tags foldmultilines=false

Release file:
JAVA_VERSION="21.0.11" 
MODULES="java.base java.compiler java.datatransfer java.xml java.prefs java.desktop java.instrument java.logging java.management java.security.sasl java.naming java.rmi java.management.rmi java.net.http java.scripting java.security.jgss java.transaction.xa java.sql java.sql.rowset java.xml.crypto java.se java.smartcardio jdk.accessibility jdk.internal.jvmstat jdk.attach jdk.charsets jdk.internal.opt jdk.zipfs jdk.compiler jdk.crypto.ec jdk.crypto.cryptoki jdk.crypto.mscapi jdk.dynalink jdk.internal.ed jdk.editpad jdk.hotspot.agent jdk.httpserver jdk.internal.le jdk.internal.vm.ci jdk.internal.vm.compiler jdk.internal.vm.compiler.management jdk.jartool jdk.javadoc jdk.jcmd jdk.management jdk.management.agent jdk.jconsole jdk.jdeps jdk.jdwp.agent jdk.jdi jdk.jfr jdk.jshell jdk.jsobject jdk.jstatd jdk.localedata jdk.management.jfr jdk.naming.dns jdk.naming.rmi jdk.net jdk.nio.mapmode jdk.random jdk.sctp jdk.security.auth jdk.security.jgss jdk.unsupported jdk.unsupported.desktop jdk.xml.dom" 

Environment Variables:
JAVA_HOME=C:\Program Files\Java\jdk-21
PATH=C:\Program Files\Common Files\Oracle\Java\javapath;C:\WINDOWS\system32;C:\WINDOWS;C:\WINDOWS\System32\Wbem;C:\WINDOWS\System32\WindowsPowerShell\v1.0\;C:\WINDOWS\System32\OpenSSH\;C:\Program Files\dotnet\;C:\Program Files\NVIDIA Corporation\NVIDIA App\NvDLISR;C:\Program Files (x86)\NVIDIA Corporation\PhysX\Common;C:\Program Files\GitHub CLI\;C:\Program Files\nodejs\;C:\Program Files\Git\cmd;C:\Users\PAULO ROBERTO\.local\bin;C:\Users\PAULO ROBERTO\AppData\Local\Microsoft\WindowsApps;C:\Users\PAULO ROBERTO\AppData\Roaming\npm;C:\Users\PAULO ROBERTO\AppData\Local\Programs\Microsoft VS Code\bin;C:\Users\PAULO ROBERTO\.bun\bin;C:\Users\PAULO ROBERTO\AppData\Local\Microsoft\WinGet\Packages\jqlang.jq_Microsoft.Winget.Source_8wekyb3d8bbwe;C:\Users\PAULO ROBERTO\.lmstudio\bin
USERNAME=PAULO ROBERTO
OS=Windows_NT
PROCESSOR_IDENTIFIER=Intel64 Family 6 Model 186 Stepping 2, GenuineIntel
TMP=C:\Users\PAULOR~1\AppData\Local\Temp
TEMP=C:\Users\PAULOR~1\AppData\Local\Temp




Periodic native trim disabled

---------------  S Y S T E M  ---------------

OS:
 Windows 11 , 64 bit Build 26100 (10.0.26100.8972)
OS uptime: 7 days 21:31 hours
Hyper-V role detected

CPU: total 12 (initial active 12) (6 cores per cpu, 2 threads per core) family 6 model 186 stepping 2 microcode 0x5103, cx8, cmov, fxsr, ht, mmx, 3dnowpref, sse, sse2, sse3, ssse3, sse4.1, sse4.2, popcnt, lzcnt, tsc, tscinvbit, avx, avx2, aes, erms, clmul, bmi1, bmi2, adx, sha, fma, vzeroupper, clflush, clflushopt, clwb, hv, serialize, rdtscp, rdpid, fsrm, f16c, cet_ibt, cet_ss
Processor Information for the first 12 processors :
  Max Mhz: 2100, Current Mhz: 2100, Mhz Limit: 2100

Memory: 4k page, system-wide physical 16087M (386M free)
TotalPageFile size 32471M (AvailPageFile size 38M)
current process WorkingSet (physical memory assigned to process): 244M, peak: 245M
current process commit charge ("private bytes"): 353M, peak: 357M

vm_info: OpenJDK 64-Bit Server VM (21.0.11+10-LTS) for windows-amd64 JRE (21.0.11+10-LTS), built on 2026-04-21T00:00:00Z by "admin" with MS VC++ 17.12 (VS2022)

END.
