#
# There is insufficient memory for the Java Runtime Environment to continue.
# Native memory allocation (malloc) failed to allocate 1142576 bytes. Error detail: Chunk::new
# Possible reasons:
#   The system is out of physical RAM or swap space
#   This process is running with CompressedOops enabled, and the Java Heap may be blocking the growth of the native heap
# Possible solutions:
#   Reduce memory load on the system
#   Increase physical memory or swap space
#   Check if swap backing store is full
#   Decrease Java heap size (-Xmx/-Xms)
#   Decrease number of Java threads
#   Decrease Java thread stack sizes (-Xss)
#   Set larger code cache with -XX:ReservedCodeCacheSize=
#   JVM is running with Unscaled Compressed Oops mode in which the Java heap is
#     placed in the first 4GB address space. The Java Heap base address is the
#     maximum limit for the native heap growth. Please use -XX:HeapBaseMinAddress
#     to set the Java Heap base and to place the Java Heap above 4GB virtual address.
# This output file may be truncated or incomplete.
#
#  Out of Memory Error (arena.cpp:168), pid=61264, tid=10680
#
# JRE version: OpenJDK Runtime Environment Temurin-21.0.11+10 (21.0.11+10) (build 21.0.11+10-LTS)
# Java VM: OpenJDK 64-Bit Server VM Temurin-21.0.11+10 (21.0.11+10-LTS, mixed mode, sharing, tiered, compressed oops, compressed class ptrs, parallel gc, windows-amd64)
# No core dump will be written. Minidumps are not enabled by default on client versions of Windows
#

---------------  S U M M A R Y ------------

Command Line: --add-modules=ALL-SYSTEM --add-opens=java.base/java.util=ALL-UNNAMED --add-opens=java.base/java.lang=ALL-UNNAMED --add-opens=java.base/sun.nio.fs=ALL-UNNAMED -Declipse.application=org.eclipse.jdt.ls.core.id1 -Dosgi.bundles.defaultStartLevel=4 -Declipse.product=org.eclipse.jdt.ls.core.product -Djava.import.generatesMetadataFilesAtProjectRoot=false -DDetectVMInstallationsJob.disabled=true -Dfile.encoding=utf8 -XX:+UseParallelGC -XX:GCTimeRatio=4 -XX:AdaptiveSizePolicyWeight=90 -Dsun.zip.disableMemoryMapping=true -Xmx2G -Xms100m -Xlog:disable -javaagent:c:\Users\PAULO ROBERTO\.vscode\extensions\redhat.java-1.55.0-win32-x64\lombok\lombok-1.18.39-4050.jar -XX:+HeapDumpOnOutOfMemoryError -XX:HeapDumpPath=c:\Users\PAULO ROBERTO\AppData\Roaming\Code\User\workspaceStorage\af78278a2264e0da21869ec41e085d06\redhat.java -Daether.dependencyCollector.impl=bf c:\Users\PAULO ROBERTO\.vscode\extensions\redhat.java-1.55.0-win32-x64\server\plugins\org.eclipse.equinox.launcher_1.7.200.v20260619-2039.jar -configuration c:\Users\PAULO ROBERTO\AppData\Roaming\Code\User\globalStorage\redhat.java\1.55.0\config_win -data c:\Users\PAULO ROBERTO\AppData\Roaming\Code\User\workspaceStorage\af78278a2264e0da21869ec41e085d06\redhat.java\jdt_ws --pipe=\\.\pipe\lsp-16a06b7fb2191d4bb3b4d9fe4d853e46-sock

Host: 13th Gen Intel(R) Core(TM) i5-13420H, 12 cores, 15G,  Windows 11 , 64 bit Build 26100 (10.0.26100.9168)
Time: Thu Aug 27 15:40:59 2026 Hora Padrão de Bogotá elapsed time: 9.583714 seconds (0d 0h 0m 9s)

---------------  T H R E A D  ---------------

Current thread (0x0000018b6c7017c0):  JavaThread "C2 CompilerThread2" daemon [_thread_in_native, id=10680, stack(0x000000150e900000,0x000000150ea00000) (1024K)]


Current CompileTask:
C2:9583 5099       4       org.eclipse.osgi.internal.serviceregistry.ServiceRegistry::notifyHooksPrivileged (57 bytes)

Stack: [0x000000150e900000,0x000000150ea00000]
Native frames: (J=compiled Java code, j=interpreted, Vv=VM code, C=native code)
V  [jvm.dll+0x6d7e19]
V  [jvm.dll+0x8b5096]
V  [jvm.dll+0x8b764e]
V  [jvm.dll+0x8b7d33]
V  [jvm.dll+0x284596]
V  [jvm.dll+0xc685d]
V  [jvm.dll+0xc6da1]
V  [jvm.dll+0x3bed31]
V  [jvm.dll+0x38b2b2]
V  [jvm.dll+0x38a6fa]
V  [jvm.dll+0x24c700]
V  [jvm.dll+0x24bce0]
V  [jvm.dll+0x1cb4ae]
V  [jvm.dll+0x25baad]
V  [jvm.dll+0x25a03a]
V  [jvm.dll+0x3f868e]
V  [jvm.dll+0x85fb0d]
V  [jvm.dll+0x6d664d]
C  [ucrtbase.dll+0x2cd30]
C  [KERNEL32.DLL+0x2ccb7]
C  [ntdll.dll+0xaad6c]


---------------  P R O C E S S  ---------------

Threads class SMR info:
_java_thread_list=0x0000018b6c5f3bf0, length=44, elements={
0x0000018b4ef9c360, 0x0000018b65a4b4d0, 0x0000018b4f046fa0, 0x0000018b4f047c20,
0x0000018b4f04af90, 0x0000018b4f04c190, 0x0000018b4f04cbf0, 0x0000018b4f05a0d0,
0x0000018b66dc7d30, 0x0000018b66ff1900, 0x0000018b6710dee0, 0x0000018b6c1cda80,
0x0000018b6c7e4620, 0x0000018b6c748460, 0x0000018b6c642ce0, 0x0000018b6c65e2e0,
0x0000018b6d2f4cb0, 0x0000018b6cd1f9f0, 0x0000018b6d026e40, 0x0000018b6d024d70,
0x0000018b6d0246e0, 0x0000018b6c19ecc0, 0x0000018b6c7017c0, 0x0000018b6d025a90,
0x0000018b6d024050, 0x0000018b6d025400, 0x0000018b6d026120, 0x0000018b6d0267b0,
0x0000018b6f08b500, 0x0000018b6f08a150, 0x0000018b6f089430, 0x0000018b6f08a7e0,
0x0000018b6f088080, 0x0000018b6f08ae70, 0x0000018b6f08bb90, 0x0000018b6f088710,
0x0000018b6f08c220, 0x0000018b6f088da0, 0x0000018b6f08c8b0, 0x0000018b6f08cf40,
0x0000018b6f089ac0, 0x0000018b6f08f6a0, 0x0000018b6f08dc60, 0x0000018b6f08e2f0
}

Java Threads: ( => current thread )
  0x0000018b4ef9c360 JavaThread "main"                              [_thread_blocked, id=63512, stack(0x000000150ca00000,0x000000150cb00000) (1024K)]
  0x0000018b65a4b4d0 JavaThread "Reference Handler"          daemon [_thread_blocked, id=87412, stack(0x000000150ce00000,0x000000150cf00000) (1024K)]
  0x0000018b4f046fa0 JavaThread "Finalizer"                  daemon [_thread_blocked, id=83116, stack(0x000000150cf00000,0x000000150d000000) (1024K)]
  0x0000018b4f047c20 JavaThread "Signal Dispatcher"          daemon [_thread_blocked, id=18568, stack(0x000000150d000000,0x000000150d100000) (1024K)]
  0x0000018b4f04af90 JavaThread "Attach Listener"            daemon [_thread_blocked, id=86640, stack(0x000000150d100000,0x000000150d200000) (1024K)]
  0x0000018b4f04c190 JavaThread "Service Thread"             daemon [_thread_blocked, id=86556, stack(0x000000150d200000,0x000000150d300000) (1024K)]
  0x0000018b4f04cbf0 JavaThread "Monitor Deflation Thread"   daemon [_thread_blocked, id=8248, stack(0x000000150d300000,0x000000150d400000) (1024K)]
  0x0000018b4f05a0d0 JavaThread "C2 CompilerThread0"         daemon [_thread_in_native, id=83440, stack(0x000000150d400000,0x000000150d500000) (1024K)]
  0x0000018b66dc7d30 JavaThread "C1 CompilerThread0"         daemon [_thread_blocked, id=83396, stack(0x000000150d500000,0x000000150d600000) (1024K)]
  0x0000018b66ff1900 JavaThread "Common-Cleaner"             daemon [_thread_blocked, id=64040, stack(0x000000150d600000,0x000000150d700000) (1024K)]
  0x0000018b6710dee0 JavaThread "Notification Thread"        daemon [_thread_blocked, id=82588, stack(0x000000150d700000,0x000000150d800000) (1024K)]
  0x0000018b6c1cda80 JavaThread "Active Thread: Equinox Container: 46d66ab2-cee6-4b27-ab19-f7dce0347bb6"        [_thread_blocked, id=80484, stack(0x000000150e000000,0x000000150e100000) (1024K)]
  0x0000018b6c7e4620 JavaThread "Refresh Thread: Equinox Container: 46d66ab2-cee6-4b27-ab19-f7dce0347bb6" daemon [_thread_blocked, id=48464, stack(0x000000150e200000,0x000000150e300000) (1024K)]
  0x0000018b6c748460 JavaThread "Framework Event Dispatcher: Equinox Container: 46d66ab2-cee6-4b27-ab19-f7dce0347bb6" daemon [_thread_blocked, id=88376, stack(0x000000150e300000,0x000000150e400000) (1024K)]
  0x0000018b6c642ce0 JavaThread "Start Level: Equinox Container: 46d66ab2-cee6-4b27-ab19-f7dce0347bb6" daemon [_thread_blocked, id=60116, stack(0x000000150e400000,0x000000150e500000) (1024K)]
  0x0000018b6c65e2e0 JavaThread "Bundle File Closer"         daemon [_thread_blocked, id=64236, stack(0x000000150e700000,0x000000150e800000) (1024K)]
  0x0000018b6d2f4cb0 JavaThread "SCR Component Actor"        daemon [_thread_blocked, id=88224, stack(0x000000150d800000,0x000000150d900000) (1024K)]
  0x0000018b6cd1f9f0 JavaThread "Worker-JM"                         [_thread_blocked, id=22084, stack(0x000000150e800000,0x000000150e900000) (1024K)]
  0x0000018b6d026e40 JavaThread "JNA Cleaner"                daemon [_thread_blocked, id=39612, stack(0x000000150ea00000,0x000000150eb00000) (1024K)]
  0x0000018b6d024d70 JavaThread "Worker-0: Updating Maven Dependencies"        [_thread_blocked, id=42440, stack(0x000000150eb00000,0x000000150ec00000) (1024K)]
  0x0000018b6d0246e0 JavaThread "Worker-1: Initialize After Load"        [_thread_blocked, id=80588, stack(0x000000150ec00000,0x000000150ed00000) (1024K)]
  0x0000018b6c19ecc0 JavaThread "C2 CompilerThread1"         daemon [_thread_in_native, id=63088, stack(0x000000150d900000,0x000000150da00000) (1024K)]
=>0x0000018b6c7017c0 JavaThread "C2 CompilerThread2"         daemon [_thread_in_native, id=10680, stack(0x000000150e900000,0x000000150ea00000) (1024K)]
  0x0000018b6d025a90 JavaThread "Java indexing"              daemon [_thread_blocked, id=83828, stack(0x000000150ed00000,0x000000150ee00000) (1024K)]
  0x0000018b6d024050 JavaThread "Worker-2: Repository registry initialization"        [_thread_in_vm, id=4684, stack(0x000000150f100000,0x000000150f200000) (1024K)]
  0x0000018b6d025400 JavaThread "Worker-3"                          [_thread_blocked, id=67164, stack(0x000000150f200000,0x000000150f300000) (1024K)]
  0x0000018b6d026120 JavaThread "Worker-4"                          [_thread_blocked, id=66644, stack(0x000000150f300000,0x000000150f400000) (1024K)]
  0x0000018b6d0267b0 JavaThread "Worker-5"                          [_thread_blocked, id=85012, stack(0x000000150f400000,0x000000150f500000) (1024K)]
  0x0000018b6f08b500 JavaThread "Thread-1"                   daemon [_thread_in_native, id=59096, stack(0x000000150f500000,0x000000150f600000) (1024K)]
  0x0000018b6f08a150 JavaThread "Thread-2"                   daemon [_thread_in_native, id=79060, stack(0x000000150f600000,0x000000150f700000) (1024K)]
  0x0000018b6f089430 JavaThread "Thread-3"                   daemon [_thread_in_native, id=89640, stack(0x000000150f700000,0x000000150f800000) (1024K)]
  0x0000018b6f08a7e0 JavaThread "Thread-4"                   daemon [_thread_in_native, id=23200, stack(0x000000150f800000,0x000000150f900000) (1024K)]
  0x0000018b6f088080 JavaThread "Thread-5"                   daemon [_thread_in_native, id=79736, stack(0x000000150f900000,0x000000150fa00000) (1024K)]
  0x0000018b6f08ae70 JavaThread "Thread-6"                   daemon [_thread_in_native, id=80752, stack(0x000000150fa00000,0x000000150fb00000) (1024K)]
  0x0000018b6f08bb90 JavaThread "Thread-7"                   daemon [_thread_in_native, id=61992, stack(0x000000150fb00000,0x000000150fc00000) (1024K)]
  0x0000018b6f088710 JavaThread "Thread-8"                   daemon [_thread_in_native, id=77852, stack(0x000000150fc00000,0x000000150fd00000) (1024K)]
  0x0000018b6f08c220 JavaThread "Thread-9"                   daemon [_thread_in_native, id=84492, stack(0x000000150fd00000,0x000000150fe00000) (1024K)]
  0x0000018b6f088da0 JavaThread "Thread-10"                  daemon [_thread_in_native, id=88940, stack(0x000000150fe00000,0x000000150ff00000) (1024K)]
  0x0000018b6f08c8b0 JavaThread "Thread-11"                  daemon [_thread_in_native, id=85156, stack(0x000000150ff00000,0x0000001510000000) (1024K)]
  0x0000018b6f08cf40 JavaThread "Thread-12"                  daemon [_thread_in_native, id=57216, stack(0x0000001510000000,0x0000001510100000) (1024K)]
  0x0000018b6f089ac0 JavaThread "Thread-13"                  daemon [_thread_in_native, id=89620, stack(0x0000001510100000,0x0000001510200000) (1024K)]
  0x0000018b6f08f6a0 JavaThread "pool-2-thread-1"                   [_thread_blocked, id=82812, stack(0x0000001510200000,0x0000001510300000) (1024K)]
  0x0000018b6f08dc60 JavaThread "WorkspaceEventsHandler"            [_thread_blocked, id=84784, stack(0x0000001510300000,0x0000001510400000) (1024K)]
  0x0000018b6f08e2f0 JavaThread "pool-1-thread-1"                   [_thread_blocked, id=82884, stack(0x0000001510400000,0x0000001510500000) (1024K)]
Total: 44

Other Threads:
  0x0000018b66dc14a0 VMThread "VM Thread"                           [id=86088, stack(0x000000150cd00000,0x000000150ce00000) (1024K)]
  0x0000018b4f011ad0 WatcherThread "VM Periodic Task Thread"        [id=40920, stack(0x000000150cc00000,0x000000150cd00000) (1024K)]
  0x0000018b4efbb950 WorkerThread "GC Thread#0"                     [id=59300, stack(0x000000150cb00000,0x000000150cc00000) (1024K)]
  0x0000018b6c1aefe0 WorkerThread "GC Thread#1"                     [id=81216, stack(0x000000150da00000,0x000000150db00000) (1024K)]
  0x0000018b6c00b3e0 WorkerThread "GC Thread#2"                     [id=81340, stack(0x000000150db00000,0x000000150dc00000) (1024K)]
  0x0000018b6c00b790 WorkerThread "GC Thread#3"                     [id=63984, stack(0x000000150dc00000,0x000000150dd00000) (1024K)]
  0x0000018b6c00bb40 WorkerThread "GC Thread#4"                     [id=59024, stack(0x000000150dd00000,0x000000150de00000) (1024K)]
  0x0000018b6c3cc850 WorkerThread "GC Thread#5"                     [id=84684, stack(0x000000150de00000,0x000000150df00000) (1024K)]
  0x0000018b6c3ccc00 WorkerThread "GC Thread#6"                     [id=86528, stack(0x000000150df00000,0x000000150e000000) (1024K)]
  0x0000018b6c9c6180 WorkerThread "GC Thread#7"                     [id=40804, stack(0x000000150e100000,0x000000150e200000) (1024K)]
  0x0000018b6cedf000 WorkerThread "GC Thread#8"                     [id=43656, stack(0x000000150e500000,0x000000150e600000) (1024K)]
  0x0000018b6d0444c0 WorkerThread "GC Thread#9"                     [id=76016, stack(0x000000150e600000,0x000000150e700000) (1024K)]
Total: 12

Threads with active compile tasks:
C2 CompilerThread0  9666 5172   !   4       org.eclipse.osgi.internal.loader.classpath.ClasspathManager::findLocalClass (210 bytes)
C2 CompilerThread1  9666 5156   !   4       org.eclipse.osgi.internal.loader.classpath.ClasspathManager::defineClass (636 bytes)
C2 CompilerThread2  9666 5099       4       org.eclipse.osgi.internal.serviceregistry.ServiceRegistry::notifyHooksPrivileged (57 bytes)
Total: 3

VM state: not at safepoint (normal execution)

VM Mutex/Monitor currently owned by a thread: None

Heap address: 0x0000000080000000, size: 2048 MB, Compressed Oops mode: 32-bit

CDS archive(s) mapped at: [0x0000018b00000000-0x0000018b00ba0000-0x0000018b00ba0000), size 12189696, SharedBaseAddress: 0x0000018b00000000, ArchiveRelocationMode: 1.
Compressed class space mapped at: 0x0000018b01000000-0x0000018b41000000, reserved size: 1073741824
Narrow klass base: 0x0000018b00000000, Narrow klass shift: 0, Narrow klass range: 0x100000000

GC Precious Log:
 CardTable entry size: 512
 CPUs: 12 total, 12 available
 Memory: 16087M
 Large Page Support: Disabled
 NUMA Support: Disabled
 Compressed Oops: Enabled (32-bit)
 Alignments: Space 512K, Generation 512K, Heap 2M
 Heap Min Capacity: 100M
 Heap Initial Capacity: 100M
 Heap Max Capacity: 2G
 Pre-touch: Disabled
 Parallel Workers: 10

Heap:
 PSYoungGen      total 23040K, used 17347K [0x00000000d5580000, 0x00000000d6e80000, 0x0000000100000000)
  eden space 22016K, 75% used [0x00000000d5580000,0x00000000d65d6a68,0x00000000d6b00000)
  from space 1024K, 60% used [0x00000000d6d00000,0x00000000d6d9a1d0,0x00000000d6e00000)
  to   space 512K, 0% used [0x00000000d6e00000,0x00000000d6e00000,0x00000000d6e80000)
 ParOldGen       total 68608K, used 21351K [0x0000000080000000, 0x0000000084300000, 0x00000000d5580000)
  object space 68608K, 31% used [0x0000000080000000,0x00000000814d9d00,0x0000000084300000)
 Metaspace       used 39748K, committed 40832K, reserved 1114112K
  class space    used 4240K, committed 4672K, reserved 1048576K

Card table byte_map: [0x0000018b4e960000,0x0000018b4ed70000] _byte_map_base: 0x0000018b4e560000

Marking Bits: (ParMarkBitMap*) 0x00007ffb6e914460
 Begin Bits: [0x0000018b61450000, 0x0000018b63450000)
 End Bits:   [0x0000018b63450000, 0x0000018b65450000)

Polling page: 0x0000018b4d200000

Metaspace:

Usage:
  Non-class:     34.68 MB used.
      Class:      4.14 MB used.
       Both:     38.82 MB used.

Virtual space:
  Non-class space:       64.00 MB reserved,      35.31 MB ( 55%) committed,  1 nodes.
      Class space:        1.00 GB reserved,       4.56 MB ( <1%) committed,  1 nodes.
             Both:        1.06 GB reserved,      39.88 MB (  4%) committed. 

Chunk freelists:
   Non-Class:  12.27 MB
       Class:  11.27 MB
        Both:  23.53 MB

MaxMetaspaceSize: unlimited
CompressedClassSpaceSize: 1.00 GB
Initial GC threshold: 21.00 MB
Current GC threshold: 58.38 MB
CDS: on
 - commit_granule_bytes: 65536.
 - commit_granule_words: 8192.
 - virtual_space_node_default_size: 8388608.
 - enlarge_chunks_in_place: 1.
 - use_allocation_guard: 0.


Internal statistics:

num_allocs_failed_limit: 6.
num_arena_births: 770.
num_arena_deaths: 26.
num_vsnodes_births: 2.
num_vsnodes_deaths: 0.
num_space_committed: 638.
num_space_uncommitted: 0.
num_chunks_returned_to_freelist: 36.
num_chunks_taken_from_freelist: 2487.
num_chunk_merges: 14.
num_chunk_splits: 1561.
num_chunks_enlarged: 927.
num_inconsistent_stats: 0.

CodeHeap 'non-profiled nmethods': size=120000Kb used=2277Kb max_used=2277Kb free=117722Kb
 bounds [0x0000018b59c70000, 0x0000018b59ee0000, 0x0000018b611a0000]
CodeHeap 'profiled nmethods': size=120000Kb used=9383Kb max_used=9465Kb free=110616Kb
 bounds [0x0000018b521a0000, 0x0000018b52ae0000, 0x0000018b596d0000]
CodeHeap 'non-nmethods': size=5760Kb used=1360Kb max_used=1425Kb free=4399Kb
 bounds [0x0000018b596d0000, 0x0000018b59940000, 0x0000018b59c70000]
CodeCache: size=245760Kb, used=13020Kb, max_used=13167Kb, free=232737Kb
 total_blobs=5292, nmethods=4634, adapters=564, full_count=0
Compilation: enabled, stopped_count=0, restarted_count=0

Compilation events (20 events):
Event: 7.473 Thread 0x0000018b66dc7d30 5196       3       com.google.inject.internal.Errors::<init> (20 bytes)
Event: 7.473 Thread 0x0000018b66dc7d30 nmethod 5196 0x0000018b52212590 code [0x0000018b52212740, 0x0000018b522128e8]
Event: 7.473 Thread 0x0000018b66dc7d30 5197       3       com.google.inject.internal.Errors::throwConfigurationExceptionIfErrorsExist (22 bytes)
Event: 7.473 Thread 0x0000018b66dc7d30 nmethod 5197 0x0000018b52211c90 code [0x0000018b52211ea0, 0x0000018b52212340]
Event: 7.587 Thread 0x0000018b66dc7d30 5198       3       org.eclipse.core.internal.jobs.JobQueue::peek (26 bytes)
Event: 7.587 Thread 0x0000018b66dc7d30 nmethod 5198 0x0000018b52211890 code [0x0000018b52211a40, 0x0000018b52211bd8]
Event: 7.804 Thread 0x0000018b66dc7d30 5199   !   3       org.eclipse.core.internal.jobs.JobListeners::waitAndSendEvents (445 bytes)
Event: 8.492 Thread 0x0000018b66dc7d30 nmethod 5199 0x0000018b522ae510 code [0x0000018b522aeb40, 0x0000018b522b1928]
Event: 8.492 Thread 0x0000018b66dc7d30 5202       3       java.util.regex.Pattern::expr (142 bytes)
Event: 8.494 Thread 0x0000018b66dc7d30 nmethod 5202 0x0000018b522ad590 code [0x0000018b522ad7e0, 0x0000018b522ae168]
Event: 8.494 Thread 0x0000018b66dc7d30 5203       3       org.eclipse.core.runtime.Assert::isLegal (15 bytes)
Event: 8.494 Thread 0x0000018b66dc7d30 nmethod 5203 0x0000018b52211410 code [0x0000018b522115c0, 0x0000018b522117a8]
Event: 8.494 Thread 0x0000018b66dc7d30 5200       3       java.util.concurrent.ConcurrentLinkedQueue::isEmpty (13 bytes)
Event: 8.494 Thread 0x0000018b66dc7d30 nmethod 5200 0x0000018b52211010 code [0x0000018b522111c0, 0x0000018b52211368]
Event: 8.494 Thread 0x0000018b66dc7d30 5201       3       java.util.concurrent.ConcurrentLinkedQueue::first (65 bytes)
Event: 8.498 Thread 0x0000018b66dc7d30 nmethod 5201 0x0000018b522ab290 code [0x0000018b522ab620, 0x0000018b522acdb8]
Event: 8.498 Thread 0x0000018b66dc7d30 5204       1       jdk.internal.event.ThreadSleepEvent::isEnabled (2 bytes)
Event: 8.498 Thread 0x0000018b66dc7d30 nmethod 5204 0x0000018b59d0ae10 code [0x0000018b59d0afa0, 0x0000018b59d0b068]
Event: 8.815 Thread 0x0000018b66dc7d30 5208 %     3       java.util.regex.Pattern::compile @ 73 (537 bytes)
Event: 9.580 Thread 0x0000018b66dc7d30 nmethod 5208% 0x0000018b522d5790 code [0x0000018b522d5c20, 0x0000018b522d8558]

GC Heap History (20 events):
Event: 5.272 GC heap before
{Heap before GC invocations=8 (full 1):
 PSYoungGen      total 30208K, used 5373K [0x00000000d5580000, 0x00000000d7880000, 0x0000000100000000)
  eden space 24576K, 0% used [0x00000000d5580000,0x00000000d5580000,0x00000000d6d80000)
  from space 5632K, 95% used [0x00000000d6e00000,0x00000000d733f778,0x00000000d7380000)
  to   space 5120K, 0% used [0x00000000d7380000,0x00000000d7380000,0x00000000d7880000)
 ParOldGen       total 68608K, used 9941K [0x0000000080000000, 0x0000000084300000, 0x00000000d5580000)
  object space 68608K, 14% used [0x0000000080000000,0x00000000809b5768,0x0000000084300000)
 Metaspace       used 20736K, committed 21504K, reserved 1114112K
  class space    used 2197K, committed 2560K, reserved 1048576K
}
Event: 5.299 GC heap after
{Heap after GC invocations=8 (full 1):
 PSYoungGen      total 30208K, used 0K [0x00000000d5580000, 0x00000000d7880000, 0x0000000100000000)
  eden space 24576K, 0% used [0x00000000d5580000,0x00000000d5580000,0x00000000d6d80000)
  from space 5632K, 0% used [0x00000000d6e00000,0x00000000d6e00000,0x00000000d7380000)
  to   space 5120K, 0% used [0x00000000d7380000,0x00000000d7380000,0x00000000d7880000)
 ParOldGen       total 68608K, used 14641K [0x0000000080000000, 0x0000000084300000, 0x00000000d5580000)
  object space 68608K, 21% used [0x0000000080000000,0x0000000080e4c760,0x0000000084300000)
 Metaspace       used 20723K, committed 21504K, reserved 1114112K
  class space    used 2193K, committed 2560K, reserved 1048576K
}
Event: 5.483 GC heap before
{Heap before GC invocations=9 (full 1):
 PSYoungGen      total 30208K, used 24576K [0x00000000d5580000, 0x00000000d7880000, 0x0000000100000000)
  eden space 24576K, 100% used [0x00000000d5580000,0x00000000d6d80000,0x00000000d6d80000)
  from space 5632K, 0% used [0x00000000d6e00000,0x00000000d6e00000,0x00000000d7380000)
  to   space 5120K, 0% used [0x00000000d7380000,0x00000000d7380000,0x00000000d7880000)
 ParOldGen       total 68608K, used 14641K [0x0000000080000000, 0x0000000084300000, 0x00000000d5580000)
  object space 68608K, 21% used [0x0000000080000000,0x0000000080e4c760,0x0000000084300000)
 Metaspace       used 23155K, committed 24000K, reserved 1114112K
  class space    used 2363K, committed 2752K, reserved 1048576K
}
Event: 5.484 GC heap after
{Heap after GC invocations=9 (full 1):
 PSYoungGen      total 25088K, used 925K [0x00000000d5580000, 0x00000000d7480000, 0x0000000100000000)
  eden space 24064K, 0% used [0x00000000d5580000,0x00000000d5580000,0x00000000d6d00000)
  from space 1024K, 90% used [0x00000000d7380000,0x00000000d7467710,0x00000000d7480000)
  to   space 3072K, 0% used [0x00000000d6e80000,0x00000000d6e80000,0x00000000d7180000)
 ParOldGen       total 68608K, used 14641K [0x0000000080000000, 0x0000000084300000, 0x00000000d5580000)
  object space 68608K, 21% used [0x0000000080000000,0x0000000080e4c760,0x0000000084300000)
 Metaspace       used 23155K, committed 24000K, reserved 1114112K
  class space    used 2363K, committed 2752K, reserved 1048576K
}
Event: 5.687 GC heap before
{Heap before GC invocations=10 (full 1):
 PSYoungGen      total 25088K, used 24989K [0x00000000d5580000, 0x00000000d7480000, 0x0000000100000000)
  eden space 24064K, 100% used [0x00000000d5580000,0x00000000d6d00000,0x00000000d6d00000)
  from space 1024K, 90% used [0x00000000d7380000,0x00000000d7467710,0x00000000d7480000)
  to   space 3072K, 0% used [0x00000000d6e80000,0x00000000d6e80000,0x00000000d7180000)
 ParOldGen       total 68608K, used 14641K [0x0000000080000000, 0x0000000084300000, 0x00000000d5580000)
  object space 68608K, 21% used [0x0000000080000000,0x0000000080e4c760,0x0000000084300000)
 Metaspace       used 26606K, committed 27456K, reserved 1114112K
  class space    used 2619K, committed 3008K, reserved 1048576K
}
Event: 5.689 GC heap after
{Heap after GC invocations=10 (full 1):
 PSYoungGen      total 26624K, used 2621K [0x00000000d5580000, 0x00000000d7400000, 0x0000000100000000)
  eden space 23552K, 0% used [0x00000000d5580000,0x00000000d5580000,0x00000000d6c80000)
  from space 3072K, 85% used [0x00000000d6e80000,0x00000000d710f458,0x00000000d7180000)
  to   space 2560K, 0% used [0x00000000d7180000,0x00000000d7180000,0x00000000d7400000)
 ParOldGen       total 68608K, used 14641K [0x0000000080000000, 0x0000000084300000, 0x00000000d5580000)
  object space 68608K, 21% used [0x0000000080000000,0x0000000080e4c760,0x0000000084300000)
 Metaspace       used 26606K, committed 27456K, reserved 1114112K
  class space    used 2619K, committed 3008K, reserved 1048576K
}
Event: 6.009 GC heap before
{Heap before GC invocations=11 (full 1):
 PSYoungGen      total 26624K, used 26173K [0x00000000d5580000, 0x00000000d7400000, 0x0000000100000000)
  eden space 23552K, 100% used [0x00000000d5580000,0x00000000d6c80000,0x00000000d6c80000)
  from space 3072K, 85% used [0x00000000d6e80000,0x00000000d710f458,0x00000000d7180000)
  to   space 2560K, 0% used [0x00000000d7180000,0x00000000d7180000,0x00000000d7400000)
 ParOldGen       total 68608K, used 14641K [0x0000000080000000, 0x0000000084300000, 0x00000000d5580000)
  object space 68608K, 21% used [0x0000000080000000,0x0000000080e4c760,0x0000000084300000)
 Metaspace       used 28445K, committed 29312K, reserved 1114112K
  class space    used 2773K, committed 3136K, reserved 1048576K
}
Event: 6.011 GC heap after
{Heap after GC invocations=11 (full 1):
 PSYoungGen      total 25600K, used 2559K [0x00000000d5580000, 0x00000000d7400000, 0x0000000100000000)
  eden space 23040K, 0% used [0x00000000d5580000,0x00000000d5580000,0x00000000d6c00000)
  from space 2560K, 99% used [0x00000000d7180000,0x00000000d73ffd70,0x00000000d7400000)
  to   space 4096K, 0% used [0x00000000d6c00000,0x00000000d6c00000,0x00000000d7000000)
 ParOldGen       total 68608K, used 15517K [0x0000000080000000, 0x0000000084300000, 0x00000000d5580000)
  object space 68608K, 22% used [0x0000000080000000,0x0000000080f277e0,0x0000000084300000)
 Metaspace       used 28445K, committed 29312K, reserved 1114112K
  class space    used 2773K, committed 3136K, reserved 1048576K
}
Event: 6.361 GC heap before
{Heap before GC invocations=12 (full 1):
 PSYoungGen      total 25600K, used 25599K [0x00000000d5580000, 0x00000000d7400000, 0x0000000100000000)
  eden space 23040K, 100% used [0x00000000d5580000,0x00000000d6c00000,0x00000000d6c00000)
  from space 2560K, 99% used [0x00000000d7180000,0x00000000d73ffd70,0x00000000d7400000)
  to   space 4096K, 0% used [0x00000000d6c00000,0x00000000d6c00000,0x00000000d7000000)
 ParOldGen       total 68608K, used 15517K [0x0000000080000000, 0x0000000084300000, 0x00000000d5580000)
  object space 68608K, 22% used [0x0000000080000000,0x0000000080f277e0,0x0000000084300000)
 Metaspace       used 31417K, committed 32512K, reserved 1114112K
  class space    used 3130K, committed 3584K, reserved 1048576K
}
Event: 6.363 GC heap after
{Heap after GC invocations=12 (full 1):
 PSYoungGen      total 25088K, used 2055K [0x00000000d5580000, 0x00000000d7200000, 0x0000000100000000)
  eden space 22528K, 0% used [0x00000000d5580000,0x00000000d5580000,0x00000000d6b80000)
  from space 2560K, 80% used [0x00000000d6c00000,0x00000000d6e01df8,0x00000000d6e80000)
  to   space 3072K, 0% used [0x00000000d6f00000,0x00000000d6f00000,0x00000000d7200000)
 ParOldGen       total 68608K, used 18055K [0x0000000080000000, 0x0000000084300000, 0x00000000d5580000)
  object space 68608K, 26% used [0x0000000080000000,0x00000000811a1cd0,0x0000000084300000)
 Metaspace       used 31417K, committed 32512K, reserved 1114112K
  class space    used 3130K, committed 3584K, reserved 1048576K
}
Event: 6.498 GC heap before
{Heap before GC invocations=13 (full 1):
 PSYoungGen      total 25088K, used 24583K [0x00000000d5580000, 0x00000000d7200000, 0x0000000100000000)
  eden space 22528K, 100% used [0x00000000d5580000,0x00000000d6b80000,0x00000000d6b80000)
  from space 2560K, 80% used [0x00000000d6c00000,0x00000000d6e01df8,0x00000000d6e80000)
  to   space 3072K, 0% used [0x00000000d6f00000,0x00000000d6f00000,0x00000000d7200000)
 ParOldGen       total 68608K, used 18055K [0x0000000080000000, 0x0000000084300000, 0x00000000d5580000)
  object space 68608K, 26% used [0x0000000080000000,0x00000000811a1cd0,0x0000000084300000)
 Metaspace       used 33796K, committed 34816K, reserved 1114112K
  class space    used 3457K, committed 3904K, reserved 1048576K
}
Event: 6.500 GC heap after
{Heap after GC invocations=13 (full 1):
 PSYoungGen      total 24064K, used 1812K [0x00000000d5580000, 0x00000000d7100000, 0x0000000100000000)
  eden space 22016K, 0% used [0x00000000d5580000,0x00000000d5580000,0x00000000d6b00000)
  from space 2048K, 88% used [0x00000000d6f00000,0x00000000d70c5098,0x00000000d7100000)
  to   space 2048K, 0% used [0x00000000d6d00000,0x00000000d6d00000,0x00000000d6f00000)
 ParOldGen       total 68608K, used 19855K [0x0000000080000000, 0x0000000084300000, 0x00000000d5580000)
  object space 68608K, 28% used [0x0000000080000000,0x0000000081363e18,0x0000000084300000)
 Metaspace       used 33796K, committed 34816K, reserved 1114112K
  class space    used 3457K, committed 3904K, reserved 1048576K
}
Event: 6.646 GC heap before
{Heap before GC invocations=14 (full 1):
 PSYoungGen      total 24064K, used 10656K [0x00000000d5580000, 0x00000000d7100000, 0x0000000100000000)
  eden space 22016K, 40% used [0x00000000d5580000,0x00000000d5e23280,0x00000000d6b00000)
  from space 2048K, 88% used [0x00000000d6f00000,0x00000000d70c5098,0x00000000d7100000)
  to   space 2048K, 0% used [0x00000000d6d00000,0x00000000d6d00000,0x00000000d6f00000)
 ParOldGen       total 68608K, used 19855K [0x0000000080000000, 0x0000000084300000, 0x00000000d5580000)
  object space 68608K, 28% used [0x0000000080000000,0x0000000081363e18,0x0000000084300000)
 Metaspace       used 34878K, committed 35840K, reserved 1114112K
  class space    used 3610K, committed 4032K, reserved 1048576K
}
Event: 6.648 GC heap after
{Heap after GC invocations=14 (full 1):
 PSYoungGen      total 23040K, used 672K [0x00000000d5580000, 0x00000000d6f80000, 0x0000000100000000)
  eden space 22016K, 0% used [0x00000000d5580000,0x00000000d5580000,0x00000000d6b00000)
  from space 1024K, 65% used [0x00000000d6d00000,0x00000000d6da8000,0x00000000d6e00000)
  to   space 1536K, 0% used [0x00000000d6e00000,0x00000000d6e00000,0x00000000d6f80000)
 ParOldGen       total 68608K, used 21327K [0x0000000080000000, 0x0000000084300000, 0x00000000d5580000)
  object space 68608K, 31% used [0x0000000080000000,0x00000000814d3e38,0x0000000084300000)
 Metaspace       used 34878K, committed 35840K, reserved 1114112K
  class space    used 3610K, committed 4032K, reserved 1048576K
}
Event: 6.649 GC heap before
{Heap before GC invocations=15 (full 2):
 PSYoungGen      total 23040K, used 672K [0x00000000d5580000, 0x00000000d6f80000, 0x0000000100000000)
  eden space 22016K, 0% used [0x00000000d5580000,0x00000000d5580000,0x00000000d6b00000)
  from space 1024K, 65% used [0x00000000d6d00000,0x00000000d6da8000,0x00000000d6e00000)
  to   space 1536K, 0% used [0x00000000d6e00000,0x00000000d6e00000,0x00000000d6f80000)
 ParOldGen       total 68608K, used 21327K [0x0000000080000000, 0x0000000084300000, 0x00000000d5580000)
  object space 68608K, 31% used [0x0000000080000000,0x00000000814d3e38,0x0000000084300000)
 Metaspace       used 34878K, committed 35840K, reserved 1114112K
  class space    used 3610K, committed 4032K, reserved 1048576K
}
Event: 6.684 GC heap after
{Heap after GC invocations=15 (full 2):
 PSYoungGen      total 23040K, used 0K [0x00000000d5580000, 0x00000000d6f80000, 0x0000000100000000)
  eden space 22016K, 0% used [0x00000000d5580000,0x00000000d5580000,0x00000000d6b00000)
  from space 1024K, 0% used [0x00000000d6d00000,0x00000000d6d00000,0x00000000d6e00000)
  to   space 1536K, 0% used [0x00000000d6e00000,0x00000000d6e00000,0x00000000d6f80000)
 ParOldGen       total 68608K, used 20599K [0x0000000080000000, 0x0000000084300000, 0x00000000d5580000)
  object space 68608K, 30% used [0x0000000080000000,0x000000008141dd00,0x0000000084300000)
 Metaspace       used 34867K, committed 35840K, reserved 1114112K
  class space    used 3607K, committed 4032K, reserved 1048576K
}
Event: 6.927 GC heap before
{Heap before GC invocations=16 (full 2):
 PSYoungGen      total 23040K, used 22016K [0x00000000d5580000, 0x00000000d6f80000, 0x0000000100000000)
  eden space 22016K, 100% used [0x00000000d5580000,0x00000000d6b00000,0x00000000d6b00000)
  from space 1024K, 0% used [0x00000000d6d00000,0x00000000d6d00000,0x00000000d6e00000)
  to   space 1536K, 0% used [0x00000000d6e00000,0x00000000d6e00000,0x00000000d6f80000)
 ParOldGen       total 68608K, used 20599K [0x0000000080000000, 0x0000000084300000, 0x00000000d5580000)
  object space 68608K, 30% used [0x0000000080000000,0x000000008141dd00,0x0000000084300000)
 Metaspace       used 36511K, committed 37568K, reserved 1114112K
  class space    used 3857K, committed 4288K, reserved 1048576K
}
Event: 6.928 GC heap after
{Heap after GC invocations=16 (full 2):
 PSYoungGen      total 23040K, used 960K [0x00000000d5580000, 0x00000000d6f00000, 0x0000000100000000)
  eden space 22016K, 0% used [0x00000000d5580000,0x00000000d5580000,0x00000000d6b00000)
  from space 1024K, 93% used [0x00000000d6e00000,0x00000000d6ef0000,0x00000000d6f00000)
  to   space 1024K, 0% used [0x00000000d6d00000,0x00000000d6d00000,0x00000000d6e00000)
 ParOldGen       total 68608K, used 20607K [0x0000000080000000, 0x0000000084300000, 0x00000000d5580000)
  object space 68608K, 30% used [0x0000000080000000,0x000000008141fd00,0x0000000084300000)
 Metaspace       used 36511K, committed 37568K, reserved 1114112K
  class space    used 3857K, committed 4288K, reserved 1048576K
}
Event: 7.216 GC heap before
{Heap before GC invocations=17 (full 2):
 PSYoungGen      total 23040K, used 22976K [0x00000000d5580000, 0x00000000d6f00000, 0x0000000100000000)
  eden space 22016K, 100% used [0x00000000d5580000,0x00000000d6b00000,0x00000000d6b00000)
  from space 1024K, 93% used [0x00000000d6e00000,0x00000000d6ef0000,0x00000000d6f00000)
  to   space 1024K, 0% used [0x00000000d6d00000,0x00000000d6d00000,0x00000000d6e00000)
 ParOldGen       total 68608K, used 20607K [0x0000000080000000, 0x0000000084300000, 0x00000000d5580000)
  object space 68608K, 30% used [0x0000000080000000,0x000000008141fd00,0x0000000084300000)
 Metaspace       used 37869K, committed 38976K, reserved 1114112K
  class space    used 4006K, committed 4480K, reserved 1048576K
}
Event: 7.217 GC heap after
{Heap after GC invocations=17 (full 2):
 PSYoungGen      total 23040K, used 616K [0x00000000d5580000, 0x00000000d6e80000, 0x0000000100000000)
  eden space 22016K, 0% used [0x00000000d5580000,0x00000000d5580000,0x00000000d6b00000)
  from space 1024K, 60% used [0x00000000d6d00000,0x00000000d6d9a1d0,0x00000000d6e00000)
  to   space 512K, 0% used [0x00000000d6e00000,0x00000000d6e00000,0x00000000d6e80000)
 ParOldGen       total 68608K, used 21351K [0x0000000080000000, 0x0000000084300000, 0x00000000d5580000)
  object space 68608K, 31% used [0x0000000080000000,0x00000000814d9d00,0x0000000084300000)
 Metaspace       used 37869K, committed 38976K, reserved 1114112K
  class space    used 4006K, committed 4480K, reserved 1048576K
}

Dll operation events (10 events):
Event: 0.015 Loaded shared library c:\Users\PAULO ROBERTO\.vscode\extensions\redhat.java-1.55.0-win32-x64\jre\21.0.11-win32-x86_64\bin\java.dll
Event: 0.105 Loaded shared library c:\Users\PAULO ROBERTO\.vscode\extensions\redhat.java-1.55.0-win32-x64\jre\21.0.11-win32-x86_64\bin\zip.dll
Event: 0.135 Loaded shared library C:\Users\PAULO ROBERTO\.vscode\extensions\redhat.java-1.55.0-win32-x64\jre\21.0.11-win32-x86_64\bin\instrument.dll
Event: 0.144 Loaded shared library C:\Users\PAULO ROBERTO\.vscode\extensions\redhat.java-1.55.0-win32-x64\jre\21.0.11-win32-x86_64\bin\net.dll
Event: 0.148 Loaded shared library C:\Users\PAULO ROBERTO\.vscode\extensions\redhat.java-1.55.0-win32-x64\jre\21.0.11-win32-x86_64\bin\nio.dll
Event: 0.151 Loaded shared library C:\Users\PAULO ROBERTO\.vscode\extensions\redhat.java-1.55.0-win32-x64\jre\21.0.11-win32-x86_64\bin\zip.dll
Event: 0.168 Loaded shared library C:\Users\PAULO ROBERTO\.vscode\extensions\redhat.java-1.55.0-win32-x64\jre\21.0.11-win32-x86_64\bin\jimage.dll
Event: 0.252 Loaded shared library c:\Users\PAULO ROBERTO\.vscode\extensions\redhat.java-1.55.0-win32-x64\jre\21.0.11-win32-x86_64\bin\verify.dll
Event: 1.381 Loaded shared library C:\Users\PAULO ROBERTO\AppData\Roaming\Code\User\globalStorage\redhat.java\1.55.0\config_win\org.eclipse.equinox.launcher\org.eclipse.equinox.launcher.win32.win32.x86_64_1.3.100.v20260613-0559\eclipse_11924.dll
Event: 4.689 Loaded shared library C:\Users\PAULO ROBERTO\AppData\Local\Temp\jna--1403105036\jna2955059776629222464.dll

Deoptimization events (20 events):
Event: 7.064 Thread 0x0000018b4ef9c360 DEOPT PACKING pc=0x0000018b523a691b sp=0x000000150cafe9b0
Event: 7.064 Thread 0x0000018b4ef9c360 DEOPT UNPACKING pc=0x0000018b59724242 sp=0x000000150cafdeb8 mode 0
Event: 7.065 Thread 0x0000018b4ef9c360 DEOPT PACKING pc=0x0000018b523a691b sp=0x000000150cafe9b0
Event: 7.065 Thread 0x0000018b4ef9c360 DEOPT UNPACKING pc=0x0000018b59724242 sp=0x000000150cafdeb8 mode 0
Event: 7.066 Thread 0x0000018b4ef9c360 DEOPT PACKING pc=0x0000018b523a691b sp=0x000000150cafe9b0
Event: 7.066 Thread 0x0000018b4ef9c360 DEOPT UNPACKING pc=0x0000018b59724242 sp=0x000000150cafdeb8 mode 0
Event: 7.067 Thread 0x0000018b4ef9c360 DEOPT PACKING pc=0x0000018b523a691b sp=0x000000150cafe9b0
Event: 7.067 Thread 0x0000018b4ef9c360 DEOPT UNPACKING pc=0x0000018b59724242 sp=0x000000150cafdeb8 mode 0
Event: 7.068 Thread 0x0000018b4ef9c360 DEOPT PACKING pc=0x0000018b523a691b sp=0x000000150cafe9b0
Event: 7.068 Thread 0x0000018b4ef9c360 DEOPT UNPACKING pc=0x0000018b59724242 sp=0x000000150cafdeb8 mode 0
Event: 7.069 Thread 0x0000018b4ef9c360 DEOPT PACKING pc=0x0000018b523a691b sp=0x000000150cafe9b0
Event: 7.069 Thread 0x0000018b4ef9c360 DEOPT UNPACKING pc=0x0000018b59724242 sp=0x000000150cafdeb8 mode 0
Event: 7.070 Thread 0x0000018b4ef9c360 DEOPT PACKING pc=0x0000018b523a691b sp=0x000000150cafe9b0
Event: 7.070 Thread 0x0000018b4ef9c360 DEOPT UNPACKING pc=0x0000018b59724242 sp=0x000000150cafdeb8 mode 0
Event: 7.072 Thread 0x0000018b4ef9c360 DEOPT PACKING pc=0x0000018b523a691b sp=0x000000150cafe9b0
Event: 7.072 Thread 0x0000018b4ef9c360 DEOPT UNPACKING pc=0x0000018b59724242 sp=0x000000150cafdeb8 mode 0
Event: 7.073 Thread 0x0000018b4ef9c360 DEOPT PACKING pc=0x0000018b523a691b sp=0x000000150cafe9b0
Event: 7.073 Thread 0x0000018b4ef9c360 DEOPT UNPACKING pc=0x0000018b59724242 sp=0x000000150cafdeb8 mode 0
Event: 7.074 Thread 0x0000018b4ef9c360 DEOPT PACKING pc=0x0000018b523a691b sp=0x000000150cafe9b0
Event: 7.074 Thread 0x0000018b4ef9c360 DEOPT UNPACKING pc=0x0000018b59724242 sp=0x000000150cafdeb8 mode 0

Classes loaded (20 events):
Event: 6.923 Loading class java/text/ParsePosition
Event: 6.923 Loading class java/text/ParsePosition done
Event: 6.923 Loading class java/text/CalendarBuilder
Event: 6.924 Loading class java/text/CalendarBuilder done
Event: 6.950 Loading class java/io/PrintWriter$1
Event: 6.950 Loading class jdk/internal/access/JavaIOPrintWriterAccess
Event: 6.950 Loading class jdk/internal/access/JavaIOPrintWriterAccess done
Event: 6.950 Loading class java/io/PrintWriter$1 done
Event: 6.953 Loading class java/time/format/DateTimeParseContext
Event: 6.953 Loading class java/time/format/DateTimeParseContext done
Event: 6.953 Loading class java/time/format/Parsed
Event: 6.953 Loading class java/time/format/Parsed done
Event: 7.263 Loading class sun/reflect/annotation/AnnotatedTypeFactory$AnnotatedParameterizedTypeImpl
Event: 7.263 Loading class java/lang/reflect/AnnotatedParameterizedType
Event: 7.264 Loading class java/lang/reflect/AnnotatedParameterizedType done
Event: 7.264 Loading class sun/reflect/annotation/AnnotatedTypeFactory$AnnotatedParameterizedTypeImpl done
Event: 7.413 Loading class sun/reflect/generics/scope/ConstructorScope
Event: 7.413 Loading class sun/reflect/generics/scope/ConstructorScope done
Event: 7.414 Loading class sun/reflect/generics/tree/VoidDescriptor
Event: 7.414 Loading class sun/reflect/generics/tree/VoidDescriptor done

Classes unloaded (13 events):
Event: 5.277 Thread 0x0000018b66dc14a0 Unloading class 0x0000018b011aac00 'java/lang/invoke/LambdaForm$MH+0x0000018b011aac00'
Event: 5.277 Thread 0x0000018b66dc14a0 Unloading class 0x0000018b011aa800 'java/lang/invoke/LambdaForm$MH+0x0000018b011aa800'
Event: 5.277 Thread 0x0000018b66dc14a0 Unloading class 0x0000018b011aa400 'java/lang/invoke/LambdaForm$MH+0x0000018b011aa400'
Event: 5.277 Thread 0x0000018b66dc14a0 Unloading class 0x0000018b011aa000 'java/lang/invoke/LambdaForm$MH+0x0000018b011aa000'
Event: 5.277 Thread 0x0000018b66dc14a0 Unloading class 0x0000018b011a9c00 'java/lang/invoke/LambdaForm$BMH+0x0000018b011a9c00'
Event: 5.277 Thread 0x0000018b66dc14a0 Unloading class 0x0000018b011a9800 'java/lang/invoke/LambdaForm$DMH+0x0000018b011a9800'
Event: 5.277 Thread 0x0000018b66dc14a0 Unloading class 0x0000018b011a8400 'java/lang/invoke/LambdaForm$DMH+0x0000018b011a8400'
Event: 6.654 Thread 0x0000018b66dc14a0 Unloading class 0x0000018b01347400 'java/lang/invoke/LambdaForm$MH+0x0000018b01347400'
Event: 6.654 Thread 0x0000018b66dc14a0 Unloading class 0x0000018b01346400 'java/lang/invoke/LambdaForm$MH+0x0000018b01346400'
Event: 6.654 Thread 0x0000018b66dc14a0 Unloading class 0x0000018b01345c00 'java/lang/invoke/LambdaForm$MH+0x0000018b01345c00'
Event: 6.654 Thread 0x0000018b66dc14a0 Unloading class 0x0000018b01345800 'java/lang/invoke/LambdaForm$DMH+0x0000018b01345800'
Event: 6.654 Thread 0x0000018b66dc14a0 Unloading class 0x0000018b0133f400 'java/lang/invoke/LambdaForm$MH+0x0000018b0133f400'
Event: 6.654 Thread 0x0000018b66dc14a0 Unloading class 0x0000018b0133e800 'java/lang/invoke/LambdaForm$MH+0x0000018b0133e800'

Classes redefined (0 events):
No events

Internal exceptions (20 events):
Event: 6.281 Thread 0x0000018b6d024050 Exception <a 'java/lang/NoSuchMethodError'{0x00000000d5faf328}: 'int java.lang.invoke.DirectMethodHandle$Holder.invokeStaticInit(java.lang.Object, long, long)'> (0x00000000d5faf328) 
thrown [s\src\hotspot\share\interpreter\linkResolver.cpp, line 773]
Event: 6.281 Thread 0x0000018b6d024050 Exception <a 'java/lang/NoSuchMethodError'{0x00000000d5fb5a10}: 'int java.lang.invoke.DirectMethodHandle$Holder.invokeStaticInit(java.lang.Object, float, float)'> (0x00000000d5fb5a10) 
thrown [s\src\hotspot\share\interpreter\linkResolver.cpp, line 773]
Event: 6.282 Thread 0x0000018b6d024050 Exception <a 'java/lang/NoSuchMethodError'{0x00000000d5fd2d58}: 'int java.lang.invoke.DirectMethodHandle$Holder.invokeStaticInit(java.lang.Object, double, double)'> (0x00000000d5fd2d58) 
thrown [s\src\hotspot\share\interpreter\linkResolver.cpp, line 773]
Event: 6.283 Thread 0x0000018b6d024050 Exception <a 'java/lang/NoSuchMethodError'{0x00000000d5fd6ea0}: 'int java.lang.invoke.DirectMethodHandle$Holder.invokeStatic(java.lang.Object, long)'> (0x00000000d5fd6ea0) 
thrown [s\src\hotspot\share\interpreter\linkResolver.cpp, line 773]
Event: 6.286 Thread 0x0000018b6d024050 Exception <a 'java/lang/NoSuchMethodError'{0x00000000d6043448}: 'int java.lang.invoke.Invokers$Holder.linkToTargetMethod(java.lang.Object, java.lang.Object)'> (0x00000000d6043448) 
thrown [s\src\hotspot\share\interpreter\linkResolver.cpp, line 773]
Event: 6.286 Thread 0x0000018b6d024d70 Exception <a 'java/lang/NoSuchMethodError'{0x00000000d606d690}: 'int java.lang.invoke.Invokers$Holder.linkToTargetMethod(java.lang.Object, java.lang.Object)'> (0x00000000d606d690) 
thrown [s\src\hotspot\share\interpreter\linkResolver.cpp, line 773]
Event: 6.289 Thread 0x0000018b6d024d70 Exception <a 'java/lang/NoSuchMethodError'{0x00000000d6090ad0}: 'int java.lang.invoke.DirectMethodHandle$Holder.invokeSpecial(java.lang.Object, java.lang.Object, java.lang.Object, java.lang.Object)'> (0x00000000d6090ad0) 
thrown [s\src\hotspot\share\interpreter\linkResolver.cpp, line 773]
Event: 6.293 Thread 0x0000018b6d024d70 Exception <a 'java/lang/NoSuchMethodError'{0x00000000d60de558}: 'java.lang.Object java.lang.invoke.DirectMethodHandle$Holder.invokeStatic(java.lang.Object, int, java.lang.Object, java.lang.Object)'> (0x00000000d60de558) 
thrown [s\src\hotspot\share\interpreter\linkResolver.cpp, line 773]
Event: 6.294 Thread 0x0000018b6d024d70 Exception <a 'java/lang/NoSuchMethodError'{0x00000000d60eaa48}: 'java.lang.Object java.lang.invoke.DelegatingMethodHandle$Holder.delegate(java.lang.Object, int, java.lang.Object, java.lang.Object)'> (0x00000000d60eaa48) 
thrown [s\src\hotspot\share\interpreter\linkResolver.cpp, line 773]
Event: 6.298 Thread 0x0000018b6d024d70 Exception <a 'java/lang/NoSuchMethodError'{0x00000000d614a248}: 'int java.lang.invoke.Invokers$Holder.linkToTargetMethod(java.lang.Object, java.lang.Object, java.lang.Object)'> (0x00000000d614a248) 
thrown [s\src\hotspot\share\interpreter\linkResolver.cpp, line 773]
Event: 6.335 Thread 0x0000018b6d025400 Exception <a 'java/lang/NoSuchMethodError'{0x00000000d66bfc20}: 'void java.lang.invoke.DirectMethodHandle$Holder.invokeStaticInit(java.lang.Object, java.lang.Object, java.lang.Object, java.lang.Object)'> (0x00000000d66bfc20) 
thrown [s\src\hotspot\share\interpreter\linkResolver.cpp, line 773]
Event: 6.343 Thread 0x0000018b6d024050 Exception <a 'java/lang/NoSuchMethodError'{0x00000000d67f80b0}: 'java.lang.Object java.lang.invoke.DirectMethodHandle$Holder.invokeSpecialIFC(java.lang.Object, java.lang.Object, java.lang.Object, java.lang.Object)'> (0x00000000d67f80b0) 
thrown [s\src\hotspot\share\interpreter\linkResolver.cpp, line 773]
Event: 6.413 Thread 0x0000018b4ef9c360 Exception <a 'java/lang/NoSuchMethodError'{0x00000000d60ddcc8}: 'java.lang.Object java.lang.invoke.DirectMethodHandle$Holder.invokeStatic(java.lang.Object, long, java.lang.Object)'> (0x00000000d60ddcc8) 
thrown [s\src\hotspot\share\interpreter\linkResolver.cpp, line 773]
Event: 6.415 Thread 0x0000018b4ef9c360 Exception <a 'java/lang/NoSuchMethodError'{0x00000000d61297a0}: 'java.lang.Object java.lang.invoke.DirectMethodHandle$Holder.invokeStaticInit(java.lang.Object, long, java.lang.Object)'> (0x00000000d61297a0) 
thrown [s\src\hotspot\share\interpreter\linkResolver.cpp, line 773]
Event: 6.418 Thread 0x0000018b4ef9c360 Exception <a 'java/lang/NoSuchMethodError'{0x00000000d612f088}: 'java.lang.Object java.lang.invoke.DirectMethodHandle$Holder.newInvokeSpecial(java.lang.Object, long)'> (0x00000000d612f088) 
thrown [s\src\hotspot\share\interpreter\linkResolver.cpp, line 773]
Event: 6.469 Thread 0x0000018b6d0246e0 Exception <a 'java/io/FileNotFoundException'{0x00000000d68d0920}> (0x00000000d68d0920) 
thrown [s\src\hotspot\share\prims\jni.cpp, line 520]
Event: 6.799 Thread 0x0000018b6d024050 Exception <a 'java/lang/NoClassDefFoundError'{0x00000000d5d69a90}: javax/enterprise/inject/Typed> (0x00000000d5d69a90) 
thrown [s\src\hotspot\share\classfile\systemDictionary.cpp, line 302]
Event: 6.867 Thread 0x0000018b4ef9c360 Exception <a 'java/lang/NoSuchMethodError'{0x00000000d648d2d8}: 'void java.lang.invoke.DirectMethodHandle$Holder.invokeSpecial(java.lang.Object, java.lang.Object, java.lang.Object, java.lang.Object, java.lang.Object, java.lang.Object)'> (0x00000000d648d2d8) 
thrown [s\src\hotspot\share\interpreter\linkResolver.cpp, line 773]
Event: 6.869 Thread 0x0000018b4ef9c360 Exception <a 'java/lang/IncompatibleClassChangeError'{0x00000000d64e21c8}: Found class java.lang.Object, but interface was expected> (0x00000000d64e21c8) 
thrown [s\src\hotspot\share\interpreter\linkResolver.cpp, line 840]
Event: 6.870 Thread 0x0000018b4ef9c360 Exception <a 'java/lang/IncompatibleClassChangeError'{0x00000000d64e3380}: Found class java.lang.Object, but interface was expected> (0x00000000d64e3380) 
thrown [s\src\hotspot\share\interpreter\linkResolver.cpp, line 840]

ZGC Phase Switch (0 events):
No events

VM Operations (20 events):
Event: 6.088 Executing non-safepoint VM operation: HandshakeAllThreads (Deoptimize)
Event: 6.088 Executing non-safepoint VM operation: HandshakeAllThreads (Deoptimize) done
Event: 6.299 Executing non-safepoint VM operation: HandshakeAllThreads (Deoptimize)
Event: 6.303 Executing non-safepoint VM operation: HandshakeAllThreads (Deoptimize) done
Event: 6.360 Executing safepoint VM operation: ParallelGCFailedAllocation (Allocation Failure)
Event: 6.363 Executing safepoint VM operation: ParallelGCFailedAllocation (Allocation Failure) done
Event: 6.496 Executing safepoint VM operation: ParallelGCFailedAllocation (Allocation Failure)
Event: 6.500 Executing safepoint VM operation: ParallelGCFailedAllocation (Allocation Failure) done
Event: 6.646 Executing safepoint VM operation: CollectForMetadataAllocation (Metadata GC Threshold)
Event: 6.684 Executing safepoint VM operation: CollectForMetadataAllocation (Metadata GC Threshold) done
Event: 6.788 Executing non-safepoint VM operation: HandshakeAllThreads (Deoptimize)
Event: 6.788 Executing non-safepoint VM operation: HandshakeAllThreads (Deoptimize) done
Event: 6.927 Executing safepoint VM operation: ParallelGCFailedAllocation (Allocation Failure)
Event: 6.928 Executing safepoint VM operation: ParallelGCFailedAllocation (Allocation Failure) done
Event: 7.216 Executing safepoint VM operation: ParallelGCFailedAllocation (Allocation Failure)
Event: 7.218 Executing safepoint VM operation: ParallelGCFailedAllocation (Allocation Failure) done
Event: 7.311 Executing non-safepoint VM operation: HandshakeAllThreads (Deoptimize)
Event: 7.311 Executing non-safepoint VM operation: HandshakeAllThreads (Deoptimize) done
Event: 8.320 Executing safepoint VM operation: Cleanup
Event: 8.320 Executing safepoint VM operation: Cleanup done

Memory protections (0 events):
No events

Nmethod flushes (20 events):
Event: 6.663 Thread 0x0000018b66dc14a0 flushing  nmethod 0x0000018b5280ab10
Event: 6.663 Thread 0x0000018b66dc14a0 flushing  nmethod 0x0000018b5280b690
Event: 6.663 Thread 0x0000018b66dc14a0 flushing  nmethod 0x0000018b5280be10
Event: 6.663 Thread 0x0000018b66dc14a0 flushing  nmethod 0x0000018b5280c310
Event: 6.663 Thread 0x0000018b66dc14a0 flushing  nmethod 0x0000018b5280d390
Event: 6.663 Thread 0x0000018b66dc14a0 flushing  nmethod 0x0000018b5280d890
Event: 6.663 Thread 0x0000018b66dc14a0 flushing  nmethod 0x0000018b5280dd10
Event: 6.663 Thread 0x0000018b66dc14a0 flushing  nmethod 0x0000018b5280ea10
Event: 6.663 Thread 0x0000018b66dc14a0 flushing  nmethod 0x0000018b5280ee10
Event: 6.663 Thread 0x0000018b66dc14a0 flushing  nmethod 0x0000018b5280f310
Event: 6.663 Thread 0x0000018b66dc14a0 flushing  nmethod 0x0000018b5280f810
Event: 6.663 Thread 0x0000018b66dc14a0 flushing  nmethod 0x0000018b52811110
Event: 6.663 Thread 0x0000018b66dc14a0 flushing  nmethod 0x0000018b52811810
Event: 6.663 Thread 0x0000018b66dc14a0 flushing  nmethod 0x0000018b5281a810
Event: 6.663 Thread 0x0000018b66dc14a0 flushing  nmethod 0x0000018b5282d190
Event: 6.663 Thread 0x0000018b66dc14a0 flushing  nmethod 0x0000018b52837610
Event: 6.663 Thread 0x0000018b66dc14a0 flushing  nmethod 0x0000018b52848390
Event: 6.663 Thread 0x0000018b66dc14a0 flushing  nmethod 0x0000018b52849710
Event: 6.663 Thread 0x0000018b66dc14a0 flushing  nmethod 0x0000018b52851710
Event: 6.663 Thread 0x0000018b66dc14a0 flushing  nmethod 0x0000018b528cd810

Events (20 events):
Event: 6.260 Thread 0x0000018b6d0246e0 Thread added: 0x0000018b6d024050
Event: 6.264 Thread 0x0000018b6d024050 Thread added: 0x0000018b6d025400
Event: 6.317 Thread 0x0000018b6d025400 Thread added: 0x0000018b6d026120
Event: 6.385 Thread 0x0000018b6d026120 Thread added: 0x0000018b6d0267b0
Event: 6.434 Thread 0x0000018b4ef9c360 Thread added: 0x0000018b6f08b500
Event: 6.436 Thread 0x0000018b4ef9c360 Thread added: 0x0000018b6f08a150
Event: 6.436 Thread 0x0000018b4ef9c360 Thread added: 0x0000018b6f089430
Event: 6.437 Thread 0x0000018b4ef9c360 Thread added: 0x0000018b6f08a7e0
Event: 6.437 Thread 0x0000018b4ef9c360 Thread added: 0x0000018b6f088080
Event: 6.437 Thread 0x0000018b4ef9c360 Thread added: 0x0000018b6f08ae70
Event: 6.437 Thread 0x0000018b4ef9c360 Thread added: 0x0000018b6f08bb90
Event: 6.437 Thread 0x0000018b4ef9c360 Thread added: 0x0000018b6f088710
Event: 6.438 Thread 0x0000018b4ef9c360 Thread added: 0x0000018b6f08c220
Event: 6.438 Thread 0x0000018b4ef9c360 Thread added: 0x0000018b6f088da0
Event: 6.438 Thread 0x0000018b4ef9c360 Thread added: 0x0000018b6f08c8b0
Event: 6.438 Thread 0x0000018b4ef9c360 Thread added: 0x0000018b6f08cf40
Event: 6.438 Thread 0x0000018b4ef9c360 Thread added: 0x0000018b6f089ac0
Event: 6.494 Thread 0x0000018b4ef9c360 Thread added: 0x0000018b6f08f6a0
Event: 6.920 Thread 0x0000018b4ef9c360 Thread added: 0x0000018b6f08dc60
Event: 6.920 Thread 0x0000018b4ef9c360 Thread added: 0x0000018b6f08e2f0


Dynamic libraries:
0x00007ff6e8890000 - 0x00007ff6e889e000 	c:\Users\PAULO ROBERTO\.vscode\extensions\redhat.java-1.55.0-win32-x64\jre\21.0.11-win32-x86_64\bin\java.exe
0x00007ffc61720000 - 0x00007ffc61986000 	C:\WINDOWS\SYSTEM32\ntdll.dll
0x00007ffc602c0000 - 0x00007ffc60389000 	C:\WINDOWS\System32\KERNEL32.DLL
0x00007ffc5e960000 - 0x00007ffc5ed5f000 	C:\WINDOWS\System32\KERNELBASE.dll
0x00007ffc5ef90000 - 0x00007ffc5f0dc000 	C:\WINDOWS\System32\ucrtbase.dll
0x00007ffc4e180000 - 0x00007ffc4e19e000 	c:\Users\PAULO ROBERTO\.vscode\extensions\redhat.java-1.55.0-win32-x64\jre\21.0.11-win32-x86_64\bin\VCRUNTIME140.dll
0x00007ffc523e0000 - 0x00007ffc523f8000 	c:\Users\PAULO ROBERTO\.vscode\extensions\redhat.java-1.55.0-win32-x64\jre\21.0.11-win32-x86_64\bin\jli.dll
0x00007ffc5ffb0000 - 0x00007ffc60176000 	C:\WINDOWS\System32\USER32.dll
0x00007ffc5e930000 - 0x00007ffc5e957000 	C:\WINDOWS\System32\win32u.dll
0x00007ffc367a0000 - 0x00007ffc36a31000 	C:\WINDOWS\WinSxS\amd64_microsoft.windows.common-controls_6595b64144ccf1df_6.0.26100.8972_none_3e0da176e32f9d4b\COMCTL32.dll
0x00007ffc60390000 - 0x00007ffc603bb000 	C:\WINDOWS\System32\GDI32.dll
0x00007ffc60180000 - 0x00007ffc60229000 	C:\WINDOWS\System32\msvcrt.dll
0x00007ffc5f320000 - 0x00007ffc5f449000 	C:\WINDOWS\System32\gdi32full.dll
0x00007ffc5f1b0000 - 0x00007ffc5f253000 	C:\WINDOWS\System32\msvcp_win.dll
0x00007ffc5ff70000 - 0x00007ffc5ffa2000 	C:\WINDOWS\System32\IMM32.DLL
0x00007ffc584b0000 - 0x00007ffc584bc000 	c:\Users\PAULO ROBERTO\.vscode\extensions\redhat.java-1.55.0-win32-x64\jre\21.0.11-win32-x86_64\bin\vcruntime140_1.dll
0x00007ffc42640000 - 0x00007ffc426cd000 	c:\Users\PAULO ROBERTO\.vscode\extensions\redhat.java-1.55.0-win32-x64\jre\21.0.11-win32-x86_64\bin\msvcp140.dll
0x00007ffb6dc50000 - 0x00007ffb6e9f2000 	c:\Users\PAULO ROBERTO\.vscode\extensions\redhat.java-1.55.0-win32-x64\jre\21.0.11-win32-x86_64\bin\server\jvm.dll
0x00007ffc60cd0000 - 0x00007ffc60d8c000 	C:\WINDOWS\System32\ADVAPI32.dll
0x00007ffc5f9a0000 - 0x00007ffc5fa4a000 	C:\WINDOWS\System32\sechost.dll
0x00007ffc5f6e0000 - 0x00007ffc5f7f8000 	C:\WINDOWS\System32\RPCRT4.dll
0x00007ffc5faa0000 - 0x00007ffc5fb22000 	C:\WINDOWS\System32\WS2_32.dll
0x00007ffc5d440000 - 0x00007ffc5d49e000 	C:\WINDOWS\SYSTEM32\POWRPROF.dll
0x00007ffc498c0000 - 0x00007ffc498f6000 	C:\WINDOWS\SYSTEM32\WINMM.dll
0x00007ffc4c850000 - 0x00007ffc4c85b000 	C:\WINDOWS\SYSTEM32\VERSION.dll
0x00007ffc5d420000 - 0x00007ffc5d435000 	C:\WINDOWS\SYSTEM32\UMPDC.dll
0x00007ffc5d660000 - 0x00007ffc5d67b000 	C:\WINDOWS\SYSTEM32\kernel.appcore.dll
0x00007ffc53710000 - 0x00007ffc5371a000 	c:\Users\PAULO ROBERTO\.vscode\extensions\redhat.java-1.55.0-win32-x64\jre\21.0.11-win32-x86_64\bin\jimage.dll
0x00007ffc5bb30000 - 0x00007ffc5bd72000 	C:\WINDOWS\SYSTEM32\DBGHELP.DLL
0x00007ffc60450000 - 0x00007ffc607d5000 	C:\WINDOWS\System32\combase.dll
0x00007ffc5fc30000 - 0x00007ffc5fd09000 	C:\WINDOWS\System32\OLEAUT32.dll
0x00007ffc2e950000 - 0x00007ffc2e98b000 	C:\WINDOWS\SYSTEM32\dbgcore.DLL
0x00007ffc5f260000 - 0x00007ffc5f30c000 	C:\WINDOWS\System32\bcryptPrimitives.dll
0x00007ffc4e640000 - 0x00007ffc4e64f000 	c:\Users\PAULO ROBERTO\.vscode\extensions\redhat.java-1.55.0-win32-x64\jre\21.0.11-win32-x86_64\bin\instrument.dll
0x00007ffc4e090000 - 0x00007ffc4e0b0000 	c:\Users\PAULO ROBERTO\.vscode\extensions\redhat.java-1.55.0-win32-x64\jre\21.0.11-win32-x86_64\bin\java.dll
0x00007ffc60ed0000 - 0x00007ffc61658000 	C:\WINDOWS\System32\SHELL32.dll
0x00007ffc5c3e0000 - 0x00007ffc5cc7b000 	C:\WINDOWS\SYSTEM32\windows.storage.dll
0x00007ffc5fb30000 - 0x00007ffc5fc29000 	C:\WINDOWS\System32\SHCORE.dll
0x00007ffc60da0000 - 0x00007ffc60e06000 	C:\WINDOWS\System32\shlwapi.dll
0x00007ffc5e850000 - 0x00007ffc5e879000 	C:\WINDOWS\SYSTEM32\profapi.dll
0x00007ffc4dfa0000 - 0x00007ffc4dfb8000 	c:\Users\PAULO ROBERTO\.vscode\extensions\redhat.java-1.55.0-win32-x64\jre\21.0.11-win32-x86_64\bin\zip.dll
0x00007ffc535b0000 - 0x00007ffc535c0000 	C:\Users\PAULO ROBERTO\.vscode\extensions\redhat.java-1.55.0-win32-x64\jre\21.0.11-win32-x86_64\bin\net.dll
0x00007ffc53b60000 - 0x00007ffc53c88000 	C:\WINDOWS\SYSTEM32\WINHTTP.dll
0x00007ffc5dc90000 - 0x00007ffc5dcfc000 	C:\WINDOWS\system32\mswsock.dll
0x00007ffc4df30000 - 0x00007ffc4df46000 	C:\Users\PAULO ROBERTO\.vscode\extensions\redhat.java-1.55.0-win32-x64\jre\21.0.11-win32-x86_64\bin\nio.dll
0x00007ffc52d10000 - 0x00007ffc52d20000 	c:\Users\PAULO ROBERTO\.vscode\extensions\redhat.java-1.55.0-win32-x64\jre\21.0.11-win32-x86_64\bin\verify.dll
0x00007ffc42aa0000 - 0x00007ffc42ae5000 	C:\Users\PAULO ROBERTO\AppData\Roaming\Code\User\globalStorage\redhat.java\1.55.0\config_win\org.eclipse.equinox.launcher\org.eclipse.equinox.launcher.win32.win32.x86_64_1.3.100.v20260613-0559\eclipse_11924.dll
0x00007ffc5f800000 - 0x00007ffc5f999000 	C:\WINDOWS\System32\ole32.dll
0x00007ffc5e0b0000 - 0x00007ffc5e0cb000 	C:\WINDOWS\SYSTEM32\CRYPTSP.dll
0x00007ffc5d680000 - 0x00007ffc5d6b9000 	C:\WINDOWS\system32\rsaenh.dll
0x00007ffc5dd40000 - 0x00007ffc5dd72000 	C:\WINDOWS\SYSTEM32\USERENV.dll
0x00007ffc5e820000 - 0x00007ffc5e84a000 	C:\WINDOWS\SYSTEM32\bcrypt.dll
0x00007ffc5def0000 - 0x00007ffc5defc000 	C:\WINDOWS\SYSTEM32\CRYPTBASE.dll
0x00007ffc5d070000 - 0x00007ffc5d0a3000 	C:\WINDOWS\SYSTEM32\IPHLPAPI.DLL
0x00007ffc60cb0000 - 0x00007ffc60cba000 	C:\WINDOWS\System32\NSI.dll
0x00007ffc43080000 - 0x00007ffc430c9000 	C:\Users\PAULO ROBERTO\AppData\Local\Temp\jna--1403105036\jna2955059776629222464.dll
0x00007ffc60cc0000 - 0x00007ffc60cc8000 	C:\WINDOWS\System32\PSAPI.DLL
0x00007ffc53e20000 - 0x00007ffc53e3d000 	C:\WINDOWS\SYSTEM32\dhcpcsvc6.DLL
0x00007ffc53580000 - 0x00007ffc535a5000 	C:\WINDOWS\SYSTEM32\dhcpcsvc.DLL

JVMTI agents:
c:\Users\PAULO ROBERTO\.vscode\extensions\redhat.java-1.55.0-win32-x64\lombok\lombok-1.18.39-4050.jar path:c:\Users\PAULO ROBERTO\.vscode\extensions\redhat.java-1.55.0-win32-x64\jre\21.0.11-win32-x86_64\bin\instrument.dll, loaded, initialized, instrumentlib options:none

dbghelp: loaded successfully - version: 4.0.5 - missing functions: none
symbol engine: initialized successfully - sym options: 0x614 - pdb path: .;c:\Users\PAULO ROBERTO\.vscode\extensions\redhat.java-1.55.0-win32-x64\jre\21.0.11-win32-x86_64\bin;C:\WINDOWS\SYSTEM32;C:\WINDOWS\WinSxS\amd64_microsoft.windows.common-controls_6595b64144ccf1df_6.0.26100.8972_none_3e0da176e32f9d4b;c:\Users\PAULO ROBERTO\.vscode\extensions\redhat.java-1.55.0-win32-x64\jre\21.0.11-win32-x86_64\bin\server;C:\Users\PAULO ROBERTO\AppData\Roaming\Code\User\globalStorage\redhat.java\1.55.0\config_win\org.eclipse.equinox.launcher\org.eclipse.equinox.launcher.win32.win32.x86_64_1.3.100.v20260613-0559;C:\Users\PAULO ROBERTO\AppData\Local\Temp\jna--1403105036

VM Arguments:
jvm_args: --add-modules=ALL-SYSTEM --add-opens=java.base/java.util=ALL-UNNAMED --add-opens=java.base/java.lang=ALL-UNNAMED --add-opens=java.base/sun.nio.fs=ALL-UNNAMED -Declipse.application=org.eclipse.jdt.ls.core.id1 -Dosgi.bundles.defaultStartLevel=4 -Declipse.product=org.eclipse.jdt.ls.core.product -Djava.import.generatesMetadataFilesAtProjectRoot=false -DDetectVMInstallationsJob.disabled=true -Dfile.encoding=utf8 -XX:+UseParallelGC -XX:GCTimeRatio=4 -XX:AdaptiveSizePolicyWeight=90 -Dsun.zip.disableMemoryMapping=true -Xmx2G -Xms100m -Xlog:disable -javaagent:c:\Users\PAULO ROBERTO\.vscode\extensions\redhat.java-1.55.0-win32-x64\lombok\lombok-1.18.39-4050.jar -XX:+HeapDumpOnOutOfMemoryError -XX:HeapDumpPath=c:\Users\PAULO ROBERTO\AppData\Roaming\Code\User\workspaceStorage\af78278a2264e0da21869ec41e085d06\redhat.java -Daether.dependencyCollector.impl=bf 
java_command: c:\Users\PAULO ROBERTO\.vscode\extensions\redhat.java-1.55.0-win32-x64\server\plugins\org.eclipse.equinox.launcher_1.7.200.v20260619-2039.jar -configuration c:\Users\PAULO ROBERTO\AppData\Roaming\Code\User\globalStorage\redhat.java\1.55.0\config_win -data c:\Users\PAULO ROBERTO\AppData\Roaming\Code\User\workspaceStorage\af78278a2264e0da21869ec41e085d06\redhat.java\jdt_ws --pipe=\\.\pipe\lsp-16a06b7fb2191d4bb3b4d9fe4d853e46-sock
java_class_path (initial): c:\Users\PAULO ROBERTO\.vscode\extensions\redhat.java-1.55.0-win32-x64\server\plugins\org.eclipse.equinox.launcher_1.7.200.v20260619-2039.jar
Launcher Type: SUN_STANDARD

[Global flags]
    uintx AdaptiveSizePolicyWeight                 = 90                                        {product} {command line}
     intx CICompilerCount                          = 4                                         {product} {ergonomic}
    uintx GCTimeRatio                              = 4                                         {product} {command line}
     bool HeapDumpOnOutOfMemoryError               = true                                   {manageable} {command line}
    ccstr HeapDumpPath                             = c:\Users\PAULO ROBERTO\AppData\Roaming\Code\User\workspaceStorage\af78278a2264e0da21869ec41e085d06\redhat.java         {manageable} {command line}
   size_t InitialHeapSize                          = 104857600                                 {product} {command line}
   size_t MaxHeapSize                              = 2147483648                                {product} {command line}
   size_t MaxNewSize                               = 715653120                                 {product} {ergonomic}
   size_t MinHeapDeltaBytes                        = 524288                                    {product} {ergonomic}
   size_t MinHeapSize                              = 104857600                                 {product} {command line}
   size_t NewSize                                  = 34603008                                  {product} {ergonomic}
    uintx NonNMethodCodeHeapSize                   = 5839372                                {pd product} {ergonomic}
    uintx NonProfiledCodeHeapSize                  = 122909434                              {pd product} {ergonomic}
   size_t OldSize                                  = 70254592                                  {product} {ergonomic}
    uintx ProfiledCodeHeapSize                     = 122909434                              {pd product} {ergonomic}
    uintx ReservedCodeCacheSize                    = 251658240                              {pd product} {ergonomic}
     bool SegmentedCodeCache                       = true                                      {product} {ergonomic}
   size_t SoftMaxHeapSize                          = 2147483648                             {manageable} {ergonomic}
     bool UseCompressedOops                        = true                           {product lp64_product} {ergonomic}
     bool UseLargePagesIndividualAllocation        = false                                  {pd product} {ergonomic}
     bool UseParallelGC                            = true                                      {product} {command line}

Logging:
Log output configuration:
 #0: stdout all=off uptime,level,tags foldmultilines=false
 #1: stderr all=off uptime,level,tags foldmultilines=false

Release file:
JAVA_VERSION="21.0.11" 
MODULES="java.base java.compiler java.datatransfer java.xml java.prefs java.desktop java.instrument java.logging java.management java.security.sasl java.naming java.rmi java.management.rmi java.net.http java.scripting java.security.jgss java.transaction.xa java.sql java.sql.rowset java.xml.crypto java.se java.smartcardio jdk.accessibility jdk.internal.jvmstat jdk.attach jdk.charsets jdk.internal.opt jdk.zipfs jdk.compiler jdk.crypto.ec jdk.crypto.cryptoki jdk.crypto.mscapi jdk.dynalink jdk.internal.ed jdk.editpad jdk.hotspot.agent jdk.httpserver jdk.internal.le jdk.internal.vm.ci jdk.internal.vm.compiler jdk.internal.vm.compiler.management jdk.jartool jdk.javadoc jdk.jcmd jdk.management jdk.management.agent jdk.jconsole jdk.jdeps jdk.jdwp.agent jdk.jdi jdk.jfr jdk.jshell jdk.jsobject jdk.jstatd jdk.localedata jdk.management.jfr jdk.naming.dns jdk.naming.rmi jdk.net jdk.nio.mapmode jdk.random jdk.sctp jdk.security.auth jdk.security.jgss jdk.unsupported jdk.unsupported.desktop jdk.xml.dom" 

Environment Variables:
JAVA_HOME=C:\Program Files\Java\jdk-21
PATH=C:\Program Files\Common Files\Oracle\Java\javapath;C:\WINDOWS\system32;C:\WINDOWS;C:\WINDOWS\System32\Wbem;C:\WINDOWS\System32\WindowsPowerShell\v1.0\;C:\WINDOWS\System32\OpenSSH\;C:\Program Files\dotnet\;C:\Program Files\NVIDIA Corporation\NVIDIA App\NvDLISR;C:\Program Files (x86)\NVIDIA Corporation\PhysX\Common;C:\Program Files\GitHub CLI\;C:\Program Files\nodejs\;C:\Program Files\Git\cmd;C:\Users\PAULO ROBERTO\.local\bin;C:\Users\PAULO ROBERTO\AppData\Local\Microsoft\WindowsApps;C:\Users\PAULO ROBERTO\AppData\Roaming\npm;C:\Users\PAULO ROBERTO\AppData\Local\Programs\Microsoft VS Code\bin;C:\Users\PAULO ROBERTO\.bun\bin;C:\Users\PAULO ROBERTO\AppData\Local\Microsoft\WinGet\Packages\jqlang.jq_Microsoft.Winget.Source_8wekyb3d8bbwe;C:\Users\PAULO ROBERTO\.lmstudio\bin
USERNAME=PAULO ROBERTO
OS=Windows_NT
PROCESSOR_IDENTIFIER=Intel64 Family 6 Model 186 Stepping 2, GenuineIntel
TMP=C:\Users\PAULOR~1\AppData\Local\Temp
TEMP=C:\Users\PAULOR~1\AppData\Local\Temp




Periodic native trim disabled

---------------  S Y S T E M  ---------------

OS:
 Windows 11 , 64 bit Build 26100 (10.0.26100.9168)
OS uptime: 7 days 7:50 hours
Hyper-V role detected

CPU: total 12 (initial active 12) (6 cores per cpu, 2 threads per core) family 6 model 186 stepping 2 microcode 0x5103, cx8, cmov, fxsr, ht, mmx, 3dnowpref, sse, sse2, sse3, ssse3, sse4.1, sse4.2, popcnt, lzcnt, tsc, tscinvbit, avx, avx2, aes, erms, clmul, bmi1, bmi2, adx, sha, fma, vzeroupper, clflush, clflushopt, clwb, hv, serialize, rdtscp, rdpid, fsrm, f16c, cet_ibt, cet_ss
Processor Information for the first 12 processors :
  Max Mhz: 2100, Current Mhz: 2100, Mhz Limit: 2100

Memory: 4k page, system-wide physical 16087M (308M free)
TotalPageFile size 32471M (AvailPageFile size 15M)
current process WorkingSet (physical memory assigned to process): 215M, peak: 222M
current process commit charge ("private bytes"): 340M, peak: 349M

vm_info: OpenJDK 64-Bit Server VM (21.0.11+10-LTS) for windows-amd64 JRE (21.0.11+10-LTS), built on 2026-04-21T00:00:00Z by "admin" with MS VC++ 17.12 (VS2022)

END.
