#
# There is insufficient memory for the Java Runtime Environment to continue.
# Native memory allocation (malloc) failed to allocate 1081456 bytes. Error detail: Chunk::new
# Possible reasons:
#   The system is out of physical RAM or swap space
#   This process is running with CompressedOops enabled, and the Java Heap may be blocking the growth of the native heap
# Possible solutions:
#   Reduce memory load on the system
#   Increase physical memory or swap space
#   Check if swap backing store is full
#   Decrease Java heap size (-Xmx/-Xms)
#   Decrease number of Java threads
#   Decrease Java thread stack sizes (-Xss)
#   Set larger code cache with -XX:ReservedCodeCacheSize=
#   JVM is running with Unscaled Compressed Oops mode in which the Java heap is
#     placed in the first 4GB address space. The Java Heap base address is the
#     maximum limit for the native heap growth. Please use -XX:HeapBaseMinAddress
#     to set the Java Heap base and to place the Java Heap above 4GB virtual address.
# This output file may be truncated or incomplete.
#
#  Out of Memory Error (arena.cpp:168), pid=81004, tid=76148
#
# JRE version: OpenJDK Runtime Environment Temurin-21.0.11+10 (21.0.11+10) (build 21.0.11+10-LTS)
# Java VM: OpenJDK 64-Bit Server VM Temurin-21.0.11+10 (21.0.11+10-LTS, mixed mode, sharing, tiered, compressed oops, compressed class ptrs, parallel gc, windows-amd64)
# No core dump will be written. Minidumps are not enabled by default on client versions of Windows
#

---------------  S U M M A R Y ------------

Command Line: --add-modules=ALL-SYSTEM --add-opens=java.base/java.util=ALL-UNNAMED --add-opens=java.base/java.lang=ALL-UNNAMED --add-opens=java.base/sun.nio.fs=ALL-UNNAMED -Declipse.application=org.eclipse.jdt.ls.core.id1 -Dosgi.bundles.defaultStartLevel=4 -Declipse.product=org.eclipse.jdt.ls.core.product -Djava.import.generatesMetadataFilesAtProjectRoot=false -DDetectVMInstallationsJob.disabled=true -Dfile.encoding=utf8 -XX:+UseParallelGC -XX:GCTimeRatio=4 -XX:AdaptiveSizePolicyWeight=90 -Dsun.zip.disableMemoryMapping=true -Xmx2G -Xms100m -Xlog:disable -javaagent:c:\Users\PAULO ROBERTO\.vscode\extensions\redhat.java-1.55.0-win32-x64\lombok\lombok-1.18.39-4050.jar -XX:+HeapDumpOnOutOfMemoryError -XX:HeapDumpPath=c:\Users\PAULO ROBERTO\AppData\Roaming\Code\User\workspaceStorage\af78278a2264e0da21869ec41e085d06\redhat.java -Daether.dependencyCollector.impl=bf c:\Users\PAULO ROBERTO\.vscode\extensions\redhat.java-1.55.0-win32-x64\server\plugins\org.eclipse.equinox.launcher_1.7.200.v20260619-2039.jar -configuration c:\Users\PAULO ROBERTO\AppData\Roaming\Code\User\globalStorage\redhat.java\1.55.0\config_win -data c:\Users\PAULO ROBERTO\AppData\Roaming\Code\User\workspaceStorage\af78278a2264e0da21869ec41e085d06\redhat.java\jdt_ws --pipe=\\.\pipe\lsp-cbb7c3ece512f5fe4285da1fa4b1048d-sock

Host: 13th Gen Intel(R) Core(TM) i5-13420H, 12 cores, 15G,  Windows 11 , 64 bit Build 26100 (10.0.26100.9168)
Time: Thu Aug 27 15:31:16 2026 Hora Padrão de Bogotá elapsed time: 9.078633 seconds (0d 0h 0m 9s)

---------------  T H R E A D  ---------------

Current thread (0x00000131fcd28a80):  JavaThread "C2 CompilerThread1" daemon [_thread_in_native, id=76148, stack(0x00000028ccf00000,0x00000028cd000000) (1024K)]


Current CompileTask:
C2:9079 4524   !   4       org.eclipse.osgi.internal.loader.classpath.ClasspathManager::findLocalClass (210 bytes)

Stack: [0x00000028ccf00000,0x00000028cd000000]
Native frames: (J=compiled Java code, j=interpreted, Vv=VM code, C=native code)
V  [jvm.dll+0x6d7e19]
V  [jvm.dll+0x8b5096]
V  [jvm.dll+0x8b764e]
V  [jvm.dll+0x8b7d33]
V  [jvm.dll+0x284596]
V  [jvm.dll+0xc685d]
V  [jvm.dll+0xc6da1]
V  [jvm.dll+0x3bed31]
V  [jvm.dll+0x38b2b2]
V  [jvm.dll+0x38a6fa]
V  [jvm.dll+0x24c700]
V  [jvm.dll+0x24bce0]
V  [jvm.dll+0x1cb4ae]
V  [jvm.dll+0x25baad]
V  [jvm.dll+0x25a03a]
V  [jvm.dll+0x3f868e]
V  [jvm.dll+0x85fb0d]
V  [jvm.dll+0x6d664d]
C  [ucrtbase.dll+0x2cd30]
C  [KERNEL32.DLL+0x2ccb7]
C  [ntdll.dll+0xaad6c]


---------------  P R O C E S S  ---------------

Threads class SMR info:
_java_thread_list=0x00000131fd4689b0, length=45, elements={
0x00000131ded7b550, 0x00000131dee201e0, 0x00000131dee22460, 0x00000131dee25eb0,
0x00000131dee26910, 0x00000131dee27370, 0x00000131dee2a9c0, 0x00000131f6aaa440,
0x00000131dee3b710, 0x00000131f6cec400, 0x00000131f6d836c0, 0x00000131fcaa15d0,
0x00000131fca7e820, 0x00000131fcb2e020, 0x00000131fcb2f280, 0x00000131fce6f860,
0x00000131fd1be490, 0x00000131fc915700, 0x00000131fcd28a80, 0x00000131fce5acb0,
0x00000131fce5a620, 0x00000131fce5b340, 0x00000131fd8a0bb0, 0x00000131fd8a1240,
0x00000131fd8a25f0, 0x00000131fd8a18d0, 0x00000131fc6259b0, 0x00000131fd89fe90,
0x00000131fd8a2c80, 0x00000131fd89f800, 0x00000131fd8a1f60, 0x00000131fd8a3310,
0x00000131fd8a39a0, 0x00000131fd8a0520, 0x00000131fd8a5a70, 0x00000131fd8a53e0,
0x00000131fd8a6100, 0x00000131fd8a6790, 0x00000131fd8a4030, 0x00000131fd8a46c0,
0x00000131fd8a4d50, 0x00000131fd8a6e20, 0x00000131fe225330, 0x00000131fe2259c0,
0x00000131fe228120
}

Java Threads: ( => current thread )
  0x00000131ded7b550 JavaThread "main"                              [_thread_blocked, id=84800, stack(0x00000028cc000000,0x00000028cc100000) (1024K)]
  0x00000131dee201e0 JavaThread "Reference Handler"          daemon [_thread_blocked, id=61516, stack(0x00000028cc400000,0x00000028cc500000) (1024K)]
  0x00000131dee22460 JavaThread "Finalizer"                  daemon [_thread_blocked, id=52012, stack(0x00000028cc500000,0x00000028cc600000) (1024K)]
  0x00000131dee25eb0 JavaThread "Signal Dispatcher"          daemon [_thread_blocked, id=89832, stack(0x00000028cc600000,0x00000028cc700000) (1024K)]
  0x00000131dee26910 JavaThread "Attach Listener"            daemon [_thread_blocked, id=83320, stack(0x00000028cc700000,0x00000028cc800000) (1024K)]
  0x00000131dee27370 JavaThread "Service Thread"             daemon [_thread_blocked, id=39068, stack(0x00000028cc800000,0x00000028cc900000) (1024K)]
  0x00000131dee2a9c0 JavaThread "Monitor Deflation Thread"   daemon [_thread_blocked, id=89100, stack(0x00000028cc900000,0x00000028cca00000) (1024K)]
  0x00000131f6aaa440 JavaThread "C2 CompilerThread0"         daemon [_thread_in_native, id=65468, stack(0x00000028cca00000,0x00000028ccb00000) (1024K)]
  0x00000131dee3b710 JavaThread "C1 CompilerThread0"         daemon [_thread_blocked, id=87748, stack(0x00000028ccb00000,0x00000028ccc00000) (1024K)]
  0x00000131f6cec400 JavaThread "Common-Cleaner"             daemon [_thread_blocked, id=89784, stack(0x00000028ccd00000,0x00000028cce00000) (1024K)]
  0x00000131f6d836c0 JavaThread "Notification Thread"        daemon [_thread_blocked, id=87252, stack(0x00000028ccc00000,0x00000028ccd00000) (1024K)]
  0x00000131fcaa15d0 JavaThread "Active Thread: Equinox Container: 126f5265-f319-42b7-8f60-bcc60ada6c85"        [_thread_blocked, id=74152, stack(0x00000028cd600000,0x00000028cd700000) (1024K)]
  0x00000131fca7e820 JavaThread "Refresh Thread: Equinox Container: 126f5265-f319-42b7-8f60-bcc60ada6c85" daemon [_thread_blocked, id=86456, stack(0x00000028cd800000,0x00000028cd900000) (1024K)]
  0x00000131fcb2e020 JavaThread "Framework Event Dispatcher: Equinox Container: 126f5265-f319-42b7-8f60-bcc60ada6c85" daemon [_thread_blocked, id=2892, stack(0x00000028cd900000,0x00000028cda00000) (1024K)]
  0x00000131fcb2f280 JavaThread "Start Level: Equinox Container: 126f5265-f319-42b7-8f60-bcc60ada6c85" daemon [_thread_blocked, id=37944, stack(0x00000028cda00000,0x00000028cdb00000) (1024K)]
  0x00000131fce6f860 JavaThread "Bundle File Closer"         daemon [_thread_blocked, id=87704, stack(0x00000028cdd00000,0x00000028cde00000) (1024K)]
  0x00000131fd1be490 JavaThread "SCR Component Actor"        daemon [_thread_blocked, id=68420, stack(0x00000028cce00000,0x00000028ccf00000) (1024K)]
  0x00000131fc915700 JavaThread "Worker-JM"                         [_thread_blocked, id=67204, stack(0x00000028cdf00000,0x00000028ce000000) (1024K)]
=>0x00000131fcd28a80 JavaThread "C2 CompilerThread1"         daemon [_thread_in_native, id=76148, stack(0x00000028ccf00000,0x00000028cd000000) (1024K)]
  0x00000131fce5acb0 JavaThread "JNA Cleaner"                daemon [_thread_blocked, id=80644, stack(0x00000028ce000000,0x00000028ce100000) (1024K)]
  0x00000131fce5a620 JavaThread "Worker-0: Initialize After Load"        [_thread_blocked, id=62980, stack(0x00000028ce100000,0x00000028ce200000) (1024K)]
  0x00000131fce5b340 JavaThread "Worker-1: Updating Maven Dependencies"        [_thread_in_native, id=71920, stack(0x00000028ce200000,0x00000028ce300000) (1024K)]
  0x00000131fd8a0bb0 JavaThread "Java indexing"              daemon [_thread_blocked, id=70540, stack(0x00000028cde00000,0x00000028cdf00000) (1024K)]
  0x00000131fd8a1240 JavaThread "Worker-2: Repository registry initialization"        [_thread_blocked, id=41964, stack(0x00000028ce600000,0x00000028ce700000) (1024K)]
  0x00000131fd8a25f0 JavaThread "Worker-3"                          [_thread_blocked, id=41980, stack(0x00000028ce700000,0x00000028ce800000) (1024K)]
  0x00000131fd8a18d0 JavaThread "Worker-4"                          [_thread_blocked, id=57752, stack(0x00000028ce800000,0x00000028ce900000) (1024K)]
  0x00000131fc6259b0 JavaThread "C2 CompilerThread2"         daemon [_thread_in_native, id=78724, stack(0x00000028ce900000,0x00000028cea00000) (1024K)]
  0x00000131fd89fe90 JavaThread "Worker-5"                          [_thread_blocked, id=64228, stack(0x00000028cea00000,0x00000028ceb00000) (1024K)]
  0x00000131fd8a2c80 JavaThread "Thread-1"                   daemon [_thread_in_native, id=81144, stack(0x00000028ceb00000,0x00000028cec00000) (1024K)]
  0x00000131fd89f800 JavaThread "Thread-2"                   daemon [_thread_in_native, id=84104, stack(0x00000028cec00000,0x00000028ced00000) (1024K)]
  0x00000131fd8a1f60 JavaThread "Thread-3"                   daemon [_thread_in_native, id=77120, stack(0x00000028ced00000,0x00000028cee00000) (1024K)]
  0x00000131fd8a3310 JavaThread "Thread-4"                   daemon [_thread_in_native, id=88712, stack(0x00000028cee00000,0x00000028cef00000) (1024K)]
  0x00000131fd8a39a0 JavaThread "Thread-5"                   daemon [_thread_in_native, id=61860, stack(0x00000028cef00000,0x00000028cf000000) (1024K)]
  0x00000131fd8a0520 JavaThread "Thread-6"                   daemon [_thread_in_native, id=87332, stack(0x00000028cf000000,0x00000028cf100000) (1024K)]
  0x00000131fd8a5a70 JavaThread "Thread-7"                   daemon [_thread_in_native, id=78916, stack(0x00000028cf100000,0x00000028cf200000) (1024K)]
  0x00000131fd8a53e0 JavaThread "Thread-8"                   daemon [_thread_in_native, id=89220, stack(0x00000028cf200000,0x00000028cf300000) (1024K)]
  0x00000131fd8a6100 JavaThread "Thread-9"                   daemon [_thread_in_native, id=82828, stack(0x00000028cf300000,0x00000028cf400000) (1024K)]
  0x00000131fd8a6790 JavaThread "Thread-10"                  daemon [_thread_in_native, id=81872, stack(0x00000028cf400000,0x00000028cf500000) (1024K)]
  0x00000131fd8a4030 JavaThread "Thread-11"                  daemon [_thread_in_native, id=80836, stack(0x00000028cf500000,0x00000028cf600000) (1024K)]
  0x00000131fd8a46c0 JavaThread "Thread-12"                  daemon [_thread_in_native, id=85156, stack(0x00000028cf600000,0x00000028cf700000) (1024K)]
  0x00000131fd8a4d50 JavaThread "Thread-13"                  daemon [_thread_in_native, id=83276, stack(0x00000028cf700000,0x00000028cf800000) (1024K)]
  0x00000131fd8a6e20 JavaThread "pool-2-thread-1"                   [_thread_blocked, id=61964, stack(0x00000028cf800000,0x00000028cf900000) (1024K)]
  0x00000131fe225330 JavaThread "Worker-6"                          [_thread_blocked, id=83244, stack(0x00000028cf900000,0x00000028cfa00000) (1024K)]
  0x00000131fe2259c0 JavaThread "WorkspaceEventsHandler"            [_thread_blocked, id=76748, stack(0x00000028cfa00000,0x00000028cfb00000) (1024K)]
  0x00000131fe228120 JavaThread "pool-1-thread-1"                   [_thread_blocked, id=12720, stack(0x00000028cfb00000,0x00000028cfc00000) (1024K)]
Total: 45

Other Threads:
  0x00000131dee1f810 VMThread "VM Thread"                           [id=78288, stack(0x00000028cc300000,0x00000028cc400000) (1024K)]
  0x00000131dec0cb30 WatcherThread "VM Periodic Task Thread"        [id=88020, stack(0x00000028cc200000,0x00000028cc300000) (1024K)]
  0x00000131ded9aab0 WorkerThread "GC Thread#0"                     [id=19816, stack(0x00000028cc100000,0x00000028cc200000) (1024K)]
  0x00000131fc3d8200 WorkerThread "GC Thread#1"                     [id=69596, stack(0x00000028cd000000,0x00000028cd100000) (1024K)]
  0x00000131fc3d85b0 WorkerThread "GC Thread#2"                     [id=76260, stack(0x00000028cd100000,0x00000028cd200000) (1024K)]
  0x00000131fcac19b0 WorkerThread "GC Thread#3"                     [id=63404, stack(0x00000028cd200000,0x00000028cd300000) (1024K)]
  0x00000131fcac1d60 WorkerThread "GC Thread#4"                     [id=83704, stack(0x00000028cd300000,0x00000028cd400000) (1024K)]
  0x00000131fcac2110 WorkerThread "GC Thread#5"                     [id=88208, stack(0x00000028cd400000,0x00000028cd500000) (1024K)]
  0x00000131fc4cdfc0 WorkerThread "GC Thread#6"                     [id=33000, stack(0x00000028cd500000,0x00000028cd600000) (1024K)]
  0x00000131fca81ef0 WorkerThread "GC Thread#7"                     [id=69420, stack(0x00000028cd700000,0x00000028cd800000) (1024K)]
  0x00000131fce4b390 WorkerThread "GC Thread#8"                     [id=22872, stack(0x00000028cdb00000,0x00000028cdc00000) (1024K)]
  0x00000131fce4b740 WorkerThread "GC Thread#9"                     [id=86528, stack(0x00000028cdc00000,0x00000028cdd00000) (1024K)]
Total: 12

Threads with active compile tasks:
C2 CompilerThread0  9154 4685       4       java.nio.Buffer::<init> (105 bytes)
C2 CompilerThread1  9154 4524   !   4       org.eclipse.osgi.internal.loader.classpath.ClasspathManager::findLocalClass (210 bytes)
C2 CompilerThread2  9154 4531       4       org.eclipse.osgi.internal.serviceregistry.ServiceRegistry::notifyHooksPrivileged (57 bytes)
Total: 3

VM state: not at safepoint (normal execution)

VM Mutex/Monitor currently owned by a thread: None

Heap address: 0x0000000080000000, size: 2048 MB, Compressed Oops mode: 32-bit

CDS archive(s) mapped at: [0x0000013180000000-0x0000013180ba0000-0x0000013180ba0000), size 12189696, SharedBaseAddress: 0x0000013180000000, ArchiveRelocationMode: 1.
Compressed class space mapped at: 0x0000013181000000-0x00000131c1000000, reserved size: 1073741824
Narrow klass base: 0x0000013180000000, Narrow klass shift: 0, Narrow klass range: 0x100000000

GC Precious Log:
 CardTable entry size: 512
 CPUs: 12 total, 12 available
 Memory: 16087M
 Large Page Support: Disabled
 NUMA Support: Disabled
 Compressed Oops: Enabled (32-bit)
 Alignments: Space 512K, Generation 512K, Heap 2M
 Heap Min Capacity: 100M
 Heap Initial Capacity: 100M
 Heap Max Capacity: 2G
 Pre-touch: Disabled
 Parallel Workers: 10

Heap:
 PSYoungGen      total 24576K, used 12024K [0x00000000d5580000, 0x00000000d7080000, 0x0000000100000000)
  eden space 22016K, 49% used [0x00000000d5580000,0x00000000d600c2a0,0x00000000d6b00000)
  from space 2560K, 47% used [0x00000000d6b80000,0x00000000d6cb2100,0x00000000d6e00000)
  to   space 2048K, 0% used [0x00000000d6e80000,0x00000000d6e80000,0x00000000d7080000)
 ParOldGen       total 68608K, used 20707K [0x0000000080000000, 0x0000000084300000, 0x00000000d5580000)
  object space 68608K, 30% used [0x0000000080000000,0x0000000081438ff0,0x0000000084300000)
 Metaspace       used 37432K, committed 38528K, reserved 1114112K
  class space    used 3950K, committed 4416K, reserved 1048576K

Card table byte_map: [0x00000131de720000,0x00000131deb30000] _byte_map_base: 0x00000131de320000

Marking Bits: (ParMarkBitMap*) 0x00007ffb6e914460
 Begin Bits: [0x00000131f1230000, 0x00000131f3230000)
 End Bits:   [0x00000131f3230000, 0x00000131f5230000)

Polling page: 0x00000131dcb50000

Metaspace:

Usage:
  Non-class:     32.70 MB used.
      Class:      3.86 MB used.
       Both:     36.56 MB used.

Virtual space:
  Non-class space:       64.00 MB reserved,      33.31 MB ( 52%) committed,  1 nodes.
      Class space:        1.00 GB reserved,       4.31 MB ( <1%) committed,  1 nodes.
             Both:        1.06 GB reserved,      37.62 MB (  3%) committed. 

Chunk freelists:
   Non-Class:  14.62 MB
       Class:  11.53 MB
        Both:  26.16 MB

MaxMetaspaceSize: unlimited
CompressedClassSpaceSize: 1.00 GB
Initial GC threshold: 21.00 MB
Current GC threshold: 59.31 MB
CDS: on
 - commit_granule_bytes: 65536.
 - commit_granule_words: 8192.
 - virtual_space_node_default_size: 8388608.
 - enlarge_chunks_in_place: 1.
 - use_allocation_guard: 0.


Internal statistics:

num_allocs_failed_limit: 10.
num_arena_births: 764.
num_arena_deaths: 26.
num_vsnodes_births: 2.
num_vsnodes_deaths: 0.
num_space_committed: 602.
num_space_uncommitted: 0.
num_chunks_returned_to_freelist: 41.
num_chunks_taken_from_freelist: 2427.
num_chunk_merges: 10.
num_chunk_splits: 1497.
num_chunks_enlarged: 837.
num_inconsistent_stats: 0.

CodeHeap 'non-profiled nmethods': size=120000Kb used=2047Kb max_used=2322Kb free=117952Kb
 bounds [0x00000131e9a50000, 0x00000131e9cc0000, 0x00000131f0f80000]
CodeHeap 'profiled nmethods': size=120000Kb used=8883Kb max_used=9575Kb free=111116Kb
 bounds [0x00000131e1f80000, 0x00000131e28e0000, 0x00000131e94b0000]
CodeHeap 'non-nmethods': size=5760Kb used=1360Kb max_used=1405Kb free=4399Kb
 bounds [0x00000131e94b0000, 0x00000131e9720000, 0x00000131e9a50000]
CodeCache: size=245760Kb, used=12290Kb, max_used=13302Kb, free=233467Kb
 total_blobs=5069, nmethods=4412, adapters=563, full_count=0
Compilation: enabled, stopped_count=0, restarted_count=0

Compilation events (20 events):
Event: 7.054 Thread 0x00000131dee3b710 nmethod 4988 0x00000131e2344310 code [0x00000131e23448c0, 0x00000131e2346f88]
Event: 7.054 Thread 0x00000131dee3b710 4990       2       java.util.regex.Pattern::DOT (6 bytes)
Event: 7.055 Thread 0x00000131dee3b710 nmethod 4990 0x00000131e2183990 code [0x00000131e2183b20, 0x00000131e2183c10]
Event: 7.055 Thread 0x00000131dee3b710 4992       2       org.eclipse.core.internal.jobs.JobListeners::getJobListenerTimeout (4 bytes)
Event: 7.055 Thread 0x00000131dee3b710 nmethod 4992 0x00000131e220f790 code [0x00000131e220f920, 0x00000131e220fa10]
Event: 7.055 Thread 0x00000131dee3b710 4991       2       java.util.regex.Pattern$CharProperty::<init> (10 bytes)
Event: 7.055 Thread 0x00000131dee3b710 nmethod 4991 0x00000131e204fb90 code [0x00000131e204fd20, 0x00000131e204fe58]
Event: 7.055 Thread 0x00000131dee3b710 4993       2       java.lang.invoke.MethodHandles$Lookup::getDirectMethodNoSecurityManager (18 bytes)
Event: 7.055 Thread 0x00000131dee3b710 nmethod 4993 0x00000131e1f98e10 code [0x00000131e1f98fc0, 0x00000131e1f990f0]
Event: 7.055 Thread 0x00000131dee3b710 4989       2       org.objectweb.asm.ClassVisitor::visitMethod (24 bytes)
Event: 7.056 Thread 0x00000131dee3b710 nmethod 4989 0x00000131e1f98990 code [0x00000131e1f98b40, 0x00000131e1f98d08]
Event: 7.057 Thread 0x00000131dee3b710 4994       2       jdk.internal.loader.AbstractClassLoaderValue$Sub::equals (55 bytes)
Event: 7.057 Thread 0x00000131dee3b710 nmethod 4994 0x00000131e1f98390 code [0x00000131e1f98560, 0x00000131e1f98828]
Event: 7.057 Thread 0x00000131dee3b710 4995       2       java.util.Collections$EmptyMap::entrySet (4 bytes)
Event: 8.076 Thread 0x00000131dee3b710 nmethod 4995 0x00000131e1f98010 code [0x00000131e1f981a0, 0x00000131e1f982b0]
Event: 8.076 Thread 0x00000131dee3b710 5000       2       java.util.regex.Pattern::newSlice (181 bytes)
Event: 9.071 Thread 0x00000131dee3b710 nmethod 5000 0x00000131e2334010 code [0x00000131e23342a0, 0x00000131e2334bf0]
Event: 9.071 Thread 0x00000131dee3b710 5008       2       org.eclipse.core.internal.jobs.JobManager::select (60 bytes)
Event: 9.072 Thread 0x00000131dee3b710 nmethod 5008 0x00000131e2333a10 code [0x00000131e2333be0, 0x00000131e2333e88]
Event: 9.072 Thread 0x00000131dee3b710 4998       2       java.util.concurrent.ConcurrentLinkedQueue::poll (84 bytes)

GC Heap History (20 events):
Event: 5.401 GC heap before
{Heap before GC invocations=8 (full 0):
 PSYoungGen      total 30208K, used 7463K [0x00000000d5580000, 0x00000000d7880000, 0x0000000100000000)
  eden space 24576K, 8% used [0x00000000d5580000,0x00000000d577b7f8,0x00000000d6d80000)
  from space 5632K, 96% used [0x00000000d6e00000,0x00000000d734e6a0,0x00000000d7380000)
  to   space 5120K, 0% used [0x00000000d7380000,0x00000000d7380000,0x00000000d7880000)
 ParOldGen       total 68608K, used 9855K [0x0000000080000000, 0x0000000084300000, 0x00000000d5580000)
  object space 68608K, 14% used [0x0000000080000000,0x000000008099fc18,0x0000000084300000)
 Metaspace       used 20960K, committed 21824K, reserved 1114112K
  class space    used 2217K, committed 2624K, reserved 1048576K
}
Event: 5.403 GC heap after
{Heap after GC invocations=8 (full 0):
 PSYoungGen      total 29696K, used 4713K [0x00000000d5580000, 0x00000000d7880000, 0x0000000100000000)
  eden space 24576K, 0% used [0x00000000d5580000,0x00000000d5580000,0x00000000d6d80000)
  from space 5120K, 92% used [0x00000000d7380000,0x00000000d781a488,0x00000000d7880000)
  to   space 5120K, 0% used [0x00000000d6e80000,0x00000000d6e80000,0x00000000d7380000)
 ParOldGen       total 68608K, used 10867K [0x0000000080000000, 0x0000000084300000, 0x00000000d5580000)
  object space 68608K, 15% used [0x0000000080000000,0x0000000080a9cd70,0x0000000084300000)
 Metaspace       used 20960K, committed 21824K, reserved 1114112K
  class space    used 2217K, committed 2624K, reserved 1048576K
}
Event: 5.403 GC heap before
{Heap before GC invocations=9 (full 1):
 PSYoungGen      total 29696K, used 4713K [0x00000000d5580000, 0x00000000d7880000, 0x0000000100000000)
  eden space 24576K, 0% used [0x00000000d5580000,0x00000000d5580000,0x00000000d6d80000)
  from space 5120K, 92% used [0x00000000d7380000,0x00000000d781a488,0x00000000d7880000)
  to   space 5120K, 0% used [0x00000000d6e80000,0x00000000d6e80000,0x00000000d7380000)
 ParOldGen       total 68608K, used 10867K [0x0000000080000000, 0x0000000084300000, 0x00000000d5580000)
  object space 68608K, 15% used [0x0000000080000000,0x0000000080a9cd70,0x0000000084300000)
 Metaspace       used 20960K, committed 21824K, reserved 1114112K
  class space    used 2217K, committed 2624K, reserved 1048576K
}
Event: 5.431 GC heap after
{Heap after GC invocations=9 (full 1):
 PSYoungGen      total 29696K, used 0K [0x00000000d5580000, 0x00000000d7880000, 0x0000000100000000)
  eden space 24576K, 0% used [0x00000000d5580000,0x00000000d5580000,0x00000000d6d80000)
  from space 5120K, 0% used [0x00000000d7380000,0x00000000d7380000,0x00000000d7880000)
  to   space 5120K, 0% used [0x00000000d6e80000,0x00000000d6e80000,0x00000000d7380000)
 ParOldGen       total 68608K, used 14790K [0x0000000080000000, 0x0000000084300000, 0x00000000d5580000)
  object space 68608K, 21% used [0x0000000080000000,0x0000000080e71a88,0x0000000084300000)
 Metaspace       used 20947K, committed 21824K, reserved 1114112K
  class space    used 2213K, committed 2624K, reserved 1048576K
}
Event: 5.635 GC heap before
{Heap before GC invocations=10 (full 1):
 PSYoungGen      total 29696K, used 24576K [0x00000000d5580000, 0x00000000d7880000, 0x0000000100000000)
  eden space 24576K, 100% used [0x00000000d5580000,0x00000000d6d80000,0x00000000d6d80000)
  from space 5120K, 0% used [0x00000000d7380000,0x00000000d7380000,0x00000000d7880000)
  to   space 5120K, 0% used [0x00000000d6e80000,0x00000000d6e80000,0x00000000d7380000)
 ParOldGen       total 68608K, used 14790K [0x0000000080000000, 0x0000000084300000, 0x00000000d5580000)
  object space 68608K, 21% used [0x0000000080000000,0x0000000080e71a88,0x0000000084300000)
 Metaspace       used 23680K, committed 24576K, reserved 1114112K
  class space    used 2387K, committed 2816K, reserved 1048576K
}
Event: 5.636 GC heap after
{Heap after GC invocations=10 (full 1):
 PSYoungGen      total 24576K, used 459K [0x00000000d5580000, 0x00000000d7400000, 0x0000000100000000)
  eden space 24064K, 0% used [0x00000000d5580000,0x00000000d5580000,0x00000000d6d00000)
  from space 512K, 89% used [0x00000000d6e80000,0x00000000d6ef2c68,0x00000000d6f00000)
  to   space 2560K, 0% used [0x00000000d7180000,0x00000000d7180000,0x00000000d7400000)
 ParOldGen       total 68608K, used 14798K [0x0000000080000000, 0x0000000084300000, 0x00000000d5580000)
  object space 68608K, 21% used [0x0000000080000000,0x0000000080e73a88,0x0000000084300000)
 Metaspace       used 23680K, committed 24576K, reserved 1114112K
  class space    used 2387K, committed 2816K, reserved 1048576K
}
Event: 5.915 GC heap before
{Heap before GC invocations=11 (full 1):
 PSYoungGen      total 24576K, used 24523K [0x00000000d5580000, 0x00000000d7400000, 0x0000000100000000)
  eden space 24064K, 100% used [0x00000000d5580000,0x00000000d6d00000,0x00000000d6d00000)
  from space 512K, 89% used [0x00000000d6e80000,0x00000000d6ef2c68,0x00000000d6f00000)
  to   space 2560K, 0% used [0x00000000d7180000,0x00000000d7180000,0x00000000d7400000)
 ParOldGen       total 68608K, used 14798K [0x0000000080000000, 0x0000000084300000, 0x00000000d5580000)
  object space 68608K, 21% used [0x0000000080000000,0x0000000080e73a88,0x0000000084300000)
 Metaspace       used 26529K, committed 27392K, reserved 1114112K
  class space    used 2615K, committed 3008K, reserved 1048576K
}
Event: 5.916 GC heap after
{Heap after GC invocations=11 (full 1):
 PSYoungGen      total 26112K, used 2387K [0x00000000d5580000, 0x00000000d7400000, 0x0000000100000000)
  eden space 23552K, 0% used [0x00000000d5580000,0x00000000d5580000,0x00000000d6c80000)
  from space 2560K, 93% used [0x00000000d7180000,0x00000000d73d4f18,0x00000000d7400000)
  to   space 3072K, 0% used [0x00000000d6e00000,0x00000000d6e00000,0x00000000d7100000)
 ParOldGen       total 68608K, used 14798K [0x0000000080000000, 0x0000000084300000, 0x00000000d5580000)
  object space 68608K, 21% used [0x0000000080000000,0x0000000080e73a88,0x0000000084300000)
 Metaspace       used 26529K, committed 27392K, reserved 1114112K
  class space    used 2615K, committed 3008K, reserved 1048576K
}
Event: 6.258 GC heap before
{Heap before GC invocations=12 (full 1):
 PSYoungGen      total 26112K, used 25939K [0x00000000d5580000, 0x00000000d7400000, 0x0000000100000000)
  eden space 23552K, 100% used [0x00000000d5580000,0x00000000d6c80000,0x00000000d6c80000)
  from space 2560K, 93% used [0x00000000d7180000,0x00000000d73d4f18,0x00000000d7400000)
  to   space 3072K, 0% used [0x00000000d6e00000,0x00000000d6e00000,0x00000000d7100000)
 ParOldGen       total 68608K, used 14798K [0x0000000080000000, 0x0000000084300000, 0x00000000d5580000)
  object space 68608K, 21% used [0x0000000080000000,0x0000000080e73a88,0x0000000084300000)
 Metaspace       used 28722K, committed 29632K, reserved 1114112K
  class space    used 2808K, committed 3200K, reserved 1048576K
}
Event: 6.260 GC heap after
{Heap after GC invocations=12 (full 1):
 PSYoungGen      total 24576K, used 1308K [0x00000000d5580000, 0x00000000d7200000, 0x0000000100000000)
  eden space 23040K, 0% used [0x00000000d5580000,0x00000000d5580000,0x00000000d6c00000)
  from space 1536K, 85% used [0x00000000d6e00000,0x00000000d6f472d0,0x00000000d6f80000)
  to   space 2048K, 0% used [0x00000000d7000000,0x00000000d7000000,0x00000000d7200000)
 ParOldGen       total 68608K, used 16886K [0x0000000080000000, 0x0000000084300000, 0x00000000d5580000)
  object space 68608K, 24% used [0x0000000080000000,0x000000008107d8d0,0x0000000084300000)
 Metaspace       used 28722K, committed 29632K, reserved 1114112K
  class space    used 2808K, committed 3200K, reserved 1048576K
}
Event: 6.474 GC heap before
{Heap before GC invocations=13 (full 1):
 PSYoungGen      total 24576K, used 24348K [0x00000000d5580000, 0x00000000d7200000, 0x0000000100000000)
  eden space 23040K, 100% used [0x00000000d5580000,0x00000000d6c00000,0x00000000d6c00000)
  from space 1536K, 85% used [0x00000000d6e00000,0x00000000d6f472d0,0x00000000d6f80000)
  to   space 2048K, 0% used [0x00000000d7000000,0x00000000d7000000,0x00000000d7200000)
 ParOldGen       total 68608K, used 16886K [0x0000000080000000, 0x0000000084300000, 0x00000000d5580000)
  object space 68608K, 24% used [0x0000000080000000,0x000000008107d8d0,0x0000000084300000)
 Metaspace       used 31577K, committed 32640K, reserved 1114112K
  class space    used 3147K, committed 3584K, reserved 1048576K
}
Event: 6.476 GC heap after
{Heap after GC invocations=13 (full 1):
 PSYoungGen      total 24576K, used 1925K [0x00000000d5580000, 0x00000000d7200000, 0x0000000100000000)
  eden space 22528K, 0% used [0x00000000d5580000,0x00000000d5580000,0x00000000d6b80000)
  from space 2048K, 93% used [0x00000000d7000000,0x00000000d71e1450,0x00000000d7200000)
  to   space 2048K, 0% used [0x00000000d6e00000,0x00000000d6e00000,0x00000000d7000000)
 ParOldGen       total 68608K, used 18049K [0x0000000080000000, 0x0000000084300000, 0x00000000d5580000)
  object space 68608K, 26% used [0x0000000080000000,0x00000000811a0720,0x0000000084300000)
 Metaspace       used 31577K, committed 32640K, reserved 1114112K
  class space    used 3147K, committed 3584K, reserved 1048576K
}
Event: 6.618 GC heap before
{Heap before GC invocations=14 (full 1):
 PSYoungGen      total 24576K, used 24453K [0x00000000d5580000, 0x00000000d7200000, 0x0000000100000000)
  eden space 22528K, 100% used [0x00000000d5580000,0x00000000d6b80000,0x00000000d6b80000)
  from space 2048K, 93% used [0x00000000d7000000,0x00000000d71e1450,0x00000000d7200000)
  to   space 2048K, 0% used [0x00000000d6e00000,0x00000000d6e00000,0x00000000d7000000)
 ParOldGen       total 68608K, used 18049K [0x0000000080000000, 0x0000000084300000, 0x00000000d5580000)
  object space 68608K, 26% used [0x0000000080000000,0x00000000811a0720,0x0000000084300000)
 Metaspace       used 33965K, committed 35072K, reserved 1114112K
  class space    used 3479K, committed 3968K, reserved 1048576K
}
Event: 6.620 GC heap after
{Heap after GC invocations=14 (full 1):
 PSYoungGen      total 24064K, used 2032K [0x00000000d5580000, 0x00000000d7080000, 0x0000000100000000)
  eden space 22016K, 0% used [0x00000000d5580000,0x00000000d5580000,0x00000000d6b00000)
  from space 2048K, 99% used [0x00000000d6e00000,0x00000000d6ffc010,0x00000000d7000000)
  to   space 512K, 0% used [0x00000000d7000000,0x00000000d7000000,0x00000000d7080000)
 ParOldGen       total 68608K, used 19345K [0x0000000080000000, 0x0000000084300000, 0x00000000d5580000)
  object space 68608K, 28% used [0x0000000080000000,0x00000000812e4470,0x0000000084300000)
 Metaspace       used 33965K, committed 35072K, reserved 1114112K
  class space    used 3479K, committed 3968K, reserved 1048576K
}
Event: 6.727 GC heap before
{Heap before GC invocations=15 (full 1):
 PSYoungGen      total 24064K, used 13344K [0x00000000d5580000, 0x00000000d7080000, 0x0000000100000000)
  eden space 22016K, 51% used [0x00000000d5580000,0x00000000d608c2a0,0x00000000d6b00000)
  from space 2048K, 99% used [0x00000000d6e00000,0x00000000d6ffc010,0x00000000d7000000)
  to   space 512K, 0% used [0x00000000d7000000,0x00000000d7000000,0x00000000d7080000)
 ParOldGen       total 68608K, used 19345K [0x0000000080000000, 0x0000000084300000, 0x00000000d5580000)
  object space 68608K, 28% used [0x0000000080000000,0x00000000812e4470,0x0000000084300000)
 Metaspace       used 35344K, committed 36416K, reserved 1114112K
  class space    used 3687K, committed 4160K, reserved 1048576K
}
Event: 6.729 GC heap after
{Heap after GC invocations=15 (full 1):
 PSYoungGen      total 22528K, used 512K [0x00000000d5580000, 0x00000000d7080000, 0x0000000100000000)
  eden space 22016K, 0% used [0x00000000d5580000,0x00000000d5580000,0x00000000d6b00000)
  from space 512K, 100% used [0x00000000d7000000,0x00000000d7080000,0x00000000d7080000)
  to   space 2560K, 0% used [0x00000000d6b80000,0x00000000d6b80000,0x00000000d6e00000)
 ParOldGen       total 68608K, used 21161K [0x0000000080000000, 0x0000000084300000, 0x00000000d5580000)
  object space 68608K, 30% used [0x0000000080000000,0x00000000814aa4b0,0x0000000084300000)
 Metaspace       used 35344K, committed 36416K, reserved 1114112K
  class space    used 3687K, committed 4160K, reserved 1048576K
}
Event: 6.729 GC heap before
{Heap before GC invocations=16 (full 2):
 PSYoungGen      total 22528K, used 512K [0x00000000d5580000, 0x00000000d7080000, 0x0000000100000000)
  eden space 22016K, 0% used [0x00000000d5580000,0x00000000d5580000,0x00000000d6b00000)
  from space 512K, 100% used [0x00000000d7000000,0x00000000d7080000,0x00000000d7080000)
  to   space 2560K, 0% used [0x00000000d6b80000,0x00000000d6b80000,0x00000000d6e00000)
 ParOldGen       total 68608K, used 21161K [0x0000000080000000, 0x0000000084300000, 0x00000000d5580000)
  object space 68608K, 30% used [0x0000000080000000,0x00000000814aa4b0,0x0000000084300000)
 Metaspace       used 35344K, committed 36416K, reserved 1114112K
  class space    used 3687K, committed 4160K, reserved 1048576K
}
Event: 6.760 GC heap after
{Heap after GC invocations=16 (full 2):
 PSYoungGen      total 22528K, used 0K [0x00000000d5580000, 0x00000000d7080000, 0x0000000100000000)
  eden space 22016K, 0% used [0x00000000d5580000,0x00000000d5580000,0x00000000d6b00000)
  from space 512K, 0% used [0x00000000d7000000,0x00000000d7000000,0x00000000d7080000)
  to   space 2560K, 0% used [0x00000000d6b80000,0x00000000d6b80000,0x00000000d6e00000)
 ParOldGen       total 68608K, used 20699K [0x0000000080000000, 0x0000000084300000, 0x00000000d5580000)
  object space 68608K, 30% used [0x0000000080000000,0x0000000081436ff0,0x0000000084300000)
 Metaspace       used 35334K, committed 36416K, reserved 1114112K
  class space    used 3684K, committed 4160K, reserved 1048576K
}
Event: 6.957 GC heap before
{Heap before GC invocations=17 (full 2):
 PSYoungGen      total 22528K, used 22016K [0x00000000d5580000, 0x00000000d7080000, 0x0000000100000000)
  eden space 22016K, 100% used [0x00000000d5580000,0x00000000d6b00000,0x00000000d6b00000)
  from space 512K, 0% used [0x00000000d7000000,0x00000000d7000000,0x00000000d7080000)
  to   space 2560K, 0% used [0x00000000d6b80000,0x00000000d6b80000,0x00000000d6e00000)
 ParOldGen       total 68608K, used 20699K [0x0000000080000000, 0x0000000084300000, 0x00000000d5580000)
  object space 68608K, 30% used [0x0000000080000000,0x0000000081436ff0,0x0000000084300000)
 Metaspace       used 36755K, committed 37888K, reserved 1114112K
  class space    used 3871K, committed 4352K, reserved 1048576K
}
Event: 6.957 GC heap after
{Heap after GC invocations=17 (full 2):
 PSYoungGen      total 24576K, used 1224K [0x00000000d5580000, 0x00000000d7080000, 0x0000000100000000)
  eden space 22016K, 0% used [0x00000000d5580000,0x00000000d5580000,0x00000000d6b00000)
  from space 2560K, 47% used [0x00000000d6b80000,0x00000000d6cb2100,0x00000000d6e00000)
  to   space 2048K, 0% used [0x00000000d6e80000,0x00000000d6e80000,0x00000000d7080000)
 ParOldGen       total 68608K, used 20707K [0x0000000080000000, 0x0000000084300000, 0x00000000d5580000)
  object space 68608K, 30% used [0x0000000080000000,0x0000000081438ff0,0x0000000084300000)
 Metaspace       used 36755K, committed 37888K, reserved 1114112K
  class space    used 3871K, committed 4352K, reserved 1048576K
}

Dll operation events (10 events):
Event: 0.020 Loaded shared library c:\Users\PAULO ROBERTO\.vscode\extensions\redhat.java-1.55.0-win32-x64\jre\21.0.11-win32-x86_64\bin\java.dll
Event: 0.094 Loaded shared library c:\Users\PAULO ROBERTO\.vscode\extensions\redhat.java-1.55.0-win32-x64\jre\21.0.11-win32-x86_64\bin\zip.dll
Event: 0.128 Loaded shared library C:\Users\PAULO ROBERTO\.vscode\extensions\redhat.java-1.55.0-win32-x64\jre\21.0.11-win32-x86_64\bin\instrument.dll
Event: 0.142 Loaded shared library C:\Users\PAULO ROBERTO\.vscode\extensions\redhat.java-1.55.0-win32-x64\jre\21.0.11-win32-x86_64\bin\net.dll
Event: 0.148 Loaded shared library C:\Users\PAULO ROBERTO\.vscode\extensions\redhat.java-1.55.0-win32-x64\jre\21.0.11-win32-x86_64\bin\nio.dll
Event: 0.161 Loaded shared library C:\Users\PAULO ROBERTO\.vscode\extensions\redhat.java-1.55.0-win32-x64\jre\21.0.11-win32-x86_64\bin\zip.dll
Event: 0.181 Loaded shared library C:\Users\PAULO ROBERTO\.vscode\extensions\redhat.java-1.55.0-win32-x64\jre\21.0.11-win32-x86_64\bin\jimage.dll
Event: 0.334 Loaded shared library c:\Users\PAULO ROBERTO\.vscode\extensions\redhat.java-1.55.0-win32-x64\jre\21.0.11-win32-x86_64\bin\verify.dll
Event: 1.418 Loaded shared library C:\Users\PAULO ROBERTO\AppData\Roaming\Code\User\globalStorage\redhat.java\1.55.0\config_win\org.eclipse.equinox.launcher\org.eclipse.equinox.launcher.win32.win32.x86_64_1.3.100.v20260613-0559\eclipse_11924.dll
Event: 4.789 Loaded shared library C:\Users\PAULO ROBERTO\AppData\Local\Temp\jna--1403105036\jna9620868051150693517.dll

Deoptimization events (20 events):
Event: 6.856 Thread 0x00000131fce5b340 DEOPT PACKING pc=0x00000131e9b96f54 sp=0x00000028ce2fe020
Event: 6.856 Thread 0x00000131fce5b340 DEOPT UNPACKING pc=0x00000131e9503aa2 sp=0x00000028ce2fdee0 mode 2
Event: 6.861 Thread 0x00000131ded7b550 Uncommon trap: trap_request=0xffffff45 fr.pc=0x00000131e9b71b28 relative=0x00000000000000e8
Event: 6.861 Thread 0x00000131ded7b550 Uncommon trap: reason=unstable_if action=reinterpret pc=0x00000131e9b71b28 method=java.lang.CharacterDataLatin1.digit(II)I @ 7 c2
Event: 6.861 Thread 0x00000131ded7b550 DEOPT PACKING pc=0x00000131e9b71b28 sp=0x00000028cc0fe610
Event: 6.861 Thread 0x00000131ded7b550 DEOPT UNPACKING pc=0x00000131e9503aa2 sp=0x00000028cc0fe4d0 mode 2
Event: 6.861 Thread 0x00000131ded7b550 Uncommon trap: trap_request=0xffffff3d fr.pc=0x00000131e9b1af78 relative=0x00000000000001d8
Event: 6.861 Thread 0x00000131ded7b550 Uncommon trap: reason=unstable_fused_if action=reinterpret pc=0x00000131e9b1af78 method=java.lang.CharacterDataLatin1.equalsIgnoreCase(BB)Z @ 16 c2
Event: 6.862 Thread 0x00000131ded7b550 DEOPT PACKING pc=0x00000131e9b1af78 sp=0x00000028cc0fe700
Event: 6.862 Thread 0x00000131ded7b550 DEOPT UNPACKING pc=0x00000131e9503aa2 sp=0x00000028cc0fe608 mode 2
Event: 6.862 Thread 0x00000131ded7b550 Uncommon trap: trap_request=0xffffff45 fr.pc=0x00000131e9a8a348 relative=0x00000000000000a8
Event: 6.862 Thread 0x00000131ded7b550 Uncommon trap: reason=unstable_if action=reinterpret pc=0x00000131e9a8a348 method=java.lang.CharacterDataLatin1.digit(II)I @ 7 c2
Event: 6.862 Thread 0x00000131ded7b550 DEOPT PACKING pc=0x00000131e9a8a348 sp=0x00000028cc0fe570
Event: 6.862 Thread 0x00000131ded7b550 DEOPT UNPACKING pc=0x00000131e9503aa2 sp=0x00000028cc0fe4f0 mode 2
Event: 6.869 Thread 0x00000131fce5b340 Uncommon trap: trap_request=0xffffff45 fr.pc=0x00000131e9b8b230 relative=0x0000000000000110
Event: 6.869 Thread 0x00000131fce5b340 Uncommon trap: reason=unstable_if action=reinterpret pc=0x00000131e9b8b230 method=java.util.ArrayList.indexOfRange(Ljava/lang/Object;II)I @ 7 c2
Event: 6.869 Thread 0x00000131fce5b340 DEOPT PACKING pc=0x00000131e9b8b230 sp=0x00000028ce2fdf40
Event: 6.869 Thread 0x00000131fce5b340 DEOPT UNPACKING pc=0x00000131e9503aa2 sp=0x00000028ce2fdee0 mode 2
Event: 7.040 Thread 0x00000131fce5b340 DEOPT PACKING pc=0x00000131e24ce5d3 sp=0x00000028ce2fdd90
Event: 7.040 Thread 0x00000131fce5b340 DEOPT UNPACKING pc=0x00000131e9504242 sp=0x00000028ce2fd200 mode 0

Classes loaded (20 events):
Event: 6.858 Loading class sun/nio/ch/PendingFuture
Event: 6.858 Loading class sun/nio/ch/PendingFuture done
Event: 6.858 Loading class sun/nio/ch/WindowsAsynchronousFileChannelImpl$ReadTask
Event: 6.858 Loading class sun/nio/ch/Iocp$ResultHandler
Event: 6.859 Loading class sun/nio/ch/Iocp$ResultHandler done
Event: 6.859 Loading class sun/nio/ch/WindowsAsynchronousFileChannelImpl$ReadTask done
Event: 6.860 Loading class java/text/ParsePosition
Event: 6.860 Loading class java/text/ParsePosition done
Event: 6.861 Loading class java/text/CalendarBuilder
Event: 6.861 Loading class java/text/CalendarBuilder done
Event: 6.884 Loading class java/io/PrintWriter$1
Event: 6.884 Loading class jdk/internal/access/JavaIOPrintWriterAccess
Event: 6.884 Loading class jdk/internal/access/JavaIOPrintWriterAccess done
Event: 6.884 Loading class java/io/PrintWriter$1 done
Event: 6.886 Loading class java/lang/foreign/MemorySegment
Event: 6.886 Loading class java/lang/foreign/MemorySegment done
Event: 6.886 Loading class java/time/format/DateTimeParseContext
Event: 6.887 Loading class java/time/format/DateTimeParseContext done
Event: 6.887 Loading class java/time/format/Parsed
Event: 6.887 Loading class java/time/format/Parsed done

Classes unloaded (13 events):
Event: 5.408 Thread 0x00000131dee1f810 Unloading class 0x00000131811a4c00 'java/lang/invoke/LambdaForm$MH+0x00000131811a4c00'
Event: 5.408 Thread 0x00000131dee1f810 Unloading class 0x00000131811a4800 'java/lang/invoke/LambdaForm$MH+0x00000131811a4800'
Event: 5.408 Thread 0x00000131dee1f810 Unloading class 0x00000131811a4400 'java/lang/invoke/LambdaForm$MH+0x00000131811a4400'
Event: 5.408 Thread 0x00000131dee1f810 Unloading class 0x00000131811a4000 'java/lang/invoke/LambdaForm$MH+0x00000131811a4000'
Event: 5.408 Thread 0x00000131dee1f810 Unloading class 0x00000131811a3c00 'java/lang/invoke/LambdaForm$BMH+0x00000131811a3c00'
Event: 5.408 Thread 0x00000131dee1f810 Unloading class 0x00000131811a3800 'java/lang/invoke/LambdaForm$DMH+0x00000131811a3800'
Event: 5.408 Thread 0x00000131dee1f810 Unloading class 0x00000131811a2400 'java/lang/invoke/LambdaForm$DMH+0x00000131811a2400'
Event: 6.735 Thread 0x00000131dee1f810 Unloading class 0x000001318134ac00 'java/lang/invoke/LambdaForm$MH+0x000001318134ac00'
Event: 6.735 Thread 0x00000131dee1f810 Unloading class 0x000001318134a000 'java/lang/invoke/LambdaForm$MH+0x000001318134a000'
Event: 6.735 Thread 0x00000131dee1f810 Unloading class 0x0000013181349800 'java/lang/invoke/LambdaForm$MH+0x0000013181349800'
Event: 6.735 Thread 0x00000131dee1f810 Unloading class 0x0000013181349000 'java/lang/invoke/LambdaForm$MH+0x0000013181349000'
Event: 6.735 Thread 0x00000131dee1f810 Unloading class 0x0000013181348c00 'java/lang/invoke/LambdaForm$DMH+0x0000013181348c00'
Event: 6.735 Thread 0x00000131dee1f810 Unloading class 0x0000013181348400 'java/lang/invoke/LambdaForm$MH+0x0000013181348400'

Classes redefined (0 events):
No events

Internal exceptions (20 events):
Event: 6.408 Thread 0x00000131fd8a1240 Exception <a 'java/lang/NoSuchMethodError'{0x00000000d5e373d0}: 'int java.lang.invoke.DirectMethodHandle$Holder.invokeStaticInit(java.lang.Object, long, long)'> (0x00000000d5e373d0) 
thrown [s\src\hotspot\share\interpreter\linkResolver.cpp, line 773]
Event: 6.409 Thread 0x00000131fd8a1240 Exception <a 'java/lang/NoSuchMethodError'{0x00000000d5e3dab8}: 'int java.lang.invoke.DirectMethodHandle$Holder.invokeStaticInit(java.lang.Object, float, float)'> (0x00000000d5e3dab8) 
thrown [s\src\hotspot\share\interpreter\linkResolver.cpp, line 773]
Event: 6.410 Thread 0x00000131fd8a1240 Exception <a 'java/lang/NoSuchMethodError'{0x00000000d5e44198}: 'int java.lang.invoke.DirectMethodHandle$Holder.invokeStaticInit(java.lang.Object, double, double)'> (0x00000000d5e44198) 
thrown [s\src\hotspot\share\interpreter\linkResolver.cpp, line 773]
Event: 6.410 Thread 0x00000131fd8a1240 Exception <a 'java/lang/NoSuchMethodError'{0x00000000d5e61c90}: 'int java.lang.invoke.DirectMethodHandle$Holder.invokeStatic(java.lang.Object, long)'> (0x00000000d5e61c90) 
thrown [s\src\hotspot\share\interpreter\linkResolver.cpp, line 773]
Event: 6.415 Thread 0x00000131fce5b340 Exception <a 'java/lang/NoSuchMethodError'{0x00000000d5f16708}: 'int java.lang.invoke.Invokers$Holder.linkToTargetMethod(java.lang.Object, java.lang.Object)'> (0x00000000d5f16708) 
thrown [s\src\hotspot\share\interpreter\linkResolver.cpp, line 773]
Event: 6.415 Thread 0x00000131fd8a1240 Exception <a 'java/lang/NoSuchMethodError'{0x00000000d5f00ee0}: 'int java.lang.invoke.Invokers$Holder.linkToTargetMethod(java.lang.Object, java.lang.Object)'> (0x00000000d5f00ee0) 
thrown [s\src\hotspot\share\interpreter\linkResolver.cpp, line 773]
Event: 6.416 Thread 0x00000131fd8a1240 Exception <a 'java/lang/NoSuchMethodError'{0x00000000d5f46a00}: 'int java.lang.invoke.DirectMethodHandle$Holder.invokeSpecial(java.lang.Object, java.lang.Object, java.lang.Object, java.lang.Object)'> (0x00000000d5f46a00) 
thrown [s\src\hotspot\share\interpreter\linkResolver.cpp, line 773]
Event: 6.419 Thread 0x00000131fd8a1240 Exception <a 'java/lang/NoSuchMethodError'{0x00000000d5f540e0}: 'java.lang.Object java.lang.invoke.DirectMethodHandle$Holder.invokeStatic(java.lang.Object, int, java.lang.Object, java.lang.Object)'> (0x00000000d5f540e0) 
thrown [s\src\hotspot\share\interpreter\linkResolver.cpp, line 773]
Event: 6.419 Thread 0x00000131fd8a1240 Exception <a 'java/lang/NoSuchMethodError'{0x00000000d5f578e0}: 'java.lang.Object java.lang.invoke.DelegatingMethodHandle$Holder.delegate(java.lang.Object, int, java.lang.Object, java.lang.Object)'> (0x00000000d5f578e0) 
thrown [s\src\hotspot\share\interpreter\linkResolver.cpp, line 773]
Event: 6.423 Thread 0x00000131fd8a1240 Exception <a 'java/lang/NoSuchMethodError'{0x00000000d5fa5ef0}: 'int java.lang.invoke.Invokers$Holder.linkToTargetMethod(java.lang.Object, java.lang.Object, java.lang.Object)'> (0x00000000d5fa5ef0) 
thrown [s\src\hotspot\share\interpreter\linkResolver.cpp, line 773]
Event: 6.455 Thread 0x00000131fce5b340 Exception <a 'java/lang/NoSuchMethodError'{0x00000000d65fdcb0}: 'java.lang.Object java.lang.invoke.DirectMethodHandle$Holder.invokeSpecialIFC(java.lang.Object, java.lang.Object, java.lang.Object, java.lang.Object)'> (0x00000000d65fdcb0) 
thrown [s\src\hotspot\share\interpreter\linkResolver.cpp, line 773]
Event: 6.455 Thread 0x00000131fd8a25f0 Exception <a 'java/lang/NoSuchMethodError'{0x00000000d65e43b8}: 'void java.lang.invoke.DirectMethodHandle$Holder.invokeStaticInit(java.lang.Object, java.lang.Object, java.lang.Object, java.lang.Object)'> (0x00000000d65e43b8) 
thrown [s\src\hotspot\share\interpreter\linkResolver.cpp, line 773]
Event: 6.510 Thread 0x00000131ded7b550 Exception <a 'java/lang/NoSuchMethodError'{0x00000000d5d382d8}: 'java.lang.Object java.lang.invoke.DirectMethodHandle$Holder.invokeStatic(java.lang.Object, long, java.lang.Object)'> (0x00000000d5d382d8) 
thrown [s\src\hotspot\share\interpreter\linkResolver.cpp, line 773]
Event: 6.512 Thread 0x00000131ded7b550 Exception <a 'java/lang/NoSuchMethodError'{0x00000000d5d80978}: 'java.lang.Object java.lang.invoke.DirectMethodHandle$Holder.invokeStaticInit(java.lang.Object, long, java.lang.Object)'> (0x00000000d5d80978) 
thrown [s\src\hotspot\share\interpreter\linkResolver.cpp, line 773]
Event: 6.514 Thread 0x00000131ded7b550 Exception <a 'java/lang/NoSuchMethodError'{0x00000000d5d86108}: 'java.lang.Object java.lang.invoke.DirectMethodHandle$Holder.newInvokeSpecial(java.lang.Object, long)'> (0x00000000d5d86108) 
thrown [s\src\hotspot\share\interpreter\linkResolver.cpp, line 773]
Event: 6.574 Thread 0x00000131fce5a620 Exception <a 'java/io/FileNotFoundException'{0x00000000d6705e58}> (0x00000000d6705e58) 
thrown [s\src\hotspot\share\prims\jni.cpp, line 520]
Event: 6.822 Thread 0x00000131ded7b550 Exception <a 'java/lang/NoSuchMethodError'{0x00000000d5b78120}: 'void java.lang.invoke.DirectMethodHandle$Holder.invokeSpecial(java.lang.Object, java.lang.Object, java.lang.Object, java.lang.Object, java.lang.Object, java.lang.Object)'> (0x00000000d5b78120) 
thrown [s\src\hotspot\share\interpreter\linkResolver.cpp, line 773]
Event: 6.823 Thread 0x00000131ded7b550 Exception <a 'java/lang/IncompatibleClassChangeError'{0x00000000d5b9c7b0}: Found class java.lang.Object, but interface was expected> (0x00000000d5b9c7b0) 
thrown [s\src\hotspot\share\interpreter\linkResolver.cpp, line 840]
Event: 6.823 Thread 0x00000131ded7b550 Exception <a 'java/lang/IncompatibleClassChangeError'{0x00000000d5b9d968}: Found class java.lang.Object, but interface was expected> (0x00000000d5b9d968) 
thrown [s\src\hotspot\share\interpreter\linkResolver.cpp, line 840]
Event: 6.829 Thread 0x00000131fce5b340 Exception <a 'java/lang/NoClassDefFoundError'{0x00000000d5c600f0}: javax/enterprise/inject/Typed> (0x00000000d5c600f0) 
thrown [s\src\hotspot\share\classfile\systemDictionary.cpp, line 302]

ZGC Phase Switch (0 events):
No events

VM Operations (20 events):
Event: 6.175 Executing non-safepoint VM operation: HandshakeAllThreads (Deoptimize)
Event: 6.175 Executing non-safepoint VM operation: HandshakeAllThreads (Deoptimize) done
Event: 6.257 Executing safepoint VM operation: ParallelGCFailedAllocation (Allocation Failure)
Event: 6.260 Executing safepoint VM operation: ParallelGCFailedAllocation (Allocation Failure) done
Event: 6.302 Executing non-safepoint VM operation: HandshakeAllThreads (Deoptimize)
Event: 6.302 Executing non-safepoint VM operation: HandshakeAllThreads (Deoptimize) done
Event: 6.423 Executing non-safepoint VM operation: HandshakeAllThreads (Deoptimize)
Event: 6.423 Executing non-safepoint VM operation: HandshakeAllThreads (Deoptimize) done
Event: 6.474 Executing safepoint VM operation: ParallelGCFailedAllocation (Allocation Failure)
Event: 6.476 Executing safepoint VM operation: ParallelGCFailedAllocation (Allocation Failure) done
Event: 6.618 Executing safepoint VM operation: ParallelGCFailedAllocation (Allocation Failure)
Event: 6.620 Executing safepoint VM operation: ParallelGCFailedAllocation (Allocation Failure) done
Event: 6.727 Executing safepoint VM operation: CollectForMetadataAllocation (Metadata GC Threshold)
Event: 6.760 Executing safepoint VM operation: CollectForMetadataAllocation (Metadata GC Threshold) done
Event: 6.819 Executing non-safepoint VM operation: HandshakeAllThreads (Deoptimize)
Event: 6.819 Executing non-safepoint VM operation: HandshakeAllThreads (Deoptimize) done
Event: 6.956 Executing safepoint VM operation: ParallelGCFailedAllocation (Allocation Failure)
Event: 6.958 Executing safepoint VM operation: ParallelGCFailedAllocation (Allocation Failure) done
Event: 7.958 Executing safepoint VM operation: Cleanup
Event: 8.076 Executing safepoint VM operation: Cleanup done

Memory protections (0 events):
No events

Nmethod flushes (20 events):
Event: 6.742 Thread 0x00000131dee1f810 flushing  nmethod 0x00000131e25fda10
Event: 6.742 Thread 0x00000131dee1f810 flushing  nmethod 0x00000131e25fe190
Event: 6.742 Thread 0x00000131dee1f810 flushing  nmethod 0x00000131e25fe690
Event: 6.742 Thread 0x00000131dee1f810 flushing  nmethod 0x00000131e25ff710
Event: 6.742 Thread 0x00000131dee1f810 flushing  nmethod 0x00000131e25ffc10
Event: 6.742 Thread 0x00000131dee1f810 flushing  nmethod 0x00000131e2600d10
Event: 6.742 Thread 0x00000131dee1f810 flushing  nmethod 0x00000131e2601110
Event: 6.742 Thread 0x00000131dee1f810 flushing  nmethod 0x00000131e2601590
Event: 6.742 Thread 0x00000131dee1f810 flushing  nmethod 0x00000131e260a590
Event: 6.742 Thread 0x00000131dee1f810 flushing  nmethod 0x00000131e260b110
Event: 6.742 Thread 0x00000131dee1f810 flushing  nmethod 0x00000131e260be10
Event: 6.742 Thread 0x00000131dee1f810 flushing  nmethod 0x00000131e260d210
Event: 6.742 Thread 0x00000131dee1f810 flushing  nmethod 0x00000131e260d610
Event: 6.742 Thread 0x00000131dee1f810 flushing  nmethod 0x00000131e260d910
Event: 6.742 Thread 0x00000131dee1f810 flushing  nmethod 0x00000131e2621e90
Event: 6.742 Thread 0x00000131dee1f810 flushing  nmethod 0x00000131e2629b90
Event: 6.742 Thread 0x00000131dee1f810 flushing  nmethod 0x00000131e2639310
Event: 6.742 Thread 0x00000131dee1f810 flushing  nmethod 0x00000131e263aa10
Event: 6.742 Thread 0x00000131dee1f810 flushing  nmethod 0x00000131e2691590
Event: 6.742 Thread 0x00000131dee1f810 flushing  nmethod 0x00000131e26c9b90

Events (20 events):
Event: 6.434 Thread 0x00000131fd8a25f0 Thread added: 0x00000131fd8a18d0
Event: 6.480 Thread 0x00000131dee3b710 Thread added: 0x00000131fc6259b0
Event: 6.491 Thread 0x00000131fd8a18d0 Thread added: 0x00000131fd89fe90
Event: 6.528 Thread 0x00000131ded7b550 Thread added: 0x00000131fd8a2c80
Event: 6.529 Thread 0x00000131ded7b550 Thread added: 0x00000131fd89f800
Event: 6.529 Thread 0x00000131ded7b550 Thread added: 0x00000131fd8a1f60
Event: 6.530 Thread 0x00000131ded7b550 Thread added: 0x00000131fd8a3310
Event: 6.530 Thread 0x00000131ded7b550 Thread added: 0x00000131fd8a39a0
Event: 6.530 Thread 0x00000131ded7b550 Thread added: 0x00000131fd8a0520
Event: 6.531 Thread 0x00000131ded7b550 Thread added: 0x00000131fd8a5a70
Event: 6.531 Thread 0x00000131ded7b550 Thread added: 0x00000131fd8a53e0
Event: 6.531 Thread 0x00000131ded7b550 Thread added: 0x00000131fd8a6100
Event: 6.532 Thread 0x00000131ded7b550 Thread added: 0x00000131fd8a6790
Event: 6.532 Thread 0x00000131ded7b550 Thread added: 0x00000131fd8a4030
Event: 6.532 Thread 0x00000131ded7b550 Thread added: 0x00000131fd8a46c0
Event: 6.532 Thread 0x00000131ded7b550 Thread added: 0x00000131fd8a4d50
Event: 6.578 Thread 0x00000131ded7b550 Thread added: 0x00000131fd8a6e20
Event: 6.591 Thread 0x00000131fd89fe90 Thread added: 0x00000131fe225330
Event: 6.857 Thread 0x00000131ded7b550 Thread added: 0x00000131fe2259c0
Event: 6.857 Thread 0x00000131ded7b550 Thread added: 0x00000131fe228120


Dynamic libraries:
0x00007ff6e8890000 - 0x00007ff6e889e000 	c:\Users\PAULO ROBERTO\.vscode\extensions\redhat.java-1.55.0-win32-x64\jre\21.0.11-win32-x86_64\bin\java.exe
0x00007ffc61720000 - 0x00007ffc61986000 	C:\WINDOWS\SYSTEM32\ntdll.dll
0x00007ffc602c0000 - 0x00007ffc60389000 	C:\WINDOWS\System32\KERNEL32.DLL
0x00007ffc5e960000 - 0x00007ffc5ed5f000 	C:\WINDOWS\System32\KERNELBASE.dll
0x00007ffc5ef90000 - 0x00007ffc5f0dc000 	C:\WINDOWS\System32\ucrtbase.dll
0x00007ffc523e0000 - 0x00007ffc523f8000 	c:\Users\PAULO ROBERTO\.vscode\extensions\redhat.java-1.55.0-win32-x64\jre\21.0.11-win32-x86_64\bin\jli.dll
0x00007ffc5ffb0000 - 0x00007ffc60176000 	C:\WINDOWS\System32\USER32.dll
0x00007ffc5e930000 - 0x00007ffc5e957000 	C:\WINDOWS\System32\win32u.dll
0x00007ffc60390000 - 0x00007ffc603bb000 	C:\WINDOWS\System32\GDI32.dll
0x00007ffc5f320000 - 0x00007ffc5f449000 	C:\WINDOWS\System32\gdi32full.dll
0x00007ffc5f1b0000 - 0x00007ffc5f253000 	C:\WINDOWS\System32\msvcp_win.dll
0x00007ffc367a0000 - 0x00007ffc36a31000 	C:\WINDOWS\WinSxS\amd64_microsoft.windows.common-controls_6595b64144ccf1df_6.0.26100.8972_none_3e0da176e32f9d4b\COMCTL32.dll
0x00007ffc4e180000 - 0x00007ffc4e19e000 	c:\Users\PAULO ROBERTO\.vscode\extensions\redhat.java-1.55.0-win32-x64\jre\21.0.11-win32-x86_64\bin\VCRUNTIME140.dll
0x00007ffc60180000 - 0x00007ffc60229000 	C:\WINDOWS\System32\msvcrt.dll
0x00007ffc5ff70000 - 0x00007ffc5ffa2000 	C:\WINDOWS\System32\IMM32.DLL
0x00007ffc584b0000 - 0x00007ffc584bc000 	c:\Users\PAULO ROBERTO\.vscode\extensions\redhat.java-1.55.0-win32-x64\jre\21.0.11-win32-x86_64\bin\vcruntime140_1.dll
0x00007ffc42640000 - 0x00007ffc426cd000 	c:\Users\PAULO ROBERTO\.vscode\extensions\redhat.java-1.55.0-win32-x64\jre\21.0.11-win32-x86_64\bin\msvcp140.dll
0x00007ffb6dc50000 - 0x00007ffb6e9f2000 	c:\Users\PAULO ROBERTO\.vscode\extensions\redhat.java-1.55.0-win32-x64\jre\21.0.11-win32-x86_64\bin\server\jvm.dll
0x00007ffc60cd0000 - 0x00007ffc60d8c000 	C:\WINDOWS\System32\ADVAPI32.dll
0x00007ffc5f9a0000 - 0x00007ffc5fa4a000 	C:\WINDOWS\System32\sechost.dll
0x00007ffc5f6e0000 - 0x00007ffc5f7f8000 	C:\WINDOWS\System32\RPCRT4.dll
0x00007ffc5faa0000 - 0x00007ffc5fb22000 	C:\WINDOWS\System32\WS2_32.dll
0x00007ffc5d440000 - 0x00007ffc5d49e000 	C:\WINDOWS\SYSTEM32\POWRPROF.dll
0x00007ffc498c0000 - 0x00007ffc498f6000 	C:\WINDOWS\SYSTEM32\WINMM.dll
0x00007ffc4c850000 - 0x00007ffc4c85b000 	C:\WINDOWS\SYSTEM32\VERSION.dll
0x00007ffc5d420000 - 0x00007ffc5d435000 	C:\WINDOWS\SYSTEM32\UMPDC.dll
0x00007ffc5d660000 - 0x00007ffc5d67b000 	C:\WINDOWS\SYSTEM32\kernel.appcore.dll
0x00007ffc53710000 - 0x00007ffc5371a000 	c:\Users\PAULO ROBERTO\.vscode\extensions\redhat.java-1.55.0-win32-x64\jre\21.0.11-win32-x86_64\bin\jimage.dll
0x00007ffc5bb30000 - 0x00007ffc5bd72000 	C:\WINDOWS\SYSTEM32\DBGHELP.DLL
0x00007ffc60450000 - 0x00007ffc607d5000 	C:\WINDOWS\System32\combase.dll
0x00007ffc5fc30000 - 0x00007ffc5fd09000 	C:\WINDOWS\System32\OLEAUT32.dll
0x00007ffc2e950000 - 0x00007ffc2e98b000 	C:\WINDOWS\SYSTEM32\dbgcore.DLL
0x00007ffc5f260000 - 0x00007ffc5f30c000 	C:\WINDOWS\System32\bcryptPrimitives.dll
0x00007ffc4e640000 - 0x00007ffc4e64f000 	c:\Users\PAULO ROBERTO\.vscode\extensions\redhat.java-1.55.0-win32-x64\jre\21.0.11-win32-x86_64\bin\instrument.dll
0x00007ffc4e090000 - 0x00007ffc4e0b0000 	c:\Users\PAULO ROBERTO\.vscode\extensions\redhat.java-1.55.0-win32-x64\jre\21.0.11-win32-x86_64\bin\java.dll
0x00007ffc60ed0000 - 0x00007ffc61658000 	C:\WINDOWS\System32\SHELL32.dll
0x00007ffc5c3e0000 - 0x00007ffc5cc7b000 	C:\WINDOWS\SYSTEM32\windows.storage.dll
0x00007ffc5fb30000 - 0x00007ffc5fc29000 	C:\WINDOWS\System32\SHCORE.dll
0x00007ffc60da0000 - 0x00007ffc60e06000 	C:\WINDOWS\System32\shlwapi.dll
0x00007ffc5e850000 - 0x00007ffc5e879000 	C:\WINDOWS\SYSTEM32\profapi.dll
0x00007ffc4dfa0000 - 0x00007ffc4dfb8000 	c:\Users\PAULO ROBERTO\.vscode\extensions\redhat.java-1.55.0-win32-x64\jre\21.0.11-win32-x86_64\bin\zip.dll
0x00007ffc535b0000 - 0x00007ffc535c0000 	C:\Users\PAULO ROBERTO\.vscode\extensions\redhat.java-1.55.0-win32-x64\jre\21.0.11-win32-x86_64\bin\net.dll
0x00007ffc53b60000 - 0x00007ffc53c88000 	C:\WINDOWS\SYSTEM32\WINHTTP.dll
0x00007ffc5dc90000 - 0x00007ffc5dcfc000 	C:\WINDOWS\system32\mswsock.dll
0x00007ffc4df30000 - 0x00007ffc4df46000 	C:\Users\PAULO ROBERTO\.vscode\extensions\redhat.java-1.55.0-win32-x64\jre\21.0.11-win32-x86_64\bin\nio.dll
0x00007ffc52d10000 - 0x00007ffc52d20000 	c:\Users\PAULO ROBERTO\.vscode\extensions\redhat.java-1.55.0-win32-x64\jre\21.0.11-win32-x86_64\bin\verify.dll
0x00007ffc42aa0000 - 0x00007ffc42ae5000 	C:\Users\PAULO ROBERTO\AppData\Roaming\Code\User\globalStorage\redhat.java\1.55.0\config_win\org.eclipse.equinox.launcher\org.eclipse.equinox.launcher.win32.win32.x86_64_1.3.100.v20260613-0559\eclipse_11924.dll
0x00007ffc5f800000 - 0x00007ffc5f999000 	C:\WINDOWS\System32\ole32.dll
0x00007ffc5e0b0000 - 0x00007ffc5e0cb000 	C:\WINDOWS\SYSTEM32\CRYPTSP.dll
0x00007ffc5d680000 - 0x00007ffc5d6b9000 	C:\WINDOWS\system32\rsaenh.dll
0x00007ffc5dd40000 - 0x00007ffc5dd72000 	C:\WINDOWS\SYSTEM32\USERENV.dll
0x00007ffc5e820000 - 0x00007ffc5e84a000 	C:\WINDOWS\SYSTEM32\bcrypt.dll
0x00007ffc5def0000 - 0x00007ffc5defc000 	C:\WINDOWS\SYSTEM32\CRYPTBASE.dll
0x00007ffc5d070000 - 0x00007ffc5d0a3000 	C:\WINDOWS\SYSTEM32\IPHLPAPI.DLL
0x00007ffc60cb0000 - 0x00007ffc60cba000 	C:\WINDOWS\System32\NSI.dll
0x00007ffc08130000 - 0x00007ffc08179000 	C:\Users\PAULO ROBERTO\AppData\Local\Temp\jna--1403105036\jna9620868051150693517.dll
0x00007ffc60cc0000 - 0x00007ffc60cc8000 	C:\WINDOWS\System32\PSAPI.DLL
0x00007ffc53e20000 - 0x00007ffc53e3d000 	C:\WINDOWS\SYSTEM32\dhcpcsvc6.DLL
0x00007ffc53580000 - 0x00007ffc535a5000 	C:\WINDOWS\SYSTEM32\dhcpcsvc.DLL

JVMTI agents:
c:\Users\PAULO ROBERTO\.vscode\extensions\redhat.java-1.55.0-win32-x64\lombok\lombok-1.18.39-4050.jar path:c:\Users\PAULO ROBERTO\.vscode\extensions\redhat.java-1.55.0-win32-x64\jre\21.0.11-win32-x86_64\bin\instrument.dll, loaded, initialized, instrumentlib options:none

dbghelp: loaded successfully - version: 4.0.5 - missing functions: none
symbol engine: initialized successfully - sym options: 0x614 - pdb path: .;c:\Users\PAULO ROBERTO\.vscode\extensions\redhat.java-1.55.0-win32-x64\jre\21.0.11-win32-x86_64\bin;C:\WINDOWS\SYSTEM32;C:\WINDOWS\WinSxS\amd64_microsoft.windows.common-controls_6595b64144ccf1df_6.0.26100.8972_none_3e0da176e32f9d4b;c:\Users\PAULO ROBERTO\.vscode\extensions\redhat.java-1.55.0-win32-x64\jre\21.0.11-win32-x86_64\bin\server;C:\Users\PAULO ROBERTO\AppData\Roaming\Code\User\globalStorage\redhat.java\1.55.0\config_win\org.eclipse.equinox.launcher\org.eclipse.equinox.launcher.win32.win32.x86_64_1.3.100.v20260613-0559;C:\Users\PAULO ROBERTO\AppData\Local\Temp\jna--1403105036

VM Arguments:
jvm_args: --add-modules=ALL-SYSTEM --add-opens=java.base/java.util=ALL-UNNAMED --add-opens=java.base/java.lang=ALL-UNNAMED --add-opens=java.base/sun.nio.fs=ALL-UNNAMED -Declipse.application=org.eclipse.jdt.ls.core.id1 -Dosgi.bundles.defaultStartLevel=4 -Declipse.product=org.eclipse.jdt.ls.core.product -Djava.import.generatesMetadataFilesAtProjectRoot=false -DDetectVMInstallationsJob.disabled=true -Dfile.encoding=utf8 -XX:+UseParallelGC -XX:GCTimeRatio=4 -XX:AdaptiveSizePolicyWeight=90 -Dsun.zip.disableMemoryMapping=true -Xmx2G -Xms100m -Xlog:disable -javaagent:c:\Users\PAULO ROBERTO\.vscode\extensions\redhat.java-1.55.0-win32-x64\lombok\lombok-1.18.39-4050.jar -XX:+HeapDumpOnOutOfMemoryError -XX:HeapDumpPath=c:\Users\PAULO ROBERTO\AppData\Roaming\Code\User\workspaceStorage\af78278a2264e0da21869ec41e085d06\redhat.java -Daether.dependencyCollector.impl=bf 
java_command: c:\Users\PAULO ROBERTO\.vscode\extensions\redhat.java-1.55.0-win32-x64\server\plugins\org.eclipse.equinox.launcher_1.7.200.v20260619-2039.jar -configuration c:\Users\PAULO ROBERTO\AppData\Roaming\Code\User\globalStorage\redhat.java\1.55.0\config_win -data c:\Users\PAULO ROBERTO\AppData\Roaming\Code\User\workspaceStorage\af78278a2264e0da21869ec41e085d06\redhat.java\jdt_ws --pipe=\\.\pipe\lsp-cbb7c3ece512f5fe4285da1fa4b1048d-sock
java_class_path (initial): c:\Users\PAULO ROBERTO\.vscode\extensions\redhat.java-1.55.0-win32-x64\server\plugins\org.eclipse.equinox.launcher_1.7.200.v20260619-2039.jar
Launcher Type: SUN_STANDARD

[Global flags]
    uintx AdaptiveSizePolicyWeight                 = 90                                        {product} {command line}
     intx CICompilerCount                          = 4                                         {product} {ergonomic}
    uintx GCTimeRatio                              = 4                                         {product} {command line}
     bool HeapDumpOnOutOfMemoryError               = true                                   {manageable} {command line}
    ccstr HeapDumpPath                             = c:\Users\PAULO ROBERTO\AppData\Roaming\Code\User\workspaceStorage\af78278a2264e0da21869ec41e085d06\redhat.java         {manageable} {command line}
   size_t InitialHeapSize                          = 104857600                                 {product} {command line}
   size_t MaxHeapSize                              = 2147483648                                {product} {command line}
   size_t MaxNewSize                               = 715653120                                 {product} {ergonomic}
   size_t MinHeapDeltaBytes                        = 524288                                    {product} {ergonomic}
   size_t MinHeapSize                              = 104857600                                 {product} {command line}
   size_t NewSize                                  = 34603008                                  {product} {ergonomic}
    uintx NonNMethodCodeHeapSize                   = 5839372                                {pd product} {ergonomic}
    uintx NonProfiledCodeHeapSize                  = 122909434                              {pd product} {ergonomic}
   size_t OldSize                                  = 70254592                                  {product} {ergonomic}
    uintx ProfiledCodeHeapSize                     = 122909434                              {pd product} {ergonomic}
    uintx ReservedCodeCacheSize                    = 251658240                              {pd product} {ergonomic}
     bool SegmentedCodeCache                       = true                                      {product} {ergonomic}
   size_t SoftMaxHeapSize                          = 2147483648                             {manageable} {ergonomic}
     bool UseCompressedOops                        = true                           {product lp64_product} {ergonomic}
     bool UseLargePagesIndividualAllocation        = false                                  {pd product} {ergonomic}
     bool UseParallelGC                            = true                                      {product} {command line}

Logging:
Log output configuration:
 #0: stdout all=off uptime,level,tags foldmultilines=false
 #1: stderr all=off uptime,level,tags foldmultilines=false

Release file:
JAVA_VERSION="21.0.11" 
MODULES="java.base java.compiler java.datatransfer java.xml java.prefs java.desktop java.instrument java.logging java.management java.security.sasl java.naming java.rmi java.management.rmi java.net.http java.scripting java.security.jgss java.transaction.xa java.sql java.sql.rowset java.xml.crypto java.se java.smartcardio jdk.accessibility jdk.internal.jvmstat jdk.attach jdk.charsets jdk.internal.opt jdk.zipfs jdk.compiler jdk.crypto.ec jdk.crypto.cryptoki jdk.crypto.mscapi jdk.dynalink jdk.internal.ed jdk.editpad jdk.hotspot.agent jdk.httpserver jdk.internal.le jdk.internal.vm.ci jdk.internal.vm.compiler jdk.internal.vm.compiler.management jdk.jartool jdk.javadoc jdk.jcmd jdk.management jdk.management.agent jdk.jconsole jdk.jdeps jdk.jdwp.agent jdk.jdi jdk.jfr jdk.jshell jdk.jsobject jdk.jstatd jdk.localedata jdk.management.jfr jdk.naming.dns jdk.naming.rmi jdk.net jdk.nio.mapmode jdk.random jdk.sctp jdk.security.auth jdk.security.jgss jdk.unsupported jdk.unsupported.desktop jdk.xml.dom" 

Environment Variables:
JAVA_HOME=C:\Program Files\Java\jdk-21
PATH=C:\Program Files\Common Files\Oracle\Java\javapath;C:\WINDOWS\system32;C:\WINDOWS;C:\WINDOWS\System32\Wbem;C:\WINDOWS\System32\WindowsPowerShell\v1.0\;C:\WINDOWS\System32\OpenSSH\;C:\Program Files\dotnet\;C:\Program Files\NVIDIA Corporation\NVIDIA App\NvDLISR;C:\Program Files (x86)\NVIDIA Corporation\PhysX\Common;C:\Program Files\GitHub CLI\;C:\Program Files\nodejs\;C:\Program Files\Git\cmd;C:\Users\PAULO ROBERTO\.local\bin;C:\Users\PAULO ROBERTO\AppData\Local\Microsoft\WindowsApps;C:\Users\PAULO ROBERTO\AppData\Roaming\npm;C:\Users\PAULO ROBERTO\AppData\Local\Programs\Microsoft VS Code\bin;C:\Users\PAULO ROBERTO\.bun\bin;C:\Users\PAULO ROBERTO\AppData\Local\Microsoft\WinGet\Packages\jqlang.jq_Microsoft.Winget.Source_8wekyb3d8bbwe;C:\Users\PAULO ROBERTO\.lmstudio\bin
USERNAME=PAULO ROBERTO
OS=Windows_NT
PROCESSOR_IDENTIFIER=Intel64 Family 6 Model 186 Stepping 2, GenuineIntel
TMP=C:\Users\PAULOR~1\AppData\Local\Temp
TEMP=C:\Users\PAULOR~1\AppData\Local\Temp




Periodic native trim disabled

---------------  S Y S T E M  ---------------

OS:
 Windows 11 , 64 bit Build 26100 (10.0.26100.9168)
OS uptime: 7 days 7:40 hours
Hyper-V role detected

CPU: total 12 (initial active 12) (6 cores per cpu, 2 threads per core) family 6 model 186 stepping 2 microcode 0x5103, cx8, cmov, fxsr, ht, mmx, 3dnowpref, sse, sse2, sse3, ssse3, sse4.1, sse4.2, popcnt, lzcnt, tsc, tscinvbit, avx, avx2, aes, erms, clmul, bmi1, bmi2, adx, sha, fma, vzeroupper, clflush, clflushopt, clwb, hv, serialize, rdtscp, rdpid, fsrm, f16c, cet_ibt, cet_ss
Processor Information for the first 12 processors :
  Max Mhz: 2100, Current Mhz: 2100, Mhz Limit: 2100

Memory: 4k page, system-wide physical 16087M (993M free)
TotalPageFile size 32471M (AvailPageFile size 40M)
current process WorkingSet (physical memory assigned to process): 201M, peak: 201M
current process commit charge ("private bytes"): 326M, peak: 326M

vm_info: OpenJDK 64-Bit Server VM (21.0.11+10-LTS) for windows-amd64 JRE (21.0.11+10-LTS), built on 2026-04-21T00:00:00Z by "admin" with MS VC++ 17.12 (VS2022)

END.
