#
# There is insufficient memory for the Java Runtime Environment to continue.
# Native memory allocation (malloc) failed to allocate 1323536 bytes. Error detail: Chunk::new
# Possible reasons:
#   The system is out of physical RAM or swap space
#   This process is running with CompressedOops enabled, and the Java Heap may be blocking the growth of the native heap
# Possible solutions:
#   Reduce memory load on the system
#   Increase physical memory or swap space
#   Check if swap backing store is full
#   Decrease Java heap size (-Xmx/-Xms)
#   Decrease number of Java threads
#   Decrease Java thread stack sizes (-Xss)
#   Set larger code cache with -XX:ReservedCodeCacheSize=
#   JVM is running with Unscaled Compressed Oops mode in which the Java heap is
#     placed in the first 4GB address space. The Java Heap base address is the
#     maximum limit for the native heap growth. Please use -XX:HeapBaseMinAddress
#     to set the Java Heap base and to place the Java Heap above 4GB virtual address.
# This output file may be truncated or incomplete.
#
#  Out of Memory Error (arena.cpp:168), pid=68476, tid=68196
#
# JRE version: OpenJDK Runtime Environment Temurin-21.0.11+10 (21.0.11+10) (build 21.0.11+10-LTS)
# Java VM: OpenJDK 64-Bit Server VM Temurin-21.0.11+10 (21.0.11+10-LTS, mixed mode, sharing, tiered, compressed oops, compressed class ptrs, parallel gc, windows-amd64)
# No core dump will be written. Minidumps are not enabled by default on client versions of Windows
#

---------------  S U M M A R Y ------------

Command Line: --add-modules=ALL-SYSTEM --add-opens=java.base/java.util=ALL-UNNAMED --add-opens=java.base/java.lang=ALL-UNNAMED --add-opens=java.base/sun.nio.fs=ALL-UNNAMED -Declipse.application=org.eclipse.jdt.ls.core.id1 -Dosgi.bundles.defaultStartLevel=4 -Declipse.product=org.eclipse.jdt.ls.core.product -Djava.import.generatesMetadataFilesAtProjectRoot=false -DDetectVMInstallationsJob.disabled=true -Dfile.encoding=utf8 -XX:+UseParallelGC -XX:GCTimeRatio=4 -XX:AdaptiveSizePolicyWeight=90 -Dsun.zip.disableMemoryMapping=true -Xmx2G -Xms100m -Xlog:disable -javaagent:c:\Users\PAULO ROBERTO\.vscode\extensions\redhat.java-1.55.0-win32-x64\lombok\lombok-1.18.39-4050.jar -XX:+HeapDumpOnOutOfMemoryError -XX:HeapDumpPath=c:\Users\PAULO ROBERTO\AppData\Roaming\Code\User\workspaceStorage\af78278a2264e0da21869ec41e085d06\redhat.java -Daether.dependencyCollector.impl=bf c:\Users\PAULO ROBERTO\.vscode\extensions\redhat.java-1.55.0-win32-x64\server\plugins\org.eclipse.equinox.launcher_1.7.200.v20260619-2039.jar -configuration c:\Users\PAULO ROBERTO\AppData\Roaming\Code\User\globalStorage\redhat.java\1.55.0\config_win -data c:\Users\PAULO ROBERTO\AppData\Roaming\Code\User\workspaceStorage\af78278a2264e0da21869ec41e085d06\redhat.java\jdt_ws --pipe=\\.\pipe\lsp-d14763b35f2bea99abebbb0feb29e5c9-sock

Host: 13th Gen Intel(R) Core(TM) i5-13420H, 12 cores, 15G,  Windows 11 , 64 bit Build 26100 (10.0.26100.9168)
Time: Mon Aug 24 15:33:51 2026 Hora Padrão de Bogotá elapsed time: 29.291762 seconds (0d 0h 0m 29s)

---------------  T H R E A D  ---------------

Current thread (0x000001aa8dcfbb60):  JavaThread "C2 CompilerThread2" daemon [_thread_in_native, id=68196, stack(0x00000023e9a00000,0x00000023e9b00000) (1024K)]


Current CompileTask:
C2:29291 7431   !   4       java.nio.file.FileTreeWalker::visit (204 bytes)

Stack: [0x00000023e9a00000,0x00000023e9b00000]
Native frames: (J=compiled Java code, j=interpreted, Vv=VM code, C=native code)
V  [jvm.dll+0x6d7e19]
V  [jvm.dll+0x8b5096]
V  [jvm.dll+0x8b764e]
V  [jvm.dll+0x8b7d33]
V  [jvm.dll+0x284596]
V  [jvm.dll+0xc685d]
V  [jvm.dll+0xc6da1]
V  [jvm.dll+0x3bed6b]
V  [jvm.dll+0x38b2b2]
V  [jvm.dll+0x38a6fa]
V  [jvm.dll+0x24c700]
V  [jvm.dll+0x24bce0]
V  [jvm.dll+0x1cb4ae]
V  [jvm.dll+0x25baad]
V  [jvm.dll+0x25a03a]
V  [jvm.dll+0x3f868e]
V  [jvm.dll+0x85fb0d]
V  [jvm.dll+0x6d664d]
C  [ucrtbase.dll+0x2cd30]
C  [KERNEL32.DLL+0x2ccb7]
C  [ntdll.dll+0xaad6c]


---------------  P R O C E S S  ---------------

Threads class SMR info:
_java_thread_list=0x000001aa8dc77f40, length=50, elements={
0x000001aa2f08c2e0, 0x000001aa2f132fa0, 0x000001aa2f135da0, 0x000001aa2f138ac0,
0x000001aa2f139520, 0x000001aa2f13b610, 0x000001aa2f13f5e0, 0x000001aa2f143150,
0x000001aa2f14be70, 0x000001aa88039a20, 0x000001aa8818c980, 0x000001aa8d6a91e0,
0x000001aa8d6b3820, 0x000001aa8d7bb180, 0x000001aa8d7bbbc0, 0x000001aa8de175a0,
0x000001aa8df0ce70, 0x000001aa8d90b4b0, 0x000001aa8d74cae0, 0x000001aa8d74b0a0,
0x000001aa8d74d170, 0x000001aa8d74b730, 0x000001aa8d74bdc0, 0x000001aa8fbabc10,
0x000001aa8fbaaef0, 0x000001aa8fbaa1d0, 0x000001aa8fbaa860, 0x000001aa8fbac2a0,
0x000001aa8fbacfc0, 0x000001aa8fbac930, 0x000001aa8fba9b40, 0x000001aa8fbab580,
0x000001aa8dd5b230, 0x000001aa8dd5aba0, 0x000001aa8dd59e80, 0x000001aa8dd5a510,
0x000001aa8dd5e6b0, 0x000001aa8dd5b8c0, 0x000001aa8dd5d300, 0x000001aa8dd5f3d0,
0x000001aa8dd5ed40, 0x000001aa8dd5bf50, 0x000001aa8dd5fa60, 0x000001aa8dd60780,
0x000001aa8dd60e10, 0x000001aa8dd614a0, 0x000001aa8d571060, 0x000001aa8d574b70,
0x000001aa9067bd90, 0x000001aa8dcfbb60
}

Java Threads: ( => current thread )
  0x000001aa2f08c2e0 JavaThread "main"                              [_thread_blocked, id=66772, stack(0x00000023e5b00000,0x00000023e5c00000) (1024K)]
  0x000001aa2f132fa0 JavaThread "Reference Handler"          daemon [_thread_blocked, id=62752, stack(0x00000023e5f00000,0x00000023e6000000) (1024K)]
  0x000001aa2f135da0 JavaThread "Finalizer"                  daemon [_thread_blocked, id=62092, stack(0x00000023e6000000,0x00000023e6100000) (1024K)]
  0x000001aa2f138ac0 JavaThread "Signal Dispatcher"          daemon [_thread_blocked, id=44420, stack(0x00000023e6100000,0x00000023e6200000) (1024K)]
  0x000001aa2f139520 JavaThread "Attach Listener"            daemon [_thread_blocked, id=64108, stack(0x00000023e6200000,0x00000023e6300000) (1024K)]
  0x000001aa2f13b610 JavaThread "Service Thread"             daemon [_thread_blocked, id=27772, stack(0x00000023e6300000,0x00000023e6400000) (1024K)]
  0x000001aa2f13f5e0 JavaThread "Monitor Deflation Thread"   daemon [_thread_blocked, id=59384, stack(0x00000023e6400000,0x00000023e6500000) (1024K)]
  0x000001aa2f143150 JavaThread "C2 CompilerThread0"         daemon [_thread_in_native, id=63440, stack(0x00000023e6500000,0x00000023e6600000) (1024K)]
  0x000001aa2f14be70 JavaThread "C1 CompilerThread0"         daemon [_thread_in_native, id=57596, stack(0x00000023e6600000,0x00000023e6700000) (1024K)]
  0x000001aa88039a20 JavaThread "Common-Cleaner"             daemon [_thread_blocked, id=55324, stack(0x00000023e6800000,0x00000023e6900000) (1024K)]
  0x000001aa8818c980 JavaThread "Notification Thread"        daemon [_thread_blocked, id=56884, stack(0x00000023e6900000,0x00000023e6a00000) (1024K)]
  0x000001aa8d6a91e0 JavaThread "Active Thread: Equinox Container: 8f758b0b-6341-42f0-836d-f6ff6b65f5ff"        [_thread_in_Java, id=50748, stack(0x00000023e7000000,0x00000023e7100000) (1024K)]
  0x000001aa8d6b3820 JavaThread "Refresh Thread: Equinox Container: 8f758b0b-6341-42f0-836d-f6ff6b65f5ff" daemon [_thread_blocked, id=67676, stack(0x00000023e7200000,0x00000023e7300000) (1024K)]
  0x000001aa8d7bb180 JavaThread "Framework Event Dispatcher: Equinox Container: 8f758b0b-6341-42f0-836d-f6ff6b65f5ff" daemon [_thread_blocked, id=62968, stack(0x00000023e7300000,0x00000023e7400000) (1024K)]
  0x000001aa8d7bbbc0 JavaThread "Start Level: Equinox Container: 8f758b0b-6341-42f0-836d-f6ff6b65f5ff" daemon [_thread_blocked, id=47844, stack(0x00000023e7400000,0x00000023e7500000) (1024K)]
  0x000001aa8de175a0 JavaThread "Bundle File Closer"         daemon [_thread_blocked, id=67908, stack(0x00000023e7800000,0x00000023e7900000) (1024K)]
  0x000001aa8df0ce70 JavaThread "SCR Component Actor"        daemon [_thread_blocked, id=24584, stack(0x00000023e6700000,0x00000023e6800000) (1024K)]
  0x000001aa8d90b4b0 JavaThread "Worker-JM"                         [_thread_blocked, id=68340, stack(0x00000023e7a00000,0x00000023e7b00000) (1024K)]
  0x000001aa8d74cae0 JavaThread "JNA Cleaner"                daemon [_thread_blocked, id=60568, stack(0x00000023e7500000,0x00000023e7600000) (1024K)]
  0x000001aa8d74b0a0 JavaThread "Worker-0"                          [_thread_blocked, id=40376, stack(0x00000023e7900000,0x00000023e7a00000) (1024K)]
  0x000001aa8d74d170 JavaThread "Worker-1: Initialize workspace"        [_thread_in_Java, id=51064, stack(0x00000023e7b00000,0x00000023e7c00000) (1024K)]
  0x000001aa8d74b730 JavaThread "Java indexing"              daemon [_thread_blocked, id=43152, stack(0x00000023e7e00000,0x00000023e7f00000) (1024K)]
  0x000001aa8d74bdc0 JavaThread "Worker-2"                          [_thread_blocked, id=68472, stack(0x00000023e8100000,0x00000023e8200000) (1024K)]
  0x000001aa8fbabc10 JavaThread "Worker-3"                          [_thread_blocked, id=62196, stack(0x00000023e8200000,0x00000023e8300000) (1024K)]
  0x000001aa8fbaaef0 JavaThread "Worker-4"                          [_thread_blocked, id=7944, stack(0x00000023e8300000,0x00000023e8400000) (1024K)]
  0x000001aa8fbaa1d0 JavaThread "Worker-5"                          [_thread_blocked, id=68160, stack(0x00000023e8400000,0x00000023e8500000) (1024K)]
  0x000001aa8fbaa860 JavaThread "Thread-1"                   daemon [_thread_in_native, id=42440, stack(0x00000023e8500000,0x00000023e8600000) (1024K)]
  0x000001aa8fbac2a0 JavaThread "Thread-2"                   daemon [_thread_in_native, id=67276, stack(0x00000023e8600000,0x00000023e8700000) (1024K)]
  0x000001aa8fbacfc0 JavaThread "Thread-3"                   daemon [_thread_in_native, id=58680, stack(0x00000023e8700000,0x00000023e8800000) (1024K)]
  0x000001aa8fbac930 JavaThread "Thread-4"                   daemon [_thread_in_native, id=25492, stack(0x00000023e8800000,0x00000023e8900000) (1024K)]
  0x000001aa8fba9b40 JavaThread "Thread-5"                   daemon [_thread_in_native, id=56848, stack(0x00000023e8900000,0x00000023e8a00000) (1024K)]
  0x000001aa8fbab580 JavaThread "Thread-6"                   daemon [_thread_in_native, id=68024, stack(0x00000023e8a00000,0x00000023e8b00000) (1024K)]
  0x000001aa8dd5b230 JavaThread "Thread-7"                   daemon [_thread_in_native, id=7980, stack(0x00000023e8b00000,0x00000023e8c00000) (1024K)]
  0x000001aa8dd5aba0 JavaThread "Thread-8"                   daemon [_thread_in_native, id=51800, stack(0x00000023e8c00000,0x00000023e8d00000) (1024K)]
  0x000001aa8dd59e80 JavaThread "Thread-9"                   daemon [_thread_in_native, id=67396, stack(0x00000023e8d00000,0x00000023e8e00000) (1024K)]
  0x000001aa8dd5a510 JavaThread "Thread-10"                  daemon [_thread_in_native, id=47172, stack(0x00000023e8e00000,0x00000023e8f00000) (1024K)]
  0x000001aa8dd5e6b0 JavaThread "Thread-11"                  daemon [_thread_in_native, id=63464, stack(0x00000023e8f00000,0x00000023e9000000) (1024K)]
  0x000001aa8dd5b8c0 JavaThread "Thread-12"                  daemon [_thread_in_native, id=57904, stack(0x00000023e9000000,0x00000023e9100000) (1024K)]
  0x000001aa8dd5d300 JavaThread "Thread-13"                  daemon [_thread_in_native, id=68056, stack(0x00000023e9100000,0x00000023e9200000) (1024K)]
  0x000001aa8dd5f3d0 JavaThread "pool-2-thread-1"                   [_thread_blocked, id=67984, stack(0x00000023e9200000,0x00000023e9300000) (1024K)]
  0x000001aa8dd5ed40 JavaThread "WorkspaceEventsHandler"            [_thread_blocked, id=62496, stack(0x00000023e9300000,0x00000023e9400000) (1024K)]
  0x000001aa8dd5bf50 JavaThread "pool-1-thread-1"                   [_thread_blocked, id=4016, stack(0x00000023e9400000,0x00000023e9500000) (1024K)]
  0x000001aa8dd5fa60 JavaThread "PatternSearchJob-worker-1"  daemon [_thread_blocked, id=65024, stack(0x00000023e9500000,0x00000023e9600000) (1024K)]
  0x000001aa8dd60780 JavaThread "PatternSearchJob-worker-2"  daemon [_thread_blocked, id=31028, stack(0x00000023e9600000,0x00000023e9700000) (1024K)]
  0x000001aa8dd60e10 JavaThread "PatternSearchJob-worker-3"  daemon [_thread_blocked, id=62344, stack(0x00000023e9700000,0x00000023e9800000) (1024K)]
  0x000001aa8dd614a0 JavaThread "Timer-0"                           [_thread_blocked, id=49232, stack(0x00000023e7d00000,0x00000023e7e00000) (1024K)]
  0x000001aa8d571060 JavaThread "ForkJoinPool.commonPool-worker-1" daemon [_thread_blocked, id=68376, stack(0x00000023e7c00000,0x00000023e7d00000) (1024K)]
  0x000001aa8d574b70 JavaThread "PatternSearchJob-worker-4"  daemon [_thread_blocked, id=52736, stack(0x00000023e9800000,0x00000023e9900000) (1024K)]
  0x000001aa9067bd90 JavaThread "C2 CompilerThread1"         daemon [_thread_in_native, id=23740, stack(0x00000023e9900000,0x00000023e9a00000) (1024K)]
=>0x000001aa8dcfbb60 JavaThread "C2 CompilerThread2"         daemon [_thread_in_native, id=68196, stack(0x00000023e9a00000,0x00000023e9b00000) (1024K)]
Total: 50

Other Threads:
  0x000001aa2f022d00 VMThread "VM Thread"                           [id=60908, stack(0x00000023e5e00000,0x00000023e5f00000) (1024K)]
  0x000001aa2ef1ca10 WatcherThread "VM Periodic Task Thread"        [id=53960, stack(0x00000023e5d00000,0x00000023e5e00000) (1024K)]
  0x000001aa2f0ab740 WorkerThread "GC Thread#0"                     [id=51972, stack(0x00000023e5c00000,0x00000023e5d00000) (1024K)]
  0x000001aa8d218580 WorkerThread "GC Thread#1"                     [id=66768, stack(0x00000023e6a00000,0x00000023e6b00000) (1024K)]
  0x000001aa8d570b10 WorkerThread "GC Thread#2"                     [id=68512, stack(0x00000023e6b00000,0x00000023e6c00000) (1024K)]
  0x000001aa8d21cdc0 WorkerThread "GC Thread#3"                     [id=50916, stack(0x00000023e6c00000,0x00000023e6d00000) (1024K)]
  0x000001aa8d21d780 WorkerThread "GC Thread#4"                     [id=64240, stack(0x00000023e6d00000,0x00000023e6e00000) (1024K)]
  0x000001aa8d375b20 WorkerThread "GC Thread#5"                     [id=64696, stack(0x00000023e6e00000,0x00000023e6f00000) (1024K)]
  0x000001aa8d375ed0 WorkerThread "GC Thread#6"                     [id=27064, stack(0x00000023e6f00000,0x00000023e7000000) (1024K)]
  0x000001aa8d3753c0 WorkerThread "GC Thread#7"                     [id=68452, stack(0x00000023e7100000,0x00000023e7200000) (1024K)]
  0x000001aa8d375010 WorkerThread "GC Thread#8"                     [id=65896, stack(0x00000023e7600000,0x00000023e7700000) (1024K)]
  0x000001aa8d375770 WorkerThread "GC Thread#9"                     [id=68596, stack(0x00000023e7700000,0x00000023e7800000) (1024K)]
Total: 12

Threads with active compile tasks:
C2 CompilerThread0  32376 7359   !   4       java.nio.file.FileTreeWalker::next (144 bytes)
C1 CompilerThread0  32377 7638       3       org.eclipse.osgi.container.ModuleDatabase$Persistence::writeString (99 bytes)
C2 CompilerThread1  32377 7447   !   4       java.nio.file.FileTreeWalker::getAttributes (94 bytes)
C2 CompilerThread2  32377 7431   !   4       java.nio.file.FileTreeWalker::visit (204 bytes)
Total: 4

VM state: not at safepoint (normal execution)

VM Mutex/Monitor currently owned by a thread: None

Heap address: 0x0000000080000000, size: 2048 MB, Compressed Oops mode: 32-bit

CDS archive(s) mapped at: [0x000001aa46000000-0x000001aa46ba0000-0x000001aa46ba0000), size 12189696, SharedBaseAddress: 0x000001aa46000000, ArchiveRelocationMode: 1.
Compressed class space mapped at: 0x000001aa47000000-0x000001aa87000000, reserved size: 1073741824
Narrow klass base: 0x000001aa46000000, Narrow klass shift: 0, Narrow klass range: 0x100000000

GC Precious Log:
 CardTable entry size: 512
 CPUs: 12 total, 12 available
 Memory: 16087M
 Large Page Support: Disabled
 NUMA Support: Disabled
 Compressed Oops: Enabled (32-bit)
 Alignments: Space 512K, Generation 512K, Heap 2M
 Heap Min Capacity: 100M
 Heap Initial Capacity: 100M
 Heap Max Capacity: 2G
 Pre-touch: Disabled
 Parallel Workers: 10

Heap:
 PSYoungGen      total 19968K, used 7221K [0x00000000d5580000, 0x00000000d6f00000, 0x0000000100000000)
  eden space 17920K, 29% used [0x00000000d5580000,0x00000000d5a953e8,0x00000000d6700000)
  from space 2048K, 98% used [0x00000000d6700000,0x00000000d68f8030,0x00000000d6900000)
  to   space 4096K, 0% used [0x00000000d6b00000,0x00000000d6b00000,0x00000000d6f00000)
 ParOldGen       total 68608K, used 56229K [0x0000000080000000, 0x0000000084300000, 0x00000000d5580000)
  object space 68608K, 81% used [0x0000000080000000,0x00000000836e9440,0x0000000084300000)
 Metaspace       used 57506K, committed 58880K, reserved 1114112K
  class space    used 6792K, committed 7360K, reserved 1048576K

Card table byte_map: [0x000001aa2ea30000,0x000001aa2ee40000] _byte_map_base: 0x000001aa2e630000

Marking Bits: (ParMarkBitMap*) 0x00007ffb84274460
 Begin Bits: [0x000001aa41540000, 0x000001aa43540000)
 End Bits:   [0x000001aa43540000, 0x000001aa45540000)

Polling page: 0x000001aa2d0d0000

Metaspace:

Usage:
  Non-class:     49.53 MB used.
      Class:      6.63 MB used.
       Both:     56.16 MB used.

Virtual space:
  Non-class space:       64.00 MB reserved,      50.31 MB ( 79%) committed,  1 nodes.
      Class space:        1.00 GB reserved,       7.19 MB ( <1%) committed,  1 nodes.
             Both:        1.06 GB reserved,      57.50 MB (  5%) committed. 

Chunk freelists:
   Non-Class:  12.91 MB
       Class:  8.76 MB
        Both:  21.68 MB

MaxMetaspaceSize: unlimited
CompressedClassSpaceSize: 1.00 GB
Initial GC threshold: 21.00 MB
Current GC threshold: 58.38 MB
CDS: on
 - commit_granule_bytes: 65536.
 - commit_granule_words: 8192.
 - virtual_space_node_default_size: 8388608.
 - enlarge_chunks_in_place: 1.
 - use_allocation_guard: 0.


Internal statistics:

num_allocs_failed_limit: 6.
num_arena_births: 1098.
num_arena_deaths: 14.
num_vsnodes_births: 2.
num_vsnodes_deaths: 0.
num_space_committed: 920.
num_space_uncommitted: 0.
num_chunks_returned_to_freelist: 20.
num_chunks_taken_from_freelist: 3595.
num_chunk_merges: 12.
num_chunk_splits: 2335.
num_chunks_enlarged: 1489.
num_inconsistent_stats: 0.

CodeHeap 'non-profiled nmethods': size=120000Kb used=4623Kb max_used=4623Kb free=115376Kb
 bounds [0x000001aa39d60000, 0x000001aa3a1f0000, 0x000001aa41290000]
CodeHeap 'profiled nmethods': size=120000Kb used=14359Kb max_used=14359Kb free=105641Kb
 bounds [0x000001aa32290000, 0x000001aa330a0000, 0x000001aa397c0000]
CodeHeap 'non-nmethods': size=5760Kb used=1380Kb max_used=1430Kb free=4379Kb
 bounds [0x000001aa397c0000, 0x000001aa39a30000, 0x000001aa39d60000]
CodeCache: size=245760Kb, used=20362Kb, max_used=20412Kb, free=225396Kb
 total_blobs=7671, nmethods=6983, adapters=593, full_count=0
Compilation: enabled, stopped_count=0, restarted_count=0

Compilation events (20 events):
Event: 28.244 Thread 0x000001aa2f14be70 7508       3       java.util.ImmutableCollections$MapN$MapNIterator::next (5 bytes)
Event: 28.244 Thread 0x000001aa2f14be70 nmethod 7508 0x000001aa3306ef10 code [0x000001aa3306f0c0, 0x000001aa3306f218]
Event: 28.244 Thread 0x000001aa2f14be70 7512       3       java.util.Arrays::compare (109 bytes)
Event: 28.244 Thread 0x000001aa2f14be70 nmethod 7512 0x000001aa3306f310 code [0x000001aa3306f520, 0x000001aa3306fb90]
Event: 28.244 Thread 0x000001aa2f14be70 7511       3       org.eclipse.jdt.internal.core.JarPackageFragmentRoot$$Lambda/0x000001aa47729a08::compare (18 bytes)
Event: 28.245 Thread 0x000001aa2f14be70 nmethod 7511 0x000001aa3306fd90 code [0x000001aa3306ff40, 0x000001aa33070260]
Event: 28.245 Thread 0x000001aa2f14be70 7510       3       java.util.Collection::toArray (17 bytes)
Event: 28.245 Thread 0x000001aa2f14be70 nmethod 7510 0x000001aa33070390 code [0x000001aa33070560, 0x000001aa33070900]
Event: 28.247 Thread 0x000001aa2f14be70 7513       1       org.eclipse.jdt.internal.core.JavaElement::getJavaProject (5 bytes)
Event: 28.247 Thread 0x000001aa2f14be70 nmethod 7513 0x000001aa3a1e2390 code [0x000001aa3a1e2520, 0x000001aa3a1e25e8]
Event: 28.247 Thread 0x000001aa2f14be70 7514       3       org.eclipse.jdt.internal.core.JavaElement::<init> (26 bytes)
Event: 28.247 Thread 0x000001aa2f14be70 nmethod 7514 0x000001aa33070a10 code [0x000001aa33070be0, 0x000001aa33070f00]
Event: 28.247 Thread 0x000001aa2f14be70 7515       3       org.eclipse.jdt.internal.core.Openable::<init> (6 bytes)
Event: 28.248 Thread 0x000001aa2f14be70 nmethod 7515 0x000001aa33071010 code [0x000001aa330711e0, 0x000001aa33071568]
Event: 28.248 Thread 0x000001aa2f14be70 7516       1       org.eclipse.jdt.internal.core.JarPackageFragment::internalIsValidPackageName (2 bytes)
Event: 28.248 Thread 0x000001aa2f14be70 nmethod 7516 0x000001aa3a1e2690 code [0x000001aa3a1e2820, 0x000001aa3a1e28e8]
Event: 28.248 Thread 0x000001aa2f14be70 7517   !   3       java.util.concurrent.locks.AbstractQueuedSynchronizer::tryInitializeHead (66 bytes)
Event: 28.249 Thread 0x000001aa2f14be70 nmethod 7517 0x000001aa33071710 code [0x000001aa33071900, 0x000001aa33071e28]
Event: 28.286 Thread 0x000001aa2f14be70 7518       3       org.eclipse.jdt.internal.compiler.classfmt.ClassFileStruct::u1At (16 bytes)
Event: 28.287 Thread 0x000001aa2f14be70 nmethod 7518 0x000001aa33072010 code [0x000001aa330721c0, 0x000001aa33072300]

GC Heap History (20 events):
Event: 16.077 GC heap before
{Heap before GC invocations=25 (full 2):
 PSYoungGen      total 18944K, used 18784K [0x00000000d5580000, 0x00000000d7200000, 0x0000000100000000)
  eden space 17920K, 100% used [0x00000000d5580000,0x00000000d6700000,0x00000000d6700000)
  from space 1024K, 84% used [0x00000000d7100000,0x00000000d71d8000,0x00000000d7200000)
  to   space 4096K, 0% used [0x00000000d6a00000,0x00000000d6a00000,0x00000000d6e00000)
 ParOldGen       total 68608K, used 36329K [0x0000000080000000, 0x0000000084300000, 0x00000000d5580000)
  object space 68608K, 52% used [0x0000000080000000,0x000000008237a5b8,0x0000000084300000)
 Metaspace       used 50915K, committed 52160K, reserved 1114112K
  class space    used 5804K, committed 6336K, reserved 1048576K
}
Event: 16.078 GC heap after
{Heap after GC invocations=25 (full 2):
 PSYoungGen      total 22016K, used 576K [0x00000000d5580000, 0x00000000d7180000, 0x0000000100000000)
  eden space 17920K, 0% used [0x00000000d5580000,0x00000000d5580000,0x00000000d6700000)
  from space 4096K, 14% used [0x00000000d6a00000,0x00000000d6a90000,0x00000000d6e00000)
  to   space 1536K, 0% used [0x00000000d7000000,0x00000000d7000000,0x00000000d7180000)
 ParOldGen       total 68608K, used 36953K [0x0000000080000000, 0x0000000084300000, 0x00000000d5580000)
  object space 68608K, 53% used [0x0000000080000000,0x00000000824165c8,0x0000000084300000)
 Metaspace       used 50915K, committed 52160K, reserved 1114112K
  class space    used 5804K, committed 6336K, reserved 1048576K
}
Event: 16.321 GC heap before
{Heap before GC invocations=26 (full 2):
 PSYoungGen      total 22016K, used 18496K [0x00000000d5580000, 0x00000000d7180000, 0x0000000100000000)
  eden space 17920K, 100% used [0x00000000d5580000,0x00000000d6700000,0x00000000d6700000)
  from space 4096K, 14% used [0x00000000d6a00000,0x00000000d6a90000,0x00000000d6e00000)
  to   space 1536K, 0% used [0x00000000d7000000,0x00000000d7000000,0x00000000d7180000)
 ParOldGen       total 68608K, used 36953K [0x0000000080000000, 0x0000000084300000, 0x00000000d5580000)
  object space 68608K, 53% used [0x0000000080000000,0x00000000824165c8,0x0000000084300000)
 Metaspace       used 50936K, committed 52160K, reserved 1114112K
  class space    used 5805K, committed 6336K, reserved 1048576K
}
Event: 16.322 GC heap after
{Heap after GC invocations=26 (full 2):
 PSYoungGen      total 18944K, used 576K [0x00000000d5580000, 0x00000000d7100000, 0x0000000100000000)
  eden space 17920K, 0% used [0x00000000d5580000,0x00000000d5580000,0x00000000d6700000)
  from space 1024K, 56% used [0x00000000d7000000,0x00000000d7090000,0x00000000d7100000)
  to   space 1024K, 0% used [0x00000000d6f00000,0x00000000d6f00000,0x00000000d7000000)
 ParOldGen       total 68608K, used 37378K [0x0000000080000000, 0x0000000084300000, 0x00000000d5580000)
  object space 68608K, 54% used [0x0000000080000000,0x0000000082480968,0x0000000084300000)
 Metaspace       used 50936K, committed 52160K, reserved 1114112K
  class space    used 5805K, committed 6336K, reserved 1048576K
}
Event: 16.582 GC heap before
{Heap before GC invocations=27 (full 2):
 PSYoungGen      total 18944K, used 18004K [0x00000000d5580000, 0x00000000d7100000, 0x0000000100000000)
  eden space 17920K, 97% used [0x00000000d5580000,0x00000000d6685128,0x00000000d6700000)
  from space 1024K, 56% used [0x00000000d7000000,0x00000000d7090000,0x00000000d7100000)
  to   space 1024K, 0% used [0x00000000d6f00000,0x00000000d6f00000,0x00000000d7000000)
 ParOldGen       total 68608K, used 37378K [0x0000000080000000, 0x0000000084300000, 0x00000000d5580000)
  object space 68608K, 54% used [0x0000000080000000,0x0000000082480968,0x0000000084300000)
 Metaspace       used 50937K, committed 52160K, reserved 1114112K
  class space    used 5805K, committed 6336K, reserved 1048576K
}
Event: 16.583 GC heap after
{Heap after GC invocations=27 (full 2):
 PSYoungGen      total 18944K, used 1002K [0x00000000d5580000, 0x00000000d7080000, 0x0000000100000000)
  eden space 17920K, 0% used [0x00000000d5580000,0x00000000d5580000,0x00000000d6700000)
  from space 1024K, 97% used [0x00000000d6f00000,0x00000000d6ffab88,0x00000000d7000000)
  to   space 512K, 0% used [0x00000000d7000000,0x00000000d7000000,0x00000000d7080000)
 ParOldGen       total 68608K, used 37922K [0x0000000080000000, 0x0000000084300000, 0x00000000d5580000)
  object space 68608K, 55% used [0x0000000080000000,0x0000000082508968,0x0000000084300000)
 Metaspace       used 50937K, committed 52160K, reserved 1114112K
  class space    used 5805K, committed 6336K, reserved 1048576K
}
Event: 16.707 GC heap before
{Heap before GC invocations=28 (full 2):
 PSYoungGen      total 18944K, used 18922K [0x00000000d5580000, 0x00000000d7080000, 0x0000000100000000)
  eden space 17920K, 100% used [0x00000000d5580000,0x00000000d6700000,0x00000000d6700000)
  from space 1024K, 97% used [0x00000000d6f00000,0x00000000d6ffab88,0x00000000d7000000)
  to   space 512K, 0% used [0x00000000d7000000,0x00000000d7000000,0x00000000d7080000)
 ParOldGen       total 68608K, used 37922K [0x0000000080000000, 0x0000000084300000, 0x00000000d5580000)
  object space 68608K, 55% used [0x0000000080000000,0x0000000082508968,0x0000000084300000)
 Metaspace       used 51176K, committed 52416K, reserved 1114112K
  class space    used 5860K, committed 6400K, reserved 1048576K
}
Event: 16.709 GC heap after
{Heap after GC invocations=28 (full 2):
 PSYoungGen      total 18432K, used 489K [0x00000000d5580000, 0x00000000d7100000, 0x0000000100000000)
  eden space 17920K, 0% used [0x00000000d5580000,0x00000000d5580000,0x00000000d6700000)
  from space 512K, 95% used [0x00000000d7000000,0x00000000d707a6b8,0x00000000d7080000)
  to   space 5120K, 0% used [0x00000000d6700000,0x00000000d6700000,0x00000000d6c00000)
 ParOldGen       total 68608K, used 41934K [0x0000000080000000, 0x0000000084300000, 0x00000000d5580000)
  object space 68608K, 61% used [0x0000000080000000,0x00000000828f3a80,0x0000000084300000)
 Metaspace       used 51176K, committed 52416K, reserved 1114112K
  class space    used 5860K, committed 6400K, reserved 1048576K
}
Event: 16.919 GC heap before
{Heap before GC invocations=29 (full 2):
 PSYoungGen      total 18432K, used 18409K [0x00000000d5580000, 0x00000000d7100000, 0x0000000100000000)
  eden space 17920K, 100% used [0x00000000d5580000,0x00000000d6700000,0x00000000d6700000)
  from space 512K, 95% used [0x00000000d7000000,0x00000000d707a6b8,0x00000000d7080000)
  to   space 5120K, 0% used [0x00000000d6700000,0x00000000d6700000,0x00000000d6c00000)
 ParOldGen       total 68608K, used 41934K [0x0000000080000000, 0x0000000084300000, 0x00000000d5580000)
  object space 68608K, 61% used [0x0000000080000000,0x00000000828f3a80,0x0000000084300000)
 Metaspace       used 52910K, committed 54144K, reserved 1114112K
  class space    used 6164K, committed 6720K, reserved 1048576K
}
Event: 16.921 GC heap after
{Heap after GC invocations=29 (full 2):
 PSYoungGen      total 23040K, used 944K [0x00000000d5580000, 0x00000000d7080000, 0x0000000100000000)
  eden space 17920K, 0% used [0x00000000d5580000,0x00000000d5580000,0x00000000d6700000)
  from space 5120K, 18% used [0x00000000d6700000,0x00000000d67ec010,0x00000000d6c00000)
  to   space 2560K, 0% used [0x00000000d6e00000,0x00000000d6e00000,0x00000000d7080000)
 ParOldGen       total 68608K, used 42414K [0x0000000080000000, 0x0000000084300000, 0x00000000d5580000)
  object space 68608K, 61% used [0x0000000080000000,0x000000008296b9a0,0x0000000084300000)
 Metaspace       used 52910K, committed 54144K, reserved 1114112K
  class space    used 6164K, committed 6720K, reserved 1048576K
}
Event: 17.184 GC heap before
{Heap before GC invocations=30 (full 2):
 PSYoungGen      total 23040K, used 18864K [0x00000000d5580000, 0x00000000d7080000, 0x0000000100000000)
  eden space 17920K, 100% used [0x00000000d5580000,0x00000000d6700000,0x00000000d6700000)
  from space 5120K, 18% used [0x00000000d6700000,0x00000000d67ec010,0x00000000d6c00000)
  to   space 2560K, 0% used [0x00000000d6e00000,0x00000000d6e00000,0x00000000d7080000)
 ParOldGen       total 68608K, used 42414K [0x0000000080000000, 0x0000000084300000, 0x00000000d5580000)
  object space 68608K, 61% used [0x0000000080000000,0x000000008296b9a0,0x0000000084300000)
 Metaspace       used 54946K, committed 56320K, reserved 1114112K
  class space    used 6512K, committed 7104K, reserved 1048576K
}
Event: 17.186 GC heap after
{Heap after GC invocations=30 (full 2):
 PSYoungGen      total 18944K, used 688K [0x00000000d5580000, 0x00000000d6f00000, 0x0000000100000000)
  eden space 17920K, 0% used [0x00000000d5580000,0x00000000d5580000,0x00000000d6700000)
  from space 1024K, 67% used [0x00000000d6e00000,0x00000000d6eac010,0x00000000d6f00000)
  to   space 1024K, 0% used [0x00000000d6d00000,0x00000000d6d00000,0x00000000d6e00000)
 ParOldGen       total 68608K, used 43182K [0x0000000080000000, 0x0000000084300000, 0x00000000d5580000)
  object space 68608K, 62% used [0x0000000080000000,0x0000000082a2b9c0,0x0000000084300000)
 Metaspace       used 54946K, committed 56320K, reserved 1114112K
  class space    used 6512K, committed 7104K, reserved 1048576K
}
Event: 17.442 GC heap before
{Heap before GC invocations=31 (full 2):
 PSYoungGen      total 18944K, used 18608K [0x00000000d5580000, 0x00000000d6f00000, 0x0000000100000000)
  eden space 17920K, 100% used [0x00000000d5580000,0x00000000d6700000,0x00000000d6700000)
  from space 1024K, 67% used [0x00000000d6e00000,0x00000000d6eac010,0x00000000d6f00000)
  to   space 1024K, 0% used [0x00000000d6d00000,0x00000000d6d00000,0x00000000d6e00000)
 ParOldGen       total 68608K, used 43182K [0x0000000080000000, 0x0000000084300000, 0x00000000d5580000)
  object space 68608K, 62% used [0x0000000080000000,0x0000000082a2b9c0,0x0000000084300000)
 Metaspace       used 55320K, committed 56640K, reserved 1114112K
  class space    used 6567K, committed 7168K, reserved 1048576K
}
Event: 17.444 GC heap after
{Heap after GC invocations=31 (full 2):
 PSYoungGen      total 18432K, used 352K [0x00000000d5580000, 0x00000000d6e80000, 0x0000000100000000)
  eden space 17920K, 0% used [0x00000000d5580000,0x00000000d5580000,0x00000000d6700000)
  from space 512K, 68% used [0x00000000d6d00000,0x00000000d6d58000,0x00000000d6d80000)
  to   space 1024K, 0% used [0x00000000d6d80000,0x00000000d6d80000,0x00000000d6e80000)
 ParOldGen       total 68608K, used 43685K [0x0000000080000000, 0x0000000084300000, 0x00000000d5580000)
  object space 68608K, 63% used [0x0000000080000000,0x0000000082aa96d0,0x0000000084300000)
 Metaspace       used 55320K, committed 56640K, reserved 1114112K
  class space    used 6567K, committed 7168K, reserved 1048576K
}
Event: 27.869 GC heap before
{Heap before GC invocations=32 (full 2):
 PSYoungGen      total 18432K, used 18272K [0x00000000d5580000, 0x00000000d6e80000, 0x0000000100000000)
  eden space 17920K, 100% used [0x00000000d5580000,0x00000000d6700000,0x00000000d6700000)
  from space 512K, 68% used [0x00000000d6d00000,0x00000000d6d58000,0x00000000d6d80000)
  to   space 1024K, 0% used [0x00000000d6d80000,0x00000000d6d80000,0x00000000d6e80000)
 ParOldGen       total 68608K, used 43685K [0x0000000080000000, 0x0000000084300000, 0x00000000d5580000)
  object space 68608K, 63% used [0x0000000080000000,0x0000000082aa96d0,0x0000000084300000)
 Metaspace       used 55973K, committed 57344K, reserved 1114112K
  class space    used 6640K, committed 7232K, reserved 1048576K
}
Event: 27.871 GC heap after
{Heap after GC invocations=32 (full 2):
 PSYoungGen      total 18944K, used 1000K [0x00000000d5580000, 0x00000000d6f00000, 0x0000000100000000)
  eden space 17920K, 0% used [0x00000000d5580000,0x00000000d5580000,0x00000000d6700000)
  from space 1024K, 97% used [0x00000000d6d80000,0x00000000d6e7a0b8,0x00000000d6e80000)
  to   space 4096K, 0% used [0x00000000d6700000,0x00000000d6700000,0x00000000d6b00000)
 ParOldGen       total 68608K, used 45989K [0x0000000080000000, 0x0000000084300000, 0x00000000d5580000)
  object space 68608K, 67% used [0x0000000080000000,0x0000000082ce96d0,0x0000000084300000)
 Metaspace       used 55973K, committed 57344K, reserved 1114112K
  class space    used 6640K, committed 7232K, reserved 1048576K
}
Event: 28.106 GC heap before
{Heap before GC invocations=33 (full 2):
 PSYoungGen      total 18944K, used 18920K [0x00000000d5580000, 0x00000000d6f00000, 0x0000000100000000)
  eden space 17920K, 100% used [0x00000000d5580000,0x00000000d6700000,0x00000000d6700000)
  from space 1024K, 97% used [0x00000000d6d80000,0x00000000d6e7a0b8,0x00000000d6e80000)
  to   space 4096K, 0% used [0x00000000d6700000,0x00000000d6700000,0x00000000d6b00000)
 ParOldGen       total 68608K, used 45989K [0x0000000080000000, 0x0000000084300000, 0x00000000d5580000)
  object space 68608K, 67% used [0x0000000080000000,0x0000000082ce96d0,0x0000000084300000)
 Metaspace       used 57004K, committed 58432K, reserved 1114112K
  class space    used 6726K, committed 7296K, reserved 1048576K
}
Event: 28.108 GC heap after
{Heap after GC invocations=33 (full 2):
 PSYoungGen      total 22016K, used 1632K [0x00000000d5580000, 0x00000000d6e00000, 0x0000000100000000)
  eden space 17920K, 0% used [0x00000000d5580000,0x00000000d5580000,0x00000000d6700000)
  from space 4096K, 39% used [0x00000000d6700000,0x00000000d6898030,0x00000000d6b00000)
  to   space 2560K, 0% used [0x00000000d6b80000,0x00000000d6b80000,0x00000000d6e00000)
 ParOldGen       total 68608K, used 46287K [0x0000000080000000, 0x0000000084300000, 0x00000000d5580000)
  object space 68608K, 67% used [0x0000000080000000,0x0000000082d33ef8,0x0000000084300000)
 Metaspace       used 57004K, committed 58432K, reserved 1114112K
  class space    used 6726K, committed 7296K, reserved 1048576K
}
Event: 28.188 GC heap before
{Heap before GC invocations=34 (full 2):
 PSYoungGen      total 22016K, used 19552K [0x00000000d5580000, 0x00000000d6e00000, 0x0000000100000000)
  eden space 17920K, 100% used [0x00000000d5580000,0x00000000d6700000,0x00000000d6700000)
  from space 4096K, 39% used [0x00000000d6700000,0x00000000d6898030,0x00000000d6b00000)
  to   space 2560K, 0% used [0x00000000d6b80000,0x00000000d6b80000,0x00000000d6e00000)
 ParOldGen       total 68608K, used 46287K [0x0000000080000000, 0x0000000084300000, 0x00000000d5580000)
  object space 68608K, 67% used [0x0000000080000000,0x0000000082d33ef8,0x0000000084300000)
 Metaspace       used 57039K, committed 58432K, reserved 1114112K
  class space    used 6729K, committed 7296K, reserved 1048576K
}
Event: 28.191 GC heap after
{Heap after GC invocations=34 (full 2):
 PSYoungGen      total 19968K, used 1760K [0x00000000d5580000, 0x00000000d6d80000, 0x0000000100000000)
  eden space 17920K, 0% used [0x00000000d5580000,0x00000000d5580000,0x00000000d6700000)
  from space 2048K, 85% used [0x00000000d6b80000,0x00000000d6d38010,0x00000000d6d80000)
  to   space 2048K, 0% used [0x00000000d6980000,0x00000000d6980000,0x00000000d6b80000)
 ParOldGen       total 68608K, used 47788K [0x0000000080000000, 0x0000000084300000, 0x00000000d5580000)
  object space 68608K, 69% used [0x0000000080000000,0x0000000082eab280,0x0000000084300000)
 Metaspace       used 57039K, committed 58432K, reserved 1114112K
  class space    used 6729K, committed 7296K, reserved 1048576K
}

Dll operation events (13 events):
Event: 0.018 Loaded shared library c:\Users\PAULO ROBERTO\.vscode\extensions\redhat.java-1.55.0-win32-x64\jre\21.0.11-win32-x86_64\bin\java.dll
Event: 0.106 Loaded shared library c:\Users\PAULO ROBERTO\.vscode\extensions\redhat.java-1.55.0-win32-x64\jre\21.0.11-win32-x86_64\bin\zip.dll
Event: 0.132 Loaded shared library C:\Users\PAULO ROBERTO\.vscode\extensions\redhat.java-1.55.0-win32-x64\jre\21.0.11-win32-x86_64\bin\instrument.dll
Event: 0.139 Loaded shared library C:\Users\PAULO ROBERTO\.vscode\extensions\redhat.java-1.55.0-win32-x64\jre\21.0.11-win32-x86_64\bin\net.dll
Event: 0.142 Loaded shared library C:\Users\PAULO ROBERTO\.vscode\extensions\redhat.java-1.55.0-win32-x64\jre\21.0.11-win32-x86_64\bin\nio.dll
Event: 0.146 Loaded shared library C:\Users\PAULO ROBERTO\.vscode\extensions\redhat.java-1.55.0-win32-x64\jre\21.0.11-win32-x86_64\bin\zip.dll
Event: 0.170 Loaded shared library C:\Users\PAULO ROBERTO\.vscode\extensions\redhat.java-1.55.0-win32-x64\jre\21.0.11-win32-x86_64\bin\jimage.dll
Event: 0.263 Loaded shared library c:\Users\PAULO ROBERTO\.vscode\extensions\redhat.java-1.55.0-win32-x64\jre\21.0.11-win32-x86_64\bin\verify.dll
Event: 2.187 Loaded shared library C:\Users\PAULO ROBERTO\AppData\Roaming\Code\User\globalStorage\redhat.java\1.55.0\config_win\org.eclipse.equinox.launcher\org.eclipse.equinox.launcher.win32.win32.x86_64_1.3.100.v20260613-0559\eclipse_11924.dll
Event: 5.561 Loaded shared library C:\Users\PAULO ROBERTO\AppData\Local\Temp\jna--1403105036\jna2736119724679018475.dll
Event: 15.697 Loaded shared library C:\Users\PAULO ROBERTO\.gradle\native\c067742578af261105cb4f569cf0c3c89f3d7b1fecec35dd04571415982c5e48\windows-amd64\native-platform.dll
Event: 17.086 Loaded shared library C:\Users\PAULO ROBERTO\.vscode\extensions\redhat.java-1.55.0-win32-x64\jre\21.0.11-win32-x86_64\bin\management.dll
Event: 17.088 Loaded shared library C:\Users\PAULO ROBERTO\.vscode\extensions\redhat.java-1.55.0-win32-x64\jre\21.0.11-win32-x86_64\bin\management_ext.dll

Deoptimization events (20 events):
Event: 27.896 Thread 0x000001aa8dd5fa60 Uncommon trap: trap_request=0xffffff45 fr.pc=0x000001aa3a0481b0 relative=0x0000000000000930
Event: 27.896 Thread 0x000001aa8dd5fa60 Uncommon trap: reason=unstable_if action=reinterpret pc=0x000001aa3a0481b0 method=org.eclipse.jdt.internal.core.index.DiskIndex.readStreamChars(Ljava/io/InputStream;)[C @ 1 c2
Event: 27.896 Thread 0x000001aa8dd5fa60 DEOPT PACKING pc=0x000001aa3a0481b0 sp=0x00000023e95feb70
Event: 27.896 Thread 0x000001aa8dd5fa60 DEOPT UNPACKING pc=0x000001aa39813aa2 sp=0x00000023e95feae8 mode 2
Event: 28.069 Thread 0x000001aa8d74d170 Uncommon trap: trap_request=0xffffff45 fr.pc=0x000001aa3a1ca460 relative=0x00000000000001a0
Event: 28.069 Thread 0x000001aa8d74d170 Uncommon trap: reason=unstable_if action=reinterpret pc=0x000001aa3a1ca460 method=jdk.internal.jrtfs.JrtPath.normalize(Ljava/lang/String;)Ljava/lang/String; @ 78 c2
Event: 28.069 Thread 0x000001aa8d74d170 DEOPT PACKING pc=0x000001aa3a1ca460 sp=0x00000023e7bfd650
Event: 28.069 Thread 0x000001aa8d74d170 DEOPT UNPACKING pc=0x000001aa39813aa2 sp=0x00000023e7bfd5d0 mode 2
Event: 28.071 Thread 0x000001aa8d74d170 Uncommon trap: trap_request=0xffffff45 fr.pc=0x000001aa3a198840 relative=0x00000000000010a0
Event: 28.071 Thread 0x000001aa8d74d170 Uncommon trap: reason=unstable_if action=reinterpret pc=0x000001aa3a198840 method=java.util.regex.Pattern.compile()V @ 443 c2
Event: 28.071 Thread 0x000001aa8d74d170 DEOPT PACKING pc=0x000001aa3a198840 sp=0x00000023e7bfca40
Event: 28.071 Thread 0x000001aa8d74d170 DEOPT UNPACKING pc=0x000001aa39813aa2 sp=0x00000023e7bfca08 mode 2
Event: 28.182 Thread 0x000001aa8d74d170 Uncommon trap: trap_request=0xffffff45 fr.pc=0x000001aa3a1d60f0 relative=0x0000000000001270
Event: 28.182 Thread 0x000001aa8d74d170 Uncommon trap: reason=unstable_if action=reinterpret pc=0x000001aa3a1d60f0 method=org.eclipse.jdt.internal.core.util.Util.splitOn(CLjava/lang/String;II)[Ljava/lang/String; @ 21 c2
Event: 28.182 Thread 0x000001aa8d74d170 DEOPT PACKING pc=0x000001aa3a1d60f0 sp=0x00000023e7bfd590
Event: 28.182 Thread 0x000001aa8d74d170 DEOPT UNPACKING pc=0x000001aa39813aa2 sp=0x00000023e7bfd558 mode 2
Event: 28.229 Thread 0x000001aa8d74d170 Uncommon trap: trap_request=0xffffff76 fr.pc=0x000001aa3a1d8aec relative=0x000000000000044c
Event: 28.229 Thread 0x000001aa8d74d170 Uncommon trap: reason=predicate action=maybe_recompile pc=0x000001aa3a1d8aec method=java.util.ArrayList.equalsRange(Ljava/util/List;II)Z @ 31 c2
Event: 28.229 Thread 0x000001aa8d74d170 DEOPT PACKING pc=0x000001aa3a1d8aec sp=0x00000023e7bfd8a0
Event: 28.229 Thread 0x000001aa8d74d170 DEOPT UNPACKING pc=0x000001aa39813aa2 sp=0x00000023e7bfd828 mode 2

Classes loaded (20 events):
Event: 27.987 Loading class sun/nio/ch/Util$4
Event: 27.988 Loading class sun/nio/ch/Util$4 done
Event: 27.992 Loading class java/nio/file/ClosedDirectoryStreamException
Event: 27.992 Loading class java/nio/file/ClosedDirectoryStreamException done
Event: 27.993 Loading class jdk/internal/jrtfs/JrtFileSystem
Event: 27.993 Loading class jdk/internal/jrtfs/JrtFileSystem done
Event: 27.993 Loading class jdk/internal/jrtfs/JrtPath
Event: 27.993 Loading class jdk/internal/jrtfs/JrtPath done
Event: 27.994 Loading class jdk/internal/jimage/ImageReader$Node
Event: 27.994 Loading class jdk/internal/jimage/ImageReader$Node done
Event: 27.997 Loading class java/nio/ByteBufferAsIntBufferL
Event: 27.997 Loading class java/nio/ByteBufferAsIntBufferL done
Event: 28.001 Loading class jdk/internal/jimage/ImageReader$Directory
Event: 28.001 Loading class jdk/internal/jimage/ImageReader$Directory done
Event: 28.263 Loading class java/util/AbstractList$ListItr
Event: 28.263 Loading class java/util/AbstractList$ListItr done
Event: 28.278 Loading class java/nio/channels/Channels$ReadableByteChannelImpl
Event: 28.278 Loading class java/nio/channels/Channels$ReadableByteChannelImpl done
Event: 28.279 Loading class java/nio/channels/NonWritableChannelException
Event: 28.279 Loading class java/nio/channels/NonWritableChannelException done

Classes unloaded (7 events):
Event: 6.108 Thread 0x000001aa2f022d00 Unloading class 0x000001aa471acc00 'java/lang/invoke/LambdaForm$MH+0x000001aa471acc00'
Event: 6.108 Thread 0x000001aa2f022d00 Unloading class 0x000001aa471ac800 'java/lang/invoke/LambdaForm$MH+0x000001aa471ac800'
Event: 6.108 Thread 0x000001aa2f022d00 Unloading class 0x000001aa471ac400 'java/lang/invoke/LambdaForm$MH+0x000001aa471ac400'
Event: 6.108 Thread 0x000001aa2f022d00 Unloading class 0x000001aa471ac000 'java/lang/invoke/LambdaForm$MH+0x000001aa471ac000'
Event: 6.108 Thread 0x000001aa2f022d00 Unloading class 0x000001aa471abc00 'java/lang/invoke/LambdaForm$BMH+0x000001aa471abc00'
Event: 6.108 Thread 0x000001aa2f022d00 Unloading class 0x000001aa471ab800 'java/lang/invoke/LambdaForm$DMH+0x000001aa471ab800'
Event: 6.108 Thread 0x000001aa2f022d00 Unloading class 0x000001aa471aa400 'java/lang/invoke/LambdaForm$DMH+0x000001aa471aa400'

Classes redefined (0 events):
No events

Internal exceptions (20 events):
Event: 17.586 Thread 0x000001aa8fbaaef0 Exception <a 'sun/nio/fs/WindowsException'{0x00000000d5ea6470}> (0x00000000d5ea6470) 
thrown [s\src\hotspot\share\prims\jni.cpp, line 520]
Event: 17.827 Thread 0x000001aa8dd5bf50 Implicit null exception at 0x000001aa3a10dd80 to 0x000001aa3a10e184
Event: 17.827 Thread 0x000001aa8dd5bf50 Exception <a 'sun/nio/fs/WindowsException'{0x00000000d619dfe0}> (0x00000000d619dfe0) 
thrown [s\src\hotspot\share\prims\jni.cpp, line 520]
Event: 17.828 Thread 0x000001aa8dd5bf50 Exception <a 'sun/nio/fs/WindowsException'{0x00000000d619e630}> (0x00000000d619e630) 
thrown [s\src\hotspot\share\prims\jni.cpp, line 520]
Event: 17.828 Thread 0x000001aa8dd5bf50 Exception <a 'sun/nio/fs/WindowsException'{0x00000000d61a1818}> (0x00000000d61a1818) 
thrown [s\src\hotspot\share\prims\jni.cpp, line 520]
Event: 17.828 Thread 0x000001aa8dd5bf50 Exception <a 'sun/nio/fs/WindowsException'{0x00000000d61a1e68}> (0x00000000d61a1e68) 
thrown [s\src\hotspot\share\prims\jni.cpp, line 520]
Event: 17.829 Thread 0x000001aa8dd5bf50 Exception <a 'sun/nio/fs/WindowsException'{0x00000000d61a31e0}> (0x00000000d61a31e0) 
thrown [s\src\hotspot\share\prims\jni.cpp, line 520]
Event: 17.829 Thread 0x000001aa8dd5bf50 Exception <a 'sun/nio/fs/WindowsException'{0x00000000d61a3820}> (0x00000000d61a3820) 
thrown [s\src\hotspot\share\prims\jni.cpp, line 520]
Event: 17.829 Thread 0x000001aa8dd5bf50 Exception <a 'sun/nio/fs/WindowsException'{0x00000000d61a4498}> (0x00000000d61a4498) 
thrown [s\src\hotspot\share\prims\jni.cpp, line 520]
Event: 17.829 Thread 0x000001aa8dd5bf50 Exception <a 'sun/nio/fs/WindowsException'{0x00000000d61a4ad8}> (0x00000000d61a4ad8) 
thrown [s\src\hotspot\share\prims\jni.cpp, line 520]
Event: 18.249 Thread 0x000001aa8dd5bf50 Exception <a 'java/lang/IncompatibleClassChangeError'{0x00000000d61c31f8}: Found class java.lang.Object, but interface was expected> (0x00000000d61c31f8) 
thrown [s\src\hotspot\share\interpreter\linkResolver.cpp, line 840]
Event: 27.874 Thread 0x000001aa8d74d170 Exception <a 'java/io/FileNotFoundException'{0x00000000d5590730}> (0x00000000d5590730) 
thrown [s\src\hotspot\share\prims\jni.cpp, line 520]
Event: 27.897 Thread 0x000001aa8d74d170 Exception <a 'java/io/FileNotFoundException'{0x00000000d55917b0}> (0x00000000d55917b0) 
thrown [s\src\hotspot\share\prims\jni.cpp, line 520]
Event: 27.911 Thread 0x000001aa8d74d170 Exception <a 'java/io/FileNotFoundException'{0x00000000d5592580}> (0x00000000d5592580) 
thrown [s\src\hotspot\share\prims\jni.cpp, line 520]
Event: 27.940 Thread 0x000001aa8d74d170 Exception <a 'sun/nio/fs/WindowsException'{0x00000000d57a3c30}> (0x00000000d57a3c30) 
thrown [s\src\hotspot\share\prims\jni.cpp, line 520]
Event: 27.940 Thread 0x000001aa8d74d170 Exception <a 'sun/nio/fs/WindowsException'{0x00000000d57a44c0}> (0x00000000d57a44c0) 
thrown [s\src\hotspot\share\prims\jni.cpp, line 520]
Event: 27.941 Thread 0x000001aa8d74d170 Exception <a 'sun/nio/fs/WindowsException'{0x00000000d57a5048}> (0x00000000d57a5048) 
thrown [s\src\hotspot\share\prims\jni.cpp, line 520]
Event: 27.941 Thread 0x000001aa8d74d170 Exception <a 'sun/nio/fs/WindowsException'{0x00000000d57a5698}> (0x00000000d57a5698) 
thrown [s\src\hotspot\share\prims\jni.cpp, line 520]
Event: 27.988 Thread 0x000001aa8d74d170 Exception <a 'java/lang/NoSuchMethodError'{0x00000000d5996178}: 'java.lang.Object java.lang.invoke.DelegatingMethodHandle$Holder.reinvoke_L(java.lang.Object, int, long, java.lang.Object, java.lang.Object, int, java.lang.Object)'> (0x00000000d5996178) 
thrown [s\src\hotspot\share\interpreter\linkResolver.cpp, line 773]
Event: 28.065 Thread 0x000001aa8d74d170 Exception <a 'java/lang/NoSuchMethodError'{0x00000000d5f239d0}: 'java.lang.Object java.lang.invoke.Invokers$Holder.invoke_MT(java.lang.Object, java.lang.Object, java.lang.Object, java.lang.Object, java.lang.Object, java.lang.Object, java.lang.Object, java.lang.Object, java.lang.Object, java.lang.Object)'> (0x00000000d5f239d0) 
thrown [s\src\hotspot\share\interpreter\linkResolver.cpp, line 773]

ZGC Phase Switch (0 events):
No events

VM Operations (20 events):
Event: 27.960 Executing non-safepoint VM operation: HandshakeAllThreads (Deoptimize) done
Event: 27.972 Executing non-safepoint VM operation: HandshakeAllThreads (Deoptimize)
Event: 27.972 Executing non-safepoint VM operation: HandshakeAllThreads (Deoptimize) done
Event: 27.975 Executing non-safepoint VM operation: HandshakeAllThreads (Deoptimize)
Event: 27.975 Executing non-safepoint VM operation: HandshakeAllThreads (Deoptimize) done
Event: 27.992 Executing non-safepoint VM operation: HandshakeAllThreads (Deoptimize)
Event: 27.992 Executing non-safepoint VM operation: HandshakeAllThreads (Deoptimize) done
Event: 27.998 Executing non-safepoint VM operation: HandshakeAllThreads (Deoptimize)
Event: 27.998 Executing non-safepoint VM operation: HandshakeAllThreads (Deoptimize) done
Event: 27.999 Executing non-safepoint VM operation: HandshakeAllThreads (Deoptimize)
Event: 27.999 Executing non-safepoint VM operation: HandshakeAllThreads (Deoptimize) done
Event: 28.031 Executing non-safepoint VM operation: HandshakeAllThreads (Deoptimize)
Event: 28.031 Executing non-safepoint VM operation: HandshakeAllThreads (Deoptimize) done
Event: 28.106 Executing safepoint VM operation: ParallelGCFailedAllocation (Allocation Failure)
Event: 28.108 Executing safepoint VM operation: ParallelGCFailedAllocation (Allocation Failure) done
Event: 28.188 Executing safepoint VM operation: ParallelGCFailedAllocation (Allocation Failure)
Event: 28.191 Executing safepoint VM operation: ParallelGCFailedAllocation (Allocation Failure) done
Event: 28.265 Executing non-safepoint VM operation: HandshakeAllThreads (Deoptimize)
Event: 28.265 Executing non-safepoint VM operation: HandshakeAllThreads (Deoptimize) done
Event: 29.265 Executing safepoint VM operation: Cleanup

Memory protections (0 events):
No events

Nmethod flushes (20 events):
Event: 7.545 Thread 0x000001aa2f022d00 flushing  nmethod 0x000001aa328fff10
Event: 7.545 Thread 0x000001aa2f022d00 flushing  nmethod 0x000001aa32901490
Event: 7.545 Thread 0x000001aa2f022d00 flushing  nmethod 0x000001aa32901d90
Event: 7.545 Thread 0x000001aa2f022d00 flushing  nmethod 0x000001aa32902e90
Event: 7.545 Thread 0x000001aa2f022d00 flushing  nmethod 0x000001aa32903310
Event: 7.545 Thread 0x000001aa2f022d00 flushing  nmethod 0x000001aa32903e90
Event: 7.545 Thread 0x000001aa2f022d00 flushing  nmethod 0x000001aa32904690
Event: 7.545 Thread 0x000001aa2f022d00 flushing  nmethod 0x000001aa32905010
Event: 7.545 Thread 0x000001aa2f022d00 flushing  nmethod 0x000001aa32905510
Event: 7.545 Thread 0x000001aa2f022d00 flushing  nmethod 0x000001aa32905810
Event: 7.545 Thread 0x000001aa2f022d00 flushing  nmethod 0x000001aa3290e810
Event: 7.545 Thread 0x000001aa2f022d00 flushing  nmethod 0x000001aa3290f910
Event: 7.545 Thread 0x000001aa2f022d00 flushing  nmethod 0x000001aa32922990
Event: 7.545 Thread 0x000001aa2f022d00 flushing  nmethod 0x000001aa32939810
Event: 7.545 Thread 0x000001aa2f022d00 flushing  nmethod 0x000001aa3293c090
Event: 7.545 Thread 0x000001aa2f022d00 flushing  nmethod 0x000001aa3294e310
Event: 7.545 Thread 0x000001aa2f022d00 flushing  nmethod 0x000001aa32952610
Event: 7.545 Thread 0x000001aa2f022d00 flushing  nmethod 0x000001aa32997090
Event: 7.545 Thread 0x000001aa2f022d00 flushing  nmethod 0x000001aa329c6c90
Event: 7.545 Thread 0x000001aa2f022d00 flushing  nmethod 0x000001aa329c8190

Events (20 events):
Event: 9.296 Thread 0x000001aa8dd60780 Thread added: 0x000001aa8dd60e10
Event: 9.726 Thread 0x000001aa8e777f70 Thread exited: 0x000001aa8e777f70
Event: 14.239 Thread 0x000001aa8dcfbb60 Thread exited: 0x000001aa8dcfbb60
Event: 14.334 Thread 0x000001aa2f14be70 Thread added: 0x000001aa9067bd90
Event: 14.358 Thread 0x000001aa2f14be70 Thread added: 0x000001aa8dcfbb60
Event: 14.608 Thread 0x000001aa8fbaaef0 Thread added: 0x000001aa8dd5d990
Event: 14.993 Thread 0x000001aa8dcfbb60 Thread exited: 0x000001aa8dcfbb60
Event: 15.049 Thread 0x000001aa8fbaaef0 Thread added: 0x000001aa8dd614a0
Event: 15.161 Thread 0x000001aa8fbaaef0 Thread added: 0x000001aa8d572aa0
Event: 15.474 Thread 0x000001aa2f14be70 Thread added: 0x000001aa8dcfbb60
Event: 16.540 Thread 0x000001aa8dcfbb60 Thread exited: 0x000001aa8dcfbb60
Event: 17.241 Thread 0x000001aa8d572aa0 Thread exited: 0x000001aa8d572aa0
Event: 17.260 Thread 0x000001aa2f14be70 Thread added: 0x000001aa8dcfbb60
Event: 17.554 Thread 0x000001aa8dcfbb60 Thread exited: 0x000001aa8dcfbb60
Event: 17.587 Thread 0x000001aa8dd5d990 Thread exited: 0x000001aa8dd5d990
Event: 17.749 Thread 0x000001aa9067bd90 Thread exited: 0x000001aa9067bd90
Event: 18.252 Thread 0x000001aa8dd5bf50 Thread added: 0x000001aa8d571060
Event: 27.858 Thread 0x000001aa8dd60e10 Thread added: 0x000001aa8d574b70
Event: 28.023 Thread 0x000001aa2f14be70 Thread added: 0x000001aa9067bd90
Event: 28.132 Thread 0x000001aa9067bd90 Thread added: 0x000001aa8dcfbb60


Dynamic libraries:
0x00007ff6661d0000 - 0x00007ff6661de000 	c:\Users\PAULO ROBERTO\.vscode\extensions\redhat.java-1.55.0-win32-x64\jre\21.0.11-win32-x86_64\bin\java.exe
0x00007ffc61720000 - 0x00007ffc61986000 	C:\WINDOWS\SYSTEM32\ntdll.dll
0x00007ffc602c0000 - 0x00007ffc60389000 	C:\WINDOWS\System32\KERNEL32.DLL
0x00007ffc5e960000 - 0x00007ffc5ed5f000 	C:\WINDOWS\System32\KERNELBASE.dll
0x00007ffc5ef90000 - 0x00007ffc5f0dc000 	C:\WINDOWS\System32\ucrtbase.dll
0x00007ffc42f90000 - 0x00007ffc42fa8000 	c:\Users\PAULO ROBERTO\.vscode\extensions\redhat.java-1.55.0-win32-x64\jre\21.0.11-win32-x86_64\bin\jli.dll
0x00007ffc42fb0000 - 0x00007ffc42fce000 	c:\Users\PAULO ROBERTO\.vscode\extensions\redhat.java-1.55.0-win32-x64\jre\21.0.11-win32-x86_64\bin\VCRUNTIME140.dll
0x00007ffc367a0000 - 0x00007ffc36a31000 	C:\WINDOWS\WinSxS\amd64_microsoft.windows.common-controls_6595b64144ccf1df_6.0.26100.8972_none_3e0da176e32f9d4b\COMCTL32.dll
0x00007ffc60180000 - 0x00007ffc60229000 	C:\WINDOWS\System32\msvcrt.dll
0x00007ffc60390000 - 0x00007ffc603bb000 	C:\WINDOWS\System32\GDI32.dll
0x00007ffc5e930000 - 0x00007ffc5e957000 	C:\WINDOWS\System32\win32u.dll
0x00007ffc5f320000 - 0x00007ffc5f449000 	C:\WINDOWS\System32\gdi32full.dll
0x00007ffc5f1b0000 - 0x00007ffc5f253000 	C:\WINDOWS\System32\msvcp_win.dll
0x00007ffc5ffb0000 - 0x00007ffc60176000 	C:\WINDOWS\System32\USER32.dll
0x00007ffc5ff70000 - 0x00007ffc5ffa2000 	C:\WINDOWS\System32\IMM32.DLL
0x00007ffc58490000 - 0x00007ffc5849c000 	c:\Users\PAULO ROBERTO\.vscode\extensions\redhat.java-1.55.0-win32-x64\jre\21.0.11-win32-x86_64\bin\vcruntime140_1.dll
0x00007ffbfcb30000 - 0x00007ffbfcbbd000 	c:\Users\PAULO ROBERTO\.vscode\extensions\redhat.java-1.55.0-win32-x64\jre\21.0.11-win32-x86_64\bin\msvcp140.dll
0x00007ffb835b0000 - 0x00007ffb84352000 	c:\Users\PAULO ROBERTO\.vscode\extensions\redhat.java-1.55.0-win32-x64\jre\21.0.11-win32-x86_64\bin\server\jvm.dll
0x00007ffc60cd0000 - 0x00007ffc60d8c000 	C:\WINDOWS\System32\ADVAPI32.dll
0x00007ffc5f9a0000 - 0x00007ffc5fa4a000 	C:\WINDOWS\System32\sechost.dll
0x00007ffc5f6e0000 - 0x00007ffc5f7f8000 	C:\WINDOWS\System32\RPCRT4.dll
0x00007ffc5faa0000 - 0x00007ffc5fb22000 	C:\WINDOWS\System32\WS2_32.dll
0x00007ffc5d440000 - 0x00007ffc5d49e000 	C:\WINDOWS\SYSTEM32\POWRPROF.dll
0x00007ffc498c0000 - 0x00007ffc498f6000 	C:\WINDOWS\SYSTEM32\WINMM.dll
0x00007ffc4c850000 - 0x00007ffc4c85b000 	C:\WINDOWS\SYSTEM32\VERSION.dll
0x00007ffc5d420000 - 0x00007ffc5d435000 	C:\WINDOWS\SYSTEM32\UMPDC.dll
0x00007ffc5d660000 - 0x00007ffc5d67b000 	C:\WINDOWS\SYSTEM32\kernel.appcore.dll
0x00007ffc53ab0000 - 0x00007ffc53aba000 	c:\Users\PAULO ROBERTO\.vscode\extensions\redhat.java-1.55.0-win32-x64\jre\21.0.11-win32-x86_64\bin\jimage.dll
0x00007ffc5bb30000 - 0x00007ffc5bd72000 	C:\WINDOWS\SYSTEM32\DBGHELP.DLL
0x00007ffc60450000 - 0x00007ffc607d5000 	C:\WINDOWS\System32\combase.dll
0x00007ffc5fc30000 - 0x00007ffc5fd09000 	C:\WINDOWS\System32\OLEAUT32.dll
0x00007ffc2e950000 - 0x00007ffc2e98b000 	C:\WINDOWS\SYSTEM32\dbgcore.DLL
0x00007ffc5f260000 - 0x00007ffc5f30c000 	C:\WINDOWS\System32\bcryptPrimitives.dll
0x00007ffc535b0000 - 0x00007ffc535bf000 	c:\Users\PAULO ROBERTO\.vscode\extensions\redhat.java-1.55.0-win32-x64\jre\21.0.11-win32-x86_64\bin\instrument.dll
0x00007ffc42c10000 - 0x00007ffc42c30000 	c:\Users\PAULO ROBERTO\.vscode\extensions\redhat.java-1.55.0-win32-x64\jre\21.0.11-win32-x86_64\bin\java.dll
0x00007ffc60ed0000 - 0x00007ffc61658000 	C:\WINDOWS\System32\SHELL32.dll
0x00007ffc5c3e0000 - 0x00007ffc5cc7b000 	C:\WINDOWS\SYSTEM32\windows.storage.dll
0x00007ffc5fb30000 - 0x00007ffc5fc29000 	C:\WINDOWS\System32\SHCORE.dll
0x00007ffc60da0000 - 0x00007ffc60e06000 	C:\WINDOWS\System32\shlwapi.dll
0x00007ffc5e850000 - 0x00007ffc5e879000 	C:\WINDOWS\SYSTEM32\profapi.dll
0x00007ffc429c0000 - 0x00007ffc429d8000 	c:\Users\PAULO ROBERTO\.vscode\extensions\redhat.java-1.55.0-win32-x64\jre\21.0.11-win32-x86_64\bin\zip.dll
0x00007ffc536e0000 - 0x00007ffc536f0000 	C:\Users\PAULO ROBERTO\.vscode\extensions\redhat.java-1.55.0-win32-x64\jre\21.0.11-win32-x86_64\bin\net.dll
0x00007ffc53b60000 - 0x00007ffc53c88000 	C:\WINDOWS\SYSTEM32\WINHTTP.dll
0x00007ffc5dc90000 - 0x00007ffc5dcfc000 	C:\WINDOWS\system32\mswsock.dll
0x00007ffc30710000 - 0x00007ffc30726000 	C:\Users\PAULO ROBERTO\.vscode\extensions\redhat.java-1.55.0-win32-x64\jre\21.0.11-win32-x86_64\bin\nio.dll
0x00007ffc53120000 - 0x00007ffc53130000 	c:\Users\PAULO ROBERTO\.vscode\extensions\redhat.java-1.55.0-win32-x64\jre\21.0.11-win32-x86_64\bin\verify.dll
0x00007ffc23200000 - 0x00007ffc23245000 	C:\Users\PAULO ROBERTO\AppData\Roaming\Code\User\globalStorage\redhat.java\1.55.0\config_win\org.eclipse.equinox.launcher\org.eclipse.equinox.launcher.win32.win32.x86_64_1.3.100.v20260613-0559\eclipse_11924.dll
0x00007ffc5f800000 - 0x00007ffc5f999000 	C:\WINDOWS\System32\ole32.dll
0x00007ffc5e0b0000 - 0x00007ffc5e0cb000 	C:\WINDOWS\SYSTEM32\CRYPTSP.dll
0x00007ffc5d680000 - 0x00007ffc5d6b9000 	C:\WINDOWS\system32\rsaenh.dll
0x00007ffc5dd40000 - 0x00007ffc5dd72000 	C:\WINDOWS\SYSTEM32\USERENV.dll
0x00007ffc5e820000 - 0x00007ffc5e84a000 	C:\WINDOWS\SYSTEM32\bcrypt.dll
0x00007ffc5def0000 - 0x00007ffc5defc000 	C:\WINDOWS\SYSTEM32\CRYPTBASE.dll
0x00007ffc5d070000 - 0x00007ffc5d0a3000 	C:\WINDOWS\SYSTEM32\IPHLPAPI.DLL
0x00007ffc60cb0000 - 0x00007ffc60cba000 	C:\WINDOWS\System32\NSI.dll
0x00007ffc23470000 - 0x00007ffc234b9000 	C:\Users\PAULO ROBERTO\AppData\Local\Temp\jna--1403105036\jna2736119724679018475.dll
0x00007ffc60cc0000 - 0x00007ffc60cc8000 	C:\WINDOWS\System32\PSAPI.DLL
0x00007ffc53e20000 - 0x00007ffc53e3d000 	C:\WINDOWS\SYSTEM32\dhcpcsvc6.DLL
0x00007ffc53580000 - 0x00007ffc535a5000 	C:\WINDOWS\SYSTEM32\dhcpcsvc.DLL
0x00007ffc4e2f0000 - 0x00007ffc4e317000 	C:\Users\PAULO ROBERTO\.gradle\native\c067742578af261105cb4f569cf0c3c89f3d7b1fecec35dd04571415982c5e48\windows-amd64\native-platform.dll
0x00007ffc53670000 - 0x00007ffc5367a000 	C:\Users\PAULO ROBERTO\.vscode\extensions\redhat.java-1.55.0-win32-x64\jre\21.0.11-win32-x86_64\bin\management.dll
0x00007ffc53660000 - 0x00007ffc5366c000 	C:\Users\PAULO ROBERTO\.vscode\extensions\redhat.java-1.55.0-win32-x64\jre\21.0.11-win32-x86_64\bin\management_ext.dll

JVMTI agents:
c:\Users\PAULO ROBERTO\.vscode\extensions\redhat.java-1.55.0-win32-x64\lombok\lombok-1.18.39-4050.jar path:c:\Users\PAULO ROBERTO\.vscode\extensions\redhat.java-1.55.0-win32-x64\jre\21.0.11-win32-x86_64\bin\instrument.dll, loaded, initialized, instrumentlib options:none

dbghelp: loaded successfully - version: 4.0.5 - missing functions: none
symbol engine: initialized successfully - sym options: 0x614 - pdb path: .;c:\Users\PAULO ROBERTO\.vscode\extensions\redhat.java-1.55.0-win32-x64\jre\21.0.11-win32-x86_64\bin;C:\WINDOWS\SYSTEM32;C:\WINDOWS\WinSxS\amd64_microsoft.windows.common-controls_6595b64144ccf1df_6.0.26100.8972_none_3e0da176e32f9d4b;c:\Users\PAULO ROBERTO\.vscode\extensions\redhat.java-1.55.0-win32-x64\jre\21.0.11-win32-x86_64\bin\server;C:\Users\PAULO ROBERTO\AppData\Roaming\Code\User\globalStorage\redhat.java\1.55.0\config_win\org.eclipse.equinox.launcher\org.eclipse.equinox.launcher.win32.win32.x86_64_1.3.100.v20260613-0559;C:\Users\PAULO ROBERTO\AppData\Local\Temp\jna--1403105036;C:\Users\PAULO ROBERTO\.gradle\native\c067742578af261105cb4f569cf0c3c89f3d7b1fecec35dd04571415982c5e48\windows-amd64

VM Arguments:
jvm_args: --add-modules=ALL-SYSTEM --add-opens=java.base/java.util=ALL-UNNAMED --add-opens=java.base/java.lang=ALL-UNNAMED --add-opens=java.base/sun.nio.fs=ALL-UNNAMED -Declipse.application=org.eclipse.jdt.ls.core.id1 -Dosgi.bundles.defaultStartLevel=4 -Declipse.product=org.eclipse.jdt.ls.core.product -Djava.import.generatesMetadataFilesAtProjectRoot=false -DDetectVMInstallationsJob.disabled=true -Dfile.encoding=utf8 -XX:+UseParallelGC -XX:GCTimeRatio=4 -XX:AdaptiveSizePolicyWeight=90 -Dsun.zip.disableMemoryMapping=true -Xmx2G -Xms100m -Xlog:disable -javaagent:c:\Users\PAULO ROBERTO\.vscode\extensions\redhat.java-1.55.0-win32-x64\lombok\lombok-1.18.39-4050.jar -XX:+HeapDumpOnOutOfMemoryError -XX:HeapDumpPath=c:\Users\PAULO ROBERTO\AppData\Roaming\Code\User\workspaceStorage\af78278a2264e0da21869ec41e085d06\redhat.java -Daether.dependencyCollector.impl=bf 
java_command: c:\Users\PAULO ROBERTO\.vscode\extensions\redhat.java-1.55.0-win32-x64\server\plugins\org.eclipse.equinox.launcher_1.7.200.v20260619-2039.jar -configuration c:\Users\PAULO ROBERTO\AppData\Roaming\Code\User\globalStorage\redhat.java\1.55.0\config_win -data c:\Users\PAULO ROBERTO\AppData\Roaming\Code\User\workspaceStorage\af78278a2264e0da21869ec41e085d06\redhat.java\jdt_ws --pipe=\\.\pipe\lsp-d14763b35f2bea99abebbb0feb29e5c9-sock
java_class_path (initial): c:\Users\PAULO ROBERTO\.vscode\extensions\redhat.java-1.55.0-win32-x64\server\plugins\org.eclipse.equinox.launcher_1.7.200.v20260619-2039.jar
Launcher Type: SUN_STANDARD

[Global flags]
    uintx AdaptiveSizePolicyWeight                 = 90                                        {product} {command line}
     intx CICompilerCount                          = 4                                         {product} {ergonomic}
    uintx GCTimeRatio                              = 4                                         {product} {command line}
     bool HeapDumpOnOutOfMemoryError               = true                                   {manageable} {command line}
    ccstr HeapDumpPath                             = c:\Users\PAULO ROBERTO\AppData\Roaming\Code\User\workspaceStorage\af78278a2264e0da21869ec41e085d06\redhat.java         {manageable} {command line}
   size_t InitialHeapSize                          = 104857600                                 {product} {command line}
   size_t MaxHeapSize                              = 2147483648                                {product} {command line}
   size_t MaxNewSize                               = 715653120                                 {product} {ergonomic}
   size_t MinHeapDeltaBytes                        = 524288                                    {product} {ergonomic}
   size_t MinHeapSize                              = 104857600                                 {product} {command line}
   size_t NewSize                                  = 34603008                                  {product} {ergonomic}
    uintx NonNMethodCodeHeapSize                   = 5839372                                {pd product} {ergonomic}
    uintx NonProfiledCodeHeapSize                  = 122909434                              {pd product} {ergonomic}
   size_t OldSize                                  = 70254592                                  {product} {ergonomic}
    uintx ProfiledCodeHeapSize                     = 122909434                              {pd product} {ergonomic}
    uintx ReservedCodeCacheSize                    = 251658240                              {pd product} {ergonomic}
     bool SegmentedCodeCache                       = true                                      {product} {ergonomic}
   size_t SoftMaxHeapSize                          = 2147483648                             {manageable} {ergonomic}
     bool UseCompressedOops                        = true                           {product lp64_product} {ergonomic}
     bool UseLargePagesIndividualAllocation        = false                                  {pd product} {ergonomic}
     bool UseParallelGC                            = true                                      {product} {command line}

Logging:
Log output configuration:
 #0: stdout all=off uptime,level,tags foldmultilines=false
 #1: stderr all=off uptime,level,tags foldmultilines=false

Release file:
JAVA_VERSION="21.0.11" 
MODULES="java.base java.compiler java.datatransfer java.xml java.prefs java.desktop java.instrument java.logging java.management java.security.sasl java.naming java.rmi java.management.rmi java.net.http java.scripting java.security.jgss java.transaction.xa java.sql java.sql.rowset java.xml.crypto java.se java.smartcardio jdk.accessibility jdk.internal.jvmstat jdk.attach jdk.charsets jdk.internal.opt jdk.zipfs jdk.compiler jdk.crypto.ec jdk.crypto.cryptoki jdk.crypto.mscapi jdk.dynalink jdk.internal.ed jdk.editpad jdk.hotspot.agent jdk.httpserver jdk.internal.le jdk.internal.vm.ci jdk.internal.vm.compiler jdk.internal.vm.compiler.management jdk.jartool jdk.javadoc jdk.jcmd jdk.management jdk.management.agent jdk.jconsole jdk.jdeps jdk.jdwp.agent jdk.jdi jdk.jfr jdk.jshell jdk.jsobject jdk.jstatd jdk.localedata jdk.management.jfr jdk.naming.dns jdk.naming.rmi jdk.net jdk.nio.mapmode jdk.random jdk.sctp jdk.security.auth jdk.security.jgss jdk.unsupported jdk.unsupported.desktop jdk.xml.dom" 

Environment Variables:
JAVA_HOME=C:\Program Files\Java\jdk-21
PATH=C:\Program Files\Common Files\Oracle\Java\javapath;C:\WINDOWS\system32;C:\WINDOWS;C:\WINDOWS\System32\Wbem;C:\WINDOWS\System32\WindowsPowerShell\v1.0\;C:\WINDOWS\System32\OpenSSH\;C:\Program Files\dotnet\;C:\Program Files\NVIDIA Corporation\NVIDIA App\NvDLISR;C:\Program Files (x86)\NVIDIA Corporation\PhysX\Common;C:\Program Files\GitHub CLI\;C:\Program Files\nodejs\;C:\Program Files\Git\cmd;C:\Users\PAULO ROBERTO\.local\bin;C:\Users\PAULO ROBERTO\AppData\Local\Microsoft\WindowsApps;C:\Users\PAULO ROBERTO\AppData\Roaming\npm;C:\Users\PAULO ROBERTO\AppData\Local\Programs\Microsoft VS Code\bin;C:\Users\PAULO ROBERTO\.bun\bin;C:\Users\PAULO ROBERTO\AppData\Local\Microsoft\WinGet\Packages\jqlang.jq_Microsoft.Winget.Source_8wekyb3d8bbwe;C:\Users\PAULO ROBERTO\.lmstudio\bin
USERNAME=PAULO ROBERTO
OS=Windows_NT
PROCESSOR_IDENTIFIER=Intel64 Family 6 Model 186 Stepping 2, GenuineIntel
TMP=C:\Users\PAULOR~1\AppData\Local\Temp
TEMP=C:\Users\PAULOR~1\AppData\Local\Temp




Periodic native trim disabled

---------------  S Y S T E M  ---------------

OS:
 Windows 11 , 64 bit Build 26100 (10.0.26100.9168)
OS uptime: 4 days 7:43 hours
Hyper-V role detected

CPU: total 12 (initial active 12) (6 cores per cpu, 2 threads per core) family 6 model 186 stepping 2 microcode 0x5103, cx8, cmov, fxsr, ht, mmx, 3dnowpref, sse, sse2, sse3, ssse3, sse4.1, sse4.2, popcnt, lzcnt, tsc, tscinvbit, avx, avx2, aes, erms, clmul, bmi1, bmi2, adx, sha, fma, vzeroupper, clflush, clflushopt, clwb, hv, serialize, rdtscp, rdpid, fsrm, f16c, cet_ibt, cet_ss
Processor Information for the first 12 processors :
  Max Mhz: 2100, Current Mhz: 2100, Mhz Limit: 2100

Memory: 4k page, system-wide physical 16087M (526M free)
TotalPageFile size 32471M (AvailPageFile size 7M)
current process WorkingSet (physical memory assigned to process): 291M, peak: 291M
current process commit charge ("private bytes"): 388M, peak: 388M

vm_info: OpenJDK 64-Bit Server VM (21.0.11+10-LTS) for windows-amd64 JRE (21.0.11+10-LTS), built on 2026-04-21T00:00:00Z by "admin" with MS VC++ 17.12 (VS2022)

END.
