#
# There is insufficient memory for the Java Runtime Environment to continue.
# Native memory allocation (malloc) failed to allocate 130432 bytes. Error detail: Chunk::new
# Possible reasons:
#   The system is out of physical RAM or swap space
#   This process is running with CompressedOops enabled, and the Java Heap may be blocking the growth of the native heap
# Possible solutions:
#   Reduce memory load on the system
#   Increase physical memory or swap space
#   Check if swap backing store is full
#   Decrease Java heap size (-Xmx/-Xms)
#   Decrease number of Java threads
#   Decrease Java thread stack sizes (-Xss)
#   Set larger code cache with -XX:ReservedCodeCacheSize=
#   JVM is running with Unscaled Compressed Oops mode in which the Java heap is
#     placed in the first 4GB address space. The Java Heap base address is the
#     maximum limit for the native heap growth. Please use -XX:HeapBaseMinAddress
#     to set the Java Heap base and to place the Java Heap above 4GB virtual address.
# This output file may be truncated or incomplete.
#
#  Out of Memory Error (arena.cpp:168), pid=52088, tid=49432
#
# JRE version: OpenJDK Runtime Environment Temurin-21.0.11+10 (21.0.11+10) (build 21.0.11+10-LTS)
# Java VM: OpenJDK 64-Bit Server VM Temurin-21.0.11+10 (21.0.11+10-LTS, mixed mode, sharing, tiered, compressed oops, compressed class ptrs, parallel gc, windows-amd64)
# No core dump will be written. Minidumps are not enabled by default on client versions of Windows
#

---------------  S U M M A R Y ------------

Command Line: --add-modules=ALL-SYSTEM --add-opens=java.base/java.util=ALL-UNNAMED --add-opens=java.base/java.lang=ALL-UNNAMED --add-opens=java.base/sun.nio.fs=ALL-UNNAMED -Declipse.application=org.eclipse.jdt.ls.core.id1 -Dosgi.bundles.defaultStartLevel=4 -Declipse.product=org.eclipse.jdt.ls.core.product -Djava.import.generatesMetadataFilesAtProjectRoot=false -DDetectVMInstallationsJob.disabled=true -Dfile.encoding=utf8 -XX:+UseParallelGC -XX:GCTimeRatio=4 -XX:AdaptiveSizePolicyWeight=90 -Dsun.zip.disableMemoryMapping=true -Xmx2G -Xms100m -Xlog:disable -javaagent:c:\Users\PAULO ROBERTO\.vscode\extensions\redhat.java-1.55.0-win32-x64\lombok\lombok-1.18.39-4050.jar c:\Users\PAULO ROBERTO\.vscode\extensions\redhat.java-1.55.0-win32-x64\server\plugins\org.eclipse.equinox.launcher_1.7.200.v20260619-2039.jar -configuration c:\Users\PAULO ROBERTO\AppData\Roaming\Code\User\globalStorage\redhat.java\1.55.0\config_ss_win -data c:\Users\PAULO ROBERTO\AppData\Roaming\Code\User\workspaceStorage\af78278a2264e0da21869ec41e085d06\redhat.java\ss_ws --pipe=\\.\pipe\lsp-c6fef409e1e2cd4214ce5911e4cefe18-sock

Host: 13th Gen Intel(R) Core(TM) i5-13420H, 12 cores, 15G,  Windows 11 , 64 bit Build 26100 (10.0.26100.8972)
Time: Tue Aug 11 07:32:05 2026 Hora Padrão de Bogotá elapsed time: 10.887031 seconds (0d 0h 0m 10s)

---------------  T H R E A D  ---------------

Current thread (0x0000025c96369f80):  JavaThread "C2 CompilerThread0" daemon [_thread_in_native, id=49432, stack(0x000000c72d300000,0x000000c72d400000) (1024K)]


Current CompileTask:
C2:10887 1618       4       java.util.HashMap::putVal (300 bytes)

Stack: [0x000000c72d300000,0x000000c72d400000]
Native frames: (J=compiled Java code, j=interpreted, Vv=VM code, C=native code)
V  [jvm.dll+0x6d7e19]
V  [jvm.dll+0x8b5096]
V  [jvm.dll+0x8b764e]
V  [jvm.dll+0x8b7d33]
V  [jvm.dll+0x284596]
V  [jvm.dll+0xc685d]
V  [jvm.dll+0xc6da1]
V  [jvm.dll+0x3bed6b]
V  [jvm.dll+0x38b2b2]
V  [jvm.dll+0x38a6fa]
V  [jvm.dll+0x24c700]
V  [jvm.dll+0x24bce0]
V  [jvm.dll+0x1cb4ae]
V  [jvm.dll+0x25baad]
V  [jvm.dll+0x25a03a]
V  [jvm.dll+0x3f868e]
V  [jvm.dll+0x85fb0d]
V  [jvm.dll+0x6d664d]
C  [ucrtbase.dll+0x2cd30]
C  [KERNEL32.DLL+0x2ccb7]
C  [ntdll.dll+0xaad6c]


---------------  P R O C E S S  ---------------

Threads class SMR info:
_java_thread_list=0x0000025c97a83ac0, length=13, elements={
0x0000025c3d6049e0, 0x0000025c3d6a2fd0, 0x0000025c3d6a4eb0, 0x0000025c3d6a8860,
0x0000025c3d6ab2d0, 0x0000025c3d6ad3c0, 0x0000025c3d6b1550, 0x0000025c96369f80,
0x0000025c3d6bc000, 0x0000025c96579d50, 0x0000025c966be3a0, 0x0000025c978b0540,
0x0000025c9c098270
}

Java Threads: ( => current thread )
  0x0000025c3d6049e0 JavaThread "main"                              [_thread_in_Java, id=38488, stack(0x000000c72c900000,0x000000c72ca00000) (1024K)]
  0x0000025c3d6a2fd0 JavaThread "Reference Handler"          daemon [_thread_blocked, id=28144, stack(0x000000c72cd00000,0x000000c72ce00000) (1024K)]
  0x0000025c3d6a4eb0 JavaThread "Finalizer"                  daemon [_thread_blocked, id=30936, stack(0x000000c72ce00000,0x000000c72cf00000) (1024K)]
  0x0000025c3d6a8860 JavaThread "Signal Dispatcher"          daemon [_thread_blocked, id=11848, stack(0x000000c72cf00000,0x000000c72d000000) (1024K)]
  0x0000025c3d6ab2d0 JavaThread "Attach Listener"            daemon [_thread_blocked, id=53504, stack(0x000000c72d000000,0x000000c72d100000) (1024K)]
  0x0000025c3d6ad3c0 JavaThread "Service Thread"             daemon [_thread_blocked, id=43420, stack(0x000000c72d100000,0x000000c72d200000) (1024K)]
  0x0000025c3d6b1550 JavaThread "Monitor Deflation Thread"   daemon [_thread_blocked, id=40972, stack(0x000000c72d200000,0x000000c72d300000) (1024K)]
=>0x0000025c96369f80 JavaThread "C2 CompilerThread0"         daemon [_thread_in_native, id=49432, stack(0x000000c72d300000,0x000000c72d400000) (1024K)]
  0x0000025c3d6bc000 JavaThread "C1 CompilerThread0"         daemon [_thread_in_native, id=15428, stack(0x000000c72d400000,0x000000c72d500000) (1024K)]
  0x0000025c96579d50 JavaThread "Common-Cleaner"             daemon [_thread_blocked, id=42968, stack(0x000000c72d500000,0x000000c72d600000) (1024K)]
  0x0000025c966be3a0 JavaThread "Notification Thread"        daemon [_thread_blocked, id=11616, stack(0x000000c72d700000,0x000000c72d800000) (1024K)]
  0x0000025c978b0540 JavaThread "Active Thread: Equinox Container: 27f7225f-e9fe-4a54-96f2-9cb2401a1fcf"        [_thread_blocked, id=39804, stack(0x000000c72d800000,0x000000c72d900000) (1024K)]
  0x0000025c9c098270 JavaThread "C2 CompilerThread1"         daemon [_thread_in_native, id=46344, stack(0x000000c72d600000,0x000000c72d700000) (1024K)]
Total: 13

Other Threads:
  0x0000025c3d6a2c10 VMThread "VM Thread"                           [id=33856, stack(0x000000c72cc00000,0x000000c72cd00000) (1024K)]
  0x0000025c3d48ba00 WatcherThread "VM Periodic Task Thread"        [id=53692, stack(0x000000c72cb00000,0x000000c72cc00000) (1024K)]
  0x0000025c3d622fc0 WorkerThread "GC Thread#0"                     [id=37384, stack(0x000000c72ca00000,0x000000c72cb00000) (1024K)]
  0x0000025c9c078400 WorkerThread "GC Thread#1"                     [id=52852, stack(0x000000c72d900000,0x000000c72da00000) (1024K)]
  0x0000025c9797f340 WorkerThread "GC Thread#2"                     [id=25888, stack(0x000000c72da00000,0x000000c72db00000) (1024K)]
  0x0000025c97982790 WorkerThread "GC Thread#3"                     [id=7020, stack(0x000000c72db00000,0x000000c72dc00000) (1024K)]
  0x0000025c97982b40 WorkerThread "GC Thread#4"                     [id=5048, stack(0x000000c72dc00000,0x000000c72dd00000) (1024K)]
  0x0000025c97982ef0 WorkerThread "GC Thread#5"                     [id=5864, stack(0x000000c72dd00000,0x000000c72de00000) (1024K)]
  0x0000025c9c2008f0 WorkerThread "GC Thread#6"                     [id=54032, stack(0x000000c72de00000,0x000000c72df00000) (1024K)]
Total: 9

Threads with active compile tasks:
C2 CompilerThread0  10909 1618       4       java.util.HashMap::putVal (300 bytes)
C1 CompilerThread0  10909 1660       3       sun.security.util.CryptoAlgorithmConstraints::permits (30 bytes)
C2 CompilerThread1  10909 1629       4       java.util.HashMap::put (13 bytes)
Total: 3

VM state: not at safepoint (normal execution)

VM Mutex/Monitor currently owned by a thread: None

Heap address: 0x0000000080000000, size: 2048 MB, Compressed Oops mode: 32-bit

CDS archive(s) mapped at: [0x0000025c54000000-0x0000025c54ba0000-0x0000025c54ba0000), size 12189696, SharedBaseAddress: 0x0000025c54000000, ArchiveRelocationMode: 1.
Compressed class space mapped at: 0x0000025c55000000-0x0000025c95000000, reserved size: 1073741824
Narrow klass base: 0x0000025c54000000, Narrow klass shift: 0, Narrow klass range: 0x100000000

GC Precious Log:
 CardTable entry size: 512
 CPUs: 12 total, 12 available
 Memory: 16087M
 Large Page Support: Disabled
 NUMA Support: Disabled
 Compressed Oops: Enabled (32-bit)
 Alignments: Space 512K, Generation 512K, Heap 2M
 Heap Min Capacity: 100M
 Heap Initial Capacity: 100M
 Heap Max Capacity: 2G
 Pre-touch: Disabled
 Parallel Workers: 10

Heap:
 PSYoungGen      total 29696K, used 24876K [0x00000000d5580000, 0x00000000d7680000, 0x0000000100000000)
  eden space 25600K, 84% used [0x00000000d5580000,0x00000000d6a95320,0x00000000d6e80000)
  from space 4096K, 80% used [0x00000000d6e80000,0x00000000d71b5ea8,0x00000000d7280000)
  to   space 4096K, 0% used [0x00000000d7280000,0x00000000d7280000,0x00000000d7680000)
 ParOldGen       total 68608K, used 16K [0x0000000080000000, 0x0000000084300000, 0x00000000d5580000)
  object space 68608K, 0% used [0x0000000080000000,0x0000000080004000,0x0000000084300000)
 Metaspace       used 7709K, committed 8064K, reserved 1114112K
  class space    used 808K, committed 960K, reserved 1048576K

Card table byte_map: [0x0000025c3cfa0000,0x0000025c3d3b0000] _byte_map_base: 0x0000025c3cba0000

Marking Bits: (ParMarkBitMap*) 0x00007fff90a14460
 Begin Bits: [0x0000025c4fab0000, 0x0000025c51ab0000)
 End Bits:   [0x0000025c51ab0000, 0x0000025c53ab0000)

Polling page: 0x0000025c3b420000

Metaspace:

Usage:
  Non-class:      6.74 MB used.
      Class:    808.31 KB used.
       Both:      7.53 MB used.

Virtual space:
  Non-class space:       64.00 MB reserved,       6.94 MB ( 11%) committed,  1 nodes.
      Class space:        1.00 GB reserved,     960.00 KB ( <1%) committed,  1 nodes.
             Both:        1.06 GB reserved,       7.88 MB ( <1%) committed. 

Chunk freelists:
   Non-Class:  8.98 MB
       Class:  14.92 MB
        Both:  23.91 MB

MaxMetaspaceSize: unlimited
CompressedClassSpaceSize: 1.00 GB
Initial GC threshold: 21.00 MB
Current GC threshold: 21.00 MB
CDS: on
 - commit_granule_bytes: 65536.
 - commit_granule_words: 8192.
 - virtual_space_node_default_size: 8388608.
 - enlarge_chunks_in_place: 1.
 - use_allocation_guard: 0.


Internal statistics:

num_allocs_failed_limit: 0.
num_arena_births: 228.
num_arena_deaths: 0.
num_vsnodes_births: 2.
num_vsnodes_deaths: 0.
num_space_committed: 126.
num_space_uncommitted: 0.
num_chunks_returned_to_freelist: 0.
num_chunks_taken_from_freelist: 417.
num_chunk_merges: 0.
num_chunk_splits: 264.
num_chunks_enlarged: 171.
num_inconsistent_stats: 0.

CodeHeap 'non-profiled nmethods': size=120000Kb used=678Kb max_used=678Kb free=119321Kb
 bounds [0x0000025c482d0000, 0x0000025c48540000, 0x0000025c4f800000]
CodeHeap 'profiled nmethods': size=120000Kb used=2936Kb max_used=2936Kb free=117063Kb
 bounds [0x0000025c40800000, 0x0000025c40ae0000, 0x0000025c47d30000]
CodeHeap 'non-nmethods': size=5760Kb used=1211Kb max_used=1235Kb free=4548Kb
 bounds [0x0000025c47d30000, 0x0000025c47fa0000, 0x0000025c482d0000]
CodeCache: size=245760Kb, used=4825Kb, max_used=4849Kb, free=240932Kb
 total_blobs=2130, nmethods=1652, adapters=385, full_count=0
Compilation: enabled, stopped_count=0, restarted_count=0

Compilation events (20 events):
Event: 8.835 Thread 0x0000025c3d6bc000 nmethod 1617 0x0000025c40ac5a10 code [0x0000025c40ac5da0, 0x0000025c40ac73c0]
Event: 8.843 Thread 0x0000025c3d6bc000 1619       3       java.lang.invoke.MethodHandleNatives::refKindIsMethod (19 bytes)
Event: 8.844 Thread 0x0000025c3d6bc000 nmethod 1619 0x0000025c40ac7d10 code [0x0000025c40ac7ec0, 0x0000025c40ac80e8]
Event: 8.844 Thread 0x0000025c3d6bc000 1620       3       java.lang.invoke.MethodHandle::isBuiltinLoader (24 bytes)
Event: 8.845 Thread 0x0000025c3d6bc000 nmethod 1620 0x0000025c40ac8190 code [0x0000025c40ac8340, 0x0000025c40ac85a8]
Event: 8.846 Thread 0x0000025c3d6bc000 1621   !   3       java.io.WinNTFileSystem::isInvalid (78 bytes)
Event: 8.846 Thread 0x0000025c3d6bc000 nmethod 1621 0x0000025c40ac8690 code [0x0000025c40ac8860, 0x0000025c40ac8ab0]
Event: 8.853 Thread 0x0000025c96369f80 nmethod 1614 0x0000025c48376a10 code [0x0000025c48376c40, 0x0000025c483776e8]
Event: 8.853 Thread 0x0000025c96369f80 1618       4       java.util.HashMap::putVal (300 bytes)
Event: 8.854 Thread 0x0000025c3d6bc000 1622       3       java.security.Provider$Service::getDefaultConstructor (84 bytes)
Event: 8.856 Thread 0x0000025c3d6bc000 nmethod 1622 0x0000025c40ac8c10 code [0x0000025c40ac8e60, 0x0000025c40ac9b20]
Event: 8.860 Thread 0x0000025c3d6bc000 1623       3       java.util.jar.JarFile::verifiableEntry (55 bytes)
Event: 8.860 Thread 0x0000025c3d6bc000 nmethod 1623 0x0000025c40ac9e10 code [0x0000025c40aca040, 0x0000025c40acaa30]
Event: 8.860 Thread 0x0000025c3d6bc000 1624       3       java.util.jar.JarVerifier$VerifierStream::<init> (80 bytes)
Event: 8.861 Thread 0x0000025c3d6bc000 nmethod 1624 0x0000025c40acac10 code [0x0000025c40acae20, 0x0000025c40acb3f0]
Event: 8.865 Thread 0x0000025c3d6bc000 1625       3       java.lang.invoke.MethodHandles$Lookup::isClassAccessible (53 bytes)
Event: 8.866 Thread 0x0000025c3d6bc000 nmethod 1625 0x0000025c40acb690 code [0x0000025c40acb8a0, 0x0000025c40acbe40]
Event: 8.866 Thread 0x0000025c3d6bc000 1626       3       java.lang.invoke.MethodHandleNatives::isCallerSensitive (29 bytes)
Event: 8.867 Thread 0x0000025c3d6bc000 nmethod 1626 0x0000025c40acc090 code [0x0000025c40acc280, 0x0000025c40acc6a8]
Event: 8.870 Thread 0x0000025c3d6bc000 1627       3       sun.security.jca.GetInstance::checkSuperClass (68 bytes)

GC Heap History (2 events):
Event: 1.780 GC heap before
{Heap before GC invocations=1 (full 0):
 PSYoungGen      total 29696K, used 25600K [0x00000000d5580000, 0x00000000d7680000, 0x0000000100000000)
  eden space 25600K, 100% used [0x00000000d5580000,0x00000000d6e80000,0x00000000d6e80000)
  from space 4096K, 0% used [0x00000000d7280000,0x00000000d7280000,0x00000000d7680000)
  to   space 4096K, 0% used [0x00000000d6e80000,0x00000000d6e80000,0x00000000d7280000)
 ParOldGen       total 68608K, used 0K [0x0000000080000000, 0x0000000084300000, 0x00000000d5580000)
  object space 68608K, 0% used [0x0000000080000000,0x0000000080000000,0x0000000084300000)
 Metaspace       used 4325K, committed 4608K, reserved 1114112K
  class space    used 473K, committed 576K, reserved 1048576K
}
Event: 1.785 GC heap after
{Heap after GC invocations=1 (full 0):
 PSYoungGen      total 29696K, used 3287K [0x00000000d5580000, 0x00000000d7680000, 0x0000000100000000)
  eden space 25600K, 0% used [0x00000000d5580000,0x00000000d5580000,0x00000000d6e80000)
  from space 4096K, 80% used [0x00000000d6e80000,0x00000000d71b5ea8,0x00000000d7280000)
  to   space 4096K, 0% used [0x00000000d7280000,0x00000000d7280000,0x00000000d7680000)
 ParOldGen       total 68608K, used 16K [0x0000000080000000, 0x0000000084300000, 0x00000000d5580000)
  object space 68608K, 0% used [0x0000000080000000,0x0000000080004000,0x0000000084300000)
 Metaspace       used 4325K, committed 4608K, reserved 1114112K
  class space    used 473K, committed 576K, reserved 1048576K
}

Dll operation events (8 events):
Event: 0.014 Loaded shared library c:\Users\PAULO ROBERTO\.vscode\extensions\redhat.java-1.55.0-win32-x64\jre\21.0.11-win32-x86_64\bin\java.dll
Event: 0.103 Loaded shared library c:\Users\PAULO ROBERTO\.vscode\extensions\redhat.java-1.55.0-win32-x64\jre\21.0.11-win32-x86_64\bin\zip.dll
Event: 0.124 Loaded shared library C:\Users\PAULO ROBERTO\.vscode\extensions\redhat.java-1.55.0-win32-x64\jre\21.0.11-win32-x86_64\bin\instrument.dll
Event: 0.130 Loaded shared library C:\Users\PAULO ROBERTO\.vscode\extensions\redhat.java-1.55.0-win32-x64\jre\21.0.11-win32-x86_64\bin\net.dll
Event: 0.133 Loaded shared library C:\Users\PAULO ROBERTO\.vscode\extensions\redhat.java-1.55.0-win32-x64\jre\21.0.11-win32-x86_64\bin\nio.dll
Event: 0.135 Loaded shared library C:\Users\PAULO ROBERTO\.vscode\extensions\redhat.java-1.55.0-win32-x64\jre\21.0.11-win32-x86_64\bin\zip.dll
Event: 0.155 Loaded shared library C:\Users\PAULO ROBERTO\.vscode\extensions\redhat.java-1.55.0-win32-x64\jre\21.0.11-win32-x86_64\bin\jimage.dll
Event: 0.226 Loaded shared library c:\Users\PAULO ROBERTO\.vscode\extensions\redhat.java-1.55.0-win32-x64\jre\21.0.11-win32-x86_64\bin\verify.dll

Deoptimization events (20 events):
Event: 4.746 Thread 0x0000025c3d6049e0 Uncommon trap: trap_request=0xffffffde fr.pc=0x0000025c48364878 relative=0x0000000000000938
Event: 4.746 Thread 0x0000025c3d6049e0 Uncommon trap: reason=class_check action=maybe_recompile pc=0x0000025c48364878 method=java.util.HashMap.putVal(ILjava/lang/Object;Ljava/lang/Object;ZZ)Ljava/lang/Object; @ 253 c2
Event: 4.746 Thread 0x0000025c3d6049e0 DEOPT PACKING pc=0x0000025c48364878 sp=0x000000c72c9fe210
Event: 4.746 Thread 0x0000025c3d6049e0 DEOPT UNPACKING pc=0x0000025c47d83aa2 sp=0x000000c72c9fe138 mode 2
Event: 4.748 Thread 0x0000025c3d6049e0 Uncommon trap: trap_request=0xffffffde fr.pc=0x0000025c48364878 relative=0x0000000000000938
Event: 4.748 Thread 0x0000025c3d6049e0 Uncommon trap: reason=class_check action=maybe_recompile pc=0x0000025c48364878 method=java.util.HashMap.putVal(ILjava/lang/Object;Ljava/lang/Object;ZZ)Ljava/lang/Object; @ 253 c2
Event: 4.748 Thread 0x0000025c3d6049e0 DEOPT PACKING pc=0x0000025c48364878 sp=0x000000c72c9fe210
Event: 4.748 Thread 0x0000025c3d6049e0 DEOPT UNPACKING pc=0x0000025c47d83aa2 sp=0x000000c72c9fe138 mode 2
Event: 4.749 Thread 0x0000025c3d6049e0 Uncommon trap: trap_request=0xffffffde fr.pc=0x0000025c48364878 relative=0x0000000000000938
Event: 4.749 Thread 0x0000025c3d6049e0 Uncommon trap: reason=class_check action=maybe_recompile pc=0x0000025c48364878 method=java.util.HashMap.putVal(ILjava/lang/Object;Ljava/lang/Object;ZZ)Ljava/lang/Object; @ 253 c2
Event: 4.749 Thread 0x0000025c3d6049e0 DEOPT PACKING pc=0x0000025c48364878 sp=0x000000c72c9fe110
Event: 4.749 Thread 0x0000025c3d6049e0 DEOPT UNPACKING pc=0x0000025c47d83aa2 sp=0x000000c72c9fe038 mode 2
Event: 7.823 Thread 0x0000025c3d6049e0 Uncommon trap: trap_request=0xffffffde fr.pc=0x0000025c48364878 relative=0x0000000000000938
Event: 8.825 Thread 0x0000025c3d6049e0 Uncommon trap: reason=class_check action=maybe_recompile pc=0x0000025c48364878 method=java.util.HashMap.putVal(ILjava/lang/Object;Ljava/lang/Object;ZZ)Ljava/lang/Object; @ 253 c2
Event: 8.825 Thread 0x0000025c3d6049e0 DEOPT PACKING pc=0x0000025c48364878 sp=0x000000c72c9fe180
Event: 8.825 Thread 0x0000025c3d6049e0 DEOPT UNPACKING pc=0x0000025c47d83aa2 sp=0x000000c72c9fe0a8 mode 2
Event: 8.826 Thread 0x0000025c3d6049e0 Uncommon trap: trap_request=0xffffffde fr.pc=0x0000025c482df928 relative=0x00000000000004e8
Event: 8.826 Thread 0x0000025c3d6049e0 Uncommon trap: reason=class_check action=maybe_recompile pc=0x0000025c482df928 method=java.util.HashMap.putVal(ILjava/lang/Object;Ljava/lang/Object;ZZ)Ljava/lang/Object; @ 253 c2
Event: 8.826 Thread 0x0000025c3d6049e0 DEOPT PACKING pc=0x0000025c482df928 sp=0x000000c72c9fe0e0
Event: 8.826 Thread 0x0000025c3d6049e0 DEOPT UNPACKING pc=0x0000025c47d83aa2 sp=0x000000c72c9fe0a0 mode 2

Classes loaded (20 events):
Event: 4.730 Loading class java/util/ArrayList$ListItr
Event: 4.730 Loading class java/util/ArrayList$ListItr done
Event: 4.733 Loading class java/net/ContentHandlerFactory
Event: 4.733 Loading class java/net/ContentHandlerFactory done
Event: 4.747 Loading class java/util/ConcurrentModificationException
Event: 4.747 Loading class java/util/ConcurrentModificationException done
Event: 7.811 Loading class java/util/LinkedList
Event: 7.811 Loading class java/util/AbstractSequentialList
Event: 7.811 Loading class java/util/AbstractSequentialList done
Event: 7.812 Loading class java/util/LinkedList done
Event: 8.833 Loading class java/net/ContentHandler
Event: 8.833 Loading class java/net/ContentHandler done
Event: 8.837 Loading class java/net/UrlDeserializedState
Event: 8.837 Loading class java/net/UrlDeserializedState done
Event: 8.837 Loading class java/lang/reflect/InaccessibleObjectException
Event: 8.838 Loading class java/lang/reflect/InaccessibleObjectException done
Event: 8.844 Loading class sun/awt/www/content/MultimediaContentHandlers
Event: 8.845 Loading class sun/awt/www/content/MultimediaContentHandlers done
Event: 8.847 Loading class java/lang/StackWalker$Option
Event: 8.847 Loading class java/lang/StackWalker$Option done

Classes unloaded (0 events):
No events

Classes redefined (0 events):
No events

Internal exceptions (20 events):
Event: 1.581 Thread 0x0000025c3d6049e0 Exception <a 'java/lang/NoSuchMethodError'{0x00000000d6620240}: 'java.lang.Object java.lang.invoke.DirectMethodHandle$Holder.invokeInterface(java.lang.Object, java.lang.Object, int)'> (0x00000000d6620240) 
thrown [s\src\hotspot\share\interpreter\linkResolver.cpp, line 773]
Event: 1.736 Thread 0x0000025c3d6049e0 Exception <a 'java/lang/NoSuchMethodError'{0x00000000d6a8fd28}: 'java.lang.ClassLoader java.lang.ClassLoader.getPlatformClassLoader(java.lang.Class)'> (0x00000000d6a8fd28) 
thrown [s\src\hotspot\share\interpreter\linkResolver.cpp, line 773]
Event: 2.805 Thread 0x0000025c3d6049e0 Exception <a 'java/lang/ClassNotFoundException'{0x00000000d55ab958}: sun/net/www/protocol/c/Handler> (0x00000000d55ab958) 
thrown [s\src\hotspot\share\classfile\systemDictionary.cpp, line 313]
Event: 2.806 Thread 0x0000025c3d6049e0 Exception <a 'java/lang/ClassNotFoundException'{0x00000000d55accf0}: sun/net/www/protocol/c/Handler> (0x00000000d55accf0) 
thrown [s\src\hotspot\share\classfile\systemDictionary.cpp, line 313]
Event: 2.807 Thread 0x0000025c3d6049e0 Exception <a 'java/lang/ClassNotFoundException'{0x00000000d55ade88}: sun/net/www/protocol/c/Handler> (0x00000000d55ade88) 
thrown [s\src\hotspot\share\classfile\systemDictionary.cpp, line 313]
Event: 2.828 Thread 0x0000025c3d6049e0 Exception <a 'java/io/FileNotFoundException'{0x00000000d55d6950}> (0x00000000d55d6950) 
thrown [s\src\hotspot\share\prims\jni.cpp, line 520]
Event: 2.917 Thread 0x0000025c3d6049e0 Implicit null exception at 0x0000025c4832a829 to 0x0000025c4832b09c
Event: 2.917 Thread 0x0000025c3d6049e0 Implicit null exception at 0x0000025c4832f81a to 0x0000025c4832fa24
Event: 2.917 Thread 0x0000025c3d6049e0 Exception <a 'java/lang/NoSuchMethodError'{0x00000000d5749b88}: 'void java.lang.invoke.DirectMethodHandle$Holder.invokeStatic(java.lang.Object, java.lang.Object, java.lang.Object, java.lang.Object)'> (0x00000000d5749b88) 
thrown [s\src\hotspot\share\interpreter\linkResolver.cpp, line 773]
Event: 2.920 Thread 0x0000025c3d6049e0 Implicit null exception at 0x0000025c4833259a to 0x0000025c483327a0
Event: 2.920 Thread 0x0000025c3d6049e0 Implicit null exception at 0x0000025c48327a3d to 0x0000025c48327ac1
Event: 4.392 Thread 0x0000025c3d6049e0 Exception <a 'java/lang/NoSuchMethodError'{0x00000000d59cbac8}: 'void java.lang.invoke.DirectMethodHandle$Holder.invokeSpecial(java.lang.Object, java.lang.Object, java.lang.Object)'> (0x00000000d59cbac8) 
thrown [s\src\hotspot\share\interpreter\linkResolver.cpp, line 773]
Event: 4.643 Thread 0x0000025c3d6049e0 Exception <a 'java/lang/NoSuchMethodError'{0x00000000d62df3d0}: 'int java.lang.invoke.DirectMethodHandle$Holder.invokeVirtual(java.lang.Object, java.lang.Object)'> (0x00000000d62df3d0) 
thrown [s\src\hotspot\share\interpreter\linkResolver.cpp, line 773]
Event: 4.686 Thread 0x0000025c3d6049e0 Exception <a 'java/lang/NoSuchMethodError'{0x00000000d6456ca0}: 'int java.lang.invoke.DirectMethodHandle$Holder.invokeStaticInit(java.lang.Object, java.lang.Object, java.lang.Object, java.lang.Object)'> (0x00000000d6456ca0) 
thrown [s\src\hotspot\share\interpreter\linkResolver.cpp, line 773]
Event: 4.687 Thread 0x0000025c3d6049e0 Exception <a 'java/lang/IncompatibleClassChangeError'{0x00000000d645f388}: Found class java.lang.Object, but interface was expected> (0x00000000d645f388) 
thrown [s\src\hotspot\share\interpreter\linkResolver.cpp, line 840]
Event: 4.687 Thread 0x0000025c3d6049e0 Exception <a 'java/lang/NoSuchMethodError'{0x00000000d6465958}: 'void java.lang.invoke.DirectMethodHandle$Holder.invokeStaticInit(java.lang.Object, java.lang.Object)'> (0x00000000d6465958) 
thrown [s\src\hotspot\share\interpreter\linkResolver.cpp, line 773]
Event: 4.689 Thread 0x0000025c3d6049e0 Exception <a 'java/lang/NoSuchMethodError'{0x00000000d646eb30}: 'int java.lang.invoke.DirectMethodHandle$Holder.invokeStaticInit(java.lang.Object, java.lang.Object)'> (0x00000000d646eb30) 
thrown [s\src\hotspot\share\interpreter\linkResolver.cpp, line 773]
Event: 4.739 Thread 0x0000025c3d6049e0 Exception <a 'java/lang/NoSuchMethodError'{0x00000000d66baa20}: 'java.lang.Object java.lang.invoke.DirectMethodHandle$Holder.newInvokeSpecial(java.lang.Object, int, java.lang.Object)'> (0x00000000d66baa20) 
thrown [s\src\hotspot\share\interpreter\linkResolver.cpp, line 773]
Event: 8.852 Thread 0x0000025c3d6049e0 Exception <a 'java/lang/ClassNotFoundException'{0x00000000d68ddd30}: sun/net/www/protocol/plurl/Handler> (0x00000000d68ddd30) 
thrown [s\src\hotspot\share\classfile\systemDictionary.cpp, line 313]
Event: 8.852 Thread 0x0000025c3d6049e0 Exception <a 'java/lang/ClassNotFoundException'{0x00000000d68debb0}: sun/net/www/protocol/plurl/Handler> (0x00000000d68debb0) 
thrown [s\src\hotspot\share\classfile\systemDictionary.cpp, line 313]

ZGC Phase Switch (0 events):
No events

VM Operations (20 events):
Event: 0.478 Executing non-safepoint VM operation: HandshakeAllThreads (Deoptimize)
Event: 0.478 Executing non-safepoint VM operation: HandshakeAllThreads (Deoptimize) done
Event: 1.492 Executing safepoint VM operation: Cleanup
Event: 1.492 Executing safepoint VM operation: Cleanup done
Event: 1.780 Executing safepoint VM operation: ParallelGCFailedAllocation (Allocation Failure)
Event: 1.786 Executing safepoint VM operation: ParallelGCFailedAllocation (Allocation Failure) done
Event: 2.795 Executing safepoint VM operation: Cleanup
Event: 2.795 Executing safepoint VM operation: Cleanup done
Event: 3.803 Executing safepoint VM operation: Cleanup
Event: 3.803 Executing safepoint VM operation: Cleanup done
Event: 4.721 Executing non-safepoint VM operation: HandshakeAllThreads (Deoptimize)
Event: 4.721 Executing non-safepoint VM operation: HandshakeAllThreads (Deoptimize) done
Event: 4.731 Executing non-safepoint VM operation: HandshakeAllThreads (Deoptimize)
Event: 4.731 Executing non-safepoint VM operation: HandshakeAllThreads (Deoptimize) done
Event: 5.745 Executing safepoint VM operation: Cleanup
Event: 5.776 Executing safepoint VM operation: Cleanup done
Event: 7.812 Executing non-safepoint VM operation: HandshakeAllThreads (Deoptimize)
Event: 7.812 Executing non-safepoint VM operation: HandshakeAllThreads (Deoptimize) done
Event: 8.840 Executing non-safepoint VM operation: HandshakeAllThreads (Deoptimize)
Event: 8.840 Executing non-safepoint VM operation: HandshakeAllThreads (Deoptimize) done

Memory protections (0 events):
No events

Nmethod flushes (0 events):
No events

Events (18 events):
Event: 0.038 Thread 0x0000025c3d6049e0 Thread added: 0x0000025c3d6049e0
Event: 0.058 Thread 0x0000025c3d6049e0 Thread added: 0x0000025c3d6a2fd0
Event: 0.058 Thread 0x0000025c3d6049e0 Thread added: 0x0000025c3d6a4eb0
Event: 0.058 Thread 0x0000025c3d6049e0 Thread added: 0x0000025c3d6a8860
Event: 0.058 Thread 0x0000025c3d6049e0 Thread added: 0x0000025c3d6ab2d0
Event: 0.058 Thread 0x0000025c3d6049e0 Thread added: 0x0000025c3d6ad3c0
Event: 0.058 Thread 0x0000025c3d6049e0 Thread added: 0x0000025c3d6b1550
Event: 0.059 Thread 0x0000025c3d6049e0 Thread added: 0x0000025c96369f80
Event: 0.059 Thread 0x0000025c3d6049e0 Thread added: 0x0000025c3d6bc000
Event: 0.126 Thread 0x0000025c3d6049e0 Thread added: 0x0000025c96579d50
Event: 0.221 Thread 0x0000025c96369f80 Thread added: 0x0000025c966ce580
Event: 0.335 Thread 0x0000025c3d6049e0 Thread added: 0x0000025c966be3a0
Event: 1.562 Thread 0x0000025c3d6bc000 Thread added: 0x0000025c97439e70
Event: 2.806 Thread 0x0000025c97439e70 Thread exited: 0x0000025c97439e70
Event: 3.327 Thread 0x0000025c966ce580 Thread exited: 0x0000025c966ce580
Event: 4.473 Thread 0x0000025c3d6bc000 Thread added: 0x0000025c97540610
Event: 4.704 Thread 0x0000025c3d6049e0 Thread added: 0x0000025c978b0540
Event: 7.801 Thread 0x0000025c97540610 Thread exited: 0x0000025c97540610


Dynamic libraries:
0x00007ff6b9340000 - 0x00007ff6b934e000 	c:\Users\PAULO ROBERTO\.vscode\extensions\redhat.java-1.55.0-win32-x64\jre\21.0.11-win32-x86_64\bin\java.exe
0x00007ff86cac0000 - 0x00007ff86cd26000 	C:\WINDOWS\SYSTEM32\ntdll.dll
0x00007ff86b8d0000 - 0x00007ff86b999000 	C:\WINDOWS\System32\KERNEL32.DLL
0x00007ff86a0e0000 - 0x00007ff86a4df000 	C:\WINDOWS\System32\KERNELBASE.dll
0x00007ff86a5a0000 - 0x00007ff86a6ec000 	C:\WINDOWS\System32\ucrtbase.dll
0x00007ff85c1e0000 - 0x00007ff85c1fe000 	c:\Users\PAULO ROBERTO\.vscode\extensions\redhat.java-1.55.0-win32-x64\jre\21.0.11-win32-x86_64\bin\VCRUNTIME140.dll
0x00007ff85bf60000 - 0x00007ff85bf78000 	c:\Users\PAULO ROBERTO\.vscode\extensions\redhat.java-1.55.0-win32-x64\jre\21.0.11-win32-x86_64\bin\jli.dll
0x00007ff86b0d0000 - 0x00007ff86b296000 	C:\WINDOWS\System32\USER32.dll
0x00007ff86a700000 - 0x00007ff86a727000 	C:\WINDOWS\System32\win32u.dll
0x00007ff849300000 - 0x00007ff849591000 	C:\WINDOWS\WinSxS\amd64_microsoft.windows.common-controls_6595b64144ccf1df_6.0.26100.8972_none_3e0da176e32f9d4b\COMCTL32.dll
0x00007ff86c8b0000 - 0x00007ff86c959000 	C:\WINDOWS\System32\msvcrt.dll
0x00007ff86a7f0000 - 0x00007ff86a81b000 	C:\WINDOWS\System32\GDI32.dll
0x00007ff869e20000 - 0x00007ff869f49000 	C:\WINDOWS\System32\gdi32full.dll
0x00007ff86a4f0000 - 0x00007ff86a593000 	C:\WINDOWS\System32\msvcp_win.dll
0x00007ff86add0000 - 0x00007ff86ae02000 	C:\WINDOWS\System32\IMM32.DLL
0x00007ff85ed60000 - 0x00007ff85ed6c000 	c:\Users\PAULO ROBERTO\.vscode\extensions\redhat.java-1.55.0-win32-x64\jre\21.0.11-win32-x86_64\bin\vcruntime140_1.dll
0x00007ff84eb70000 - 0x00007ff84ebfd000 	c:\Users\PAULO ROBERTO\.vscode\extensions\redhat.java-1.55.0-win32-x64\jre\21.0.11-win32-x86_64\bin\msvcp140.dll
0x00007fff8fd50000 - 0x00007fff90af2000 	c:\Users\PAULO ROBERTO\.vscode\extensions\redhat.java-1.55.0-win32-x64\jre\21.0.11-win32-x86_64\bin\server\jvm.dll
0x00007ff86c7e0000 - 0x00007ff86c89c000 	C:\WINDOWS\System32\ADVAPI32.dll
0x00007ff86bd80000 - 0x00007ff86be29000 	C:\WINDOWS\System32\sechost.dll
0x00007ff86c6c0000 - 0x00007ff86c7d8000 	C:\WINDOWS\System32\RPCRT4.dll
0x00007ff86b3b0000 - 0x00007ff86b432000 	C:\WINDOWS\System32\WS2_32.dll
0x00007ff868f10000 - 0x00007ff868f6e000 	C:\WINDOWS\SYSTEM32\POWRPROF.dll
0x00007ff859f00000 - 0x00007ff859f0b000 	C:\WINDOWS\SYSTEM32\VERSION.dll
0x00007ff8558a0000 - 0x00007ff8558d6000 	C:\WINDOWS\SYSTEM32\WINMM.dll
0x00007ff868da0000 - 0x00007ff868db5000 	C:\WINDOWS\SYSTEM32\UMPDC.dll
0x00007ff868980000 - 0x00007ff86899b000 	C:\WINDOWS\SYSTEM32\kernel.appcore.dll
0x00007ff85ea30000 - 0x00007ff85ea3a000 	c:\Users\PAULO ROBERTO\.vscode\extensions\redhat.java-1.55.0-win32-x64\jre\21.0.11-win32-x86_64\bin\jimage.dll
0x00007ff8671c0000 - 0x00007ff867402000 	C:\WINDOWS\SYSTEM32\DBGHELP.DLL
0x00007ff86a820000 - 0x00007ff86aba5000 	C:\WINDOWS\System32\combase.dll
0x00007ff86c5e0000 - 0x00007ff86c6b9000 	C:\WINDOWS\System32\OLEAUT32.dll
0x00007ff856850000 - 0x00007ff85688b000 	C:\WINDOWS\SYSTEM32\dbgcore.DLL
0x00007ff86a730000 - 0x00007ff86a7dc000 	C:\WINDOWS\System32\bcryptPrimitives.dll
0x00007ff85cdd0000 - 0x00007ff85cddf000 	c:\Users\PAULO ROBERTO\.vscode\extensions\redhat.java-1.55.0-win32-x64\jre\21.0.11-win32-x86_64\bin\instrument.dll
0x00007ff85bde0000 - 0x00007ff85be00000 	c:\Users\PAULO ROBERTO\.vscode\extensions\redhat.java-1.55.0-win32-x64\jre\21.0.11-win32-x86_64\bin\java.dll
0x00007ff86be50000 - 0x00007ff86c5d8000 	C:\WINDOWS\System32\SHELL32.dll
0x00007ff867760000 - 0x00007ff867ffb000 	C:\WINDOWS\SYSTEM32\windows.storage.dll
0x00007ff86bc80000 - 0x00007ff86bd79000 	C:\WINDOWS\System32\SHCORE.dll
0x00007ff86ad60000 - 0x00007ff86adc6000 	C:\WINDOWS\System32\shlwapi.dll
0x00007ff869bf0000 - 0x00007ff869c19000 	C:\WINDOWS\SYSTEM32\profapi.dll
0x00007ff85bca0000 - 0x00007ff85bcb8000 	c:\Users\PAULO ROBERTO\.vscode\extensions\redhat.java-1.55.0-win32-x64\jre\21.0.11-win32-x86_64\bin\zip.dll
0x00007ff85e9b0000 - 0x00007ff85e9c0000 	C:\Users\PAULO ROBERTO\.vscode\extensions\redhat.java-1.55.0-win32-x64\jre\21.0.11-win32-x86_64\bin\net.dll
0x00007ff858a80000 - 0x00007ff858ba7000 	C:\WINDOWS\SYSTEM32\WINHTTP.dll
0x00007ff869030000 - 0x00007ff86909c000 	C:\WINDOWS\system32\mswsock.dll
0x00007ff85b7d0000 - 0x00007ff85b7e6000 	C:\Users\PAULO ROBERTO\.vscode\extensions\redhat.java-1.55.0-win32-x64\jre\21.0.11-win32-x86_64\bin\nio.dll
0x00007ff85c270000 - 0x00007ff85c280000 	c:\Users\PAULO ROBERTO\.vscode\extensions\redhat.java-1.55.0-win32-x64\jre\21.0.11-win32-x86_64\bin\verify.dll

JVMTI agents:
c:\Users\PAULO ROBERTO\.vscode\extensions\redhat.java-1.55.0-win32-x64\lombok\lombok-1.18.39-4050.jar path:c:\Users\PAULO ROBERTO\.vscode\extensions\redhat.java-1.55.0-win32-x64\jre\21.0.11-win32-x86_64\bin\instrument.dll, loaded, initialized, instrumentlib options:none

dbghelp: loaded successfully - version: 4.0.5 - missing functions: none
symbol engine: initialized successfully - sym options: 0x614 - pdb path: .;c:\Users\PAULO ROBERTO\.vscode\extensions\redhat.java-1.55.0-win32-x64\jre\21.0.11-win32-x86_64\bin;C:\WINDOWS\SYSTEM32;C:\WINDOWS\WinSxS\amd64_microsoft.windows.common-controls_6595b64144ccf1df_6.0.26100.8972_none_3e0da176e32f9d4b;c:\Users\PAULO ROBERTO\.vscode\extensions\redhat.java-1.55.0-win32-x64\jre\21.0.11-win32-x86_64\bin\server

VM Arguments:
jvm_args: --add-modules=ALL-SYSTEM --add-opens=java.base/java.util=ALL-UNNAMED --add-opens=java.base/java.lang=ALL-UNNAMED --add-opens=java.base/sun.nio.fs=ALL-UNNAMED -Declipse.application=org.eclipse.jdt.ls.core.id1 -Dosgi.bundles.defaultStartLevel=4 -Declipse.product=org.eclipse.jdt.ls.core.product -Djava.import.generatesMetadataFilesAtProjectRoot=false -DDetectVMInstallationsJob.disabled=true -Dfile.encoding=utf8 -XX:+UseParallelGC -XX:GCTimeRatio=4 -XX:AdaptiveSizePolicyWeight=90 -Dsun.zip.disableMemoryMapping=true -Xmx2G -Xms100m -Xlog:disable -javaagent:c:\Users\PAULO ROBERTO\.vscode\extensions\redhat.java-1.55.0-win32-x64\lombok\lombok-1.18.39-4050.jar 
java_command: c:\Users\PAULO ROBERTO\.vscode\extensions\redhat.java-1.55.0-win32-x64\server\plugins\org.eclipse.equinox.launcher_1.7.200.v20260619-2039.jar -configuration c:\Users\PAULO ROBERTO\AppData\Roaming\Code\User\globalStorage\redhat.java\1.55.0\config_ss_win -data c:\Users\PAULO ROBERTO\AppData\Roaming\Code\User\workspaceStorage\af78278a2264e0da21869ec41e085d06\redhat.java\ss_ws --pipe=\\.\pipe\lsp-c6fef409e1e2cd4214ce5911e4cefe18-sock
java_class_path (initial): c:\Users\PAULO ROBERTO\.vscode\extensions\redhat.java-1.55.0-win32-x64\server\plugins\org.eclipse.equinox.launcher_1.7.200.v20260619-2039.jar
Launcher Type: SUN_STANDARD

[Global flags]
    uintx AdaptiveSizePolicyWeight                 = 90                                        {product} {command line}
     intx CICompilerCount                          = 4                                         {product} {ergonomic}
    uintx GCTimeRatio                              = 4                                         {product} {command line}
   size_t InitialHeapSize                          = 104857600                                 {product} {command line}
   size_t MaxHeapSize                              = 2147483648                                {product} {command line}
   size_t MaxNewSize                               = 715653120                                 {product} {ergonomic}
   size_t MinHeapDeltaBytes                        = 524288                                    {product} {ergonomic}
   size_t MinHeapSize                              = 104857600                                 {product} {command line}
   size_t NewSize                                  = 34603008                                  {product} {ergonomic}
    uintx NonNMethodCodeHeapSize                   = 5839372                                {pd product} {ergonomic}
    uintx NonProfiledCodeHeapSize                  = 122909434                              {pd product} {ergonomic}
   size_t OldSize                                  = 70254592                                  {product} {ergonomic}
    uintx ProfiledCodeHeapSize                     = 122909434                              {pd product} {ergonomic}
    uintx ReservedCodeCacheSize                    = 251658240                              {pd product} {ergonomic}
     bool SegmentedCodeCache                       = true                                      {product} {ergonomic}
   size_t SoftMaxHeapSize                          = 2147483648                             {manageable} {ergonomic}
     bool UseCompressedOops                        = true                           {product lp64_product} {ergonomic}
     bool UseLargePagesIndividualAllocation        = false                                  {pd product} {ergonomic}
     bool UseParallelGC                            = true                                      {product} {command line}

Logging:
Log output configuration:
 #0: stdout all=off uptime,level,tags foldmultilines=false
 #1: stderr all=off uptime,level,tags foldmultilines=false

Release file:
JAVA_VERSION="21.0.11" 
MODULES="java.base java.compiler java.datatransfer java.xml java.prefs java.desktop java.instrument java.logging java.management java.security.sasl java.naming java.rmi java.management.rmi java.net.http java.scripting java.security.jgss java.transaction.xa java.sql java.sql.rowset java.xml.crypto java.se java.smartcardio jdk.accessibility jdk.internal.jvmstat jdk.attach jdk.charsets jdk.internal.opt jdk.zipfs jdk.compiler jdk.crypto.ec jdk.crypto.cryptoki jdk.crypto.mscapi jdk.dynalink jdk.internal.ed jdk.editpad jdk.hotspot.agent jdk.httpserver jdk.internal.le jdk.internal.vm.ci jdk.internal.vm.compiler jdk.internal.vm.compiler.management jdk.jartool jdk.javadoc jdk.jcmd jdk.management jdk.management.agent jdk.jconsole jdk.jdeps jdk.jdwp.agent jdk.jdi jdk.jfr jdk.jshell jdk.jsobject jdk.jstatd jdk.localedata jdk.management.jfr jdk.naming.dns jdk.naming.rmi jdk.net jdk.nio.mapmode jdk.random jdk.sctp jdk.security.auth jdk.security.jgss jdk.unsupported jdk.unsupported.desktop jdk.xml.dom" 

Environment Variables:
JAVA_HOME=C:\Program Files\Java\jdk-21
PATH=C:\Program Files\Common Files\Oracle\Java\javapath;C:\WINDOWS\system32;C:\WINDOWS;C:\WINDOWS\System32\Wbem;C:\WINDOWS\System32\WindowsPowerShell\v1.0\;C:\WINDOWS\System32\OpenSSH\;C:\Program Files\dotnet\;C:\Program Files\NVIDIA Corporation\NVIDIA App\NvDLISR;C:\Program Files (x86)\NVIDIA Corporation\PhysX\Common;C:\Program Files\GitHub CLI\;C:\Program Files\nodejs\;C:\Program Files\Git\cmd;C:\Users\PAULO ROBERTO\.local\bin;C:\Users\PAULO ROBERTO\AppData\Local\Microsoft\WindowsApps;C:\Users\PAULO ROBERTO\AppData\Roaming\npm;C:\Users\PAULO ROBERTO\AppData\Local\Programs\Microsoft VS Code\bin;C:\Users\PAULO ROBERTO\.bun\bin;C:\Users\PAULO ROBERTO\AppData\Local\Microsoft\WinGet\Packages\jqlang.jq_Microsoft.Winget.Source_8wekyb3d8bbwe;C:\Users\PAULO ROBERTO\.lmstudio\bin
USERNAME=PAULO ROBERTO
OS=Windows_NT
PROCESSOR_IDENTIFIER=Intel64 Family 6 Model 186 Stepping 2, GenuineIntel
TMP=C:\Users\PAULOR~1\AppData\Local\Temp
TEMP=C:\Users\PAULOR~1\AppData\Local\Temp




Periodic native trim disabled

---------------  S Y S T E M  ---------------

OS:
 Windows 11 , 64 bit Build 26100 (10.0.26100.8972)
OS uptime: 7 days 15:02 hours
Hyper-V role detected

CPU: total 12 (initial active 12) (6 cores per cpu, 2 threads per core) family 6 model 186 stepping 2 microcode 0x5103, cx8, cmov, fxsr, ht, mmx, 3dnowpref, sse, sse2, sse3, ssse3, sse4.1, sse4.2, popcnt, lzcnt, tsc, tscinvbit, avx, avx2, aes, erms, clmul, bmi1, bmi2, adx, sha, fma, vzeroupper, clflush, clflushopt, clwb, hv, serialize, rdtscp, rdpid, fsrm, f16c, cet_ibt, cet_ss
Processor Information for processor 0
  Max Mhz: 2100, Current Mhz: 2100, Mhz Limit: 2100
Processor Information for processor 1
  Max Mhz: 2100, Current Mhz: 1453, Mhz Limit: 2100
Processor Information for processor 2
  Max Mhz: 2100, Current Mhz: 2100, Mhz Limit: 2100
Processor Information for processor 3
  Max Mhz: 2100, Current Mhz: 2100, Mhz Limit: 2100
Processor Information for processor 4
  Max Mhz: 2100, Current Mhz: 2100, Mhz Limit: 2100
Processor Information for processor 5
  Max Mhz: 2100, Current Mhz: 2100, Mhz Limit: 2100
Processor Information for processor 6
  Max Mhz: 2100, Current Mhz: 2100, Mhz Limit: 2100
Processor Information for processor 7
  Max Mhz: 2100, Current Mhz: 2100, Mhz Limit: 2100
Processor Information for processor 8
  Max Mhz: 2100, Current Mhz: 2100, Mhz Limit: 2100
Processor Information for processor 9
  Max Mhz: 2100, Current Mhz: 2100, Mhz Limit: 2100
Processor Information for processor 10
  Max Mhz: 2100, Current Mhz: 2100, Mhz Limit: 2100
Processor Information for processor 11
  Max Mhz: 2100, Current Mhz: 2100, Mhz Limit: 2100

Memory: 4k page, system-wide physical 16087M (551M free)
TotalPageFile size 32471M (AvailPageFile size 2M)
current process WorkingSet (physical memory assigned to process): 85M, peak: 91M
current process commit charge ("private bytes"): 243M, peak: 249M

vm_info: OpenJDK 64-Bit Server VM (21.0.11+10-LTS) for windows-amd64 JRE (21.0.11+10-LTS), built on 2026-04-21T00:00:00Z by "admin" with MS VC++ 17.12 (VS2022)

END.
