#
# There is insufficient memory for the Java Runtime Environment to continue.
# Native memory allocation (malloc) failed to allocate 153840 bytes. Error detail: Chunk::new
# Possible reasons:
#   The system is out of physical RAM or swap space
#   This process is running with CompressedOops enabled, and the Java Heap may be blocking the growth of the native heap
# Possible solutions:
#   Reduce memory load on the system
#   Increase physical memory or swap space
#   Check if swap backing store is full
#   Decrease Java heap size (-Xmx/-Xms)
# This output file may be truncated or incomplete.
#
#  Out of Memory Error (arena.cpp:168), pid=27476, tid=59128
#
# JRE version: OpenJDK Runtime Environment Temurin-21.0.11+10 (21.0.11+10) (build 21.0.11+10-LTS)
# Java VM: OpenJDK 64-Bit Server VM Temurin-21.0.11+10 (21.0.11+10-LTS, mixed mode, sharing, tiered, compressed oops, compressed class ptrs, parallel gc, windows-amd64)
# No core dump will be written. Minidumps are not enabled by default on client versions of Windows
#

---------------  S U M M A R Y ------------

Command Line: --add-modules=ALL-SYSTEM --add-opens=java.base/java.util=ALL-UNNAMED --add-opens=java.base/java.lang=ALL-UNNAMED --add-opens=java.base/sun.nio.fs=ALL-UNNAMED -Declipse.application=org.eclipse.jdt.ls.core.id1 -Dosgi.bundles.defaultStartLevel=4 -Declipse.product=org.eclipse.jdt.ls.core.product -Djava.import.generatesMetadataFilesAtProjectRoot=false -DDetectVMInstallationsJob.disabled=true -Dfile.encoding=utf8 -XX:+UseParallelGC -XX:GCTimeRatio=4 -XX:AdaptiveSizePolicyWeight=90 -Dsun.zip.disableMemoryMapping=true -Xmx2G -Xms100m -Xlog:disable -javaagent:c:\Users\PAULO ROBERTO\.vscode\extensions\redhat.java-1.55.0-win32-x64\lombok\lombok-1.18.39-4050.jar -XX:+HeapDumpOnOutOfMemoryError -XX:HeapDumpPath=c:\Users\PAULO ROBERTO\AppData\Roaming\Code\User\workspaceStorage\af78278a2264e0da21869ec41e085d06\redhat.java -Daether.dependencyCollector.impl=bf c:\Users\PAULO ROBERTO\.vscode\extensions\redhat.java-1.55.0-win32-x64\server\plugins\org.eclipse.equinox.launcher_1.7.200.v20260619-2039.jar -configuration c:\Users\PAULO ROBERTO\AppData\Roaming\Code\User\globalStorage\redhat.java\1.55.0\config_win -data c:\Users\PAULO ROBERTO\AppData\Roaming\Code\User\workspaceStorage\af78278a2264e0da21869ec41e085d06\redhat.java\jdt_ws --pipe=\\.\pipe\lsp-41911355dff159842795b04b27860998-sock

Host: 13th Gen Intel(R) Core(TM) i5-13420H, 12 cores, 15G,  Windows 11 , 64 bit Build 26100 (10.0.26100.9278)
Time: Fri Sep  4 07:15:14 2026 Hora Padrão de Bogotá elapsed time: 5.586055 seconds (0d 0h 0m 5s)

---------------  T H R E A D  ---------------

Current thread (0x000001eb8ef4ba40):  JavaThread "C2 CompilerThread1" daemon [_thread_in_native, id=59128, stack(0x000000acfc500000,0x000000acfc600000) (1024K)]


Current CompileTask:
C2:5586 3089       4       java.io.BufferedInputStream::implRead (112 bytes)

Stack: [0x000000acfc500000,0x000000acfc600000]
Native frames: (J=compiled Java code, j=interpreted, Vv=VM code, C=native code)
V  [jvm.dll+0x6d7e19]
V  [jvm.dll+0x8b5096]
V  [jvm.dll+0x8b764e]
V  [jvm.dll+0x8b7d33]
V  [jvm.dll+0x284596]
V  [jvm.dll+0xc685d]
V  [jvm.dll+0xc6da1]
V  [jvm.dll+0x3bed6b]
V  [jvm.dll+0x38b2b2]
V  [jvm.dll+0x38a6fa]
V  [jvm.dll+0x24c700]
V  [jvm.dll+0x24bce0]
V  [jvm.dll+0x1cb4ae]
V  [jvm.dll+0x25baad]
V  [jvm.dll+0x25a03a]
V  [jvm.dll+0x3f868e]
V  [jvm.dll+0x85fb0d]
V  [jvm.dll+0x6d664d]
C  [ucrtbase.dll+0x2cd30]
C  [KERNEL32.DLL+0x2ccb7]
C  [ntdll.dll+0xacaec]


---------------  P R O C E S S  ---------------

Threads class SMR info:
_java_thread_list=0x000001eb8edc50c0, length=19, elements={
0x000001eb2d9e69d0, 0x000001eb46738fc0, 0x000001eb4673cd40, 0x000001eb46744900,
0x000001eb46745360, 0x000001eb46749290, 0x000001eb4674aed0, 0x000001eb4674bd10,
0x000001eb88ae7180, 0x000001eb88cf7520, 0x000001eb8e036780, 0x000001eb8e61b020,
0x000001eb8e6694c0, 0x000001eb8e3d0d60, 0x000001eb8e3d17a0, 0x000001eb8eaedac0,
0x000001eb8f3fb960, 0x000001eb8eb9e060, 0x000001eb8ef4ba40
}

Java Threads: ( => current thread )
  0x000001eb2d9e69d0 JavaThread "main"                              [_thread_blocked, id=21352, stack(0x000000acfa800000,0x000000acfa900000) (1024K)]
  0x000001eb46738fc0 JavaThread "Reference Handler"          daemon [_thread_blocked, id=14836, stack(0x000000acfac00000,0x000000acfad00000) (1024K)]
  0x000001eb4673cd40 JavaThread "Finalizer"                  daemon [_thread_blocked, id=41688, stack(0x000000acfad00000,0x000000acfae00000) (1024K)]
  0x000001eb46744900 JavaThread "Signal Dispatcher"          daemon [_thread_blocked, id=54016, stack(0x000000acfae00000,0x000000acfaf00000) (1024K)]
  0x000001eb46745360 JavaThread "Attach Listener"            daemon [_thread_blocked, id=40236, stack(0x000000acfaf00000,0x000000acfb000000) (1024K)]
  0x000001eb46749290 JavaThread "Service Thread"             daemon [_thread_blocked, id=19768, stack(0x000000acfb000000,0x000000acfb100000) (1024K)]
  0x000001eb4674aed0 JavaThread "Monitor Deflation Thread"   daemon [_thread_blocked, id=7696, stack(0x000000acfb100000,0x000000acfb200000) (1024K)]
  0x000001eb4674bd10 JavaThread "C2 CompilerThread0"         daemon [_thread_in_native, id=46392, stack(0x000000acfb200000,0x000000acfb300000) (1024K)]
  0x000001eb88ae7180 JavaThread "C1 CompilerThread0"         daemon [_thread_blocked, id=59624, stack(0x000000acfb300000,0x000000acfb400000) (1024K)]
  0x000001eb88cf7520 JavaThread "Common-Cleaner"             daemon [_thread_blocked, id=23536, stack(0x000000acfb400000,0x000000acfb500000) (1024K)]
  0x000001eb8e036780 JavaThread "Notification Thread"        daemon [_thread_blocked, id=52340, stack(0x000000acfb500000,0x000000acfb600000) (1024K)]
  0x000001eb8e61b020 JavaThread "Active Thread: Equinox Container: 8d180020-96af-4a85-9ef9-f40559cd325d"        [_thread_blocked, id=57600, stack(0x000000acfbd00000,0x000000acfbe00000) (1024K)]
  0x000001eb8e6694c0 JavaThread "Refresh Thread: Equinox Container: 8d180020-96af-4a85-9ef9-f40559cd325d" daemon [_thread_blocked, id=42984, stack(0x000000acfbf00000,0x000000acfc000000) (1024K)]
  0x000001eb8e3d0d60 JavaThread "Framework Event Dispatcher: Equinox Container: 8d180020-96af-4a85-9ef9-f40559cd325d" daemon [_thread_blocked, id=5000, stack(0x000000acfc000000,0x000000acfc100000) (1024K)]
  0x000001eb8e3d17a0 JavaThread "Start Level: Equinox Container: 8d180020-96af-4a85-9ef9-f40559cd325d" daemon [_thread_in_vm, id=24672, stack(0x000000acfc100000,0x000000acfc200000) (1024K)]
  0x000001eb8eaedac0 JavaThread "Bundle File Closer"         daemon [_thread_blocked, id=50588, stack(0x000000acfc400000,0x000000acfc500000) (1024K)]
  0x000001eb8f3fb960 JavaThread "SCR Component Actor"        daemon [_thread_blocked, id=40692, stack(0x000000acfb600000,0x000000acfb700000) (1024K)]
  0x000001eb8eb9e060 JavaThread "Worker-JM"                         [_thread_blocked, id=43744, stack(0x000000acfc700000,0x000000acfc800000) (1024K)]
=>0x000001eb8ef4ba40 JavaThread "C2 CompilerThread1"         daemon [_thread_in_native, id=59128, stack(0x000000acfc500000,0x000000acfc600000) (1024K)]
Total: 19

Other Threads:
  0x000001eb2fd4a970 VMThread "VM Thread"                           [id=47232, stack(0x000000acfab00000,0x000000acfac00000) (1024K)]
  0x000001eb4662ca00 WatcherThread "VM Periodic Task Thread"        [id=53140, stack(0x000000acfaa00000,0x000000acfab00000) (1024K)]
  0x000001eb2fcc7550 WorkerThread "GC Thread#0"                     [id=35844, stack(0x000000acfa900000,0x000000acfaa00000) (1024K)]
  0x000001eb8e161790 WorkerThread "GC Thread#1"                     [id=13588, stack(0x000000acfb700000,0x000000acfb800000) (1024K)]
  0x000001eb8e3fc5e0 WorkerThread "GC Thread#2"                     [id=48024, stack(0x000000acfb800000,0x000000acfb900000) (1024K)]
  0x000001eb8e431ae0 WorkerThread "GC Thread#3"                     [id=23972, stack(0x000000acfb900000,0x000000acfba00000) (1024K)]
  0x000001eb8e431e90 WorkerThread "GC Thread#4"                     [id=16136, stack(0x000000acfba00000,0x000000acfbb00000) (1024K)]
  0x000001eb88d38b90 WorkerThread "GC Thread#5"                     [id=46132, stack(0x000000acfbb00000,0x000000acfbc00000) (1024K)]
  0x000001eb88d38f40 WorkerThread "GC Thread#6"                     [id=55372, stack(0x000000acfbc00000,0x000000acfbd00000) (1024K)]
  0x000001eb8e9852b0 WorkerThread "GC Thread#7"                     [id=49356, stack(0x000000acfbe00000,0x000000acfbf00000) (1024K)]
  0x000001eb8e3bd340 WorkerThread "GC Thread#8"                     [id=37936, stack(0x000000acfc200000,0x000000acfc300000) (1024K)]
  0x000001eb8eaecaf0 WorkerThread "GC Thread#9"                     [id=23840, stack(0x000000acfc300000,0x000000acfc400000) (1024K)]
Total: 12

Threads with active compile tasks:
C2 CompilerThread0  5609 3091   !   4       java.io.BufferedInputStream::read (69 bytes)
C1 CompilerThread0  5609 3106       3       org.apache.aries.spifly.BaseActivator::getAllHeaders (189 bytes)
C2 CompilerThread1  5609 3089       4       java.io.BufferedInputStream::implRead (112 bytes)
Total: 3

VM state: not at safepoint (normal execution)

VM Mutex/Monitor currently owned by a thread: None

Heap address: 0x0000000080000000, size: 2048 MB, Compressed Oops mode: 32-bit

CDS archive(s) mapped at: [0x000001eb47000000-0x000001eb47ba0000-0x000001eb47ba0000), size 12189696, SharedBaseAddress: 0x000001eb47000000, ArchiveRelocationMode: 1.
Compressed class space mapped at: 0x000001eb48000000-0x000001eb88000000, reserved size: 1073741824
Narrow klass base: 0x000001eb47000000, Narrow klass shift: 0, Narrow klass range: 0x100000000

GC Precious Log:
 CardTable entry size: 512
 CPUs: 12 total, 12 available
 Memory: 16087M
 Large Page Support: Disabled
 NUMA Support: Disabled
 Compressed Oops: Enabled (32-bit)
 Alignments: Space 512K, Generation 512K, Heap 2M
 Heap Min Capacity: 100M
 Heap Initial Capacity: 100M
 Heap Max Capacity: 2G
 Pre-touch: Disabled
 Parallel Workers: 10

Heap:
 PSYoungGen      total 29696K, used 6784K [0x00000000d5580000, 0x00000000d7680000, 0x0000000100000000)
  eden space 25600K, 10% used [0x00000000d5580000,0x00000000d5825fa0,0x00000000d6e80000)
  from space 4096K, 99% used [0x00000000d6e80000,0x00000000d727a080,0x00000000d7280000)
  to   space 4096K, 0% used [0x00000000d7280000,0x00000000d7280000,0x00000000d7680000)
 ParOldGen       total 68608K, used 8466K [0x0000000080000000, 0x0000000084300000, 0x00000000d5580000)
  object space 68608K, 12% used [0x0000000080000000,0x0000000080844b90,0x0000000084300000)
 Metaspace       used 15676K, committed 16320K, reserved 1114112K
  class space    used 1630K, committed 1920K, reserved 1048576K

Card table byte_map: [0x000001eb2f640000,0x000001eb2fa50000] _byte_map_base: 0x000001eb2f240000

Marking Bits: (ParMarkBitMap*) 0x00007ffa6b054460
 Begin Bits: [0x000001eb42150000, 0x000001eb44150000)
 End Bits:   [0x000001eb44150000, 0x000001eb46150000)

Polling page: 0x000001eb2de80000

Metaspace:

Usage:
  Non-class:     13.72 MB used.
      Class:      1.59 MB used.
       Both:     15.31 MB used.

Virtual space:
  Non-class space:       64.00 MB reserved,      14.06 MB ( 22%) committed,  1 nodes.
      Class space:        1.00 GB reserved,       1.88 MB ( <1%) committed,  1 nodes.
             Both:        1.06 GB reserved,      15.94 MB (  1%) committed. 

Chunk freelists:
   Non-Class:  1.53 MB
       Class:  13.95 MB
        Both:  15.48 MB

MaxMetaspaceSize: unlimited
CompressedClassSpaceSize: 1.00 GB
Initial GC threshold: 21.00 MB
Current GC threshold: 21.00 MB
CDS: on
 - commit_granule_bytes: 65536.
 - commit_granule_words: 8192.
 - virtual_space_node_default_size: 8388608.
 - enlarge_chunks_in_place: 1.
 - use_allocation_guard: 0.


Internal statistics:

num_allocs_failed_limit: 0.
num_arena_births: 442.
num_arena_deaths: 0.
num_vsnodes_births: 2.
num_vsnodes_deaths: 0.
num_space_committed: 255.
num_space_uncommitted: 0.
num_chunks_returned_to_freelist: 0.
num_chunks_taken_from_freelist: 996.
num_chunk_merges: 0.
num_chunk_splits: 632.
num_chunks_enlarged: 398.
num_inconsistent_stats: 0.

CodeHeap 'non-profiled nmethods': size=120000Kb used=1389Kb max_used=1389Kb free=118610Kb
 bounds [0x000001eb3a970000, 0x000001eb3abe0000, 0x000001eb41ea0000]
CodeHeap 'profiled nmethods': size=120000Kb used=6297Kb max_used=6297Kb free=113703Kb
 bounds [0x000001eb32ea0000, 0x000001eb334d0000, 0x000001eb3a3d0000]
CodeHeap 'non-nmethods': size=5760Kb used=1261Kb max_used=1286Kb free=4498Kb
 bounds [0x000001eb3a3d0000, 0x000001eb3a640000, 0x000001eb3a970000]
CodeCache: size=245760Kb, used=8947Kb, max_used=8972Kb, free=236811Kb
 total_blobs=3634, nmethods=3099, adapters=441, full_count=0
Compilation: enabled, stopped_count=0, restarted_count=0

Compilation events (20 events):
Event: 5.568 Thread 0x000001eb4674bd10 nmethod 3083 0x000001eb3aac7310 code [0x000001eb3aac74a0, 0x000001eb3aac76e0]
Event: 5.569 Thread 0x000001eb8ef4ba40 3085       4       java.util.HashMap::<init> (8 bytes)
Event: 5.570 Thread 0x000001eb8ef4ba40 nmethod 3085 0x000001eb3aac7810 code [0x000001eb3aac79a0, 0x000001eb3aac7a98]
Event: 5.571 Thread 0x000001eb88ae7180 3086       1       org.eclipse.core.internal.resources.MarkerInfo::getId (5 bytes)
Event: 5.571 Thread 0x000001eb88ae7180 nmethod 3086 0x000001eb3aac7b90 code [0x000001eb3aac7d20, 0x000001eb3aac7de8]
Event: 5.571 Thread 0x000001eb4674bd10 3087       4       java.io.DataInputStream::readUTF (501 bytes)
Event: 5.572 Thread 0x000001eb8ef4ba40 3088       4       java.io.BufferedInputStream::read1 (121 bytes)
Event: 5.576 Thread 0x000001eb88ae7180 3092       3       java.util.concurrent.atomic.AtomicReference::<init> (10 bytes)
Event: 5.576 Thread 0x000001eb88ae7180 nmethod 3092 0x000001eb334bc410 code [0x000001eb334bc5c0, 0x000001eb334bc748]
Event: 5.576 Thread 0x000001eb8ef4ba40 nmethod 3088 0x000001eb3aac7e90 code [0x000001eb3aac8060, 0x000001eb3aac84b0]
Event: 5.576 Thread 0x000001eb8ef4ba40 3089       4       java.io.BufferedInputStream::implRead (112 bytes)
Event: 5.577 Thread 0x000001eb88ae7180 3093       3       org.eclipse.core.internal.resources.MarkerReader_3::readAttributes (145 bytes)
Event: 5.579 Thread 0x000001eb88ae7180 nmethod 3093 0x000001eb334bc810 code [0x000001eb334bcc00, 0x000001eb334be6b8]
Event: 5.579 Thread 0x000001eb88ae7180 3097       3       org.eclipse.core.internal.resources.MarkerAttributeMap::putAll (111 bytes)
Event: 5.580 Thread 0x000001eb88ae7180 nmethod 3097 0x000001eb334bf090 code [0x000001eb334bf340, 0x000001eb334c0100]
Event: 5.580 Thread 0x000001eb88ae7180 3095       3       java.lang.Math::abs (11 bytes)
Event: 5.580 Thread 0x000001eb88ae7180 nmethod 3095 0x000001eb334c0490 code [0x000001eb334c0640, 0x000001eb334c07a0]
Event: 5.580 Thread 0x000001eb88ae7180 3096       3       org.eclipse.core.internal.resources.MarkerReader_3::readMarkerInfo (125 bytes)
Event: 5.582 Thread 0x000001eb88ae7180 nmethod 3096 0x000001eb334c0810 code [0x000001eb334c0c00, 0x000001eb334c2588]
Event: 5.582 Thread 0x000001eb88ae7180 3103       3       org.eclipse.core.internal.resources.MarkerSet::add (140 bytes)

GC Heap History (10 events):
Event: 1.052 GC heap before
{Heap before GC invocations=1 (full 0):
 PSYoungGen      total 29696K, used 25600K [0x00000000d5580000, 0x00000000d7680000, 0x0000000100000000)
  eden space 25600K, 100% used [0x00000000d5580000,0x00000000d6e80000,0x00000000d6e80000)
  from space 4096K, 0% used [0x00000000d7280000,0x00000000d7280000,0x00000000d7680000)
  to   space 4096K, 0% used [0x00000000d6e80000,0x00000000d6e80000,0x00000000d7280000)
 ParOldGen       total 68608K, used 0K [0x0000000080000000, 0x0000000084300000, 0x00000000d5580000)
  object space 68608K, 0% used [0x0000000080000000,0x0000000080000000,0x0000000084300000)
 Metaspace       used 4336K, committed 4608K, reserved 1114112K
  class space    used 473K, committed 576K, reserved 1048576K
}
Event: 1.059 GC heap after
{Heap after GC invocations=1 (full 0):
 PSYoungGen      total 29696K, used 3271K [0x00000000d5580000, 0x00000000d7680000, 0x0000000100000000)
  eden space 25600K, 0% used [0x00000000d5580000,0x00000000d5580000,0x00000000d6e80000)
  from space 4096K, 79% used [0x00000000d6e80000,0x00000000d71b1e98,0x00000000d7280000)
  to   space 4096K, 0% used [0x00000000d7280000,0x00000000d7280000,0x00000000d7680000)
 ParOldGen       total 68608K, used 16K [0x0000000080000000, 0x0000000084300000, 0x00000000d5580000)
  object space 68608K, 0% used [0x0000000080000000,0x0000000080004000,0x0000000084300000)
 Metaspace       used 4336K, committed 4608K, reserved 1114112K
  class space    used 473K, committed 576K, reserved 1048576K
}
Event: 1.828 GC heap before
{Heap before GC invocations=2 (full 0):
 PSYoungGen      total 29696K, used 28871K [0x00000000d5580000, 0x00000000d7680000, 0x0000000100000000)
  eden space 25600K, 100% used [0x00000000d5580000,0x00000000d6e80000,0x00000000d6e80000)
  from space 4096K, 79% used [0x00000000d6e80000,0x00000000d71b1e98,0x00000000d7280000)
  to   space 4096K, 0% used [0x00000000d7280000,0x00000000d7280000,0x00000000d7680000)
 ParOldGen       total 68608K, used 16K [0x0000000080000000, 0x0000000084300000, 0x00000000d5580000)
  object space 68608K, 0% used [0x0000000080000000,0x0000000080004000,0x0000000084300000)
 Metaspace       used 8020K, committed 8256K, reserved 1114112K
  class space    used 833K, committed 960K, reserved 1048576K
}
Event: 1.834 GC heap after
{Heap after GC invocations=2 (full 0):
 PSYoungGen      total 29696K, used 4070K [0x00000000d5580000, 0x00000000d7680000, 0x0000000100000000)
  eden space 25600K, 0% used [0x00000000d5580000,0x00000000d5580000,0x00000000d6e80000)
  from space 4096K, 99% used [0x00000000d7280000,0x00000000d7679800,0x00000000d7680000)
  to   space 4096K, 0% used [0x00000000d6e80000,0x00000000d6e80000,0x00000000d7280000)
 ParOldGen       total 68608K, used 1968K [0x0000000080000000, 0x0000000084300000, 0x00000000d5580000)
  object space 68608K, 2% used [0x0000000080000000,0x00000000801ec320,0x0000000084300000)
 Metaspace       used 8020K, committed 8256K, reserved 1114112K
  class space    used 833K, committed 960K, reserved 1048576K
}
Event: 2.290 GC heap before
{Heap before GC invocations=3 (full 0):
 PSYoungGen      total 29696K, used 29670K [0x00000000d5580000, 0x00000000d7680000, 0x0000000100000000)
  eden space 25600K, 100% used [0x00000000d5580000,0x00000000d6e80000,0x00000000d6e80000)
  from space 4096K, 99% used [0x00000000d7280000,0x00000000d7679800,0x00000000d7680000)
  to   space 4096K, 0% used [0x00000000d6e80000,0x00000000d6e80000,0x00000000d7280000)
 ParOldGen       total 68608K, used 1968K [0x0000000080000000, 0x0000000084300000, 0x00000000d5580000)
  object space 68608K, 2% used [0x0000000080000000,0x00000000801ec320,0x0000000084300000)
 Metaspace       used 9465K, committed 9792K, reserved 1114112K
  class space    used 1011K, committed 1152K, reserved 1048576K
}
Event: 2.296 GC heap after
{Heap after GC invocations=3 (full 0):
 PSYoungGen      total 29696K, used 4090K [0x00000000d5580000, 0x00000000d7680000, 0x0000000100000000)
  eden space 25600K, 0% used [0x00000000d5580000,0x00000000d5580000,0x00000000d6e80000)
  from space 4096K, 99% used [0x00000000d6e80000,0x00000000d727eb10,0x00000000d7280000)
  to   space 4096K, 0% used [0x00000000d7280000,0x00000000d7280000,0x00000000d7680000)
 ParOldGen       total 68608K, used 5006K [0x0000000080000000, 0x0000000084300000, 0x00000000d5580000)
  object space 68608K, 7% used [0x0000000080000000,0x00000000804e3850,0x0000000084300000)
 Metaspace       used 9465K, committed 9792K, reserved 1114112K
  class space    used 1011K, committed 1152K, reserved 1048576K
}
Event: 4.677 GC heap before
{Heap before GC invocations=4 (full 0):
 PSYoungGen      total 29696K, used 29690K [0x00000000d5580000, 0x00000000d7680000, 0x0000000100000000)
  eden space 25600K, 100% used [0x00000000d5580000,0x00000000d6e80000,0x00000000d6e80000)
  from space 4096K, 99% used [0x00000000d6e80000,0x00000000d727eb10,0x00000000d7280000)
  to   space 4096K, 0% used [0x00000000d7280000,0x00000000d7280000,0x00000000d7680000)
 ParOldGen       total 68608K, used 5006K [0x0000000080000000, 0x0000000084300000, 0x00000000d5580000)
  object space 68608K, 7% used [0x0000000080000000,0x00000000804e3850,0x0000000084300000)
 Metaspace       used 11682K, committed 12096K, reserved 1114112K
  class space    used 1241K, committed 1408K, reserved 1048576K
}
Event: 4.681 GC heap after
{Heap after GC invocations=4 (full 0):
 PSYoungGen      total 29696K, used 4078K [0x00000000d5580000, 0x00000000d7680000, 0x0000000100000000)
  eden space 25600K, 0% used [0x00000000d5580000,0x00000000d5580000,0x00000000d6e80000)
  from space 4096K, 99% used [0x00000000d7280000,0x00000000d767bb30,0x00000000d7680000)
  to   space 4096K, 0% used [0x00000000d6e80000,0x00000000d6e80000,0x00000000d7280000)
 ParOldGen       total 68608K, used 6682K [0x0000000080000000, 0x0000000084300000, 0x00000000d5580000)
  object space 68608K, 9% used [0x0000000080000000,0x0000000080686b60,0x0000000084300000)
 Metaspace       used 11682K, committed 12096K, reserved 1114112K
  class space    used 1241K, committed 1408K, reserved 1048576K
}
Event: 5.454 GC heap before
{Heap before GC invocations=5 (full 0):
 PSYoungGen      total 29696K, used 29678K [0x00000000d5580000, 0x00000000d7680000, 0x0000000100000000)
  eden space 25600K, 100% used [0x00000000d5580000,0x00000000d6e80000,0x00000000d6e80000)
  from space 4096K, 99% used [0x00000000d7280000,0x00000000d767bb30,0x00000000d7680000)
  to   space 4096K, 0% used [0x00000000d6e80000,0x00000000d6e80000,0x00000000d7280000)
 ParOldGen       total 68608K, used 6682K [0x0000000080000000, 0x0000000084300000, 0x00000000d5580000)
  object space 68608K, 9% used [0x0000000080000000,0x0000000080686b60,0x0000000084300000)
 Metaspace       used 15553K, committed 16192K, reserved 1114112K
  class space    used 1617K, committed 1920K, reserved 1048576K
}
Event: 5.461 GC heap after
{Heap after GC invocations=5 (full 0):
 PSYoungGen      total 29696K, used 4072K [0x00000000d5580000, 0x00000000d7680000, 0x0000000100000000)
  eden space 25600K, 0% used [0x00000000d5580000,0x00000000d5580000,0x00000000d6e80000)
  from space 4096K, 99% used [0x00000000d6e80000,0x00000000d727a080,0x00000000d7280000)
  to   space 4096K, 0% used [0x00000000d7280000,0x00000000d7280000,0x00000000d7680000)
 ParOldGen       total 68608K, used 8466K [0x0000000080000000, 0x0000000084300000, 0x00000000d5580000)
  object space 68608K, 12% used [0x0000000080000000,0x0000000080844b90,0x0000000084300000)
 Metaspace       used 15553K, committed 16192K, reserved 1114112K
  class space    used 1617K, committed 1920K, reserved 1048576K
}

Dll operation events (9 events):
Event: 0.024 Loaded shared library c:\Users\PAULO ROBERTO\.vscode\extensions\redhat.java-1.55.0-win32-x64\jre\21.0.11-win32-x86_64\bin\java.dll
Event: 0.134 Loaded shared library c:\Users\PAULO ROBERTO\.vscode\extensions\redhat.java-1.55.0-win32-x64\jre\21.0.11-win32-x86_64\bin\zip.dll
Event: 0.159 Loaded shared library C:\Users\PAULO ROBERTO\.vscode\extensions\redhat.java-1.55.0-win32-x64\jre\21.0.11-win32-x86_64\bin\instrument.dll
Event: 0.170 Loaded shared library C:\Users\PAULO ROBERTO\.vscode\extensions\redhat.java-1.55.0-win32-x64\jre\21.0.11-win32-x86_64\bin\net.dll
Event: 0.173 Loaded shared library C:\Users\PAULO ROBERTO\.vscode\extensions\redhat.java-1.55.0-win32-x64\jre\21.0.11-win32-x86_64\bin\nio.dll
Event: 0.178 Loaded shared library C:\Users\PAULO ROBERTO\.vscode\extensions\redhat.java-1.55.0-win32-x64\jre\21.0.11-win32-x86_64\bin\zip.dll
Event: 0.201 Loaded shared library C:\Users\PAULO ROBERTO\.vscode\extensions\redhat.java-1.55.0-win32-x64\jre\21.0.11-win32-x86_64\bin\jimage.dll
Event: 0.330 Loaded shared library c:\Users\PAULO ROBERTO\.vscode\extensions\redhat.java-1.55.0-win32-x64\jre\21.0.11-win32-x86_64\bin\verify.dll
Event: 1.856 Loaded shared library C:\Users\PAULO ROBERTO\AppData\Roaming\Code\User\globalStorage\redhat.java\1.55.0\config_win\org.eclipse.equinox.launcher\org.eclipse.equinox.launcher.win32.win32.x86_64_1.3.100.v20260613-0559\eclipse_11924.dll

Deoptimization events (20 events):
Event: 5.492 Thread 0x000001eb8e3d17a0 Uncommon trap: trap_request=0xffffff45 fr.pc=0x000001eb3aa87c4c relative=0x0000000000000b2c
Event: 5.492 Thread 0x000001eb8e3d17a0 Uncommon trap: reason=unstable_if action=reinterpret pc=0x000001eb3aa87c4c method=java.io.BufferedInputStream.read1([BII)I @ 73 c2
Event: 5.492 Thread 0x000001eb8e3d17a0 DEOPT PACKING pc=0x000001eb3aa87c4c sp=0x000000acfc1f98e0
Event: 5.492 Thread 0x000001eb8e3d17a0 DEOPT UNPACKING pc=0x000001eb3a423aa2 sp=0x000000acfc1f97a0 mode 2
Event: 5.492 Thread 0x000001eb8e3d17a0 Uncommon trap: trap_request=0xffffff45 fr.pc=0x000001eb3aabd838 relative=0x0000000000000bb8
Event: 5.492 Thread 0x000001eb8e3d17a0 Uncommon trap: reason=unstable_if action=reinterpret pc=0x000001eb3aabd838 method=java.io.DataInputStream.readFully([BII)V @ 37 c2
Event: 5.492 Thread 0x000001eb8e3d17a0 DEOPT PACKING pc=0x000001eb3aabd838 sp=0x000000acfc1f99c0
Event: 5.492 Thread 0x000001eb8e3d17a0 DEOPT UNPACKING pc=0x000001eb3a423aa2 sp=0x000000acfc1f98a0 mode 2
Event: 5.506 Thread 0x000001eb8e3d17a0 Uncommon trap: trap_request=0xffffff45 fr.pc=0x000001eb3a9e9e8c relative=0x000000000000054c
Event: 5.506 Thread 0x000001eb8e3d17a0 Uncommon trap: reason=unstable_if action=reinterpret pc=0x000001eb3a9e9e8c method=java.io.BufferedInputStream.read1([BII)I @ 73 c2
Event: 5.506 Thread 0x000001eb8e3d17a0 DEOPT PACKING pc=0x000001eb3a9e9e8c sp=0x000000acfc1f9700
Event: 5.506 Thread 0x000001eb8e3d17a0 DEOPT UNPACKING pc=0x000001eb3a423aa2 sp=0x000000acfc1f9650 mode 2
Event: 5.506 Thread 0x000001eb8e3d17a0 Uncommon trap: trap_request=0xffffff45 fr.pc=0x000001eb3aa90528 relative=0x0000000000000168
Event: 5.506 Thread 0x000001eb8e3d17a0 Uncommon trap: reason=unstable_if action=reinterpret pc=0x000001eb3aa90528 method=java.io.DataInputStream.readFully([BII)V @ 37 c2
Event: 5.506 Thread 0x000001eb8e3d17a0 DEOPT PACKING pc=0x000001eb3aa90528 sp=0x000000acfc1f9870
Event: 5.506 Thread 0x000001eb8e3d17a0 DEOPT UNPACKING pc=0x000001eb3a423aa2 sp=0x000000acfc1f9800 mode 2
Event: 5.521 Thread 0x000001eb8e3d17a0 Uncommon trap: trap_request=0xffffff45 fr.pc=0x000001eb3a9eae5c relative=0x000000000000017c
Event: 5.521 Thread 0x000001eb8e3d17a0 Uncommon trap: reason=unstable_if action=reinterpret pc=0x000001eb3a9eae5c method=java.io.BufferedInputStream.read1([BII)I @ 73 c2
Event: 5.521 Thread 0x000001eb8e3d17a0 DEOPT PACKING pc=0x000001eb3a9eae5c sp=0x000000acfc1f9510
Event: 5.521 Thread 0x000001eb8e3d17a0 DEOPT UNPACKING pc=0x000001eb3a423aa2 sp=0x000000acfc1f94d0 mode 2

Classes loaded (20 events):
Event: 5.346 Loading class java/text/FieldPosition$Delegate
Event: 5.346 Loading class java/text/FieldPosition$Delegate done
Event: 5.347 Loading class java/text/MessageFormat$Field
Event: 5.347 Loading class java/text/MessageFormat$Field done
Event: 5.372 Loading class java/util/stream/SortedOps
Event: 5.373 Loading class java/util/stream/SortedOps done
Event: 5.373 Loading class java/util/stream/SortedOps$OfRef
Event: 5.373 Loading class java/util/stream/ReferencePipeline$StatefulOp
Event: 5.373 Loading class java/util/stream/ReferencePipeline$StatefulOp done
Event: 5.373 Loading class java/util/stream/SortedOps$OfRef done
Event: 5.374 Loading class java/util/stream/SortedOps$RefSortingSink
Event: 5.374 Loading class java/util/stream/SortedOps$AbstractRefSortingSink
Event: 5.375 Loading class java/util/stream/SortedOps$AbstractRefSortingSink done
Event: 5.375 Loading class java/util/stream/SortedOps$RefSortingSink done
Event: 5.400 Loading class java/util/zip/ZipOutputStream
Event: 5.400 Loading class java/util/zip/DeflaterOutputStream
Event: 5.400 Loading class java/util/zip/DeflaterOutputStream done
Event: 5.400 Loading class java/util/zip/ZipOutputStream done
Event: 5.472 Loading class java/io/FilenameFilter
Event: 5.472 Loading class java/io/FilenameFilter done

Classes unloaded (0 events):
No events

Classes redefined (0 events):
No events

Internal exceptions (20 events):
Event: 1.690 Thread 0x000001eb2d9e69d0 Exception <a 'java/lang/ClassNotFoundException'{0x00000000d6a5a278}: sun/net/www/protocol/plurl/Handler> (0x00000000d6a5a278) 
thrown [s\src\hotspot\share\classfile\systemDictionary.cpp, line 313]
Event: 1.850 Thread 0x000001eb2d9e69d0 Exception <a 'java/lang/UnsatisfiedLinkError'{0x00000000d55de0c0}: 'void org.eclipse.equinox.launcher.JNIBridge._update_splash()'> (0x00000000d55de0c0) 
thrown [s\src\hotspot\share\prims\nativeLookup.cpp, line 415]
Event: 1.888 Thread 0x000001eb8e6694c0 Exception <a 'java/lang/NoSuchMethodError'{0x00000000d5868be8}: 'void java.lang.invoke.DirectMethodHandle$Holder.invokeInterface(java.lang.Object, java.lang.Object, java.lang.Object)'> (0x00000000d5868be8) 
thrown [s\src\hotspot\share\interpreter\linkResolver.cpp, line 773]
Event: 1.983 Thread 0x000001eb8e3d17a0 Exception <a 'java/lang/NoSuchMethodError'{0x00000000d5c4e598}: 'java.lang.Object java.lang.invoke.DirectMethodHandle$Holder.newInvokeSpecial(java.lang.Object, java.lang.Object, int, java.lang.Object)'> (0x00000000d5c4e598) 
thrown [s\src\hotspot\share\interpreter\linkResolver.cpp, line 773]
Event: 1.984 Thread 0x000001eb8e3d17a0 Exception <a 'java/lang/NoSuchMethodError'{0x00000000d5c523c8}: 'java.lang.Object java.lang.invoke.DirectMethodHandle$Holder.invokeSpecial(java.lang.Object, java.lang.Object, java.lang.Object, int, java.lang.Object)'> (0x00000000d5c523c8) 
thrown [s\src\hotspot\share\interpreter\linkResolver.cpp, line 773]
Event: 2.001 Thread 0x000001eb8e3d17a0 Exception <a 'java/lang/NoClassDefFoundError'{0x00000000d5cf8740}: jakarta/servlet/ServletContainerInitializer> (0x00000000d5cf8740) 
thrown [s\src\hotspot\share\classfile\systemDictionary.cpp, line 302]
Event: 2.028 Thread 0x000001eb8e3d17a0 Exception <a 'java/lang/ClassNotFoundException'{0x00000000d5e5ec08}: sun/util/logging/resources/spi/loggingProvider> (0x00000000d5e5ec08) 
thrown [s\src\hotspot\share\classfile\systemDictionary.cpp, line 313]
Event: 4.507 Thread 0x000001eb8e3d17a0 Exception <a 'java/lang/NullPointerException'{0x00000000d670a370}> (0x00000000d670a370) 
thrown [s\src\hotspot\share\interpreter\linkResolver.cpp, line 1372]
Event: 4.507 Thread 0x000001eb8e3d17a0 Exception <a 'java/lang/NullPointerException'{0x00000000d670a650}> (0x00000000d670a650) 
thrown [s\src\hotspot\share\interpreter\linkResolver.cpp, line 1372]
Event: 4.729 Thread 0x000001eb8e3d17a0 Exception <a 'java/lang/NoSuchMethodError'{0x00000000d57c33e8}: 'long java.lang.invoke.DirectMethodHandle$Holder.invokeSpecial(java.lang.Object, java.lang.Object)'> (0x00000000d57c33e8) 
thrown [s\src\hotspot\share\interpreter\linkResolver.cpp, line 773]
Event: 4.778 Thread 0x000001eb8e3d17a0 Exception <a 'java/io/FileNotFoundException'{0x00000000d5a04338}> (0x00000000d5a04338) 
thrown [s\src\hotspot\share\prims\jni.cpp, line 520]
Event: 4.978 Thread 0x000001eb8e3d17a0 Exception <a 'java/lang/NoSuchMethodError'{0x00000000d5f00840}: 'java.lang.Object java.lang.invoke.Invokers$Holder.linkToTargetMethod(java.lang.Object, long, java.lang.Object)'> (0x00000000d5f00840) 
thrown [s\src\hotspot\share\interpreter\linkResolver.cpp, line 773]
Event: 5.077 Thread 0x000001eb8e3d17a0 Exception <a 'java/lang/NoSuchMethodError'{0x00000000d6432940}: 'void java.lang.invoke.Invokers$Holder.invokeExact_MT(java.lang.Object, java.lang.Object, java.lang.Object)'> (0x00000000d6432940) 
thrown [s\src\hotspot\share\interpreter\linkResolver.cpp, line 773]
Event: 5.195 Thread 0x000001eb8e3d17a0 Exception <a 'java/lang/NoSuchMethodError'{0x00000000d6739970}: 'java.lang.Object java.lang.invoke.DirectMethodHandle$Holder.invokeVirtual(java.lang.Object, java.lang.Object, java.lang.Object)'> (0x00000000d6739970) 
thrown [s\src\hotspot\share\interpreter\linkResolver.cpp, line 773]
Event: 5.216 Thread 0x000001eb8e3d17a0 Exception <a 'java/lang/NoSuchMethodError'{0x00000000d6751f50}: 'java.lang.Object java.lang.invoke.DelegatingMethodHandle$Holder.reinvoke_L(java.lang.Object, java.lang.Object, java.lang.Object, java.lang.Object, int, int)'> (0x00000000d6751f50) 
thrown [s\src\hotspot\share\interpreter\linkResolver.cpp, line 773]
Event: 5.221 Thread 0x000001eb8e3d17a0 Exception <a 'java/lang/NoSuchMethodError'{0x00000000d676ec28}: 'java.lang.Object java.lang.invoke.DirectMethodHandle$Holder.newInvokeSpecial(java.lang.Object, java.lang.Object, java.lang.Object, java.lang.Object, java.lang.Object, java.lang.Object)'> (0x00000000d676ec28) 
thrown [s\src\hotspot\share\interpreter\linkResolver.cpp, line 773]
Event: 5.244 Thread 0x000001eb8e3d17a0 Exception <a 'java/lang/NoSuchMethodError'{0x00000000d679b058}: 'void java.lang.invoke.Invokers$Holder.invokeExact_MT(java.lang.Object, java.lang.Object, java.lang.Object, java.lang.Object)'> (0x00000000d679b058) 
thrown [s\src\hotspot\share\interpreter\linkResolver.cpp, line 773]
Event: 5.352 Thread 0x000001eb8e3d17a0 Exception <a 'java/io/FileNotFoundException'{0x00000000d6a8bb18}> (0x00000000d6a8bb18) 
thrown [s\src\hotspot\share\prims\jni.cpp, line 520]
Event: 5.353 Thread 0x000001eb8e3d17a0 Exception <a 'java/io/FileNotFoundException'{0x00000000d6a93690}> (0x00000000d6a93690) 
thrown [s\src\hotspot\share\prims\jni.cpp, line 520]
Event: 5.471 Thread 0x000001eb8e3d17a0 Exception <a 'java/lang/NoSuchMethodError'{0x00000000d567ef28}: 'java.lang.Object java.lang.invoke.DirectMethodHandle$Holder.newInvokeSpecial(java.lang.Object, java.lang.Object, java.lang.Object, java.lang.Object, java.lang.Object)'> (0x00000000d567ef28) 
thrown [s\src\hotspot\share\interpreter\linkResolver.cpp, line 773]

ZGC Phase Switch (0 events):
No events

VM Operations (20 events):
Event: 2.061 Executing non-safepoint VM operation: HandshakeAllThreads (Deoptimize)
Event: 2.061 Executing non-safepoint VM operation: HandshakeAllThreads (Deoptimize) done
Event: 2.290 Executing safepoint VM operation: ParallelGCFailedAllocation (Allocation Failure)
Event: 2.297 Executing safepoint VM operation: ParallelGCFailedAllocation (Allocation Failure) done
Event: 2.580 Executing non-safepoint VM operation: HandshakeAllThreads (Deoptimize)
Event: 2.580 Executing non-safepoint VM operation: HandshakeAllThreads (Deoptimize) done
Event: 3.592 Executing safepoint VM operation: Cleanup
Event: 3.592 Executing safepoint VM operation: Cleanup done
Event: 4.604 Executing safepoint VM operation: Cleanup
Event: 4.605 Executing safepoint VM operation: Cleanup done
Event: 4.653 Executing non-safepoint VM operation: HandshakeAllThreads (Deoptimize)
Event: 4.653 Executing non-safepoint VM operation: HandshakeAllThreads (Deoptimize) done
Event: 4.677 Executing safepoint VM operation: ParallelGCFailedAllocation (Allocation Failure)
Event: 4.681 Executing safepoint VM operation: ParallelGCFailedAllocation (Allocation Failure) done
Event: 5.174 Executing safepoint VM operation: ICBufferFull
Event: 5.174 Executing safepoint VM operation: ICBufferFull done
Event: 5.374 Executing non-safepoint VM operation: HandshakeAllThreads (Deoptimize)
Event: 5.374 Executing non-safepoint VM operation: HandshakeAllThreads (Deoptimize) done
Event: 5.454 Executing safepoint VM operation: ParallelGCFailedAllocation (Allocation Failure)
Event: 5.461 Executing safepoint VM operation: ParallelGCFailedAllocation (Allocation Failure) done

Memory protections (0 events):
No events

Nmethod flushes (0 events):
No events

Events (20 events):
Event: 0.070 Thread 0x000001eb2d9e69d0 Thread added: 0x000001eb46749290
Event: 0.070 Thread 0x000001eb2d9e69d0 Thread added: 0x000001eb4674aed0
Event: 0.070 Thread 0x000001eb2d9e69d0 Thread added: 0x000001eb4674bd10
Event: 0.070 Thread 0x000001eb2d9e69d0 Thread added: 0x000001eb88ae7180
Event: 0.165 Thread 0x000001eb2d9e69d0 Thread added: 0x000001eb88cf7520
Event: 0.463 Thread 0x000001eb2d9e69d0 Thread added: 0x000001eb8e036780
Event: 0.962 Thread 0x000001eb88ae7180 Thread added: 0x000001eb88e8c430
Event: 1.571 Thread 0x000001eb2d9e69d0 Thread added: 0x000001eb8e61b020
Event: 1.848 Thread 0x000001eb2d9e69d0 Thread added: 0x000001eb8e6694c0
Event: 1.891 Thread 0x000001eb8e6694c0 Thread added: 0x000001eb8e3d0d60
Event: 1.896 Thread 0x000001eb2d9e69d0 Thread added: 0x000001eb8e3d17a0
Event: 2.360 Thread 0x000001eb8e3d17a0 Thread added: 0x000001eb8eaedac0
Event: 2.590 Thread 0x000001eb88e8c430 Thread exited: 0x000001eb88e8c430
Event: 4.472 Thread 0x000001eb8e3d17a0 Thread added: 0x000001eb8f3fb960
Event: 4.736 Thread 0x000001eb88ae7180 Thread added: 0x000001eb8f1b4670
Event: 4.736 Thread 0x000001eb88ae7180 Thread added: 0x000001eb8ebd8030
Event: 5.043 Thread 0x000001eb8e3d17a0 Thread added: 0x000001eb8eb9e060
Event: 5.195 Thread 0x000001eb8ebd8030 Thread exited: 0x000001eb8ebd8030
Event: 5.195 Thread 0x000001eb8f1b4670 Thread exited: 0x000001eb8f1b4670
Event: 5.449 Thread 0x000001eb88ae7180 Thread added: 0x000001eb8ef4ba40


Dynamic libraries:
0x00007ff76d1c0000 - 0x00007ff76d1ce000 	c:\Users\PAULO ROBERTO\.vscode\extensions\redhat.java-1.55.0-win32-x64\jre\21.0.11-win32-x86_64\bin\java.exe
0x00007ffb07800000 - 0x00007ffb07a67000 	C:\WINDOWS\SYSTEM32\ntdll.dll
0x00007ffb07040000 - 0x00007ffb0710a000 	C:\WINDOWS\System32\KERNEL32.DLL
0x00007ffb04e70000 - 0x00007ffb05272000 	C:\WINDOWS\System32\KERNELBASE.dll
0x00007ffafdfe0000 - 0x00007ffafe07f000 	C:\WINDOWS\SYSTEM32\apphelp.dll
0x00007ffb05310000 - 0x00007ffb0545c000 	C:\WINDOWS\System32\ucrtbase.dll
0x00007ffaf9620000 - 0x00007ffaf9638000 	c:\Users\PAULO ROBERTO\.vscode\extensions\redhat.java-1.55.0-win32-x64\jre\21.0.11-win32-x86_64\bin\jli.dll
0x00007ffb06270000 - 0x00007ffb0643f000 	C:\WINDOWS\System32\USER32.dll
0x00007ffb04d80000 - 0x00007ffb04da7000 	C:\WINDOWS\System32\win32u.dll
0x00007ffb06910000 - 0x00007ffb0693b000 	C:\WINDOWS\System32\GDI32.dll
0x00007ffb04c50000 - 0x00007ffb04d79000 	C:\WINDOWS\System32\gdi32full.dll
0x00007ffb04a10000 - 0x00007ffb04ab3000 	C:\WINDOWS\System32\msvcp_win.dll
0x00007ffaf9600000 - 0x00007ffaf961e000 	c:\Users\PAULO ROBERTO\.vscode\extensions\redhat.java-1.55.0-win32-x64\jre\21.0.11-win32-x86_64\bin\VCRUNTIME140.dll
0x00007ffada830000 - 0x00007ffadaac0000 	C:\WINDOWS\WinSxS\amd64_microsoft.windows.common-controls_6595b64144ccf1df_6.0.26100.9278_none_3e0d1ba8e3303201\COMCTL32.dll
0x00007ffb061c0000 - 0x00007ffb06269000 	C:\WINDOWS\System32\msvcrt.dll
0x00007ffb06940000 - 0x00007ffb06971000 	C:\WINDOWS\System32\IMM32.DLL
0x00007ffafce50000 - 0x00007ffafce5c000 	c:\Users\PAULO ROBERTO\.vscode\extensions\redhat.java-1.55.0-win32-x64\jre\21.0.11-win32-x86_64\bin\vcruntime140_1.dll
0x00007ffaf76c0000 - 0x00007ffaf774d000 	c:\Users\PAULO ROBERTO\.vscode\extensions\redhat.java-1.55.0-win32-x64\jre\21.0.11-win32-x86_64\bin\msvcp140.dll
0x00007ffa6a390000 - 0x00007ffa6b132000 	c:\Users\PAULO ROBERTO\.vscode\extensions\redhat.java-1.55.0-win32-x64\jre\21.0.11-win32-x86_64\bin\server\jvm.dll
0x00007ffb072d0000 - 0x00007ffb0738c000 	C:\WINDOWS\System32\ADVAPI32.dll
0x00007ffb07710000 - 0x00007ffb077b9000 	C:\WINDOWS\System32\sechost.dll
0x00007ffb06a60000 - 0x00007ffb06b78000 	C:\WINDOWS\System32\RPCRT4.dll
0x00007ffb06880000 - 0x00007ffb06900000 	C:\WINDOWS\System32\WS2_32.dll
0x00007ffb03500000 - 0x00007ffb0355e000 	C:\WINDOWS\SYSTEM32\POWRPROF.dll
0x00007ffaf9af0000 - 0x00007ffaf9afb000 	C:\WINDOWS\SYSTEM32\VERSION.dll
0x00007ffaefa60000 - 0x00007ffaefa96000 	C:\WINDOWS\SYSTEM32\WINMM.dll
0x00007ffb034e0000 - 0x00007ffb034f5000 	C:\WINDOWS\SYSTEM32\UMPDC.dll
0x00007ffb037c0000 - 0x00007ffb037db000 	C:\WINDOWS\SYSTEM32\kernel.appcore.dll
0x00007ffaf9740000 - 0x00007ffaf974a000 	c:\Users\PAULO ROBERTO\.vscode\extensions\redhat.java-1.55.0-win32-x64\jre\21.0.11-win32-x86_64\bin\jimage.dll
0x00007ffb01ed0000 - 0x00007ffb02112000 	C:\WINDOWS\SYSTEM32\DBGHELP.DLL
0x00007ffb055b0000 - 0x00007ffb05934000 	C:\WINDOWS\System32\combase.dll
0x00007ffb06980000 - 0x00007ffb06a59000 	C:\WINDOWS\System32\OLEAUT32.dll
0x00007ffad42c0000 - 0x00007ffad42fb000 	C:\WINDOWS\SYSTEM32\dbgcore.DLL
0x00007ffb04db0000 - 0x00007ffb04e5c000 	C:\WINDOWS\System32\bcryptPrimitives.dll
0x00007ffaf9560000 - 0x00007ffaf956f000 	c:\Users\PAULO ROBERTO\.vscode\extensions\redhat.java-1.55.0-win32-x64\jre\21.0.11-win32-x86_64\bin\instrument.dll
0x00007ffaf8720000 - 0x00007ffaf8740000 	c:\Users\PAULO ROBERTO\.vscode\extensions\redhat.java-1.55.0-win32-x64\jre\21.0.11-win32-x86_64\bin\java.dll
0x00007ffb059a0000 - 0x00007ffb06138000 	C:\WINDOWS\System32\SHELL32.dll
0x00007ffb02470000 - 0x00007ffb02d1e000 	C:\WINDOWS\SYSTEM32\windows.storage.dll
0x00007ffb06770000 - 0x00007ffb0686b000 	C:\WINDOWS\System32\SHCORE.dll
0x00007ffb06150000 - 0x00007ffb061b6000 	C:\WINDOWS\System32\shlwapi.dll
0x00007ffb04930000 - 0x00007ffb04959000 	C:\WINDOWS\SYSTEM32\profapi.dll
0x00007ffaf8700000 - 0x00007ffaf8718000 	c:\Users\PAULO ROBERTO\.vscode\extensions\redhat.java-1.55.0-win32-x64\jre\21.0.11-win32-x86_64\bin\zip.dll
0x00007ffaf96f0000 - 0x00007ffaf9700000 	C:\Users\PAULO ROBERTO\.vscode\extensions\redhat.java-1.55.0-win32-x64\jre\21.0.11-win32-x86_64\bin\net.dll
0x00007ffaf9980000 - 0x00007ffaf9aaa000 	C:\WINDOWS\SYSTEM32\WINHTTP.dll
0x00007ffb03d60000 - 0x00007ffb03dcc000 	C:\WINDOWS\system32\mswsock.dll
0x00007ffaf86b0000 - 0x00007ffaf86c6000 	C:\Users\PAULO ROBERTO\.vscode\extensions\redhat.java-1.55.0-win32-x64\jre\21.0.11-win32-x86_64\bin\nio.dll
0x00007ffaf8e60000 - 0x00007ffaf8e70000 	c:\Users\PAULO ROBERTO\.vscode\extensions\redhat.java-1.55.0-win32-x64\jre\21.0.11-win32-x86_64\bin\verify.dll
0x00007ffa8d4c0000 - 0x00007ffa8d505000 	C:\Users\PAULO ROBERTO\AppData\Roaming\Code\User\globalStorage\redhat.java\1.55.0\config_win\org.eclipse.equinox.launcher\org.eclipse.equinox.launcher.win32.win32.x86_64_1.3.100.v20260613-0559\eclipse_11924.dll
0x00007ffb065d0000 - 0x00007ffb06769000 	C:\WINDOWS\System32\ole32.dll

JVMTI agents:
c:\Users\PAULO ROBERTO\.vscode\extensions\redhat.java-1.55.0-win32-x64\lombok\lombok-1.18.39-4050.jar path:c:\Users\PAULO ROBERTO\.vscode\extensions\redhat.java-1.55.0-win32-x64\jre\21.0.11-win32-x86_64\bin\instrument.dll, loaded, initialized, instrumentlib options:none

dbghelp: loaded successfully - version: 4.0.5 - missing functions: none
symbol engine: initialized successfully - sym options: 0x614 - pdb path: .;c:\Users\PAULO ROBERTO\.vscode\extensions\redhat.java-1.55.0-win32-x64\jre\21.0.11-win32-x86_64\bin;C:\WINDOWS\SYSTEM32;C:\WINDOWS\WinSxS\amd64_microsoft.windows.common-controls_6595b64144ccf1df_6.0.26100.9278_none_3e0d1ba8e3303201;c:\Users\PAULO ROBERTO\.vscode\extensions\redhat.java-1.55.0-win32-x64\jre\21.0.11-win32-x86_64\bin\server;C:\Users\PAULO ROBERTO\AppData\Roaming\Code\User\globalStorage\redhat.java\1.55.0\config_win\org.eclipse.equinox.launcher\org.eclipse.equinox.launcher.win32.win32.x86_64_1.3.100.v20260613-0559

VM Arguments:
jvm_args: --add-modules=ALL-SYSTEM --add-opens=java.base/java.util=ALL-UNNAMED --add-opens=java.base/java.lang=ALL-UNNAMED --add-opens=java.base/sun.nio.fs=ALL-UNNAMED -Declipse.application=org.eclipse.jdt.ls.core.id1 -Dosgi.bundles.defaultStartLevel=4 -Declipse.product=org.eclipse.jdt.ls.core.product -Djava.import.generatesMetadataFilesAtProjectRoot=false -DDetectVMInstallationsJob.disabled=true -Dfile.encoding=utf8 -XX:+UseParallelGC -XX:GCTimeRatio=4 -XX:AdaptiveSizePolicyWeight=90 -Dsun.zip.disableMemoryMapping=true -Xmx2G -Xms100m -Xlog:disable -javaagent:c:\Users\PAULO ROBERTO\.vscode\extensions\redhat.java-1.55.0-win32-x64\lombok\lombok-1.18.39-4050.jar -XX:+HeapDumpOnOutOfMemoryError -XX:HeapDumpPath=c:\Users\PAULO ROBERTO\AppData\Roaming\Code\User\workspaceStorage\af78278a2264e0da21869ec41e085d06\redhat.java -Daether.dependencyCollector.impl=bf 
java_command: c:\Users\PAULO ROBERTO\.vscode\extensions\redhat.java-1.55.0-win32-x64\server\plugins\org.eclipse.equinox.launcher_1.7.200.v20260619-2039.jar -configuration c:\Users\PAULO ROBERTO\AppData\Roaming\Code\User\globalStorage\redhat.java\1.55.0\config_win -data c:\Users\PAULO ROBERTO\AppData\Roaming\Code\User\workspaceStorage\af78278a2264e0da21869ec41e085d06\redhat.java\jdt_ws --pipe=\\.\pipe\lsp-41911355dff159842795b04b27860998-sock
java_class_path (initial): c:\Users\PAULO ROBERTO\.vscode\extensions\redhat.java-1.55.0-win32-x64\server\plugins\org.eclipse.equinox.launcher_1.7.200.v20260619-2039.jar
Launcher Type: SUN_STANDARD

[Global flags]
    uintx AdaptiveSizePolicyWeight                 = 90                                        {product} {command line}
     intx CICompilerCount                          = 4                                         {product} {ergonomic}
    uintx GCTimeRatio                              = 4                                         {product} {command line}
     bool HeapDumpOnOutOfMemoryError               = true                                   {manageable} {command line}
    ccstr HeapDumpPath                             = c:\Users\PAULO ROBERTO\AppData\Roaming\Code\User\workspaceStorage\af78278a2264e0da21869ec41e085d06\redhat.java         {manageable} {command line}
   size_t InitialHeapSize                          = 104857600                                 {product} {command line}
   size_t MaxHeapSize                              = 2147483648                                {product} {command line}
   size_t MaxNewSize                               = 715653120                                 {product} {ergonomic}
   size_t MinHeapDeltaBytes                        = 524288                                    {product} {ergonomic}
   size_t MinHeapSize                              = 104857600                                 {product} {command line}
   size_t NewSize                                  = 34603008                                  {product} {ergonomic}
    uintx NonNMethodCodeHeapSize                   = 5839372                                {pd product} {ergonomic}
    uintx NonProfiledCodeHeapSize                  = 122909434                              {pd product} {ergonomic}
   size_t OldSize                                  = 70254592                                  {product} {ergonomic}
    uintx ProfiledCodeHeapSize                     = 122909434                              {pd product} {ergonomic}
    uintx ReservedCodeCacheSize                    = 251658240                              {pd product} {ergonomic}
     bool SegmentedCodeCache                       = true                                      {product} {ergonomic}
   size_t SoftMaxHeapSize                          = 2147483648                             {manageable} {ergonomic}
     bool UseCompressedOops                        = true                           {product lp64_product} {ergonomic}
     bool UseLargePagesIndividualAllocation        = false                                  {pd product} {ergonomic}
     bool UseParallelGC                            = true                                      {product} {command line}

Logging:
Log output configuration:
 #0: stdout all=off uptime,level,tags foldmultilines=false
 #1: stderr all=off uptime,level,tags foldmultilines=false

Release file:
JAVA_VERSION="21.0.11" 
MODULES="java.base java.compiler java.datatransfer java.xml java.prefs java.desktop java.instrument java.logging java.management java.security.sasl java.naming java.rmi java.management.rmi java.net.http java.scripting java.security.jgss java.transaction.xa java.sql java.sql.rowset java.xml.crypto java.se java.smartcardio jdk.accessibility jdk.internal.jvmstat jdk.attach jdk.charsets jdk.internal.opt jdk.zipfs jdk.compiler jdk.crypto.ec jdk.crypto.cryptoki jdk.crypto.mscapi jdk.dynalink jdk.internal.ed jdk.editpad jdk.hotspot.agent jdk.httpserver jdk.internal.le jdk.internal.vm.ci jdk.internal.vm.compiler jdk.internal.vm.compiler.management jdk.jartool jdk.javadoc jdk.jcmd jdk.management jdk.management.agent jdk.jconsole jdk.jdeps jdk.jdwp.agent jdk.jdi jdk.jfr jdk.jshell jdk.jsobject jdk.jstatd jdk.localedata jdk.management.jfr jdk.naming.dns jdk.naming.rmi jdk.net jdk.nio.mapmode jdk.random jdk.sctp jdk.security.auth jdk.security.jgss jdk.unsupported jdk.unsupported.desktop jdk.xml.dom" 

Environment Variables:
JAVA_HOME=C:\Program Files\Java\jdk-21
PATH=C:\Program Files\Common Files\Oracle\Java\javapath;C:\WINDOWS\system32;C:\WINDOWS;C:\WINDOWS\System32\Wbem;C:\WINDOWS\System32\WindowsPowerShell\v1.0\;C:\WINDOWS\System32\OpenSSH\;C:\Program Files\dotnet\;C:\Program Files\NVIDIA Corporation\NVIDIA App\NvDLISR;C:\Program Files (x86)\NVIDIA Corporation\PhysX\Common;C:\Program Files\GitHub CLI\;C:\Program Files\nodejs\;C:\Program Files\Git\cmd;C:\Users\PAULO ROBERTO\.local\bin;C:\Users\PAULO ROBERTO\AppData\Local\Microsoft\WindowsApps;C:\Users\PAULO ROBERTO\AppData\Roaming\npm;C:\Users\PAULO ROBERTO\AppData\Local\Programs\Microsoft VS Code\bin;C:\Users\PAULO ROBERTO\.bun\bin;C:\Users\PAULO ROBERTO\AppData\Local\Microsoft\WinGet\Packages\jqlang.jq_Microsoft.Winget.Source_8wekyb3d8bbwe;C:\Users\PAULO ROBERTO\.lmstudio\bin;C:\Users\PAULO ROBERTO\AppData\Local\PowerToys\DSCModules\
USERNAME=PAULO ROBERTO
OS=Windows_NT
PROCESSOR_IDENTIFIER=Intel64 Family 6 Model 186 Stepping 2, GenuineIntel
TMP=C:\Users\PAULOR~1\AppData\Local\Temp
TEMP=C:\Users\PAULOR~1\AppData\Local\Temp




Periodic native trim disabled

---------------  S Y S T E M  ---------------

OS:
 Windows 11 , 64 bit Build 26100 (10.0.26100.9278)
OS uptime: 6 days 23:57 hours
Hyper-V role detected

CPU: total 12 (initial active 12) (6 cores per cpu, 2 threads per core) family 6 model 186 stepping 2 microcode 0x5103, cx8, cmov, fxsr, ht, mmx, 3dnowpref, sse, sse2, sse3, ssse3, sse4.1, sse4.2, popcnt, lzcnt, tsc, tscinvbit, avx, avx2, aes, erms, clmul, bmi1, bmi2, adx, sha, fma, vzeroupper, clflush, clflushopt, clwb, hv, serialize, rdtscp, rdpid, fsrm, f16c, cet_ibt, cet_ss
Processor Information for the first 12 processors :
  Max Mhz: 2100, Current Mhz: 2100, Mhz Limit: 2100

Memory: 4k page, system-wide physical 16087M (502M free)
TotalPageFile size 32471M (AvailPageFile size 0M)
current process WorkingSet (physical memory assigned to process): 123M, peak: 129M
current process commit charge ("private bytes"): 266M, peak: 274M

vm_info: OpenJDK 64-Bit Server VM (21.0.11+10-LTS) for windows-amd64 JRE (21.0.11+10-LTS), built on 2026-04-21T00:00:00Z by "admin" with MS VC++ 17.12 (VS2022)

END.
