#
# There is insufficient memory for the Java Runtime Environment to continue.
# Native memory allocation (malloc) failed to allocate 356944 bytes. Error detail: Chunk::new
# Possible reasons:
#   The system is out of physical RAM or swap space
#   This process is running with CompressedOops enabled, and the Java Heap may be blocking the growth of the native heap
# Possible solutions:
#   Reduce memory load on the system
#   Increase physical memory or swap space
#   Check if swap backing store is full
#   Decrease Java heap size (-Xmx/-Xms)
#   Decrease number of Java threads
#   Decrease Java thread stack sizes (-Xss)
#   Set larger code cache with -XX:ReservedCodeCacheSize=
#   JVM is running with Unscaled Compressed Oops mode in which the Java heap is
#     placed in the first 4GB address space. The Java Heap base address is the
#     maximum limit for the native heap growth. Please use -XX:HeapBaseMinAddress
#     to set the Java Heap base and to place the Java Heap above 4GB virtual address.
# This output file may be truncated or incomplete.
#
#  Out of Memory Error (arena.cpp:168), pid=27084, tid=31316
#
# JRE version: OpenJDK Runtime Environment Temurin-21.0.11+10 (21.0.11+10) (build 21.0.11+10-LTS)
# Java VM: OpenJDK 64-Bit Server VM Temurin-21.0.11+10 (21.0.11+10-LTS, mixed mode, sharing, tiered, compressed oops, compressed class ptrs, parallel gc, windows-amd64)
# No core dump will be written. Minidumps are not enabled by default on client versions of Windows
#

---------------  S U M M A R Y ------------

Command Line: --add-modules=ALL-SYSTEM --add-opens=java.base/java.util=ALL-UNNAMED --add-opens=java.base/java.lang=ALL-UNNAMED --add-opens=java.base/sun.nio.fs=ALL-UNNAMED -Declipse.application=org.eclipse.jdt.ls.core.id1 -Dosgi.bundles.defaultStartLevel=4 -Declipse.product=org.eclipse.jdt.ls.core.product -Djava.import.generatesMetadataFilesAtProjectRoot=false -DDetectVMInstallationsJob.disabled=true -Dfile.encoding=utf8 -XX:+UseParallelGC -XX:GCTimeRatio=4 -XX:AdaptiveSizePolicyWeight=90 -Dsun.zip.disableMemoryMapping=true -Xmx2G -Xms100m -Xlog:disable -javaagent:c:\Users\PAULO ROBERTO\.vscode\extensions\redhat.java-1.55.0-win32-x64\lombok\lombok-1.18.39-4050.jar c:\Users\PAULO ROBERTO\.vscode\extensions\redhat.java-1.55.0-win32-x64\server\plugins\org.eclipse.equinox.launcher_1.7.200.v20260619-2039.jar -configuration c:\Users\PAULO ROBERTO\AppData\Roaming\Code\User\globalStorage\redhat.java\1.55.0\config_ss_win -data c:\Users\PAULO ROBERTO\AppData\Roaming\Code\User\workspaceStorage\af78278a2264e0da21869ec41e085d06\redhat.java\ss_ws --pipe=\\.\pipe\lsp-79061f8ce261001edd75d956b71a1dc8-sock

Host: 13th Gen Intel(R) Core(TM) i5-13420H, 12 cores, 15G,  Windows 11 , 64 bit Build 26100 (10.0.26100.8972)
Time: Fri Aug 14 14:20:39 2026 Hora Padrão de Bogotá elapsed time: 12.472863 seconds (0d 0h 0m 12s)

---------------  T H R E A D  ---------------

Current thread (0x000001b7fa85e5a0):  JavaThread "C2 CompilerThread0" daemon [_thread_in_native, id=31316, stack(0x00000077ba100000,0x00000077ba200000) (1024K)]


Current CompileTask:
C2:12473 1706       4       java.io.WinNTFileSystem::normalize (143 bytes)

Stack: [0x00000077ba100000,0x00000077ba200000]
Native frames: (J=compiled Java code, j=interpreted, Vv=VM code, C=native code)
V  [jvm.dll+0x6d7e19]
V  [jvm.dll+0x8b5096]
V  [jvm.dll+0x8b764e]
V  [jvm.dll+0x8b7d33]
V  [jvm.dll+0x284596]
V  [jvm.dll+0xc685d]
V  [jvm.dll+0xc6da1]
V  [jvm.dll+0x3bed6b]
V  [jvm.dll+0x38b2b2]
V  [jvm.dll+0x38a6fa]
V  [jvm.dll+0x24c700]
V  [jvm.dll+0x24bce0]
V  [jvm.dll+0x1cb4ae]
V  [jvm.dll+0x25baad]
V  [jvm.dll+0x25a03a]
V  [jvm.dll+0x3f868e]
V  [jvm.dll+0x85fb0d]
V  [jvm.dll+0x6d664d]
C  [ucrtbase.dll+0x2cd30]
C  [KERNEL32.DLL+0x2ccb7]
C  [ntdll.dll+0xaad6c]


---------------  P R O C E S S  ---------------

Threads class SMR info:
_java_thread_list=0x000001b7d6994ea0, length=12, elements={
0x000001b7fa79c4c0, 0x000001b7fa8411b0, 0x000001b7fa841ed0, 0x000001b7fa847930,
0x000001b7fa84a510, 0x000001b7fa84b380, 0x000001b7fa8505a0, 0x000001b7fa85e5a0,
0x000001b7d5462e90, 0x000001b7fa84e4d0, 0x000001b7fa851950, 0x000001b7fa84eb60
}

Java Threads: ( => current thread )
  0x000001b7fa79c4c0 JavaThread "main"                              [_thread_in_Java, id=55420, stack(0x00000077b9700000,0x00000077b9800000) (1024K)]
  0x000001b7fa8411b0 JavaThread "Reference Handler"          daemon [_thread_blocked, id=29552, stack(0x00000077b9b00000,0x00000077b9c00000) (1024K)]
  0x000001b7fa841ed0 JavaThread "Finalizer"                  daemon [_thread_blocked, id=11136, stack(0x00000077b9c00000,0x00000077b9d00000) (1024K)]
  0x000001b7fa847930 JavaThread "Signal Dispatcher"          daemon [_thread_blocked, id=17144, stack(0x00000077b9d00000,0x00000077b9e00000) (1024K)]
  0x000001b7fa84a510 JavaThread "Attach Listener"            daemon [_thread_blocked, id=28212, stack(0x00000077b9e00000,0x00000077b9f00000) (1024K)]
  0x000001b7fa84b380 JavaThread "Service Thread"             daemon [_thread_blocked, id=40628, stack(0x00000077b9f00000,0x00000077ba000000) (1024K)]
  0x000001b7fa8505a0 JavaThread "Monitor Deflation Thread"   daemon [_thread_blocked, id=10056, stack(0x00000077ba000000,0x00000077ba100000) (1024K)]
=>0x000001b7fa85e5a0 JavaThread "C2 CompilerThread0"         daemon [_thread_in_native, id=31316, stack(0x00000077ba100000,0x00000077ba200000) (1024K)]
  0x000001b7d5462e90 JavaThread "C1 CompilerThread0"         daemon [_thread_in_native, id=55740, stack(0x00000077ba200000,0x00000077ba300000) (1024K)]
  0x000001b7fa84e4d0 JavaThread "Common-Cleaner"             daemon [_thread_blocked, id=36924, stack(0x00000077ba400000,0x00000077ba500000) (1024K)]
  0x000001b7fa851950 JavaThread "Notification Thread"        daemon [_thread_blocked, id=28848, stack(0x00000077ba300000,0x00000077ba400000) (1024K)]
  0x000001b7fa84eb60 JavaThread "Active Thread: Equinox Container: 2970d455-3b02-47b4-a2c4-00606e618e1c"        [_thread_blocked, id=38140, stack(0x00000077ba500000,0x00000077ba600000) (1024K)]
Total: 12

Other Threads:
  0x000001b7fff14570 VMThread "VM Thread"                           [id=41784, stack(0x00000077b9a00000,0x00000077b9b00000) (1024K)]
  0x000001b7ffe0ba00 WatcherThread "VM Periodic Task Thread"        [id=43548, stack(0x00000077b9900000,0x00000077b9a00000) (1024K)]
  0x000001b7fa7bbc10 WorkerThread "GC Thread#0"                     [id=32380, stack(0x00000077b9800000,0x00000077b9900000) (1024K)]
  0x000001b7d69a4750 WorkerThread "GC Thread#1"                     [id=23440, stack(0x00000077ba700000,0x00000077ba800000) (1024K)]
  0x000001b7d6a19810 WorkerThread "GC Thread#2"                     [id=1148, stack(0x00000077ba800000,0x00000077ba900000) (1024K)]
  0x000001b7d6579ad0 WorkerThread "GC Thread#3"                     [id=15808, stack(0x00000077ba900000,0x00000077baa00000) (1024K)]
  0x000001b7d6b3c9a0 WorkerThread "GC Thread#4"                     [id=22152, stack(0x00000077baa00000,0x00000077bab00000) (1024K)]
  0x000001b7d6b3cd50 WorkerThread "GC Thread#5"                     [id=37068, stack(0x00000077bab00000,0x00000077bac00000) (1024K)]
  0x000001b7db032970 WorkerThread "GC Thread#6"                     [id=36928, stack(0x00000077bac00000,0x00000077bad00000) (1024K)]
Total: 9

Threads with active compile tasks:
C2 CompilerThread0  12495 1706       4       java.io.WinNTFileSystem::normalize (143 bytes)
C1 CompilerThread0  12495 1729       3       java.io.WinNTFileSystem::resolve (326 bytes)
Total: 2

VM state: not at safepoint (normal execution)

VM Mutex/Monitor currently owned by a thread: None

Heap address: 0x0000000080000000, size: 2048 MB, Compressed Oops mode: 32-bit

CDS archive(s) mapped at: [0x000001b793000000-0x000001b793ba0000-0x000001b793ba0000), size 12189696, SharedBaseAddress: 0x000001b793000000, ArchiveRelocationMode: 1.
Compressed class space mapped at: 0x000001b794000000-0x000001b7d4000000, reserved size: 1073741824
Narrow klass base: 0x000001b793000000, Narrow klass shift: 0, Narrow klass range: 0x100000000

GC Precious Log:
 CardTable entry size: 512
 CPUs: 12 total, 12 available
 Memory: 16087M
 Large Page Support: Disabled
 NUMA Support: Disabled
 Compressed Oops: Enabled (32-bit)
 Alignments: Space 512K, Generation 512K, Heap 2M
 Heap Min Capacity: 100M
 Heap Initial Capacity: 100M
 Heap Max Capacity: 2G
 Pre-touch: Disabled
 Parallel Workers: 10

Heap:
 PSYoungGen      total 29696K, used 27007K [0x00000000d5580000, 0x00000000d7680000, 0x0000000100000000)
  eden space 25600K, 92% used [0x00000000d5580000,0x00000000d6ca9db8,0x00000000d6e80000)
  from space 4096K, 80% used [0x00000000d6e80000,0x00000000d71b5ea8,0x00000000d7280000)
  to   space 4096K, 0% used [0x00000000d7280000,0x00000000d7280000,0x00000000d7680000)
 ParOldGen       total 68608K, used 16K [0x0000000080000000, 0x0000000084300000, 0x00000000d5580000)
  object space 68608K, 0% used [0x0000000080000000,0x0000000080004000,0x0000000084300000)
 Metaspace       used 7959K, committed 8256K, reserved 1114112K
  class space    used 832K, committed 960K, reserved 1048576K

Card table byte_map: [0x000001b7ff270000,0x000001b7ff680000] _byte_map_base: 0x000001b7fee70000

Marking Bits: (ParMarkBitMap*) 0x00007fff90a14460
 Begin Bits: [0x000001b78f000000, 0x000001b791000000)
 End Bits:   [0x000001b791000000, 0x000001b793000000)

Polling page: 0x000001b7fa4c0000

Metaspace:

Usage:
  Non-class:      6.96 MB used.
      Class:    832.81 KB used.
       Both:      7.77 MB used.

Virtual space:
  Non-class space:       64.00 MB reserved,       7.12 MB ( 11%) committed,  1 nodes.
      Class space:        1.00 GB reserved,     960.00 KB ( <1%) committed,  1 nodes.
             Both:        1.06 GB reserved,       8.06 MB ( <1%) committed. 

Chunk freelists:
   Non-Class:  8.83 MB
       Class:  14.91 MB
        Both:  23.73 MB

MaxMetaspaceSize: unlimited
CompressedClassSpaceSize: 1.00 GB
Initial GC threshold: 21.00 MB
Current GC threshold: 21.00 MB
CDS: on
 - commit_granule_bytes: 65536.
 - commit_granule_words: 8192.
 - virtual_space_node_default_size: 8388608.
 - enlarge_chunks_in_place: 1.
 - use_allocation_guard: 0.


Internal statistics:

num_allocs_failed_limit: 0.
num_arena_births: 228.
num_arena_deaths: 0.
num_vsnodes_births: 2.
num_vsnodes_deaths: 0.
num_space_committed: 129.
num_space_uncommitted: 0.
num_chunks_returned_to_freelist: 0.
num_chunks_taken_from_freelist: 417.
num_chunk_merges: 0.
num_chunk_splits: 268.
num_chunks_enlarged: 178.
num_inconsistent_stats: 0.

CodeHeap 'non-profiled nmethods': size=120000Kb used=709Kb max_used=709Kb free=119290Kb
 bounds [0x000001b787ad0000, 0x000001b787d40000, 0x000001b78f000000]
CodeHeap 'profiled nmethods': size=120000Kb used=3060Kb max_used=3060Kb free=116939Kb
 bounds [0x000001b780000000, 0x000001b780300000, 0x000001b787530000]
CodeHeap 'non-nmethods': size=5760Kb used=1217Kb max_used=1237Kb free=4543Kb
 bounds [0x000001b787530000, 0x000001b7877a0000, 0x000001b787ad0000]
CodeCache: size=245760Kb, used=4986Kb, max_used=5006Kb, free=240772Kb
 total_blobs=2204, nmethods=1721, adapters=390, full_count=0
Compilation: enabled, stopped_count=0, restarted_count=0

Compilation events (20 events):
Event: 10.433 Thread 0x000001b7d5462e90 nmethod 1707 0x000001b7802eda90 code [0x000001b7802edc80, 0x000001b7802ee0d8]
Event: 10.433 Thread 0x000001b7d5462e90 1708       3       java.lang.System::getProperty (25 bytes)
Event: 10.433 Thread 0x000001b7d5462e90 nmethod 1708 0x000001b7802ee290 code [0x000001b7802ee4a0, 0x000001b7802eea88]
Event: 10.433 Thread 0x000001b7d5462e90 1709       3       org.eclipse.osgi.internal.framework.EquinoxConfiguration$ConfigValues::internalGet (24 bytes)
Event: 10.434 Thread 0x000001b7d5462e90 nmethod 1709 0x000001b7802eec90 code [0x000001b7802eeea0, 0x000001b7802ef498]
Event: 10.436 Thread 0x000001b7d5462e90 1712       3       java.util.Collections::emptyIterator (4 bytes)
Event: 10.436 Thread 0x000001b7d5462e90 nmethod 1712 0x000001b7802ef690 code [0x000001b7802ef820, 0x000001b7802ef918]
Event: 10.438 Thread 0x000001b7d5462e90 1713       3       sun.net.util.IPAddressUtil::checkUserInfo (44 bytes)
Event: 10.439 Thread 0x000001b7d5462e90 nmethod 1713 0x000001b7802ef990 code [0x000001b7802efc20, 0x000001b7802f0668]
Event: 10.439 Thread 0x000001b7d5462e90 1714       3       java.io.File::isAbsolute (8 bytes)
Event: 10.439 Thread 0x000001b7d5462e90 nmethod 1714 0x000001b7802f0b10 code [0x000001b7802f0cc0, 0x000001b7802f0e10]
Event: 10.439 Thread 0x000001b7d5462e90 1715       3       java.io.WinNTFileSystem::isAbsolute (36 bytes)
Event: 10.439 Thread 0x000001b7d5462e90 nmethod 1715 0x000001b7802f0e90 code [0x000001b7802f10a0, 0x000001b7802f1730]
Event: 10.440 Thread 0x000001b7d5462e90 1717       3       java.net.URL::<init> (438 bytes)
Event: 10.442 Thread 0x000001b7d5462e90 nmethod 1717 0x000001b7802f1a10 code [0x000001b7802f20e0, 0x000001b7802f5458]
Event: 10.442 Thread 0x000001b7d5462e90 1718       3       java.lang.String::toCharArray (25 bytes)
Event: 10.442 Thread 0x000001b7d5462e90 nmethod 1718 0x000001b7802f6890 code [0x000001b7802f6a60, 0x000001b7802f6cf8]
Event: 10.442 Thread 0x000001b7d5462e90 1719       3       java.lang.StringLatin1::toChars (16 bytes)
Event: 10.442 Thread 0x000001b7d5462e90 nmethod 1719 0x000001b7802f6e10 code [0x000001b7802f6fc0, 0x000001b7802f71a0]
Event: 10.444 Thread 0x000001b7d5462e90 1720       3       java.io.File::slashify (84 bytes)

GC Heap History (2 events):
Event: 6.896 GC heap before
{Heap before GC invocations=1 (full 0):
 PSYoungGen      total 29696K, used 25600K [0x00000000d5580000, 0x00000000d7680000, 0x0000000100000000)
  eden space 25600K, 100% used [0x00000000d5580000,0x00000000d6e80000,0x00000000d6e80000)
  from space 4096K, 0% used [0x00000000d7280000,0x00000000d7280000,0x00000000d7680000)
  to   space 4096K, 0% used [0x00000000d6e80000,0x00000000d6e80000,0x00000000d7280000)
 ParOldGen       total 68608K, used 0K [0x0000000080000000, 0x0000000084300000, 0x00000000d5580000)
  object space 68608K, 0% used [0x0000000080000000,0x0000000080000000,0x0000000084300000)
 Metaspace       used 4357K, committed 4608K, reserved 1114112K
  class space    used 473K, committed 576K, reserved 1048576K
}
Event: 6.901 GC heap after
{Heap after GC invocations=1 (full 0):
 PSYoungGen      total 29696K, used 3287K [0x00000000d5580000, 0x00000000d7680000, 0x0000000100000000)
  eden space 25600K, 0% used [0x00000000d5580000,0x00000000d5580000,0x00000000d6e80000)
  from space 4096K, 80% used [0x00000000d6e80000,0x00000000d71b5ea8,0x00000000d7280000)
  to   space 4096K, 0% used [0x00000000d7280000,0x00000000d7280000,0x00000000d7680000)
 ParOldGen       total 68608K, used 16K [0x0000000080000000, 0x0000000084300000, 0x00000000d5580000)
  object space 68608K, 0% used [0x0000000080000000,0x0000000080004000,0x0000000084300000)
 Metaspace       used 4357K, committed 4608K, reserved 1114112K
  class space    used 473K, committed 576K, reserved 1048576K
}

Dll operation events (8 events):
Event: 0.012 Loaded shared library c:\Users\PAULO ROBERTO\.vscode\extensions\redhat.java-1.55.0-win32-x64\jre\21.0.11-win32-x86_64\bin\java.dll
Event: 1.109 Loaded shared library c:\Users\PAULO ROBERTO\.vscode\extensions\redhat.java-1.55.0-win32-x64\jre\21.0.11-win32-x86_64\bin\zip.dll
Event: 1.140 Loaded shared library C:\Users\PAULO ROBERTO\.vscode\extensions\redhat.java-1.55.0-win32-x64\jre\21.0.11-win32-x86_64\bin\instrument.dll
Event: 1.147 Loaded shared library C:\Users\PAULO ROBERTO\.vscode\extensions\redhat.java-1.55.0-win32-x64\jre\21.0.11-win32-x86_64\bin\net.dll
Event: 1.152 Loaded shared library C:\Users\PAULO ROBERTO\.vscode\extensions\redhat.java-1.55.0-win32-x64\jre\21.0.11-win32-x86_64\bin\nio.dll
Event: 1.158 Loaded shared library C:\Users\PAULO ROBERTO\.vscode\extensions\redhat.java-1.55.0-win32-x64\jre\21.0.11-win32-x86_64\bin\zip.dll
Event: 1.184 Loaded shared library C:\Users\PAULO ROBERTO\.vscode\extensions\redhat.java-1.55.0-win32-x64\jre\21.0.11-win32-x86_64\bin\jimage.dll
Event: 1.277 Loaded shared library c:\Users\PAULO ROBERTO\.vscode\extensions\redhat.java-1.55.0-win32-x64\jre\21.0.11-win32-x86_64\bin\verify.dll

Deoptimization events (20 events):
Event: 10.363 Thread 0x000001b7fa79c4c0 DEOPT PACKING pc=0x000001b787b49ba8 sp=0x00000077b97fe490
Event: 10.363 Thread 0x000001b7fa79c4c0 DEOPT UNPACKING pc=0x000001b787583aa2 sp=0x00000077b97fe420 mode 2
Event: 10.365 Thread 0x000001b7fa79c4c0 Uncommon trap: trap_request=0xffffffde fr.pc=0x000001b787b49ba8 relative=0x0000000000000a28
Event: 10.365 Thread 0x000001b7fa79c4c0 Uncommon trap: reason=class_check action=maybe_recompile pc=0x000001b787b49ba8 method=java.util.HashMap.putVal(ILjava/lang/Object;Ljava/lang/Object;ZZ)Ljava/lang/Object; @ 253 c2
Event: 10.365 Thread 0x000001b7fa79c4c0 DEOPT PACKING pc=0x000001b787b49ba8 sp=0x00000077b97fe490
Event: 10.365 Thread 0x000001b7fa79c4c0 DEOPT UNPACKING pc=0x000001b787583aa2 sp=0x00000077b97fe420 mode 2
Event: 10.405 Thread 0x000001b7fa79c4c0 DEOPT PACKING pc=0x000001b78011088b sp=0x00000077b97fca20
Event: 10.405 Thread 0x000001b7fa79c4c0 DEOPT UNPACKING pc=0x000001b787584242 sp=0x00000077b97fbe98 mode 0
Event: 10.406 Thread 0x000001b7fa79c4c0 DEOPT PACKING pc=0x000001b780179008 sp=0x00000077b97fc620
Event: 10.406 Thread 0x000001b7fa79c4c0 DEOPT UNPACKING pc=0x000001b787584242 sp=0x00000077b97fbaa0 mode 0
Event: 10.406 Thread 0x000001b7fa79c4c0 DEOPT PACKING pc=0x000001b7800fbb06 sp=0x00000077b97fc4e0
Event: 10.406 Thread 0x000001b7fa79c4c0 DEOPT UNPACKING pc=0x000001b787584242 sp=0x00000077b97fb960 mode 0
Event: 10.407 Thread 0x000001b7fa79c4c0 DEOPT PACKING pc=0x000001b780179008 sp=0x00000077b97fc930
Event: 10.407 Thread 0x000001b7fa79c4c0 DEOPT UNPACKING pc=0x000001b787584242 sp=0x00000077b97fbdb0 mode 0
Event: 10.407 Thread 0x000001b7fa79c4c0 DEOPT PACKING pc=0x000001b7800fbb06 sp=0x00000077b97fc730
Event: 10.407 Thread 0x000001b7fa79c4c0 DEOPT UNPACKING pc=0x000001b787584242 sp=0x00000077b97fbbb0 mode 0
Event: 10.407 Thread 0x000001b7fa79c4c0 DEOPT PACKING pc=0x000001b780179008 sp=0x00000077b97fc880
Event: 10.407 Thread 0x000001b7fa79c4c0 DEOPT UNPACKING pc=0x000001b787584242 sp=0x00000077b97fbd00 mode 0
Event: 10.408 Thread 0x000001b7fa79c4c0 DEOPT PACKING pc=0x000001b780179008 sp=0x00000077b97fcb80
Event: 10.408 Thread 0x000001b7fa79c4c0 DEOPT UNPACKING pc=0x000001b787584242 sp=0x00000077b97fc000 mode 0

Classes loaded (20 events):
Event: 10.403 Loading class java/security/KeyStoreException
Event: 10.403 Loading class java/security/KeyStoreException done
Event: 10.417 Loading class java/util/LinkedList$Node
Event: 10.417 Loading class java/util/LinkedList$Node done
Event: 10.417 Loading class java/util/LinkedList$ListItr
Event: 10.417 Loading class java/util/LinkedList$ListItr done
Event: 10.418 Loading class java/lang/Thread$Builder$OfPlatform
Event: 10.418 Loading class java/lang/Thread$Builder
Event: 10.418 Loading class java/lang/Thread$Builder done
Event: 10.418 Loading class java/lang/Thread$Builder$OfPlatform done
Event: 10.418 Loading class java/lang/Thread$Builder$OfVirtual
Event: 10.418 Loading class java/lang/Thread$Builder$OfVirtual done
Event: 10.423 Loading class sun/nio/fs/WindowsChannelFactory
Event: 10.423 Loading class sun/nio/fs/WindowsChannelFactory done
Event: 10.423 Loading class sun/nio/fs/WindowsChannelFactory$1
Event: 10.423 Loading class sun/nio/fs/WindowsChannelFactory$1 done
Event: 10.423 Loading class sun/nio/fs/WindowsChannelFactory$Flags
Event: 10.423 Loading class sun/nio/fs/WindowsChannelFactory$Flags done
Event: 10.424 Loading class sun/nio/ch/FileChannelImpl$Closer
Event: 10.424 Loading class sun/nio/ch/FileChannelImpl$Closer done

Classes unloaded (0 events):
No events

Classes redefined (0 events):
No events

Internal exceptions (20 events):
Event: 6.759 Thread 0x000001b7fa79c4c0 Exception <a 'java/lang/NoSuchMethodError'{0x00000000d661e9a8}: 'java.lang.Object java.lang.invoke.DirectMethodHandle$Holder.invokeInterface(java.lang.Object, java.lang.Object, int)'> (0x00000000d661e9a8) 
thrown [s\src\hotspot\share\interpreter\linkResolver.cpp, line 773]
Event: 6.852 Thread 0x000001b7fa79c4c0 Exception <a 'java/lang/NoSuchMethodError'{0x00000000d6a86cb8}: 'java.lang.ClassLoader java.lang.ClassLoader.getPlatformClassLoader(java.lang.Class)'> (0x00000000d6a86cb8) 
thrown [s\src\hotspot\share\interpreter\linkResolver.cpp, line 773]
Event: 6.906 Thread 0x000001b7fa79c4c0 Exception <a 'java/lang/ClassNotFoundException'{0x00000000d55a13c8}: sun/net/www/protocol/c/Handler> (0x00000000d55a13c8) 
thrown [s\src\hotspot\share\classfile\systemDictionary.cpp, line 313]
Event: 6.906 Thread 0x000001b7fa79c4c0 Exception <a 'java/lang/ClassNotFoundException'{0x00000000d55a2760}: sun/net/www/protocol/c/Handler> (0x00000000d55a2760) 
thrown [s\src\hotspot\share\classfile\systemDictionary.cpp, line 313]
Event: 6.906 Thread 0x000001b7fa79c4c0 Exception <a 'java/lang/ClassNotFoundException'{0x00000000d55a38f8}: sun/net/www/protocol/c/Handler> (0x00000000d55a38f8) 
thrown [s\src\hotspot\share\classfile\systemDictionary.cpp, line 313]
Event: 6.914 Thread 0x000001b7fa79c4c0 Exception <a 'java/io/FileNotFoundException'{0x00000000d55cc3c0}> (0x00000000d55cc3c0) 
thrown [s\src\hotspot\share\prims\jni.cpp, line 520]
Event: 6.940 Thread 0x000001b7fa79c4c0 Implicit null exception at 0x000001b787b3f9c9 to 0x000001b787b40484
Event: 6.941 Thread 0x000001b7fa79c4c0 Implicit null exception at 0x000001b787b3239a to 0x000001b787b325a0
Event: 6.941 Thread 0x000001b7fa79c4c0 Exception <a 'java/lang/NoSuchMethodError'{0x00000000d5740bb8}: 'void java.lang.invoke.DirectMethodHandle$Holder.invokeStatic(java.lang.Object, java.lang.Object, java.lang.Object, java.lang.Object)'> (0x00000000d5740bb8) 
thrown [s\src\hotspot\share\interpreter\linkResolver.cpp, line 773]
Event: 6.942 Thread 0x000001b7fa79c4c0 Implicit null exception at 0x000001b787b3321a to 0x000001b787b33424
Event: 6.942 Thread 0x000001b7fa79c4c0 Implicit null exception at 0x000001b787b2bebd to 0x000001b787b2bf41
Event: 7.004 Thread 0x000001b7fa79c4c0 Exception <a 'java/lang/NoSuchMethodError'{0x00000000d59c2750}: 'void java.lang.invoke.DirectMethodHandle$Holder.invokeSpecial(java.lang.Object, java.lang.Object, java.lang.Object)'> (0x00000000d59c2750) 
thrown [s\src\hotspot\share\interpreter\linkResolver.cpp, line 773]
Event: 8.193 Thread 0x000001b7fa79c4c0 Exception <a 'java/lang/NoSuchMethodError'{0x00000000d62d0e90}: 'int java.lang.invoke.DirectMethodHandle$Holder.invokeVirtual(java.lang.Object, java.lang.Object)'> (0x00000000d62d0e90) 
thrown [s\src\hotspot\share\interpreter\linkResolver.cpp, line 773]
Event: 9.268 Thread 0x000001b7fa79c4c0 Exception <a 'java/lang/NoSuchMethodError'{0x00000000d6448ac8}: 'int java.lang.invoke.DirectMethodHandle$Holder.invokeStaticInit(java.lang.Object, java.lang.Object, java.lang.Object, java.lang.Object)'> (0x00000000d6448ac8) 
thrown [s\src\hotspot\share\interpreter\linkResolver.cpp, line 773]
Event: 9.269 Thread 0x000001b7fa79c4c0 Exception <a 'java/lang/IncompatibleClassChangeError'{0x00000000d64511b0}: Found class java.lang.Object, but interface was expected> (0x00000000d64511b0) 
thrown [s\src\hotspot\share\interpreter\linkResolver.cpp, line 840]
Event: 9.271 Thread 0x000001b7fa79c4c0 Exception <a 'java/lang/NoSuchMethodError'{0x00000000d6457780}: 'void java.lang.invoke.DirectMethodHandle$Holder.invokeStaticInit(java.lang.Object, java.lang.Object)'> (0x00000000d6457780) 
thrown [s\src\hotspot\share\interpreter\linkResolver.cpp, line 773]
Event: 9.272 Thread 0x000001b7fa79c4c0 Exception <a 'java/lang/NoSuchMethodError'{0x00000000d6460978}: 'int java.lang.invoke.DirectMethodHandle$Holder.invokeStaticInit(java.lang.Object, java.lang.Object)'> (0x00000000d6460978) 
thrown [s\src\hotspot\share\interpreter\linkResolver.cpp, line 773]
Event: 10.349 Thread 0x000001b7fa79c4c0 Exception <a 'java/lang/NoSuchMethodError'{0x00000000d66aea50}: 'java.lang.Object java.lang.invoke.DirectMethodHandle$Holder.newInvokeSpecial(java.lang.Object, int, java.lang.Object)'> (0x00000000d66aea50) 
thrown [s\src\hotspot\share\interpreter\linkResolver.cpp, line 773]
Event: 10.387 Thread 0x000001b7fa79c4c0 Exception <a 'java/lang/ClassNotFoundException'{0x00000000d68d2578}: sun/net/www/protocol/plurl/Handler> (0x00000000d68d2578) 
thrown [s\src\hotspot\share\classfile\systemDictionary.cpp, line 313]
Event: 10.387 Thread 0x000001b7fa79c4c0 Exception <a 'java/lang/ClassNotFoundException'{0x00000000d68d33f8}: sun/net/www/protocol/plurl/Handler> (0x00000000d68d33f8) 
thrown [s\src\hotspot\share\classfile\systemDictionary.cpp, line 313]

ZGC Phase Switch (0 events):
No events

VM Operations (20 events):
Event: 6.555 Executing safepoint VM operation: Cleanup done
Event: 6.683 Executing non-safepoint VM operation: HandshakeAllThreads (Deoptimize)
Event: 6.683 Executing non-safepoint VM operation: HandshakeAllThreads (Deoptimize) done
Event: 6.698 Executing non-safepoint VM operation: HandshakeAllThreads (Deoptimize)
Event: 6.698 Executing non-safepoint VM operation: HandshakeAllThreads (Deoptimize) done
Event: 6.896 Executing safepoint VM operation: ParallelGCFailedAllocation (Allocation Failure)
Event: 6.901 Executing safepoint VM operation: ParallelGCFailedAllocation (Allocation Failure) done
Event: 7.902 Executing safepoint VM operation: Cleanup
Event: 7.902 Executing safepoint VM operation: Cleanup done
Event: 8.903 Executing safepoint VM operation: Cleanup
Event: 9.264 Executing safepoint VM operation: Cleanup done
Event: 10.267 Executing safepoint VM operation: Cleanup
Event: 10.267 Executing safepoint VM operation: Cleanup done
Event: 10.320 Executing non-safepoint VM operation: HandshakeAllThreads (Deoptimize)
Event: 10.320 Executing non-safepoint VM operation: HandshakeAllThreads (Deoptimize) done
Event: 10.333 Executing non-safepoint VM operation: HandshakeAllThreads (Deoptimize)
Event: 10.333 Executing non-safepoint VM operation: HandshakeAllThreads (Deoptimize) done
Event: 10.384 Executing non-safepoint VM operation: HandshakeAllThreads (Deoptimize)
Event: 10.384 Executing non-safepoint VM operation: HandshakeAllThreads (Deoptimize) done
Event: 11.393 Executing safepoint VM operation: Cleanup

Memory protections (0 events):
No events

Nmethod flushes (0 events):
No events

Events (18 events):
Event: 1.040 Thread 0x000001b7fa79c4c0 Thread added: 0x000001b7fa79c4c0
Event: 1.061 Thread 0x000001b7fa79c4c0 Thread added: 0x000001b7fa8411b0
Event: 1.061 Thread 0x000001b7fa79c4c0 Thread added: 0x000001b7fa841ed0
Event: 1.062 Thread 0x000001b7fa79c4c0 Thread added: 0x000001b7fa847930
Event: 1.062 Thread 0x000001b7fa79c4c0 Thread added: 0x000001b7fa84a510
Event: 1.062 Thread 0x000001b7fa79c4c0 Thread added: 0x000001b7fa84b380
Event: 1.062 Thread 0x000001b7fa79c4c0 Thread added: 0x000001b7fa8505a0
Event: 1.062 Thread 0x000001b7fa79c4c0 Thread added: 0x000001b7fa85e5a0
Event: 1.062 Thread 0x000001b7fa79c4c0 Thread added: 0x000001b7d5462e90
Event: 1.124 Thread 0x000001b7d5462e90 Thread added: 0x000001b7d562c310
Event: 1.144 Thread 0x000001b7fa79c4c0 Thread added: 0x000001b7fa84e4d0
Event: 2.384 Thread 0x000001b7d562c310 Thread exited: 0x000001b7d562c310
Event: 4.464 Thread 0x000001b7fa79c4c0 Thread added: 0x000001b7fa851950
Event: 6.620 Thread 0x000001b7d5462e90 Thread added: 0x000001b7d63f4c90
Event: 6.671 Thread 0x000001b7d5462e90 Thread added: 0x000001b7d5807550
Event: 9.269 Thread 0x000001b7d5807550 Thread exited: 0x000001b7d5807550
Event: 9.271 Thread 0x000001b7d63f4c90 Thread exited: 0x000001b7d63f4c90
Event: 9.292 Thread 0x000001b7fa79c4c0 Thread added: 0x000001b7fa84eb60


Dynamic libraries:
0x00007ff6b9340000 - 0x00007ff6b934e000 	c:\Users\PAULO ROBERTO\.vscode\extensions\redhat.java-1.55.0-win32-x64\jre\21.0.11-win32-x86_64\bin\java.exe
0x00007ff86cac0000 - 0x00007ff86cd26000 	C:\WINDOWS\SYSTEM32\ntdll.dll
0x00007ff86b8d0000 - 0x00007ff86b999000 	C:\WINDOWS\System32\KERNEL32.DLL
0x00007ff86a0e0000 - 0x00007ff86a4df000 	C:\WINDOWS\System32\KERNELBASE.dll
0x00007ff86a5a0000 - 0x00007ff86a6ec000 	C:\WINDOWS\System32\ucrtbase.dll
0x00007ff85c1e0000 - 0x00007ff85c1fe000 	c:\Users\PAULO ROBERTO\.vscode\extensions\redhat.java-1.55.0-win32-x64\jre\21.0.11-win32-x86_64\bin\VCRUNTIME140.dll
0x00007ff85bf60000 - 0x00007ff85bf78000 	c:\Users\PAULO ROBERTO\.vscode\extensions\redhat.java-1.55.0-win32-x64\jre\21.0.11-win32-x86_64\bin\jli.dll
0x00007ff86b0d0000 - 0x00007ff86b296000 	C:\WINDOWS\System32\USER32.dll
0x00007ff849300000 - 0x00007ff849591000 	C:\WINDOWS\WinSxS\amd64_microsoft.windows.common-controls_6595b64144ccf1df_6.0.26100.8972_none_3e0da176e32f9d4b\COMCTL32.dll
0x00007ff86a700000 - 0x00007ff86a727000 	C:\WINDOWS\System32\win32u.dll
0x00007ff86c8b0000 - 0x00007ff86c959000 	C:\WINDOWS\System32\msvcrt.dll
0x00007ff86a7f0000 - 0x00007ff86a81b000 	C:\WINDOWS\System32\GDI32.dll
0x00007ff869e20000 - 0x00007ff869f49000 	C:\WINDOWS\System32\gdi32full.dll
0x00007ff86a4f0000 - 0x00007ff86a593000 	C:\WINDOWS\System32\msvcp_win.dll
0x00007ff86add0000 - 0x00007ff86ae02000 	C:\WINDOWS\System32\IMM32.DLL
0x00007ff85ed60000 - 0x00007ff85ed6c000 	c:\Users\PAULO ROBERTO\.vscode\extensions\redhat.java-1.55.0-win32-x64\jre\21.0.11-win32-x86_64\bin\vcruntime140_1.dll
0x00007ff84eb70000 - 0x00007ff84ebfd000 	c:\Users\PAULO ROBERTO\.vscode\extensions\redhat.java-1.55.0-win32-x64\jre\21.0.11-win32-x86_64\bin\msvcp140.dll
0x00007fff8fd50000 - 0x00007fff90af2000 	c:\Users\PAULO ROBERTO\.vscode\extensions\redhat.java-1.55.0-win32-x64\jre\21.0.11-win32-x86_64\bin\server\jvm.dll
0x00007ff86c7e0000 - 0x00007ff86c89c000 	C:\WINDOWS\System32\ADVAPI32.dll
0x00007ff86bd80000 - 0x00007ff86be29000 	C:\WINDOWS\System32\sechost.dll
0x00007ff86c6c0000 - 0x00007ff86c7d8000 	C:\WINDOWS\System32\RPCRT4.dll
0x00007ff86b3b0000 - 0x00007ff86b432000 	C:\WINDOWS\System32\WS2_32.dll
0x00007ff868f10000 - 0x00007ff868f6e000 	C:\WINDOWS\SYSTEM32\POWRPROF.dll
0x00007ff859f00000 - 0x00007ff859f0b000 	C:\WINDOWS\SYSTEM32\VERSION.dll
0x00007ff8558a0000 - 0x00007ff8558d6000 	C:\WINDOWS\SYSTEM32\WINMM.dll
0x00007ff868da0000 - 0x00007ff868db5000 	C:\WINDOWS\SYSTEM32\UMPDC.dll
0x00007ff868980000 - 0x00007ff86899b000 	C:\WINDOWS\SYSTEM32\kernel.appcore.dll
0x00007ff85ea30000 - 0x00007ff85ea3a000 	c:\Users\PAULO ROBERTO\.vscode\extensions\redhat.java-1.55.0-win32-x64\jre\21.0.11-win32-x86_64\bin\jimage.dll
0x00007ff8671c0000 - 0x00007ff867402000 	C:\WINDOWS\SYSTEM32\DBGHELP.DLL
0x00007ff86a820000 - 0x00007ff86aba5000 	C:\WINDOWS\System32\combase.dll
0x00007ff86c5e0000 - 0x00007ff86c6b9000 	C:\WINDOWS\System32\OLEAUT32.dll
0x00007ff856850000 - 0x00007ff85688b000 	C:\WINDOWS\SYSTEM32\dbgcore.DLL
0x00007ff86a730000 - 0x00007ff86a7dc000 	C:\WINDOWS\System32\bcryptPrimitives.dll
0x00007ff85cdd0000 - 0x00007ff85cddf000 	c:\Users\PAULO ROBERTO\.vscode\extensions\redhat.java-1.55.0-win32-x64\jre\21.0.11-win32-x86_64\bin\instrument.dll
0x00007ff85bde0000 - 0x00007ff85be00000 	c:\Users\PAULO ROBERTO\.vscode\extensions\redhat.java-1.55.0-win32-x64\jre\21.0.11-win32-x86_64\bin\java.dll
0x00007ff86be50000 - 0x00007ff86c5d8000 	C:\WINDOWS\System32\SHELL32.dll
0x00007ff867760000 - 0x00007ff867ffb000 	C:\WINDOWS\SYSTEM32\windows.storage.dll
0x00007ff86bc80000 - 0x00007ff86bd79000 	C:\WINDOWS\System32\SHCORE.dll
0x00007ff86ad60000 - 0x00007ff86adc6000 	C:\WINDOWS\System32\shlwapi.dll
0x00007ff869bf0000 - 0x00007ff869c19000 	C:\WINDOWS\SYSTEM32\profapi.dll
0x00007ff85bca0000 - 0x00007ff85bcb8000 	c:\Users\PAULO ROBERTO\.vscode\extensions\redhat.java-1.55.0-win32-x64\jre\21.0.11-win32-x86_64\bin\zip.dll
0x00007ff85e9b0000 - 0x00007ff85e9c0000 	C:\Users\PAULO ROBERTO\.vscode\extensions\redhat.java-1.55.0-win32-x64\jre\21.0.11-win32-x86_64\bin\net.dll
0x00007ff858a80000 - 0x00007ff858ba7000 	C:\WINDOWS\SYSTEM32\WINHTTP.dll
0x00007ff869030000 - 0x00007ff86909c000 	C:\WINDOWS\system32\mswsock.dll
0x00007ff85b7d0000 - 0x00007ff85b7e6000 	C:\Users\PAULO ROBERTO\.vscode\extensions\redhat.java-1.55.0-win32-x64\jre\21.0.11-win32-x86_64\bin\nio.dll
0x00007ff85c270000 - 0x00007ff85c280000 	c:\Users\PAULO ROBERTO\.vscode\extensions\redhat.java-1.55.0-win32-x64\jre\21.0.11-win32-x86_64\bin\verify.dll

JVMTI agents:
c:\Users\PAULO ROBERTO\.vscode\extensions\redhat.java-1.55.0-win32-x64\lombok\lombok-1.18.39-4050.jar path:c:\Users\PAULO ROBERTO\.vscode\extensions\redhat.java-1.55.0-win32-x64\jre\21.0.11-win32-x86_64\bin\instrument.dll, loaded, initialized, instrumentlib options:none

dbghelp: loaded successfully - version: 4.0.5 - missing functions: none
symbol engine: initialized successfully - sym options: 0x614 - pdb path: .;c:\Users\PAULO ROBERTO\.vscode\extensions\redhat.java-1.55.0-win32-x64\jre\21.0.11-win32-x86_64\bin;C:\WINDOWS\SYSTEM32;C:\WINDOWS\WinSxS\amd64_microsoft.windows.common-controls_6595b64144ccf1df_6.0.26100.8972_none_3e0da176e32f9d4b;c:\Users\PAULO ROBERTO\.vscode\extensions\redhat.java-1.55.0-win32-x64\jre\21.0.11-win32-x86_64\bin\server

VM Arguments:
jvm_args: --add-modules=ALL-SYSTEM --add-opens=java.base/java.util=ALL-UNNAMED --add-opens=java.base/java.lang=ALL-UNNAMED --add-opens=java.base/sun.nio.fs=ALL-UNNAMED -Declipse.application=org.eclipse.jdt.ls.core.id1 -Dosgi.bundles.defaultStartLevel=4 -Declipse.product=org.eclipse.jdt.ls.core.product -Djava.import.generatesMetadataFilesAtProjectRoot=false -DDetectVMInstallationsJob.disabled=true -Dfile.encoding=utf8 -XX:+UseParallelGC -XX:GCTimeRatio=4 -XX:AdaptiveSizePolicyWeight=90 -Dsun.zip.disableMemoryMapping=true -Xmx2G -Xms100m -Xlog:disable -javaagent:c:\Users\PAULO ROBERTO\.vscode\extensions\redhat.java-1.55.0-win32-x64\lombok\lombok-1.18.39-4050.jar 
java_command: c:\Users\PAULO ROBERTO\.vscode\extensions\redhat.java-1.55.0-win32-x64\server\plugins\org.eclipse.equinox.launcher_1.7.200.v20260619-2039.jar -configuration c:\Users\PAULO ROBERTO\AppData\Roaming\Code\User\globalStorage\redhat.java\1.55.0\config_ss_win -data c:\Users\PAULO ROBERTO\AppData\Roaming\Code\User\workspaceStorage\af78278a2264e0da21869ec41e085d06\redhat.java\ss_ws --pipe=\\.\pipe\lsp-79061f8ce261001edd75d956b71a1dc8-sock
java_class_path (initial): c:\Users\PAULO ROBERTO\.vscode\extensions\redhat.java-1.55.0-win32-x64\server\plugins\org.eclipse.equinox.launcher_1.7.200.v20260619-2039.jar
Launcher Type: SUN_STANDARD

[Global flags]
    uintx AdaptiveSizePolicyWeight                 = 90                                        {product} {command line}
     intx CICompilerCount                          = 4                                         {product} {ergonomic}
    uintx GCTimeRatio                              = 4                                         {product} {command line}
   size_t InitialHeapSize                          = 104857600                                 {product} {command line}
   size_t MaxHeapSize                              = 2147483648                                {product} {command line}
   size_t MaxNewSize                               = 715653120                                 {product} {ergonomic}
   size_t MinHeapDeltaBytes                        = 524288                                    {product} {ergonomic}
   size_t MinHeapSize                              = 104857600                                 {product} {command line}
   size_t NewSize                                  = 34603008                                  {product} {ergonomic}
    uintx NonNMethodCodeHeapSize                   = 5839372                                {pd product} {ergonomic}
    uintx NonProfiledCodeHeapSize                  = 122909434                              {pd product} {ergonomic}
   size_t OldSize                                  = 70254592                                  {product} {ergonomic}
    uintx ProfiledCodeHeapSize                     = 122909434                              {pd product} {ergonomic}
    uintx ReservedCodeCacheSize                    = 251658240                              {pd product} {ergonomic}
     bool SegmentedCodeCache                       = true                                      {product} {ergonomic}
   size_t SoftMaxHeapSize                          = 2147483648                             {manageable} {ergonomic}
     bool UseCompressedOops                        = true                           {product lp64_product} {ergonomic}
     bool UseLargePagesIndividualAllocation        = false                                  {pd product} {ergonomic}
     bool UseParallelGC                            = true                                      {product} {command line}

Logging:
Log output configuration:
 #0: stdout all=off uptime,level,tags foldmultilines=false
 #1: stderr all=off uptime,level,tags foldmultilines=false

Release file:
JAVA_VERSION="21.0.11" 
MODULES="java.base java.compiler java.datatransfer java.xml java.prefs java.desktop java.instrument java.logging java.management java.security.sasl java.naming java.rmi java.management.rmi java.net.http java.scripting java.security.jgss java.transaction.xa java.sql java.sql.rowset java.xml.crypto java.se java.smartcardio jdk.accessibility jdk.internal.jvmstat jdk.attach jdk.charsets jdk.internal.opt jdk.zipfs jdk.compiler jdk.crypto.ec jdk.crypto.cryptoki jdk.crypto.mscapi jdk.dynalink jdk.internal.ed jdk.editpad jdk.hotspot.agent jdk.httpserver jdk.internal.le jdk.internal.vm.ci jdk.internal.vm.compiler jdk.internal.vm.compiler.management jdk.jartool jdk.javadoc jdk.jcmd jdk.management jdk.management.agent jdk.jconsole jdk.jdeps jdk.jdwp.agent jdk.jdi jdk.jfr jdk.jshell jdk.jsobject jdk.jstatd jdk.localedata jdk.management.jfr jdk.naming.dns jdk.naming.rmi jdk.net jdk.nio.mapmode jdk.random jdk.sctp jdk.security.auth jdk.security.jgss jdk.unsupported jdk.unsupported.desktop jdk.xml.dom" 

Environment Variables:
JAVA_HOME=C:\Program Files\Java\jdk-21
PATH=C:\Program Files\Common Files\Oracle\Java\javapath;C:\WINDOWS\system32;C:\WINDOWS;C:\WINDOWS\System32\Wbem;C:\WINDOWS\System32\WindowsPowerShell\v1.0\;C:\WINDOWS\System32\OpenSSH\;C:\Program Files\dotnet\;C:\Program Files\NVIDIA Corporation\NVIDIA App\NvDLISR;C:\Program Files (x86)\NVIDIA Corporation\PhysX\Common;C:\Program Files\GitHub CLI\;C:\Program Files\nodejs\;C:\Program Files\Git\cmd;C:\Users\PAULO ROBERTO\.local\bin;C:\Users\PAULO ROBERTO\AppData\Local\Microsoft\WindowsApps;C:\Users\PAULO ROBERTO\AppData\Roaming\npm;C:\Users\PAULO ROBERTO\AppData\Local\Programs\Microsoft VS Code\bin;C:\Users\PAULO ROBERTO\.bun\bin;C:\Users\PAULO ROBERTO\AppData\Local\Microsoft\WinGet\Packages\jqlang.jq_Microsoft.Winget.Source_8wekyb3d8bbwe;C:\Users\PAULO ROBERTO\.lmstudio\bin
USERNAME=PAULO ROBERTO
OS=Windows_NT
PROCESSOR_IDENTIFIER=Intel64 Family 6 Model 186 Stepping 2, GenuineIntel
TMP=C:\Users\PAULOR~1\AppData\Local\Temp
TEMP=C:\Users\PAULOR~1\AppData\Local\Temp




Periodic native trim disabled

---------------  S Y S T E M  ---------------

OS:
 Windows 11 , 64 bit Build 26100 (10.0.26100.8972)
OS uptime: 10 days 21:50 hours
Hyper-V role detected

CPU: total 12 (initial active 12) (6 cores per cpu, 2 threads per core) family 6 model 186 stepping 2 microcode 0x5103, cx8, cmov, fxsr, ht, mmx, 3dnowpref, sse, sse2, sse3, ssse3, sse4.1, sse4.2, popcnt, lzcnt, tsc, tscinvbit, avx, avx2, aes, erms, clmul, bmi1, bmi2, adx, sha, fma, vzeroupper, clflush, clflushopt, clwb, hv, serialize, rdtscp, rdpid, fsrm, f16c, cet_ibt, cet_ss
Processor Information for the first 12 processors :
  Max Mhz: 2100, Current Mhz: 2100, Mhz Limit: 2100

Memory: 4k page, system-wide physical 16087M (468M free)
TotalPageFile size 32471M (AvailPageFile size 0M)
current process WorkingSet (physical memory assigned to process): 88M, peak: 90M
current process commit charge ("private bytes"): 244M, peak: 248M

vm_info: OpenJDK 64-Bit Server VM (21.0.11+10-LTS) for windows-amd64 JRE (21.0.11+10-LTS), built on 2026-04-21T00:00:00Z by "admin" with MS VC++ 17.12 (VS2022)

END.
